Bound geometry uses fixed-pocket gas FIRE. Legacy CPCM bound-refinement options are ignored.
/home/xianyang/miniconda3/envs/t3-aimnet/lib/python3.11/site-packages/aimnet/models/base.py:85: UserWarning: 'torch.load' received a zip file that looks like a TorchScript archive dispatching to 'torch.jit.load' (call 'torch.jit.load' directly to silence this warning)
  data = torch.load(path, map_location=device, weights_only=True)
/home/xianyang/miniconda3/envs/t3-aimnet/lib/python3.11/site-packages/torch/jit/_serialization.py:176: FutureWarning: `torch.jit.load` is deprecated. Please switch to `torch.export`.
  warnings.warn(
/home/xianyang/miniconda3/envs/t3-aimnet/lib/python3.11/site-packages/torch/jit/_serialization.py:176: FutureWarning: `torch.jit.load` is deprecated. Please switch to `torch.export`.
  warnings.warn(
1/10 mol_id=2037 Eint=-265.401 desolv=49.645 strain=66.244 score=-149.511 steps=564 converged=True
2/10 mol_id=10005 Eint=-126.142 desolv=15.067 strain=28.035 score=-83.040 steps=637 converged=True
3/10 mol_id=14800 Eint=-92.461 desolv=18.254 strain=30.108 score=-44.098 steps=511 converged=True
4/10 mol_id=21300 Eint=-70.851 desolv=20.469 strain=27.145 score=-23.237 steps=546 converged=True
5/10 mol_id=32544 Eint=-96.442 desolv=23.503 strain=34.693 score=-38.246 steps=510 converged=True
6/10 mol_id=34941 Eint=-236.630 desolv=21.662 strain=124.034 score=-90.934 steps=529 converged=True
7/10 mol_id=55190 Eint=-73.590 desolv=20.253 strain=19.236 score=-34.101 steps=444 converged=True
8/10 mol_id=118817 Eint=-130.360 desolv=17.637 strain=37.503 score=-75.220 steps=630 converged=True
9/10 mol_id=128356 Eint=-78.012 desolv=22.281 strain=24.708 score=-31.024 steps=1000 converged=False
10/10 mol_id=144515 Eint=-122.399 desolv=16.142 strain=15.750 score=-90.507 steps=370 converged=True
wrote 10 rows to /home/xianyang/aimnet2_score_pipelines/work/aimnet2025-benchmarks-20260906/t3/L4/Q13094/aimnet2_score.csv in 100.35 s
{
  "scope": "reference reconstruction; not an exact reproduction of the unreleased AIMNet2(Score) workflow",
  "score_definition": "Eint + Edesolv + ELCSE; lower is better",
  "interaction_geometry": "fixed_pocket_aimnet2025_minimized_v2",
  "pocket": "/home/xianyang/aimnet2_score_pipelines/work/correction-20260906/t3/L4/Q13094/pocket.pdb",
  "pocket_charge": 0,
  "gas_model": "/home/xianyang/t3-aimnet-models/aimnet2_wb97m_0.jpt",
  "interaction_model": "aimnet2-2025",
  "interaction_members": [
    "aimnet2-2025"
  ],
  "cpcm_model": "/home/xianyang/t3-aimnet-models/wb97m_cpcms_v2_0.jpt",
  "complex_fmax_ev_a": 0.002,
  "complex_max_steps": 1000,
  "n_complex_optimization_converged": 6,
  "minimized_poses": "/home/xianyang/aimnet2_score_pipelines/work/aimnet2025-benchmarks-20260906/t3/L4/Q13094/aimnet2_score.minimized.sdf",
  "bound_refinement": "AIMNet2(2025) ligand-in-fixed-pocket FIRE; no isolated bound refinement",
  "n_requested": 10,
  "n_scored": 10,
  "n_errors": 0,
  "n_optimization_converged": 9,
  "elapsed_seconds_this_run": 100.35477299600097,
  "output": "/home/xianyang/aimnet2_score_pipelines/work/aimnet2025-benchmarks-20260906/t3/L4/Q13094/aimnet2_score.csv"
}
 mol_id  aimnet_interaction_kcal_mol  desolvation_kcal_mol  local_strain_kcal_mol  aimnet2_composite_kcal_mol  optimization_converged
   2037                  -265.400527             49.644750              66.244486                 -149.511291                    True
  10005                  -126.142368             15.067229              28.035165                  -83.039975                    True
  14800                   -92.460768             18.254498              30.108326                  -44.097944                    True
  21300                   -70.850926             20.469091              27.145086                  -23.236749                    True
  32544                   -96.442471             23.502883              34.693304                  -38.246285                    True
  34941                  -236.629730             21.661597             124.034090                  -90.934043                    True
  55190                   -73.589993             20.252612              19.236103                  -34.101278                    True
 118817                  -130.360201             17.636835              37.503475                  -75.219890                    True
 128356                   -78.012201             22.280578              24.707534                  -31.024090                   False
 144515                  -122.398624             16.142102              15.749685                  -90.506837                    True
