Bound geometry uses fixed-pocket gas FIRE. Legacy CPCM bound-refinement options are ignored.
/home/xianyang/miniconda3/envs/t3-aimnet/lib/python3.11/site-packages/aimnet/models/base.py:85: UserWarning: 'torch.load' received a zip file that looks like a TorchScript archive dispatching to 'torch.jit.load' (call 'torch.jit.load' directly to silence this warning)
  data = torch.load(path, map_location=device, weights_only=True)
/home/xianyang/miniconda3/envs/t3-aimnet/lib/python3.11/site-packages/torch/jit/_serialization.py:176: FutureWarning: `torch.jit.load` is deprecated. Please switch to `torch.export`.
  warnings.warn(
/home/xianyang/miniconda3/envs/t3-aimnet/lib/python3.11/site-packages/torch/jit/_serialization.py:176: FutureWarning: `torch.jit.load` is deprecated. Please switch to `torch.export`.
  warnings.warn(
1/10 mol_id=14372 Eint=-101.401 desolv=17.907 strain=23.803 score=-59.692 steps=634 converged=True
2/10 mol_id=14743 Eint=-95.305 desolv=18.011 strain=31.719 score=-45.575 steps=611 converged=True
3/10 mol_id=19893 Eint=-94.988 desolv=18.011 strain=20.329 score=-56.648 steps=546 converged=True
4/10 mol_id=34535 Eint=-59.503 desolv=24.178 strain=17.547 score=-17.777 steps=475 converged=True
5/10 mol_id=47972 Eint=-61.511 desolv=18.312 strain=15.870 score=-27.330 steps=448 converged=True
6/10 mol_id=68862 Eint=-118.329 desolv=10.680 strain=27.815 score=-79.834 steps=928 converged=True
7/10 mol_id=105530 Eint=-111.253 desolv=9.806 strain=49.998 score=-51.449 steps=545 converged=True
8/10 mol_id=106434 Eint=-152.148 desolv=20.246 strain=53.570 score=-78.331 steps=696 converged=True
9/10 mol_id=124508 Eint=-93.008 desolv=15.006 strain=24.963 score=-53.038 steps=667 converged=True
10/10 mol_id=133999 Eint=-107.857 desolv=20.810 strain=24.748 score=-62.298 steps=444 converged=True
wrote 10 rows to /home/xianyang/aimnet2_score_pipelines/work/aimnet2025-benchmarks-20260906/t3/L2/P43166/aimnet2_score.csv in 136.57 s
{
  "scope": "reference reconstruction; not an exact reproduction of the unreleased AIMNet2(Score) workflow",
  "score_definition": "Eint + Edesolv + ELCSE; lower is better",
  "interaction_geometry": "fixed_pocket_aimnet2025_minimized_v2",
  "pocket": "/home/xianyang/aimnet2_score_pipelines/work/correction-20260906/t3/L2/P43166/pocket.pdb",
  "pocket_charge": 0,
  "gas_model": "/home/xianyang/t3-aimnet-models/aimnet2_wb97m_0.jpt",
  "interaction_model": "aimnet2-2025",
  "interaction_members": [
    "aimnet2-2025"
  ],
  "cpcm_model": "/home/xianyang/t3-aimnet-models/wb97m_cpcms_v2_0.jpt",
  "complex_fmax_ev_a": 0.002,
  "complex_max_steps": 1000,
  "n_complex_optimization_converged": 10,
  "minimized_poses": "/home/xianyang/aimnet2_score_pipelines/work/aimnet2025-benchmarks-20260906/t3/L2/P43166/aimnet2_score.minimized.sdf",
  "bound_refinement": "AIMNet2(2025) ligand-in-fixed-pocket FIRE; no isolated bound refinement",
  "n_requested": 10,
  "n_scored": 10,
  "n_errors": 0,
  "n_optimization_converged": 10,
  "elapsed_seconds_this_run": 136.57437490893062,
  "output": "/home/xianyang/aimnet2_score_pipelines/work/aimnet2025-benchmarks-20260906/t3/L2/P43166/aimnet2_score.csv"
}
 mol_id  aimnet_interaction_kcal_mol  desolvation_kcal_mol  local_strain_kcal_mol  aimnet2_composite_kcal_mol  optimization_converged
  14372                  -101.401441             17.906822              23.802902                  -59.691718                    True
  14743                   -95.305013             18.011458              31.718950                  -45.574605                    True
  19893                   -94.988066             18.010818              20.328755                  -56.648494                    True
  34535                   -59.503104             24.178368              17.547382                  -17.777354                    True
  47972                   -61.511413             18.311855              15.869609                  -27.329949                    True
  68862                  -118.329395             10.679824              27.815107                  -79.834464                    True
 105530                  -111.252724              9.805604              49.998164                  -51.448955                    True
 106434                  -152.147541             20.246131              53.570302                  -78.331107                    True
 124508                   -93.007673             15.005796              24.963379                  -53.038497                    True
 133999                  -107.856565             20.810218              24.748016                  -62.298331                    True
