Bound geometry uses fixed-pocket gas FIRE. Legacy CPCM bound-refinement options are ignored.
/home/xianyang/miniconda3/envs/t3-aimnet/lib/python3.11/site-packages/aimnet/models/base.py:85: UserWarning: 'torch.load' received a zip file that looks like a TorchScript archive dispatching to 'torch.jit.load' (call 'torch.jit.load' directly to silence this warning)
  data = torch.load(path, map_location=device, weights_only=True)
/home/xianyang/miniconda3/envs/t3-aimnet/lib/python3.11/site-packages/torch/jit/_serialization.py:176: FutureWarning: `torch.jit.load` is deprecated. Please switch to `torch.export`.
  warnings.warn(
/home/xianyang/miniconda3/envs/t3-aimnet/lib/python3.11/site-packages/torch/jit/_serialization.py:176: FutureWarning: `torch.jit.load` is deprecated. Please switch to `torch.export`.
  warnings.warn(
1/10 mol_id=474 Eint=-68.627 desolv=6.578 strain=15.354 score=-46.696 steps=265 converged=True
2/10 mol_id=1812 Eint=-119.191 desolv=13.376 strain=30.721 score=-75.094 steps=245 converged=True
3/10 mol_id=1813 Eint=-146.211 desolv=27.618 strain=90.992 score=-27.601 steps=1000 converged=False
4/10 mol_id=1814 Eint=-112.569 desolv=16.485 strain=22.283 score=-73.801 steps=352 converged=True
5/10 mol_id=4296 Eint=-75.746 desolv=23.067 strain=28.506 score=-24.173 steps=233 converged=True
6/10 mol_id=60031 Eint=-148.681 desolv=19.418 strain=56.785 score=-72.479 steps=319 converged=True
7/10 mol_id=94228 Eint=-57.037 desolv=9.520 strain=24.410 score=-23.107 steps=442 converged=True
8/10 mol_id=114565 Eint=-183.142 desolv=17.233 strain=63.166 score=-102.744 steps=320 converged=True
9/10 mol_id=135630 Eint=-61.186 desolv=13.294 strain=18.487 score=-29.404 steps=656 converged=True
10/10 mol_id=142923 Eint=-115.829 desolv=19.198 strain=35.840 score=-60.790 steps=506 converged=True
wrote 10 rows to /home/xianyang/aimnet2_score_pipelines/work/fixed-pocket-benchmarks-20260906/t3/L1/P49759/aimnet2_score.csv in 78.88 s
{
  "scope": "reference reconstruction; not an exact reproduction of the unreleased AIMNet2(Score) workflow",
  "score_definition": "Eint + Edesolv + ELCSE; lower is better",
  "interaction_geometry": "fixed_pocket_gas_minimized_v1",
  "pocket": "/home/xianyang/aimnet2_score_pipelines/work/correction-20260906/t3/L1/P49759/pocket.pdb",
  "pocket_charge": 0,
  "gas_model": "/home/xianyang/t3-aimnet-models/aimnet2_wb97m_0.jpt",
  "cpcm_model": "/home/xianyang/t3-aimnet-models/wb97m_cpcms_v2_0.jpt",
  "complex_fmax_ev_a": 0.002,
  "complex_max_steps": 1000,
  "n_complex_optimization_converged": 10,
  "minimized_poses": "/home/xianyang/aimnet2_score_pipelines/work/fixed-pocket-benchmarks-20260906/t3/L1/P49759/aimnet2_score.minimized.sdf",
  "bound_refinement": "gas-phase ligand-in-fixed-pocket FIRE; no isolated bound refinement",
  "n_requested": 10,
  "n_scored": 10,
  "n_errors": 0,
  "n_optimization_converged": 9,
  "elapsed_seconds_this_run": 78.87930314299956,
  "output": "/home/xianyang/aimnet2_score_pipelines/work/fixed-pocket-benchmarks-20260906/t3/L1/P49759/aimnet2_score.csv"
}
 mol_id  aimnet_interaction_kcal_mol  desolvation_kcal_mol  local_strain_kcal_mol  aimnet2_composite_kcal_mol  optimization_converged
    474                   -68.627382              6.577597              15.353674                  -46.696111                    True
   1812                  -119.191056             13.375773              30.721126                  -75.094157                    True
   1813                  -146.211435             27.618331              90.991825                  -27.601279                   False
   1814                  -112.568932             16.485013              22.282502                  -73.801418                    True
   4296                   -75.745696             23.066763              28.505783                  -24.173150                    True
  60031                  -148.680872             19.417760              56.784580                  -72.478532                    True
  94228                   -57.036769              9.519659              24.409751                  -23.107358                    True
 114565                  -183.142458             17.232817              63.165893                 -102.743748                    True
 135630                   -61.185746             13.294296              18.487277                  -29.404174                    True
 142923                  -115.829253             19.198282              35.840496                  -60.790475                    True
