{
  "protocol": "fixed_pocket_gas_minimized_v1",
  "n_scored": 1667,
  "n_system_jobs": 122,
  "n_complex_converged": 1500,
  "n_cpcm_converged": 1506,
  "n_both_converged": 1383,
  "n_complex_energy_increased": 0,
  "t3": {
    "L1": {
      "n_systems": 24,
      "n_ligands": 231,
      "n_evaluable": 24,
      "mean_interaction_spearman": -0.05395286517970379,
      "mean_composite_spearman": -0.016535655323873206,
      "mean_smina_spearman": 0.03016977856368445
    },
    "L2": {
      "n_systems": 24,
      "n_ligands": 236,
      "n_evaluable": 24,
      "mean_interaction_spearman": 0.024181537392322153,
      "mean_composite_spearman": 0.04413495449178767,
      "mean_smina_spearman": 0.0945087049763414
    },
    "L3": {
      "n_systems": 23,
      "n_ligands": 230,
      "n_evaluable": 23,
      "mean_interaction_spearman": 0.04875687267334157,
      "mean_composite_spearman": 0.06976778074574978,
      "mean_smina_spearman": 0.1069261898698833
    },
    "L4": {
      "n_systems": 22,
      "n_ligands": 220,
      "n_evaluable": 21,
      "mean_interaction_spearman": 0.05251224643942719,
      "mean_composite_spearman": 0.017692369155305573,
      "mean_smina_spearman": -0.0103609081369245
    }
  },
  "casf": {
    "n_pockets": 24,
    "n_ligands": 480,
    "pose_selection": "Same previously selected pose per ligand; no all-pose reselection",
    "interaction_ef1": 0.7579365079365079,
    "composite_ef1": 0.9722222222222223,
    "retrieval_ef1": 3.2023809523809526,
    "interaction_active_top5": 1.25,
    "composite_active_top5": 1.2083333333333333,
    "retrieval_active_top5": 4.333333333333333,
    "interaction_active_top10": 2.625,
    "composite_active_top10": 2.5,
    "retrieval_active_top10": 4.791666666666667
  },
  "smoke": {
    "interaction": {
      "n": 250,
      "n_actives": 58,
      "ef1": 0.0,
      "auroc": 0.45429238505747127,
      "active_top5": 0,
      "active_top10": 1
    },
    "composite": {
      "n": 250,
      "n_actives": 58,
      "ef1": 1.4367816091954022,
      "auroc": 0.44719827586206895,
      "active_top5": 1,
      "active_top10": 3
    }
  },
  "excluded_inputs": [
    "L3/P18564: zero-byte poses",
    "L4/Q15726: zero-byte poses",
    "L4/Q8TDU9: zero-byte poses"
  ],
  "validation": "All input ligand IDs matched; no scoring errors; energy arithmetic passed at 1e-6 kcal/mol",
  "convergence_policy": "All finite scores included; nonconverged rows flagged",
  "comparison_note": "Smoke input interaction previously used aimnet2-2025; current interaction uses the same legacy gas checkpoint as the other composite terms. Smoke comparisons therefore include a checkpoint change as well as geometry minimization."
}
