Bound geometry uses fixed-pocket gas FIRE. Legacy CPCM bound-refinement options are ignored.
/home/xianyang/miniconda3/envs/t3-aimnet/lib/python3.11/site-packages/aimnet/models/base.py:85: UserWarning: 'torch.load' received a zip file that looks like a TorchScript archive dispatching to 'torch.jit.load' (call 'torch.jit.load' directly to silence this warning)
  data = torch.load(path, map_location=device, weights_only=True)
/home/xianyang/miniconda3/envs/t3-aimnet/lib/python3.11/site-packages/torch/jit/_serialization.py:176: FutureWarning: `torch.jit.load` is deprecated. Please switch to `torch.export`.
  warnings.warn(
/home/xianyang/miniconda3/envs/t3-aimnet/lib/python3.11/site-packages/torch/jit/_serialization.py:176: FutureWarning: `torch.jit.load` is deprecated. Please switch to `torch.export`.
  warnings.warn(
1/10 mol_id=30567 Eint=-88.514 desolv=6.891 strain=32.462 score=-49.161 steps=552 converged=True
2/10 mol_id=35180 Eint=-157.339 desolv=17.648 strain=65.980 score=-73.711 steps=1000 converged=False
3/10 mol_id=65602 Eint=-140.383 desolv=18.733 strain=44.172 score=-77.478 steps=942 converged=True
4/10 mol_id=82843 Eint=-235.770 desolv=15.243 strain=72.796 score=-147.731 steps=501 converged=True
5/10 mol_id=98621 Eint=-15.542 desolv=6.606 strain=19.619 score=10.683 steps=801 converged=True
6/10 mol_id=113810 Eint=-178.404 desolv=14.395 strain=104.775 score=-59.234 steps=792 converged=True
7/10 mol_id=114084 Eint=-114.983 desolv=8.127 strain=75.736 score=-31.120 steps=963 converged=True
8/10 mol_id=123867 Eint=-125.392 desolv=14.048 strain=84.370 score=-26.974 steps=734 converged=True
9/10 mol_id=133204 Eint=-107.921 desolv=9.476 strain=59.091 score=-39.354 steps=1000 converged=False
10/10 mol_id=141441 Eint=-62.879 desolv=16.087 strain=38.256 score=-8.535 steps=504 converged=True
wrote 10 rows to /home/xianyang/aimnet2_score_pipelines/work/fixed-pocket-benchmarks-20260906/t3/L3/P05622/aimnet2_score.csv in 161.08 s
{
  "scope": "reference reconstruction; not an exact reproduction of the unreleased AIMNet2(Score) workflow",
  "score_definition": "Eint + Edesolv + ELCSE; lower is better",
  "interaction_geometry": "fixed_pocket_gas_minimized_v1",
  "pocket": "/home/xianyang/aimnet2_score_pipelines/work/correction-20260906/t3/L3/P05622/pocket.pdb",
  "pocket_charge": 0,
  "gas_model": "/home/xianyang/t3-aimnet-models/aimnet2_wb97m_0.jpt",
  "cpcm_model": "/home/xianyang/t3-aimnet-models/wb97m_cpcms_v2_0.jpt",
  "complex_fmax_ev_a": 0.002,
  "complex_max_steps": 1000,
  "n_complex_optimization_converged": 10,
  "minimized_poses": "/home/xianyang/aimnet2_score_pipelines/work/fixed-pocket-benchmarks-20260906/t3/L3/P05622/aimnet2_score.minimized.sdf",
  "bound_refinement": "gas-phase ligand-in-fixed-pocket FIRE; no isolated bound refinement",
  "n_requested": 10,
  "n_scored": 10,
  "n_errors": 0,
  "n_optimization_converged": 8,
  "elapsed_seconds_this_run": 161.08043010509573,
  "output": "/home/xianyang/aimnet2_score_pipelines/work/fixed-pocket-benchmarks-20260906/t3/L3/P05622/aimnet2_score.csv"
}
 mol_id  aimnet_interaction_kcal_mol  desolvation_kcal_mol  local_strain_kcal_mol  aimnet2_composite_kcal_mol  optimization_converged
  30567                   -88.514151              6.891350              32.462016                  -49.160784                    True
  35180                  -157.338848             17.648225              65.979575                  -73.711048                   False
  65602                  -140.382900             18.732644              44.172230                  -77.478027                    True
  82843                  -235.769838             15.242824              72.795846                 -147.731169                    True
  98621                   -15.541832              6.605756              19.618697                   10.682621                    True
 113810                  -178.404198             14.394946             104.775461                  -59.233791                    True
 114084                  -114.982890              8.127083              75.736144                  -31.119664                    True
 123867                  -125.391594             14.047549              84.370121                  -26.973924                    True
 133204                  -107.921234              9.475892              59.090947                  -39.354394                   False
 141441                   -62.878635             16.087463              38.256460                   -8.534711                    True
