Bound geometry uses fixed-pocket gas FIRE. Legacy CPCM bound-refinement options are ignored.
/home/xianyang/miniconda3/envs/t3-aimnet/lib/python3.11/site-packages/aimnet/models/base.py:85: UserWarning: 'torch.load' received a zip file that looks like a TorchScript archive dispatching to 'torch.jit.load' (call 'torch.jit.load' directly to silence this warning)
  data = torch.load(path, map_location=device, weights_only=True)
/home/xianyang/miniconda3/envs/t3-aimnet/lib/python3.11/site-packages/torch/jit/_serialization.py:176: FutureWarning: `torch.jit.load` is deprecated. Please switch to `torch.export`.
  warnings.warn(
/home/xianyang/miniconda3/envs/t3-aimnet/lib/python3.11/site-packages/torch/jit/_serialization.py:176: FutureWarning: `torch.jit.load` is deprecated. Please switch to `torch.export`.
  warnings.warn(
1/20 mol_id=1028 Eint=-259.545 desolv=133.819 strain=172.819 score=47.093 steps=711 converged=True
2/20 mol_id=2047 Eint=-317.324 desolv=146.983 strain=188.753 score=18.412 steps=460 converged=True
3/20 mol_id=3057 Eint=-349.243 desolv=128.042 strain=46.274 score=-174.926 steps=812 converged=True
4/20 mol_id=4072 Eint=-358.580 desolv=194.327 strain=34.666 score=-129.588 steps=274 converged=True
5/20 mol_id=5047 Eint=-277.464 desolv=141.310 strain=192.116 score=55.962 steps=449 converged=True
6/20 mol_id=6054 Eint=-144.217 desolv=67.302 strain=19.754 score=-57.162 steps=667 converged=True
7/20 mol_id=7041 Eint=-180.591 desolv=64.659 strain=33.119 score=-82.814 steps=164 converged=True
8/20 mol_id=8039 Eint=-180.345 desolv=51.483 strain=24.253 score=-104.609 steps=400 converged=True
9/20 mol_id=9095 Eint=-258.759 desolv=74.543 strain=120.796 score=-63.420 steps=310 converged=True
10/20 mol_id=10039 Eint=-263.209 desolv=71.705 strain=36.602 score=-154.903 steps=296 converged=True
11/20 mol_id=11038 Eint=-396.788 desolv=163.154 strain=91.857 score=-141.777 steps=183 converged=True
12/20 mol_id=12090 Eint=-182.261 desolv=71.161 strain=14.298 score=-96.802 steps=124 converged=True
13/20 mol_id=13066 Eint=-134.996 desolv=52.649 strain=19.512 score=-62.835 steps=302 converged=True
14/20 mol_id=14071 Eint=-265.811 desolv=26.070 strain=36.500 score=-203.241 steps=676 converged=True
15/20 mol_id=15067 Eint=-397.405 desolv=160.524 strain=97.708 score=-139.172 steps=485 converged=True
16/20 mol_id=16077 Eint=-352.232 desolv=37.321 strain=130.661 score=-184.249 steps=1000 converged=False
17/20 mol_id=17005 Eint=-375.817 desolv=34.254 strain=157.706 score=-183.857 steps=670 converged=True
18/20 mol_id=18027 Eint=-313.439 desolv=68.062 strain=45.177 score=-200.199 steps=776 converged=True
19/20 mol_id=19077 Eint=-373.211 desolv=99.703 strain=148.853 score=-124.655 steps=528 converged=True
20/20 mol_id=20039 Eint=-355.641 desolv=102.964 strain=205.594 score=-47.084 steps=709 converged=True
wrote 20 rows to /home/xianyang/aimnet2_score_pipelines/work/fixed-pocket-benchmarks-20260906/casf/2qbp/aimnet2_composite_rerank.csv in 147.19 s
{
  "scope": "reference reconstruction; not an exact reproduction of the unreleased AIMNet2(Score) workflow",
  "score_definition": "Eint + Edesolv + ELCSE; lower is better",
  "interaction_geometry": "fixed_pocket_gas_minimized_v1",
  "pocket": "/home/xianyang/aimnet2_score_pipelines/work/correction-20260906/casf/2qbp/pocket.pdb",
  "pocket_charge": 0,
  "gas_model": "/home/xianyang/t3-aimnet-models/aimnet2_wb97m_0.jpt",
  "cpcm_model": "/home/xianyang/t3-aimnet-models/wb97m_cpcms_v2_0.jpt",
  "complex_fmax_ev_a": 0.002,
  "complex_max_steps": 1000,
  "n_complex_optimization_converged": 20,
  "minimized_poses": "/home/xianyang/aimnet2_score_pipelines/work/fixed-pocket-benchmarks-20260906/casf/2qbp/aimnet2_composite_rerank.minimized.sdf",
  "bound_refinement": "gas-phase ligand-in-fixed-pocket FIRE; no isolated bound refinement",
  "n_requested": 20,
  "n_scored": 20,
  "n_errors": 0,
  "n_optimization_converged": 19,
  "elapsed_seconds_this_run": 147.1869996059977,
  "output": "/home/xianyang/aimnet2_score_pipelines/work/fixed-pocket-benchmarks-20260906/casf/2qbp/aimnet2_composite_rerank.csv",
  "n_actives": 5,
  "n_decoys": 15,
  "ef1_percent": 0.0,
  "ef1_top_n": 1,
  "ef1_actives_in_top_n": 0,
  "auroc": 0.25333333333333335,
  "composite_vs_interaction_spearman": 0.39097744360902253
}
 mol_id  aimnet_interaction_kcal_mol  desolvation_kcal_mol  local_strain_kcal_mol  aimnet2_composite_kcal_mol  optimization_converged
   1028                  -259.544877            133.818807             172.818819                   47.092748                    True
   2047                  -317.323525            146.982603             188.753286                   18.412363                    True
   3057                  -349.242719            128.042096              46.274234                 -174.926389                    True
   4072                  -358.580249            194.326506              34.666171                 -129.587572                    True
   5047                  -277.463753            141.310406             192.115611                   55.962265                    True
   6054                  -144.217412             67.301968              19.753848                  -57.161596                    True
   7041                  -180.591491             64.658862              33.119056                  -82.813574                    True
   8039                  -180.344736             51.482764              24.253123                 -104.608848                    True
   9095                  -258.759425             74.543357             120.796261                  -63.419807                    True
  10039                  -263.209286             71.705016              36.601567                 -154.902702                    True
  11038                  -396.788146            163.154444              91.856991                 -141.776712                    True
  12090                  -182.261016             71.160997              14.297711                  -96.802307                    True
  13066                  -134.995822             52.649057              19.512179                  -62.834585                    True
  14071                  -265.811304             26.070105              36.499757                 -203.241442                    True
  15067                  -397.404743            160.524458              97.708243                 -139.172042                    True
  16077                  -352.231859             37.321455             130.661303                 -184.249101                   False
  17005                  -375.816847             34.253992             157.705696                 -183.857159                    True
  18027                  -313.438622             68.062497              45.177327                 -200.198797                    True
  19077                  -373.211451             99.703378             148.852772                 -124.655301                    True
  20039                  -355.641318            102.963893             205.593780                  -47.083645                    True
