Bound geometry uses fixed-pocket gas FIRE. Legacy CPCM bound-refinement options are ignored.
/home/xianyang/miniconda3/envs/t3-aimnet/lib/python3.11/site-packages/aimnet/models/base.py:85: UserWarning: 'torch.load' received a zip file that looks like a TorchScript archive dispatching to 'torch.jit.load' (call 'torch.jit.load' directly to silence this warning)
  data = torch.load(path, map_location=device, weights_only=True)
/home/xianyang/miniconda3/envs/t3-aimnet/lib/python3.11/site-packages/torch/jit/_serialization.py:176: FutureWarning: `torch.jit.load` is deprecated. Please switch to `torch.export`.
  warnings.warn(
/home/xianyang/miniconda3/envs/t3-aimnet/lib/python3.11/site-packages/torch/jit/_serialization.py:176: FutureWarning: `torch.jit.load` is deprecated. Please switch to `torch.export`.
  warnings.warn(
1/10 mol_id=11758 Eint=-319.280 desolv=38.995 strain=173.772 score=-106.514 steps=602 converged=True
2/10 mol_id=50763 Eint=-82.317 desolv=24.012 strain=49.033 score=-9.272 steps=400 converged=True
3/10 mol_id=56067 Eint=-113.998 desolv=16.670 strain=38.622 score=-58.706 steps=866 converged=True
4/10 mol_id=83746 Eint=-252.061 desolv=10.220 strain=129.936 score=-111.904 steps=597 converged=True
5/10 mol_id=83823 Eint=-175.161 desolv=18.479 strain=113.130 score=-43.553 steps=546 converged=True
6/10 mol_id=84276 Eint=-125.972 desolv=21.937 strain=61.571 score=-42.464 steps=449 converged=True
7/10 mol_id=88746 Eint=-144.147 desolv=30.779 strain=117.756 score=4.387 steps=533 converged=True
8/10 mol_id=91823 Eint=-203.042 desolv=18.124 strain=75.573 score=-109.345 steps=806 converged=True
9/10 mol_id=98772 Eint=-31.429 desolv=14.045 strain=31.045 score=13.660 steps=576 converged=True
10/10 mol_id=122285 Eint=-30.937 desolv=9.827 strain=26.265 score=5.156 steps=815 converged=True
wrote 10 rows to /home/xianyang/aimnet2_score_pipelines/work/fixed-pocket-benchmarks-20260906/t3/L4/Q70CQ3/aimnet2_score.csv in 96.94 s
{
  "scope": "reference reconstruction; not an exact reproduction of the unreleased AIMNet2(Score) workflow",
  "score_definition": "Eint + Edesolv + ELCSE; lower is better",
  "interaction_geometry": "fixed_pocket_gas_minimized_v1",
  "pocket": "/home/xianyang/aimnet2_score_pipelines/work/correction-20260906/t3/L4/Q70CQ3/pocket.pdb",
  "pocket_charge": 0,
  "gas_model": "/home/xianyang/t3-aimnet-models/aimnet2_wb97m_0.jpt",
  "cpcm_model": "/home/xianyang/t3-aimnet-models/wb97m_cpcms_v2_0.jpt",
  "complex_fmax_ev_a": 0.002,
  "complex_max_steps": 1000,
  "n_complex_optimization_converged": 7,
  "minimized_poses": "/home/xianyang/aimnet2_score_pipelines/work/fixed-pocket-benchmarks-20260906/t3/L4/Q70CQ3/aimnet2_score.minimized.sdf",
  "bound_refinement": "gas-phase ligand-in-fixed-pocket FIRE; no isolated bound refinement",
  "n_requested": 10,
  "n_scored": 10,
  "n_errors": 0,
  "n_optimization_converged": 10,
  "elapsed_seconds_this_run": 96.93650544807315,
  "output": "/home/xianyang/aimnet2_score_pipelines/work/fixed-pocket-benchmarks-20260906/t3/L4/Q70CQ3/aimnet2_score.csv"
}
 mol_id  aimnet_interaction_kcal_mol  desolvation_kcal_mol  local_strain_kcal_mol  aimnet2_composite_kcal_mol  optimization_converged
  11758                  -319.279899             38.994526             173.771663                 -106.513710                    True
  50763                   -82.317153             24.012304              49.032621                   -9.272227                    True
  56067                  -113.998227             16.669982              38.622386                  -58.705860                    True
  83746                  -252.061076             10.220437             129.936265                 -111.904374                    True
  83823                  -175.161309             18.478573             113.129526                  -43.553211                    True
  84276                  -125.971505             21.937018              61.570684                  -42.463804                    True
  88746                  -144.147462             30.778933             117.755547                    4.387018                    True
  91823                  -203.041727             18.123690              75.573392                 -109.344646                    True
  98772                   -31.429254             14.044809              31.044715                   13.660270                    True
 122285                   -30.936568              9.827272              26.264909                    5.155613                    True
