Bound geometry uses fixed-pocket gas FIRE. Legacy CPCM bound-refinement options are ignored.
/home/xianyang/miniconda3/envs/t3-aimnet/lib/python3.11/site-packages/aimnet/models/base.py:85: UserWarning: 'torch.load' received a zip file that looks like a TorchScript archive dispatching to 'torch.jit.load' (call 'torch.jit.load' directly to silence this warning)
  data = torch.load(path, map_location=device, weights_only=True)
/home/xianyang/miniconda3/envs/t3-aimnet/lib/python3.11/site-packages/torch/jit/_serialization.py:176: FutureWarning: `torch.jit.load` is deprecated. Please switch to `torch.export`.
  warnings.warn(
/home/xianyang/miniconda3/envs/t3-aimnet/lib/python3.11/site-packages/torch/jit/_serialization.py:176: FutureWarning: `torch.jit.load` is deprecated. Please switch to `torch.export`.
  warnings.warn(
1/10 mol_id=2221 Eint=-50.258 desolv=10.440 strain=12.146 score=-27.671 steps=415 converged=True
2/10 mol_id=24323 Eint=-11.332 desolv=8.328 strain=2.301 score=-0.703 steps=194 converged=True
3/10 mol_id=43699 Eint=-158.571 desolv=17.559 strain=34.992 score=-106.020 steps=398 converged=True
4/10 mol_id=68311 Eint=-144.975 desolv=15.076 strain=34.651 score=-95.248 steps=638 converged=True
5/10 mol_id=88721 Eint=-34.223 desolv=11.017 strain=18.946 score=-4.261 steps=675 converged=True
6/10 mol_id=89763 Eint=-107.593 desolv=8.758 strain=25.209 score=-73.627 steps=528 converged=True
7/10 mol_id=103070 Eint=-168.636 desolv=14.463 strain=34.093 score=-120.081 steps=662 converged=True
8/10 mol_id=132547 Eint=-143.595 desolv=18.667 strain=39.740 score=-85.188 steps=345 converged=True
9/10 mol_id=132866 Eint=-212.633 desolv=16.884 strain=59.363 score=-136.386 steps=431 converged=True
10/10 mol_id=139001 Eint=-101.817 desolv=14.002 strain=19.538 score=-68.277 steps=890 converged=True
wrote 10 rows to /home/xianyang/aimnet2_score_pipelines/work/fixed-pocket-benchmarks-20260906/t3/L3/Q00959/aimnet2_score.csv in 85.01 s
{
  "scope": "reference reconstruction; not an exact reproduction of the unreleased AIMNet2(Score) workflow",
  "score_definition": "Eint + Edesolv + ELCSE; lower is better",
  "interaction_geometry": "fixed_pocket_gas_minimized_v1",
  "pocket": "/home/xianyang/aimnet2_score_pipelines/work/correction-20260906/t3/L3/Q00959/pocket.pdb",
  "pocket_charge": 0,
  "gas_model": "/home/xianyang/t3-aimnet-models/aimnet2_wb97m_0.jpt",
  "cpcm_model": "/home/xianyang/t3-aimnet-models/wb97m_cpcms_v2_0.jpt",
  "complex_fmax_ev_a": 0.002,
  "complex_max_steps": 1000,
  "n_complex_optimization_converged": 9,
  "minimized_poses": "/home/xianyang/aimnet2_score_pipelines/work/fixed-pocket-benchmarks-20260906/t3/L3/Q00959/aimnet2_score.minimized.sdf",
  "bound_refinement": "gas-phase ligand-in-fixed-pocket FIRE; no isolated bound refinement",
  "n_requested": 10,
  "n_scored": 10,
  "n_errors": 0,
  "n_optimization_converged": 10,
  "elapsed_seconds_this_run": 85.01326401717961,
  "output": "/home/xianyang/aimnet2_score_pipelines/work/fixed-pocket-benchmarks-20260906/t3/L3/Q00959/aimnet2_score.csv"
}
 mol_id  aimnet_interaction_kcal_mol  desolvation_kcal_mol  local_strain_kcal_mol  aimnet2_composite_kcal_mol  optimization_converged
   2221                   -50.258035             10.440483              12.146222                  -27.671329                    True
  24323                   -11.332085              8.327943               2.301421                   -0.702721                    True
  43699                  -158.570830             17.558577              34.991925                 -106.020327                    True
  68311                  -144.974929             15.075610              34.651002                  -95.248317                    True
  88721                   -34.223329             11.016516              18.946273                   -4.260541                    True
  89763                  -107.593340              8.757838              25.208892                  -73.626610                    True
 103070                  -168.636445             14.463093              34.092609                 -120.080743                    True
 132547                  -143.595183             18.666589              39.740217                  -85.188376                    True
 132866                  -212.632998             16.883750              59.363240                 -136.386008                    True
 139001                  -101.817212             14.002370              19.538141                  -68.276701                    True
