Bound geometry uses fixed-pocket gas FIRE. Legacy CPCM bound-refinement options are ignored.
/home/xianyang/miniconda3/envs/t3-aimnet/lib/python3.11/site-packages/aimnet/models/base.py:85: UserWarning: 'torch.load' received a zip file that looks like a TorchScript archive dispatching to 'torch.jit.load' (call 'torch.jit.load' directly to silence this warning)
  data = torch.load(path, map_location=device, weights_only=True)
/home/xianyang/miniconda3/envs/t3-aimnet/lib/python3.11/site-packages/torch/jit/_serialization.py:176: FutureWarning: `torch.jit.load` is deprecated. Please switch to `torch.export`.
  warnings.warn(
/home/xianyang/miniconda3/envs/t3-aimnet/lib/python3.11/site-packages/torch/jit/_serialization.py:176: FutureWarning: `torch.jit.load` is deprecated. Please switch to `torch.export`.
  warnings.warn(
1/10 mol_id=474 Eint=-121.219 desolv=5.874 strain=28.149 score=-87.196 steps=226 converged=True
2/10 mol_id=2823 Eint=-27.191 desolv=5.240 strain=14.088 score=-7.863 steps=216 converged=True
3/10 mol_id=12108 Eint=-70.106 desolv=7.143 strain=15.180 score=-47.783 steps=427 converged=True
4/10 mol_id=25945 Eint=-32.504 desolv=6.594 strain=9.409 score=-16.501 steps=311 converged=True
5/10 mol_id=41173 Eint=-85.618 desolv=13.926 strain=40.941 score=-30.750 steps=262 converged=True
6/10 mol_id=52297 Eint=-58.253 desolv=10.926 strain=10.519 score=-36.808 steps=203 converged=True
7/10 mol_id=69432 Eint=-29.763 desolv=9.070 strain=14.818 score=-5.875 steps=158 converged=True
8/10 mol_id=99633 Eint=-56.423 desolv=6.216 strain=13.208 score=-36.999 steps=285 converged=True
9/10 mol_id=108418 Eint=-54.972 desolv=7.257 strain=7.654 score=-40.060 steps=169 converged=True
10/10 mol_id=134993 Eint=-26.944 desolv=10.584 strain=14.893 score=-1.467 steps=332 converged=True
wrote 10 rows to /home/xianyang/aimnet2_score_pipelines/work/fixed-pocket-benchmarks-20260906/t3/L4/P24863/aimnet2_score.csv in 59.48 s
{
  "scope": "reference reconstruction; not an exact reproduction of the unreleased AIMNet2(Score) workflow",
  "score_definition": "Eint + Edesolv + ELCSE; lower is better",
  "interaction_geometry": "fixed_pocket_gas_minimized_v1",
  "pocket": "/home/xianyang/aimnet2_score_pipelines/work/correction-20260906/t3/L4/P24863/pocket.pdb",
  "pocket_charge": 0,
  "gas_model": "/home/xianyang/t3-aimnet-models/aimnet2_wb97m_0.jpt",
  "cpcm_model": "/home/xianyang/t3-aimnet-models/wb97m_cpcms_v2_0.jpt",
  "complex_fmax_ev_a": 0.002,
  "complex_max_steps": 1000,
  "n_complex_optimization_converged": 10,
  "minimized_poses": "/home/xianyang/aimnet2_score_pipelines/work/fixed-pocket-benchmarks-20260906/t3/L4/P24863/aimnet2_score.minimized.sdf",
  "bound_refinement": "gas-phase ligand-in-fixed-pocket FIRE; no isolated bound refinement",
  "n_requested": 10,
  "n_scored": 10,
  "n_errors": 0,
  "n_optimization_converged": 10,
  "elapsed_seconds_this_run": 59.48255136499938,
  "output": "/home/xianyang/aimnet2_score_pipelines/work/fixed-pocket-benchmarks-20260906/t3/L4/P24863/aimnet2_score.csv"
}
 mol_id  aimnet_interaction_kcal_mol  desolvation_kcal_mol  local_strain_kcal_mol  aimnet2_composite_kcal_mol  optimization_converged
    474                  -121.218911              5.873600              28.149074                  -87.196237                    True
   2823                   -27.190623              5.239711              14.087550                   -7.863362                    True
  12108                   -70.105928              7.143230              15.179698                  -47.783000                    True
  25945                   -32.503633              6.593682               9.409354                  -16.500596                    True
  41173                   -85.617726             13.925983              40.941453                  -30.750290                    True
  52297                   -58.252709             10.925664              10.519421                  -36.807623                    True
  69432                   -29.763137              9.070251              14.817709                   -5.875177                    True
  99633                   -56.423269              6.216308              13.208093                  -36.998867                    True
 108418                   -54.971684              7.257194               7.654458                  -40.060032                    True
 134993                   -26.944070             10.583798              14.893466                   -1.466806                    True
