2026-09-08 16:11:22 DOCK_READY 14 L2 I6YFP0 20
2026-09-08 16:19:13 DOCK_READY 62 L3 P05556 20
2026-09-08 16:20:25 DOCK_READY 78 L3 P06802 0
2026-09-08 16:22:49 DOCK_READY 94 L2 O14757 10
2026-09-08 16:24:53 DOCK_READY 110 L1 O60341 20
2026-09-08 16:26:53 DOCK_READY 126 L1 O60885 0
2026-09-08 16:27:57 DOCK_READY 142 L3 P17787 10
2026-09-08 16:30:04 DOCK_READY 158 L2 O43353 20
2026-09-08 16:33:28 DOCK_READY 174 L2 O43570 0
2026-09-08 16:35:39 DOCK_READY 190 L1 O75874 10
2026-09-08 16:37:56 DOCK_READY 206 L3 P40879 20
2026-09-08 16:39:38 DOCK_READY 222 L3 P43250 0
2026-09-08 16:41:42 DOCK_READY 238 L2 O60760 10
2026-09-08 16:47:19 DOCK_READY 254 L1 P00338 20
2026-09-08 16:49:18 DOCK_READY 270 L1 P00491 0
2026-09-08 16:51:38 DOCK_READY 286 L3 Q02779 10
2026-09-08 16:53:47 DOCK_READY 302 L2 O75762 20
2026-09-08 16:55:16 DOCK_READY 318 L2 O75936 0
2026-09-08 16:57:43 DOCK_READY 334 L1 P01116 10
2026-09-08 17:01:03 DOCK_READY 350 L3 Q8R431 20
2026-09-08 17:03:03 DOCK_READY 366 L3 Q96LB1 0
