2026-09-08 16:08:50 GPU_READY NVIDIA L40S 0
2026-09-08 16:14:51 CHUNK L3 A0A1D8PKB4 20 30 scored 10
2026-09-08 16:14:51 SUMMARY [('L1', 2, 318, 29), ('L2', 0, 449, 39), ('L3', 3, 46, 4)]
2026-09-08 16:17:00 CHUNK L2 O00255 20 30 scored 10
2026-09-08 16:19:08 CHUNK L2 O00763 10 20 scored 10
2026-09-08 16:19:08 SUMMARY [('L1', 5, 315, 29), ('L2', 3, 446, 39), ('L3', 4, 45, 4)]
2026-09-08 16:20:48 CHUNK L3 P05622 10 20 scored 10
2026-09-08 16:23:05 CHUNK L1 O15379 20 30 scored 10
2026-09-08 16:25:17 CHUNK L3 P08515 0 10 scored 10
2026-09-08 16:27:17 CHUNK L3 P08519 0 10 scored 10
2026-09-08 16:29:15 CHUNK L3 P08519 20 30 scored 10
2026-09-08 16:31:20 CHUNK L3 P0DTC1 20 30 scored 10
2026-09-08 16:33:35 CHUNK L2 O14976 20 30 scored 10
2026-09-08 16:33:35 SUMMARY [('L1', 9, 311, 29), ('L2', 8, 441, 39), ('L3', 8, 41, 4)]
2026-09-08 16:35:41 CHUNK L3 P17787 10 20 scored 10
2026-09-08 16:37:42 CHUNK L3 P18564 10 20 scored 10
2026-09-08 16:39:46 CHUNK L2 O43353 20 30 scored 10
2026-09-08 16:41:48 CHUNK L2 O43570 0 10 scored 10
2026-09-08 16:43:50 CHUNK L1 O75874 10 20 scored 10
2026-09-08 16:45:49 CHUNK L3 P40879 20 30 scored 10
2026-09-08 16:47:48 CHUNK L3 P36222 0 10 scored 10
2026-09-08 16:50:01 CHUNK L2 O60760 10 20 scored 10
2026-09-08 16:52:13 CHUNK L3 P43220 20 30 scored 10
2026-09-08 16:54:07 CHUNK L3 Q02779 10 20 scored 10
2026-09-08 16:56:21 CHUNK L2 O43924 0 10 scored 10
2026-09-08 16:56:29 SUMMARY [('L1', 14, 306, 29), ('L2', 14, 435, 39), ('L3', 13, 36, 4)]
2026-09-08 16:59:41 CHUNK L3 P56528 20 30 scored 10
2026-09-08 17:02:05 CHUNK L3 P37288 10 20 scored 10
