2026-09-08 16:08:49 GPU_READY NVIDIA L40S 0
2026-09-08 16:11:39 CHUNK L3 O94921 20 30 scored 10
2026-09-08 16:11:39 SUMMARY [('L1', 1, 319, 29), ('L2', 0, 449, 39), ('L3', 1, 48, 4)]
2026-09-08 16:16:51 CHUNK L2 I6YFP0 20 30 scored 10
2026-09-08 16:16:52 SUMMARY [('L1', 3, 317, 29), ('L2', 1, 448, 39), ('L3', 3, 46, 4)]
2026-09-08 16:18:58 CHUNK L2 O00444 20 30 scored 10
2026-09-08 16:21:21 CHUNK L2 O14684 10 20 scored 10
2026-09-08 16:22:51 CHUNK L2 O14733 10 20 scored 10
2026-09-08 16:24:51 CHUNK L2 O14744 0 10 scored 10
2026-09-08 16:26:54 CHUNK L2 O14757 10 20 scored 10
2026-09-08 16:29:09 CHUNK L2 O14842 20 30 scored 10
2026-09-08 16:29:09 SUMMARY [('L1', 8, 312, 29), ('L2', 7, 442, 39), ('L3', 5, 44, 4)]
2026-09-08 16:31:10 CHUNK L3 P0DTC1 10 20 scored 10
2026-09-08 16:33:24 CHUNK L2 O14976 0 10 scored 10
2026-09-08 16:35:29 CHUNK L2 O15151 10 20 scored 10
2026-09-08 16:37:39 CHUNK L2 O15379 0 10 scored 10
2026-09-08 16:39:56 CHUNK L1 O75417 10 20 scored 10
2026-09-08 16:42:00 CHUNK L3 P30405 10 20 scored 10
2026-09-08 16:43:55 CHUNK L2 O43614 0 10 scored 10
2026-09-08 16:45:57 CHUNK L1 O76083 10 20 scored 10
2026-09-08 16:47:52 CHUNK L2 O60502 10 20 scored 10
2026-09-08 16:49:48 CHUNK L3 P56450 0 10 scored 10
2026-09-08 16:51:45 CHUNK L2 O43924 20 30 scored 10
2026-09-08 16:53:38 CHUNK L1 O95271 0 10 scored 10
2026-09-08 16:55:46 CHUNK L3 P51684 10 20 scored 10
2026-09-08 16:57:44 CHUNK L2 O60885 10 20 scored 10
2026-09-08 17:00:01 CHUNK L1 O75385 20 30 scored 10
2026-09-08 17:01:55 CHUNK L1 O75874 20 30 scored 10
2026-09-08 17:01:56 SUMMARY [('L1', 17, 303, 29), ('L2', 15, 434, 39), ('L3', 14, 35, 4)]
2026-09-08 17:03:40 CHUNK L1 P00519 0 10 scored 10
