2026-09-08 16:08:49 GPU_READY NVIDIA L40S 0
2026-09-08 16:14:50 CHUNK L3 P05556 0 10 scored 10
2026-09-08 16:17:03 CHUNK L3 O14638 20 30 scored 10
2026-09-08 16:19:04 CHUNK L2 O00763 20 30 scored 10
2026-09-08 16:21:24 CHUNK L2 O14684 20 30 scored 10
2026-09-08 16:21:24 SUMMARY [('L1', 6, 314, 29), ('L2', 5, 444, 39), ('L3', 4, 45, 4)]
2026-09-08 16:23:09 CHUNK L3 P06802 0 10 scored 10
2026-09-08 16:25:21 CHUNK L1 O43570 0 10 scored 10
2026-09-08 16:27:36 CHUNK L1 O60218 0 10 scored 10
2026-09-08 16:29:30 CHUNK L3 P09487 20 30 scored 10
2026-09-08 16:31:52 CHUNK L1 O60674 10 20 scored 10
2026-09-08 16:33:51 CHUNK L1 O60885 0 10 scored 10
2026-09-08 16:36:01 CHUNK L1 O75385 0 10 scored 10
2026-09-08 16:38:19 CHUNK L1 O75116 10 20 scored 10
2026-09-08 16:38:19 SUMMARY [('L1', 10, 310, 29), ('L2', 9, 440, 39), ('L3', 9, 40, 4)]
2026-09-08 16:40:17 CHUNK L3 P28347 10 20 scored 10
2026-09-08 16:42:37 CHUNK L2 O43570 20 30 scored 10
2026-09-08 16:44:20 CHUNK L3 P30405 0 10 scored 10
2026-09-08 16:46:22 CHUNK L1 O75417 20 30 scored 10
2026-09-08 16:46:22 SUMMARY [('L1', 12, 308, 29), ('L2', 11, 438, 39), ('L3', 11, 38, 4)]
2026-09-08 16:48:14 CHUNK L1 O96013 20 30 scored 10
2026-09-08 16:50:21 CHUNK L1 P00338 20 30 scored 10
2026-09-08 16:52:24 CHUNK L1 P00491 0 10 scored 10
2026-09-08 16:54:23 CHUNK L1 O95271 20 30 scored 9
2026-09-08 16:56:25 CHUNK L1 O96013 10 20 scored 10
2026-09-08 16:59:57 CHUNK L1 O95271 10 20 scored 10
2026-09-08 16:59:58 SUMMARY [('L1', 16, 304, 29), ('L2', 14, 435, 39), ('L3', 13, 36, 4)]
2026-09-08 17:01:41 CHUNK L1 P00352 20 30 scored 10
2026-09-08 17:03:41 CHUNK L3 Q00959 0 10 scored 10
