2026-09-08 16:08:50 GPU_READY NVIDIA RTX 6000 Ada Generation 0
2026-09-08 16:14:47 CHUNK L1 C7C422 20 30 scored 10
2026-09-08 16:14:48 SUMMARY [('L1', 2, 318, 29), ('L2', 0, 449, 39), ('L3', 2, 47, 4)]
2026-09-08 16:17:20 CHUNK L3 O14638 10 20 scored 10
2026-09-08 16:17:20 SUMMARY [('L1', 3, 317, 29), ('L2', 2, 447, 39), ('L3', 4, 45, 4)]
2026-09-08 16:19:35 CHUNK L1 O14965 10 20 scored 10
2026-09-08 16:21:58 CHUNK L3 P05556 20 30 scored 10
2026-09-08 16:24:12 CHUNK L1 O15379 10 20 scored 10
2026-09-08 16:24:12 SUMMARY [('L1', 7, 313, 29), ('L2', 6, 443, 39), ('L3', 4, 45, 4)]
2026-09-08 16:26:29 CHUNK L1 O43353 10 20 scored 10
2026-09-08 16:28:17 CHUNK L2 O14842 0 10 scored 10
2026-09-08 16:30:20 CHUNK L1 O60341 20 30 scored 10
2026-09-08 16:32:26 CHUNK L3 P0DTC1 0 10 scored 10
2026-09-08 16:32:26 SUMMARY [('L1', 9, 311, 29), ('L2', 7, 442, 39), ('L3', 7, 42, 4)]
2026-09-08 16:34:23 CHUNK L1 O60885 20 30 scored 10
2026-09-08 16:36:34 CHUNK L3 P06802 10 20 scored 10
2026-09-08 16:36:34 SUMMARY [('L1', 9, 311, 29), ('L2', 9, 440, 39), ('L3', 9, 40, 4)]
2026-09-08 16:38:35 CHUNK L2 O14757 20 30 scored 10
2026-09-08 16:38:35 SUMMARY [('L1', 10, 310, 29), ('L2', 10, 439, 39), ('L3', 9, 40, 4)]
2026-09-08 16:40:59 CHUNK L3 P11498 0 10 scored 10
2026-09-08 16:43:22 CHUNK L3 P11498 20 30 scored 10
2026-09-08 16:43:22 SUMMARY [('L1', 11, 309, 29), ('L2', 10, 439, 39), ('L3', 10, 39, 4)]
2026-09-08 16:45:38 CHUNK L2 O43613 20 30 scored 10
2026-09-08 16:47:56 CHUNK L2 O43613 10 20 scored 10
2026-09-08 16:47:56 SUMMARY [('L1', 13, 307, 29), ('L2', 12, 437, 39), ('L3', 11, 38, 4)]
2026-09-08 16:50:10 CHUNK L1 P00338 0 10 scored 10
2026-09-08 16:52:26 CHUNK L3 Q00959 10 20 scored 10
2026-09-08 16:55:22 CHUNK L3 P51684 0 10 scored 10
2026-09-08 16:57:30 CHUNK L1 O96013 0 10 scored 10
2026-09-08 16:57:33 SUMMARY [('L1', 15, 305, 29), ('L2', 14, 435, 39), ('L3', 13, 36, 4)]
2026-09-08 16:59:49 CHUNK L3 P56528 10 20 scored 10
2026-09-08 17:02:03 CHUNK L3 P51684 20 30 scored 10
2026-09-08 17:02:03 SUMMARY [('L1', 17, 303, 29), ('L2', 15, 434, 39), ('L3', 15, 34, 4)]
2026-09-08 17:04:37 CHUNK L2 O75762 0 10 scored 10
