Bound geometry uses fixed-pocket gas FIRE. Legacy CPCM bound-refinement options are ignored.
/home/xianyang/miniconda3/envs/t3-aimnet/lib/python3.11/site-packages/aimnet/models/base.py:85: UserWarning: 'torch.load' received a zip file that looks like a TorchScript archive dispatching to 'torch.jit.load' (call 'torch.jit.load' directly to silence this warning)
  data = torch.load(path, map_location=device, weights_only=True)
/home/xianyang/miniconda3/envs/t3-aimnet/lib/python3.11/site-packages/torch/jit/_serialization.py:176: FutureWarning: `torch.jit.load` is deprecated. Please switch to `torch.export`.
  warnings.warn(
/home/xianyang/miniconda3/envs/t3-aimnet/lib/python3.11/site-packages/torch/jit/_serialization.py:176: FutureWarning: `torch.jit.load` is deprecated. Please switch to `torch.export`.
  warnings.warn(
1/10 mol_id=13433 Eint=-111.357 desolv=15.029 strain=68.154 score=-28.174 steps=208 converged=True
2/10 mol_id=20704 Eint=-85.669 desolv=18.722 strain=63.087 score=-3.859 steps=374 converged=True
3/10 mol_id=31548 Eint=-71.649 desolv=11.281 strain=46.341 score=-14.027 steps=216 converged=True
4/10 mol_id=35235 Eint=-25.118 desolv=12.162 strain=26.655 score=13.699 steps=583 converged=True
5/10 mol_id=35615 Eint=-59.624 desolv=19.173 strain=28.366 score=-12.085 steps=507 converged=True
6/10 mol_id=57296 Eint=-30.644 desolv=7.371 strain=24.019 score=0.745 steps=568 converged=True
7/10 mol_id=78268 Eint=-105.683 desolv=16.680 strain=67.791 score=-21.211 steps=200 converged=True
8/10 mol_id=93381 Eint=-183.273 desolv=11.973 strain=83.446 score=-87.854 steps=557 converged=True
9/10 mol_id=130236 Eint=-63.921 desolv=23.641 strain=16.995 score=-23.285 steps=530 converged=True
10/10 mol_id=143316 Eint=-54.689 desolv=22.579 strain=20.341 score=-11.769 steps=701 converged=True
wrote 10 rows to /home/xianyang/aimnet2_score_pipelines/work/fixed-pocket-benchmarks-20260906/t3/L1/P51532/aimnet2_score.csv in 68.84 s
{
  "scope": "reference reconstruction; not an exact reproduction of the unreleased AIMNet2(Score) workflow",
  "score_definition": "Eint + Edesolv + ELCSE; lower is better",
  "interaction_geometry": "fixed_pocket_gas_minimized_v1",
  "pocket": "/home/xianyang/aimnet2_score_pipelines/work/correction-20260906/t3/L1/P51532/pocket.pdb",
  "pocket_charge": 0,
  "gas_model": "/home/xianyang/t3-aimnet-models/aimnet2_wb97m_0.jpt",
  "cpcm_model": "/home/xianyang/t3-aimnet-models/wb97m_cpcms_v2_0.jpt",
  "complex_fmax_ev_a": 0.002,
  "complex_max_steps": 1000,
  "n_complex_optimization_converged": 10,
  "minimized_poses": "/home/xianyang/aimnet2_score_pipelines/work/fixed-pocket-benchmarks-20260906/t3/L1/P51532/aimnet2_score.minimized.sdf",
  "bound_refinement": "gas-phase ligand-in-fixed-pocket FIRE; no isolated bound refinement",
  "n_requested": 10,
  "n_scored": 10,
  "n_errors": 0,
  "n_optimization_converged": 10,
  "elapsed_seconds_this_run": 68.84046321595088,
  "output": "/home/xianyang/aimnet2_score_pipelines/work/fixed-pocket-benchmarks-20260906/t3/L1/P51532/aimnet2_score.csv"
}
 mol_id  aimnet_interaction_kcal_mol  desolvation_kcal_mol  local_strain_kcal_mol  aimnet2_composite_kcal_mol  optimization_converged
  13433                  -111.357079             15.028629              68.153968                  -28.174482                    True
  20704                   -85.668727             18.722315              63.087451                   -3.858961                    True
  31548                   -71.649412             11.281054              46.341066                  -14.027292                    True
  35235                   -25.118033             12.162417              26.655080                   13.699463                    True
  35615                   -59.623561             19.172860              28.365922                  -12.084779                    True
  57296                   -30.643843              7.370517              24.018669                    0.745343                    True
  78268                  -105.682814             16.680299              67.791494                  -21.211021                    True
  93381                  -183.272636             11.973088              83.445725                  -87.853824                    True
 130236                   -63.921095             23.640953              16.994821                  -23.285322                    True
 143316                   -54.688674             22.579390              20.340557                  -11.768728                    True
