Bound geometry uses fixed-pocket gas FIRE. Legacy CPCM bound-refinement options are ignored.
/home/xianyang/miniconda3/envs/t3-aimnet/lib/python3.11/site-packages/aimnet/models/base.py:85: UserWarning: 'torch.load' received a zip file that looks like a TorchScript archive dispatching to 'torch.jit.load' (call 'torch.jit.load' directly to silence this warning)
  data = torch.load(path, map_location=device, weights_only=True)
/home/xianyang/miniconda3/envs/t3-aimnet/lib/python3.11/site-packages/torch/jit/_serialization.py:176: FutureWarning: `torch.jit.load` is deprecated. Please switch to `torch.export`.
  warnings.warn(
/home/xianyang/miniconda3/envs/t3-aimnet/lib/python3.11/site-packages/torch/jit/_serialization.py:176: FutureWarning: `torch.jit.load` is deprecated. Please switch to `torch.export`.
  warnings.warn(
1/6 mol_id=25790 Eint=-38.503 desolv=2.288 strain=23.640 score=-12.575 steps=697 converged=True
2/6 mol_id=28940 Eint=-42.295 desolv=9.059 strain=39.588 score=6.352 steps=975 converged=True
3/6 mol_id=31551 Eint=-52.477 desolv=11.927 strain=41.710 score=1.159 steps=1000 converged=False
4/6 mol_id=64116 Eint=-63.547 desolv=13.438 strain=26.246 score=-23.862 steps=1000 converged=False
5/6 mol_id=82509 Eint=-34.031 desolv=12.069 strain=27.697 score=5.735 steps=1000 converged=False
6/6 mol_id=85390 Eint=-186.868 desolv=1.954 strain=55.716 score=-129.198 steps=897 converged=True
wrote 6 rows to /home/xianyang/aimnet2_score_pipelines/work/fixed-pocket-benchmarks-20260906/t3/L2/P41143/aimnet2_score.csv in 117.45 s
{
  "scope": "reference reconstruction; not an exact reproduction of the unreleased AIMNet2(Score) workflow",
  "score_definition": "Eint + Edesolv + ELCSE; lower is better",
  "interaction_geometry": "fixed_pocket_gas_minimized_v1",
  "pocket": "/home/xianyang/aimnet2_score_pipelines/work/correction-20260906/t3/L2/P41143/pocket.pdb",
  "pocket_charge": 0,
  "gas_model": "/home/xianyang/t3-aimnet-models/aimnet2_wb97m_0.jpt",
  "cpcm_model": "/home/xianyang/t3-aimnet-models/wb97m_cpcms_v2_0.jpt",
  "complex_fmax_ev_a": 0.002,
  "complex_max_steps": 1000,
  "n_complex_optimization_converged": 4,
  "minimized_poses": "/home/xianyang/aimnet2_score_pipelines/work/fixed-pocket-benchmarks-20260906/t3/L2/P41143/aimnet2_score.minimized.sdf",
  "bound_refinement": "gas-phase ligand-in-fixed-pocket FIRE; no isolated bound refinement",
  "n_requested": 6,
  "n_scored": 6,
  "n_errors": 0,
  "n_optimization_converged": 3,
  "elapsed_seconds_this_run": 117.44587208493613,
  "output": "/home/xianyang/aimnet2_score_pipelines/work/fixed-pocket-benchmarks-20260906/t3/L2/P41143/aimnet2_score.csv"
}
 mol_id  aimnet_interaction_kcal_mol  desolvation_kcal_mol  local_strain_kcal_mol  aimnet2_composite_kcal_mol  optimization_converged
  25790                   -38.502740              2.287657              23.639910                  -12.575174                    True
  28940                   -42.295350              9.058510              39.588382                    6.351541                    True
  31551                   -52.477185             11.926709              41.709847                    1.159371                   False
  64116                   -63.546648             13.438261              26.246255                  -23.862132                   False
  82509                   -34.030761             12.068798              27.697141                    5.735177                   False
  85390                  -186.868205              1.954253              55.716448                 -129.197504                    True
