Bound geometry uses fixed-pocket gas FIRE. Legacy CPCM bound-refinement options are ignored.
/home/xianyang/miniconda3/envs/t3-aimnet/lib/python3.11/site-packages/aimnet/models/base.py:85: UserWarning: 'torch.load' received a zip file that looks like a TorchScript archive dispatching to 'torch.jit.load' (call 'torch.jit.load' directly to silence this warning)
  data = torch.load(path, map_location=device, weights_only=True)
/home/xianyang/miniconda3/envs/t3-aimnet/lib/python3.11/site-packages/torch/jit/_serialization.py:176: FutureWarning: `torch.jit.load` is deprecated. Please switch to `torch.export`.
  warnings.warn(
/home/xianyang/miniconda3/envs/t3-aimnet/lib/python3.11/site-packages/torch/jit/_serialization.py:176: FutureWarning: `torch.jit.load` is deprecated. Please switch to `torch.export`.
  warnings.warn(
1/10 mol_id=12820 Eint=-51.890 desolv=20.516 strain=10.755 score=-20.619 steps=388 converged=True
2/10 mol_id=18889 Eint=-160.278 desolv=12.946 strain=40.685 score=-106.647 steps=494 converged=True
3/10 mol_id=40995 Eint=-68.956 desolv=10.585 strain=21.182 score=-37.190 steps=578 converged=True
4/10 mol_id=42683 Eint=-54.880 desolv=17.340 strain=13.479 score=-24.060 steps=513 converged=True
5/10 mol_id=54563 Eint=-45.048 desolv=14.367 strain=11.406 score=-19.275 steps=431 converged=True
6/10 mol_id=70489 Eint=-59.914 desolv=17.309 strain=12.028 score=-30.578 steps=339 converged=True
7/10 mol_id=77037 Eint=-218.868 desolv=15.510 strain=110.425 score=-92.932 steps=460 converged=True
8/10 mol_id=89119 Eint=-69.036 desolv=10.092 strain=21.836 score=-37.108 steps=946 converged=True
9/10 mol_id=132016 Eint=-90.404 desolv=18.992 strain=31.820 score=-39.592 steps=569 converged=True
10/10 mol_id=142702 Eint=-48.356 desolv=14.073 strain=9.072 score=-25.212 steps=291 converged=True
wrote 10 rows to /home/xianyang/aimnet2_score_pipelines/work/fixed-pocket-benchmarks-20260906/t3/L3/Q9UKS7/aimnet2_score.csv in 80.36 s
{
  "scope": "reference reconstruction; not an exact reproduction of the unreleased AIMNet2(Score) workflow",
  "score_definition": "Eint + Edesolv + ELCSE; lower is better",
  "interaction_geometry": "fixed_pocket_gas_minimized_v1",
  "pocket": "/home/xianyang/aimnet2_score_pipelines/work/correction-20260906/t3/L3/Q9UKS7/pocket.pdb",
  "pocket_charge": 0,
  "gas_model": "/home/xianyang/t3-aimnet-models/aimnet2_wb97m_0.jpt",
  "cpcm_model": "/home/xianyang/t3-aimnet-models/wb97m_cpcms_v2_0.jpt",
  "complex_fmax_ev_a": 0.002,
  "complex_max_steps": 1000,
  "n_complex_optimization_converged": 10,
  "minimized_poses": "/home/xianyang/aimnet2_score_pipelines/work/fixed-pocket-benchmarks-20260906/t3/L3/Q9UKS7/aimnet2_score.minimized.sdf",
  "bound_refinement": "gas-phase ligand-in-fixed-pocket FIRE; no isolated bound refinement",
  "n_requested": 10,
  "n_scored": 10,
  "n_errors": 0,
  "n_optimization_converged": 10,
  "elapsed_seconds_this_run": 80.35802656086162,
  "output": "/home/xianyang/aimnet2_score_pipelines/work/fixed-pocket-benchmarks-20260906/t3/L3/Q9UKS7/aimnet2_score.csv"
}
 mol_id  aimnet_interaction_kcal_mol  desolvation_kcal_mol  local_strain_kcal_mol  aimnet2_composite_kcal_mol  optimization_converged
  12820                   -51.889898             20.516011              10.754824                  -20.619064                    True
  18889                  -160.277931             12.945937              40.685454                 -106.646540                    True
  40995                   -68.955934             10.584714              21.181708                  -37.189512                    True
  42683                   -54.880005             17.340483              13.479281                  -24.060241                    True
  54563                   -45.048394             14.367251              11.406048                  -19.275095                    True
  70489                   -59.914150             17.308942              12.027514                  -30.577694                    True
  77037                  -218.867732             15.510340             110.424949                  -92.932442                    True
  89119                   -69.035958             10.092404              21.835954                  -37.107599                    True
 132016                   -90.404094             18.991684              31.820448                  -39.591962                    True
 142702                   -48.356020             14.072582               9.071859                  -25.211578                    True
