pocket_atoms=544 poses=2000 cuda=True
processed=4/2000
processed=100/2000
processed=200/2000
processed=300/2000
processed=400/2000
processed=500/2000
processed=600/2000
processed=700/2000
processed=800/2000
processed=900/2000
processed=1000/2000
processed=1100/2000
processed=1200/2000
processed=1300/2000
processed=1400/2000
processed=1500/2000
processed=1600/2000
processed=1700/2000
processed=1800/2000
processed=1900/2000
processed=2000/2000
{
  "score_definition": "E_complex - E_pocket - E_ligand; lower is better",
  "n_input_poses": 2000,
  "n_scored_poses": 2000,
  "n_ligands": 20,
  "n_best_poses": 20,
  "pocket_atoms": 544,
  "pocket_formal_charge": 0,
  "elapsed_seconds": 8.661557674407959
}
 mol_id ligand_pdb  pose_index  label  ligunity_rank  ligunity_score  formal_charge  aimnet_complex_eV  aimnet_pocket_eV  aimnet_ligand_eV  aimnet_interaction_kcal_mol error  aimnet_interaction_rank
   4069       2hb1          69      1              4        0.876953             -2     -704781.780291    -606339.889676     -98428.164079                  -316.541444                              1
   2047       2qbq          47      1              2        0.876953             -2     -723235.600557    -606339.889676    -116882.465775                  -305.439414                              2
   5089       2qbr          89      1              5        0.876953             -2     -719933.158065    -606339.889676    -113580.691708                  -290.025162                              3
  11036       3qqs          36      0             11        0.498291             -2     -630674.954125    -606339.889676     -24322.599185                  -287.455812                              4
   1090       2qbp          90      1              1        0.876953             -2     -741675.036947    -606339.889676    -135323.521237                  -268.102700                              5
  17084       2zcq          84      0             17        0.447510              0     -657630.527296    -606339.889676     -51279.572325                  -255.171757                              6
  16080       2zcr          80      0             16        0.447510              0     -659861.277286    -606339.889676     -53511.249555                  -233.789094                              7
   7042       4ciw          42      0              7        0.549316             -1     -628153.243681    -606339.889676     -21804.153250                  -212.174451                              8
  18091       4dld          91      0             18        0.439941             -1     -646755.469543    -606339.889676     -40407.198719                  -193.273861                              9
  19077       3gbb          77      0             19        0.439941             -1     -631776.020197    -606339.889676     -25427.764129                  -192.933588                             10
  15081       4ea2          81      0             15        0.447510              2     -632765.968443    -606339.889676     -26418.146551                  -182.921248                             11
   3057       1bzc          57      1              3        0.876953             -1     -656217.555764    -606339.889676     -49869.951848                  -177.894622                             12
  14081       2zy1          81      0             14        0.447510              0     -645264.209858    -606339.889676     -38917.005039                  -168.691190                             13
   6054       3n86          54      0              6        0.549316             -1     -636967.203549    -606339.889676     -30620.058562                  -167.311443                             14
  20091       1vso          91      0             20        0.439941              0     -644607.714724    -606339.889676     -38261.138995                  -154.184043                             15
  10087       3n7a          87      0             10        0.534180             -1     -623979.230951    -606339.889676     -17632.861302                  -149.431734                             16
  12090       3twp          90      0             12        0.498291             -1     -619821.819615    -606339.889676     -13475.537160                  -147.420978                             17
   8039       2xb8          39      0              8        0.549316             -1     -636486.272513    -606339.889676     -30140.578813                  -133.843964                             18
   9086       3n76          86      0              9        0.540527             -1     -635481.400542    -606339.889676     -29135.930003                  -128.697769                             19
  13056       3acw          56      0             13        0.447510              1     -629925.108509    -606339.889676     -23580.982129                   -97.700727                             20
