pocket_atoms=599 poses=2000 cuda=True
processed=4/2000
processed=100/2000
processed=200/2000
processed=300/2000
processed=400/2000
processed=500/2000
processed=600/2000
processed=700/2000
processed=800/2000
processed=900/2000
processed=1000/2000
processed=1100/2000
processed=1200/2000
processed=1300/2000
processed=1400/2000
processed=1500/2000
processed=1600/2000
processed=1700/2000
processed=1800/2000
processed=1900/2000
processed=2000/2000
{
  "score_definition": "E_complex - E_pocket - E_ligand; lower is better",
  "n_input_poses": 2000,
  "n_scored_poses": 2000,
  "n_ligands": 20,
  "n_best_poses": 20,
  "pocket_atoms": 599,
  "pocket_formal_charge": 0,
  "elapsed_seconds": 10.059988498687744
}
 mol_id ligand_pdb  pose_index  label  ligunity_rank  ligunity_score  formal_charge  aimnet_complex_eV  aimnet_pocket_eV  aimnet_ligand_eV  aimnet_interaction_kcal_mol error  aimnet_interaction_rank
   2013       3arp          13      1              2        0.335938              0     -763313.685912    -725629.482821     -37667.548997                  -384.052521                              1
  17003       3wtj           3      0             17        0.165283              0     -765462.343184    -725629.482821     -39821.535852                  -261.149429                              2
   5014       3arv          14      1              5        0.335938              0     -756275.999913    -725629.482821     -30635.470975                  -254.729492                              3
   3083       3ary          83      1              3        0.335938              0     -755570.286462    -725629.482821     -29930.138477                  -245.944512                              4
  14077       3uev          77      0             14        0.168945             -1     -744681.137136    -725629.482821     -19041.080621                  -243.835174                              5
  13011       3nq9          11      0             13        0.168945             -1     -738270.204884    -725629.482821     -12630.842645                  -227.824780                              6
  11059       3uew          59      0             11        0.168945             -1     -746823.666596    -725629.482821     -21184.627025                  -220.383879                              7
   9032       3b65          32      0              9        0.187866              0     -763237.803480    -725629.482821     -37598.808925                  -219.345771                              8
  15096       3uex          96      0             15        0.168945             -1     -748961.599856    -725629.482821     -23322.802474                  -214.798875                              9
  12087       3ueu          87      0             12        0.168945             -1     -742545.371481    -725629.482821     -16906.977648                  -205.492817                             10
  18043       3u8n          43      0             18        0.165283              1     -814959.833168    -725629.482821     -89321.633203                  -201.022095                             11
  20065       4qac          65      0             20        0.165283              0     -757673.393392    -725629.482821     -32035.272941                  -199.188481                             12
   1088       3g0w          88      0              1        0.529297              0     -770623.395176    -725629.482821     -44986.942891                  -160.719634                             13
   7003       1z95           3      0              7        0.187866              0     -777379.762639    -725629.482821     -51743.626707                  -153.424373                             14
  16003       3zdg           3      0             16        0.165283              1     -742370.974188    -725629.482821     -16735.862361                  -129.807963                             15
  10004       3b5r           4      0             10        0.187866              0     -777004.532706    -725629.482821     -51369.440432                  -129.357038                             16
   4008       3aru           8      1              4        0.335938              0     -751499.096334    -725629.482821     -25864.096912                  -127.215827                             17
  19024       3u8k          24      0             19        0.165283              1     -744905.806916    -725629.482821     -19270.865206                  -125.884957                             18
   8036       3b68          36      0              8        0.187866              0     -770508.040517    -725629.482821     -44874.843834                   -85.643667                             19
   6022       3arq          22      1              6        0.335938              1     -772930.156875    -725629.482821     -47300.767279                     2.149836                             20
