Bound geometry uses fixed-pocket gas FIRE. Legacy CPCM bound-refinement options are ignored.
/home/xianyang/miniconda3/envs/t3-aimnet/lib/python3.11/site-packages/aimnet/models/base.py:85: UserWarning: 'torch.load' received a zip file that looks like a TorchScript archive dispatching to 'torch.jit.load' (call 'torch.jit.load' directly to silence this warning)
  data = torch.load(path, map_location=device, weights_only=True)
/home/xianyang/miniconda3/envs/t3-aimnet/lib/python3.11/site-packages/torch/jit/_serialization.py:176: FutureWarning: `torch.jit.load` is deprecated. Please switch to `torch.export`.
  warnings.warn(
/home/xianyang/miniconda3/envs/t3-aimnet/lib/python3.11/site-packages/torch/jit/_serialization.py:176: FutureWarning: `torch.jit.load` is deprecated. Please switch to `torch.export`.
  warnings.warn(
1/10 mol_id=2037 Eint=-50.105 desolv=17.400 strain=29.474 score=-3.231 steps=1000 converged=False
2/10 mol_id=10005 Eint=-61.699 desolv=12.944 strain=24.365 score=-24.390 steps=732 converged=True
3/10 mol_id=14800 Eint=-154.406 desolv=19.626 strain=77.948 score=-56.832 steps=729 converged=True
4/10 mol_id=21300 Eint=-123.122 desolv=23.726 strain=70.753 score=-28.643 steps=777 converged=True
5/10 mol_id=32544 Eint=-167.997 desolv=20.899 strain=80.378 score=-66.721 steps=529 converged=True
6/10 mol_id=34941 Eint=-73.489 desolv=11.492 strain=29.742 score=-32.254 steps=882 converged=True
7/10 mol_id=55190 Eint=-48.232 desolv=20.215 strain=20.292 score=-7.726 steps=473 converged=True
8/10 mol_id=118817 Eint=-64.256 desolv=13.956 strain=27.997 score=-22.303 steps=694 converged=True
9/10 mol_id=128356 Eint=-124.433 desolv=24.467 strain=77.696 score=-22.270 steps=872 converged=True
10/10 mol_id=144515 Eint=-49.275 desolv=17.153 strain=15.981 score=-16.140 steps=680 converged=True
wrote 10 rows to /home/xianyang/aimnet2_score_pipelines/work/fixed-pocket-benchmarks-20260906/t3/L4/Q13094/aimnet2_score.csv in 94.87 s
{
  "scope": "reference reconstruction; not an exact reproduction of the unreleased AIMNet2(Score) workflow",
  "score_definition": "Eint + Edesolv + ELCSE; lower is better",
  "interaction_geometry": "fixed_pocket_gas_minimized_v1",
  "pocket": "/home/xianyang/aimnet2_score_pipelines/work/correction-20260906/t3/L4/Q13094/pocket.pdb",
  "pocket_charge": 0,
  "gas_model": "/home/xianyang/t3-aimnet-models/aimnet2_wb97m_0.jpt",
  "cpcm_model": "/home/xianyang/t3-aimnet-models/wb97m_cpcms_v2_0.jpt",
  "complex_fmax_ev_a": 0.002,
  "complex_max_steps": 1000,
  "n_complex_optimization_converged": 9,
  "minimized_poses": "/home/xianyang/aimnet2_score_pipelines/work/fixed-pocket-benchmarks-20260906/t3/L4/Q13094/aimnet2_score.minimized.sdf",
  "bound_refinement": "gas-phase ligand-in-fixed-pocket FIRE; no isolated bound refinement",
  "n_requested": 10,
  "n_scored": 10,
  "n_errors": 0,
  "n_optimization_converged": 9,
  "elapsed_seconds_this_run": 94.86505288400804,
  "output": "/home/xianyang/aimnet2_score_pipelines/work/fixed-pocket-benchmarks-20260906/t3/L4/Q13094/aimnet2_score.csv"
}
 mol_id  aimnet_interaction_kcal_mol  desolvation_kcal_mol  local_strain_kcal_mol  aimnet2_composite_kcal_mol  optimization_converged
   2037                   -50.105464             17.400141              29.474352                   -3.230971                   False
  10005                   -61.699084             12.944431              24.364572                  -24.390082                    True
  14800                  -154.405843             19.626294              77.947813                  -56.831736                    True
  21300                  -123.121796             23.726006              70.752902                  -28.642888                    True
  32544                  -167.997439             20.899091              80.377810                  -66.720538                    True
  34941                   -73.488960             11.492479              29.742308                  -32.254173                    True
  55190                   -48.232335             20.214808              20.291832                   -7.725695                    True
 118817                   -64.256168             13.956042              27.997053                  -22.303073                    True
 128356                  -124.433339             24.467376              77.696001                  -22.269962                    True
 144515                   -49.274507             17.152912              15.981371                  -16.140223                    True
