pocket_atoms=377 poses=2000 cuda=True
processed=4/2000
processed=100/2000
processed=200/2000
processed=300/2000
processed=400/2000
processed=500/2000
processed=600/2000
processed=700/2000
processed=800/2000
processed=900/2000
processed=1000/2000
processed=1100/2000
processed=1200/2000
processed=1300/2000
processed=1400/2000
processed=1500/2000
processed=1600/2000
processed=1700/2000
processed=1800/2000
processed=1900/2000
processed=2000/2000
{
  "score_definition": "E_complex - E_pocket - E_ligand; lower is better",
  "n_input_poses": 2000,
  "n_scored_poses": 2000,
  "n_ligands": 20,
  "n_best_poses": 20,
  "pocket_atoms": 377,
  "pocket_formal_charge": 0,
  "elapsed_seconds": 5.248043060302734
}
 mol_id ligand_pdb  pose_index  label  ligunity_rank  ligunity_score  formal_charge  aimnet_complex_eV  aimnet_pocket_eV  aimnet_ligand_eV  aimnet_interaction_kcal_mol error  aimnet_interaction_rank
   4007       4gkm           7      1              4        0.804688             -2     -452131.089414     -426717.08921     -25400.122100                  -320.036677                              1
   9018       2hb1          18      0              9        0.703125             -2     -525146.888921     -426717.08921     -98418.185241                  -267.836027                              2
   7001       2qbq           1      0              7        0.703125             -2     -543617.256300     -426717.08921    -116888.886586                  -260.134584                              3
  10011       2qbr          11      0             10        0.703125             -2     -540310.007638     -426717.08921    -113581.879316                  -254.567979                              4
  12010       4ciw          10      0             12        0.653809             -1     -448531.382727     -426717.08921     -21804.144119                  -234.050663                              5
   2039       3qqs          39      1              2        0.813965             -2     -451057.369442     -426717.08921     -24330.237446                  -231.592156                              6
   6091       2qbp          91      0              6        0.703125             -2     -562051.343186     -426717.08921    -135325.273928                  -207.084829                              7
  16016       3gv9          16      0             16        0.480469             -1     -452520.995472     -426717.08921     -25794.934548                  -206.892636                              8
  17074       4jxs          74      0             17        0.480469             -2     -475768.663987     -426717.08921     -49042.947553                  -198.948498                              9
  20040       2r9w          40      0             20        0.480469             -2     -463499.024148     -426717.08921     -36774.906140                  -162.087917                             10
   5026       4owm          26      1              5        0.803223             -1     -442359.760534     -426717.08921     -15635.678261                  -161.263871                             11
  18084       4kz6          84      0             18        0.480469             -1     -455812.723372     -426717.08921     -29088.658032                  -160.873372                             12
   1069       3r88          69      1              1        0.815918             -1     -445889.887778     -426717.08921     -19165.861224                  -159.978943                             13
  14033       3n7a          33      0             14        0.646484             -1     -444354.513700     -426717.08921     -17631.209275                  -143.326247                             14
   3077       3twp          77      1              3        0.813965             -1     -440199.847935     -426717.08921     -13476.622325                  -141.508725                             15
  11023       3n86          23      0             11        0.653809             -1     -457355.587818     -426717.08921     -30632.558196                  -136.989156                             16
   8053       1bzc          53      0              8        0.703125             -1     -476592.833240     -426717.08921     -49870.344997                  -124.504644                             17
  15097       3n76          97      0             15        0.633301             -1     -455858.595836     -426717.08921     -29136.241611                  -121.414118                             18
  13034       2xb8          34      0             13        0.653809             -1     -456858.106204     -426717.08921     -30136.090631                  -113.604618                             19
  19009       3gr2           9      0             19        0.480469              0     -445116.115657     -426717.08921     -18395.588457                   -79.281915                             20
