Bound geometry uses fixed-pocket gas FIRE. Legacy CPCM bound-refinement options are ignored.
/home/xianyang/miniconda3/envs/t3-aimnet/lib/python3.11/site-packages/aimnet/models/base.py:85: UserWarning: 'torch.load' received a zip file that looks like a TorchScript archive dispatching to 'torch.jit.load' (call 'torch.jit.load' directly to silence this warning)
  data = torch.load(path, map_location=device, weights_only=True)
/home/xianyang/miniconda3/envs/t3-aimnet/lib/python3.11/site-packages/torch/jit/_serialization.py:176: FutureWarning: `torch.jit.load` is deprecated. Please switch to `torch.export`.
  warnings.warn(
/home/xianyang/miniconda3/envs/t3-aimnet/lib/python3.11/site-packages/torch/jit/_serialization.py:176: FutureWarning: `torch.jit.load` is deprecated. Please switch to `torch.export`.
  warnings.warn(
1/10 mol_id=2227 Eint=-137.282 desolv=7.280 strain=73.453 score=-56.549 steps=408 converged=True
2/10 mol_id=24100 Eint=-194.157 desolv=13.766 strain=107.276 score=-73.115 steps=462 converged=True
3/10 mol_id=33467 Eint=-101.851 desolv=8.459 strain=58.756 score=-34.636 steps=339 converged=True
4/10 mol_id=67792 Eint=-117.750 desolv=12.986 strain=75.087 score=-29.677 steps=830 converged=True
5/10 mol_id=76063 Eint=-117.379 desolv=9.128 strain=59.905 score=-48.346 steps=404 converged=True
6/10 mol_id=78423 Eint=-129.450 desolv=6.635 strain=86.898 score=-35.916 steps=562 converged=True
7/10 mol_id=96347 Eint=-132.392 desolv=9.486 strain=86.936 score=-35.970 steps=554 converged=True
8/10 mol_id=103500 Eint=-340.345 desolv=30.214 strain=147.094 score=-163.037 steps=791 converged=True
9/10 mol_id=103879 Eint=-124.002 desolv=4.402 strain=61.225 score=-58.375 steps=811 converged=True
10/10 mol_id=122886 Eint=-88.624 desolv=7.056 strain=49.146 score=-32.422 steps=727 converged=True
wrote 10 rows to /home/xianyang/aimnet2_score_pipelines/work/fixed-pocket-benchmarks-20260906/t3/L2/P31645/aimnet2_score.csv in 97.26 s
{
  "scope": "reference reconstruction; not an exact reproduction of the unreleased AIMNet2(Score) workflow",
  "score_definition": "Eint + Edesolv + ELCSE; lower is better",
  "interaction_geometry": "fixed_pocket_gas_minimized_v1",
  "pocket": "/home/xianyang/aimnet2_score_pipelines/work/correction-20260906/t3/L2/P31645/pocket.pdb",
  "pocket_charge": 0,
  "gas_model": "/home/xianyang/t3-aimnet-models/aimnet2_wb97m_0.jpt",
  "cpcm_model": "/home/xianyang/t3-aimnet-models/wb97m_cpcms_v2_0.jpt",
  "complex_fmax_ev_a": 0.002,
  "complex_max_steps": 1000,
  "n_complex_optimization_converged": 9,
  "minimized_poses": "/home/xianyang/aimnet2_score_pipelines/work/fixed-pocket-benchmarks-20260906/t3/L2/P31645/aimnet2_score.minimized.sdf",
  "bound_refinement": "gas-phase ligand-in-fixed-pocket FIRE; no isolated bound refinement",
  "n_requested": 10,
  "n_scored": 10,
  "n_errors": 0,
  "n_optimization_converged": 10,
  "elapsed_seconds_this_run": 97.25865643200086,
  "output": "/home/xianyang/aimnet2_score_pipelines/work/fixed-pocket-benchmarks-20260906/t3/L2/P31645/aimnet2_score.csv"
}
 mol_id  aimnet_interaction_kcal_mol  desolvation_kcal_mol  local_strain_kcal_mol  aimnet2_composite_kcal_mol  optimization_converged
   2227                  -137.282366              7.279589              73.453480                  -56.549297                    True
  24100                  -194.157387             13.765946             107.276131                  -73.115310                    True
  33467                  -101.851318              8.459040              58.756133                  -34.636145                    True
  67792                  -117.750141             12.985888              75.087259                  -29.676994                    True
  76063                  -117.378668              9.127931              59.904701                  -48.346036                    True
  78423                  -129.449510              6.635287              86.898352                  -35.915870                    True
  96347                  -132.391746              9.485731              86.935834                  -35.970181                    True
 103500                  -340.344859             30.214364             147.093821                 -163.036674                    True
 103879                  -124.001692              4.402359              61.224625                  -58.374708                    True
 122886                   -88.624469              7.056446              49.145702                  -32.422321                    True
