Bound geometry uses fixed-pocket gas FIRE. Legacy CPCM bound-refinement options are ignored.
/home/xianyang/miniconda3/envs/t3-aimnet/lib/python3.11/site-packages/aimnet/models/base.py:85: UserWarning: 'torch.load' received a zip file that looks like a TorchScript archive dispatching to 'torch.jit.load' (call 'torch.jit.load' directly to silence this warning)
  data = torch.load(path, map_location=device, weights_only=True)
/home/xianyang/miniconda3/envs/t3-aimnet/lib/python3.11/site-packages/torch/jit/_serialization.py:176: FutureWarning: `torch.jit.load` is deprecated. Please switch to `torch.export`.
  warnings.warn(
/home/xianyang/miniconda3/envs/t3-aimnet/lib/python3.11/site-packages/torch/jit/_serialization.py:176: FutureWarning: `torch.jit.load` is deprecated. Please switch to `torch.export`.
  warnings.warn(
1/10 mol_id=5536 Eint=-77.872 desolv=5.722 strain=56.054 score=-16.097 steps=439 converged=True
2/10 mol_id=12531 Eint=-28.773 desolv=7.329 strain=14.684 score=-6.760 steps=761 converged=True
3/10 mol_id=20829 Eint=-181.686 desolv=5.470 strain=30.104 score=-146.112 steps=117 converged=True
4/10 mol_id=22712 Eint=-113.893 desolv=16.868 strain=53.695 score=-43.331 steps=416 converged=True
5/10 mol_id=37606 Eint=-47.483 desolv=11.898 strain=8.531 score=-27.054 steps=596 converged=True
6/10 mol_id=80793 Eint=-134.526 desolv=12.923 strain=10.831 score=-110.772 steps=458 converged=True
7/10 mol_id=94916 Eint=-109.286 desolv=11.300 strain=15.316 score=-82.670 steps=735 converged=True
8/10 mol_id=121886 Eint=-16.064 desolv=14.195 strain=4.675 score=2.806 steps=261 converged=True
9/10 mol_id=129162 Eint=-252.493 desolv=14.161 strain=92.414 score=-145.918 steps=151 converged=True
10/10 mol_id=129698 Eint=-132.042 desolv=13.308 strain=81.974 score=-36.760 steps=388 converged=True
wrote 10 rows to /home/xianyang/aimnet2_score_pipelines/work/fixed-pocket-benchmarks-20260906/t3/L4/Q6SZW1/aimnet2_score.csv in 84.69 s
{
  "scope": "reference reconstruction; not an exact reproduction of the unreleased AIMNet2(Score) workflow",
  "score_definition": "Eint + Edesolv + ELCSE; lower is better",
  "interaction_geometry": "fixed_pocket_gas_minimized_v1",
  "pocket": "/home/xianyang/aimnet2_score_pipelines/work/correction-20260906/t3/L4/Q6SZW1/pocket.pdb",
  "pocket_charge": 0,
  "gas_model": "/home/xianyang/t3-aimnet-models/aimnet2_wb97m_0.jpt",
  "cpcm_model": "/home/xianyang/t3-aimnet-models/wb97m_cpcms_v2_0.jpt",
  "complex_fmax_ev_a": 0.002,
  "complex_max_steps": 1000,
  "n_complex_optimization_converged": 10,
  "minimized_poses": "/home/xianyang/aimnet2_score_pipelines/work/fixed-pocket-benchmarks-20260906/t3/L4/Q6SZW1/aimnet2_score.minimized.sdf",
  "bound_refinement": "gas-phase ligand-in-fixed-pocket FIRE; no isolated bound refinement",
  "n_requested": 10,
  "n_scored": 10,
  "n_errors": 0,
  "n_optimization_converged": 10,
  "elapsed_seconds_this_run": 84.69035446899943,
  "output": "/home/xianyang/aimnet2_score_pipelines/work/fixed-pocket-benchmarks-20260906/t3/L4/Q6SZW1/aimnet2_score.csv"
}
 mol_id  aimnet_interaction_kcal_mol  desolvation_kcal_mol  local_strain_kcal_mol  aimnet2_composite_kcal_mol  optimization_converged
   5536                   -77.872301              5.721801              56.053883                  -16.096617                    True
  12531                   -28.772591              7.329065              14.683901                   -6.759625                    True
  20829                  -181.686348              5.470192              30.103687                 -146.112468                    True
  22712                  -113.893234             16.867981              53.694709                  -43.330544                    True
  37606                   -47.482895             11.897624               8.531088                  -27.054183                    True
  80793                  -134.525958             12.922741              10.831480                 -110.771737                    True
  94916                  -109.286259             11.300273              15.316430                  -82.669557                    True
 121886                   -16.064044             14.195441               4.674729                    2.806126                    True
 129162                  -252.492852             14.160809              92.413792                 -145.918250                    True
 129698                  -132.041604             13.307837              81.973928                  -36.759838                    True
