Bound geometry uses fixed-pocket gas FIRE. Legacy CPCM bound-refinement options are ignored.
/home/xianyang/miniconda3/envs/t3-aimnet/lib/python3.11/site-packages/aimnet/models/base.py:85: UserWarning: 'torch.load' received a zip file that looks like a TorchScript archive dispatching to 'torch.jit.load' (call 'torch.jit.load' directly to silence this warning)
  data = torch.load(path, map_location=device, weights_only=True)
/home/xianyang/miniconda3/envs/t3-aimnet/lib/python3.11/site-packages/torch/jit/_serialization.py:176: FutureWarning: `torch.jit.load` is deprecated. Please switch to `torch.export`.
  warnings.warn(
/home/xianyang/miniconda3/envs/t3-aimnet/lib/python3.11/site-packages/torch/jit/_serialization.py:176: FutureWarning: `torch.jit.load` is deprecated. Please switch to `torch.export`.
  warnings.warn(
1/20 mol_id=1012 Eint=-227.268 desolv=67.351 strain=59.366 score=-100.551 steps=208 converged=True
2/20 mol_id=2060 Eint=-421.268 desolv=179.143 strain=160.390 score=-81.735 steps=213 converged=True
3/20 mol_id=3027 Eint=-621.412 desolv=50.497 strain=310.734 score=-260.181 steps=178 converged=True
4/20 mol_id=4007 Eint=-914.600 desolv=167.113 strain=427.369 score=-320.118 steps=638 converged=True
5/20 mol_id=5026 Eint=-258.672 desolv=55.408 strain=32.310 score=-170.954 steps=106 converged=True
6/20 mol_id=6041 Eint=-278.637 desolv=136.048 strain=45.908 score=-96.682 steps=607 converged=True
7/20 mol_id=7001 Eint=-630.740 desolv=169.027 strain=234.172 score=-227.541 steps=608 converged=True
8/20 mol_id=8038 Eint=-375.805 desolv=72.055 strain=135.373 score=-168.376 steps=749 converged=True
9/20 mol_id=9018 Eint=-281.366 desolv=174.873 strain=190.324 score=83.832 steps=186 converged=True
10/20 mol_id=10031 Eint=-356.950 desolv=138.304 strain=205.718 score=-12.929 steps=346 converged=True
11/20 mol_id=11023 Eint=-304.705 desolv=63.894 strain=139.645 score=-101.166 steps=263 converged=True
12/20 mol_id=12035 Eint=-82.356 desolv=71.263 strain=27.564 score=16.470 steps=235 converged=True
13/20 mol_id=13008 Eint=-688.195 desolv=65.945 strain=288.708 score=-333.542 steps=279 converged=True
14/20 mol_id=14033 Eint=-429.335 desolv=77.859 strain=142.681 score=-208.795 steps=300 converged=True
15/20 mol_id=15053 Eint=-337.564 desolv=69.379 strain=106.136 score=-162.049 steps=429 converged=True
16/20 mol_id=16016 Eint=-285.968 desolv=58.137 strain=173.183 score=-54.648 steps=216 converged=True
17/20 mol_id=17074 Eint=-784.832 desolv=165.886 strain=326.124 score=-292.822 steps=680 converged=True
18/20 mol_id=18064 Eint=-640.939 desolv=66.818 strain=203.315 score=-370.806 steps=364 converged=True
19/20 mol_id=19009 Eint=-327.280 desolv=12.404 strain=136.378 score=-178.498 steps=395 converged=True
20/20 mol_id=20076 Eint=-1038.621 desolv=156.664 strain=215.292 score=-666.664 steps=769 converged=True
wrote 20 rows to /home/xianyang/aimnet2_score_pipelines/work/fixed-pocket-benchmarks-20260906/casf/3qqs/aimnet2_composite_rerank.csv in 108.88 s
{
  "scope": "reference reconstruction; not an exact reproduction of the unreleased AIMNet2(Score) workflow",
  "score_definition": "Eint + Edesolv + ELCSE; lower is better",
  "interaction_geometry": "fixed_pocket_gas_minimized_v1",
  "pocket": "/home/xianyang/aimnet2_score_pipelines/work/correction-20260906/casf/3qqs/pocket.pdb",
  "pocket_charge": 0,
  "gas_model": "/home/xianyang/t3-aimnet-models/aimnet2_wb97m_0.jpt",
  "cpcm_model": "/home/xianyang/t3-aimnet-models/wb97m_cpcms_v2_0.jpt",
  "complex_fmax_ev_a": 0.002,
  "complex_max_steps": 1000,
  "n_complex_optimization_converged": 20,
  "minimized_poses": "/home/xianyang/aimnet2_score_pipelines/work/fixed-pocket-benchmarks-20260906/casf/3qqs/aimnet2_composite_rerank.minimized.sdf",
  "bound_refinement": "gas-phase ligand-in-fixed-pocket FIRE; no isolated bound refinement",
  "n_requested": 20,
  "n_scored": 20,
  "n_errors": 0,
  "n_optimization_converged": 20,
  "elapsed_seconds_this_run": 108.87929874200199,
  "output": "/home/xianyang/aimnet2_score_pipelines/work/fixed-pocket-benchmarks-20260906/casf/3qqs/aimnet2_composite_rerank.csv",
  "n_actives": 5,
  "n_decoys": 15,
  "ef1_percent": 0.0,
  "ef1_top_n": 1,
  "ef1_actives_in_top_n": 0,
  "auroc": 0.5333333333333333,
  "composite_vs_interaction_spearman": 0.8120300751879698
}
 mol_id  aimnet_interaction_kcal_mol  desolvation_kcal_mol  local_strain_kcal_mol  aimnet2_composite_kcal_mol  optimization_converged
   1012                  -227.267833             67.351293              59.365661                 -100.550880                    True
   2060                  -421.267813            179.143186             160.389521                  -81.735107                    True
   3027                  -621.412062             50.497205             310.734257                 -260.180600                    True
   4007                  -914.600481            167.113482             427.369450                 -320.117549                    True
   5026                  -258.672003             55.407885              32.310224                 -170.953894                    True
   6041                  -278.637497            136.047845              45.907830                  -96.681822                    True
   7001                  -630.740011            169.026731             234.172499                 -227.540781                    True
   8038                  -375.804536             72.054612             135.373484                 -168.376440                    True
   9018                  -281.366160            174.873416             190.324405                   83.831661                    True
  10031                  -356.950478            138.303516             205.718132                  -12.928830                    True
  11023                  -304.704699             63.893610             139.644677                 -101.166413                    True
  12035                   -82.356140             71.262538              27.563868                   16.470267                    True
  13008                  -688.195015             65.945000             288.708424                 -333.541591                    True
  14033                  -429.334741             77.858592             142.681151                 -208.794998                    True
  15053                  -337.563738             69.379298             106.135730                 -162.048711                    True
  16016                  -285.967692             58.136843             173.183315                  -54.647534                    True
  17074                  -784.831799            165.885624             326.124022                 -292.822154                    True
  18064                  -640.939205             66.817663             203.315464                 -370.806077                    True
  19009                  -327.279761             12.403825             136.377910                 -178.498027                    True
  20076                 -1038.620754            156.664430             215.292403                 -666.663921                    True
