Bound geometry uses fixed-pocket gas FIRE. Legacy CPCM bound-refinement options are ignored.
/home/xianyang/miniconda3/envs/t3-aimnet/lib/python3.11/site-packages/aimnet/models/base.py:85: UserWarning: 'torch.load' received a zip file that looks like a TorchScript archive dispatching to 'torch.jit.load' (call 'torch.jit.load' directly to silence this warning)
  data = torch.load(path, map_location=device, weights_only=True)
/home/xianyang/miniconda3/envs/t3-aimnet/lib/python3.11/site-packages/torch/jit/_serialization.py:176: FutureWarning: `torch.jit.load` is deprecated. Please switch to `torch.export`.
  warnings.warn(
/home/xianyang/miniconda3/envs/t3-aimnet/lib/python3.11/site-packages/torch/jit/_serialization.py:176: FutureWarning: `torch.jit.load` is deprecated. Please switch to `torch.export`.
  warnings.warn(
1/10 mol_id=6435 Eint=-214.200 desolv=16.255 strain=59.555 score=-138.389 steps=602 converged=True
2/10 mol_id=11256 Eint=-286.358 desolv=4.576 strain=192.682 score=-89.100 steps=619 converged=True
3/10 mol_id=27411 Eint=-268.144 desolv=25.040 strain=196.805 score=-46.299 steps=545 converged=True
4/10 mol_id=75054 Eint=-156.303 desolv=24.689 strain=77.497 score=-54.117 steps=585 converged=True
5/10 mol_id=75377 Eint=-95.844 desolv=15.529 strain=78.696 score=-1.619 steps=681 converged=True
6/10 mol_id=78121 Eint=-346.035 desolv=40.351 strain=193.787 score=-111.897 steps=499 converged=True
7/10 mol_id=98715 Eint=-145.226 desolv=21.424 strain=107.489 score=-16.313 steps=944 converged=True
8/10 mol_id=110306 Eint=-67.880 desolv=18.926 strain=25.791 score=-23.164 steps=1000 converged=False
9/10 mol_id=113843 Eint=-297.087 desolv=31.170 strain=190.991 score=-74.926 steps=664 converged=True
10/10 mol_id=129105 Eint=-331.020 desolv=23.758 strain=194.840 score=-112.421 steps=495 converged=True
wrote 10 rows to /home/xianyang/aimnet2_score_pipelines/work/fixed-pocket-benchmarks-20260906/t3/L2/Q6P179/aimnet2_score.csv in 97.36 s
{
  "scope": "reference reconstruction; not an exact reproduction of the unreleased AIMNet2(Score) workflow",
  "score_definition": "Eint + Edesolv + ELCSE; lower is better",
  "interaction_geometry": "fixed_pocket_gas_minimized_v1",
  "pocket": "/home/xianyang/aimnet2_score_pipelines/work/correction-20260906/t3/L2/Q6P179/pocket.pdb",
  "pocket_charge": 0,
  "gas_model": "/home/xianyang/t3-aimnet-models/aimnet2_wb97m_0.jpt",
  "cpcm_model": "/home/xianyang/t3-aimnet-models/wb97m_cpcms_v2_0.jpt",
  "complex_fmax_ev_a": 0.002,
  "complex_max_steps": 1000,
  "n_complex_optimization_converged": 10,
  "minimized_poses": "/home/xianyang/aimnet2_score_pipelines/work/fixed-pocket-benchmarks-20260906/t3/L2/Q6P179/aimnet2_score.minimized.sdf",
  "bound_refinement": "gas-phase ligand-in-fixed-pocket FIRE; no isolated bound refinement",
  "n_requested": 10,
  "n_scored": 10,
  "n_errors": 0,
  "n_optimization_converged": 9,
  "elapsed_seconds_this_run": 97.36248011002317,
  "output": "/home/xianyang/aimnet2_score_pipelines/work/fixed-pocket-benchmarks-20260906/t3/L2/Q6P179/aimnet2_score.csv"
}
 mol_id  aimnet_interaction_kcal_mol  desolvation_kcal_mol  local_strain_kcal_mol  aimnet2_composite_kcal_mol  optimization_converged
   6435                  -214.199534             16.255355              59.555477                 -138.388703                    True
  11256                  -286.357785              4.576208             192.682039                  -89.099537                    True
  27411                  -268.144309             25.040118             196.804968                  -46.299223                    True
  75054                  -156.303485             24.689282              77.497282                  -54.116921                    True
  75377                   -95.843898             15.528890              78.696480                   -1.618528                    True
  78121                  -346.035412             40.351172             193.787178                 -111.897061                    True
  98715                  -145.226045             21.424105             107.488942                  -16.312997                    True
 110306                   -67.880330             18.926001              25.790507                  -23.163822                   False
 113843                  -297.086596             31.169949             190.990617                  -74.926029                    True
 129105                  -331.019556             23.757960             194.840256                 -112.421339                    True
