Bound geometry uses fixed-pocket gas FIRE. Legacy CPCM bound-refinement options are ignored.
/home/xianyang/miniconda3/envs/t3-aimnet/lib/python3.11/site-packages/aimnet/models/base.py:85: UserWarning: 'torch.load' received a zip file that looks like a TorchScript archive dispatching to 'torch.jit.load' (call 'torch.jit.load' directly to silence this warning)
  data = torch.load(path, map_location=device, weights_only=True)
/home/xianyang/miniconda3/envs/t3-aimnet/lib/python3.11/site-packages/torch/jit/_serialization.py:176: FutureWarning: `torch.jit.load` is deprecated. Please switch to `torch.export`.
  warnings.warn(
/home/xianyang/miniconda3/envs/t3-aimnet/lib/python3.11/site-packages/torch/jit/_serialization.py:176: FutureWarning: `torch.jit.load` is deprecated. Please switch to `torch.export`.
  warnings.warn(
1/10 mol_id=19366 Eint=-53.945 desolv=24.432 strain=29.765 score=0.252 steps=736 converged=True
2/10 mol_id=24299 Eint=-70.126 desolv=20.487 strain=20.734 score=-28.905 steps=942 converged=True
3/10 mol_id=49258 Eint=-53.746 desolv=21.022 strain=27.313 score=-5.411 steps=938 converged=True
4/10 mol_id=49900 Eint=-66.613 desolv=22.398 strain=22.251 score=-21.964 steps=543 converged=True
5/10 mol_id=52327 Eint=-53.623 desolv=22.752 strain=17.216 score=-13.655 steps=539 converged=True
6/10 mol_id=62496 Eint=-41.399 desolv=15.780 strain=20.100 score=-5.519 steps=915 converged=True
7/10 mol_id=63987 Eint=-46.379 desolv=15.094 strain=26.501 score=-4.784 steps=545 converged=True
8/10 mol_id=91322 Eint=-38.356 desolv=20.766 strain=17.709 score=0.120 steps=632 converged=True
9/10 mol_id=100564 Eint=-52.011 desolv=21.149 strain=18.189 score=-12.672 steps=674 converged=True
10/10 mol_id=123039 Eint=-44.830 desolv=17.171 strain=21.610 score=-6.049 steps=743 converged=True
wrote 10 rows to /home/xianyang/aimnet2_score_pipelines/work/aimnet2025-benchmarks-20260906/t3/L3/P43250/aimnet2_score.csv in 95.39 s
{
  "scope": "reference reconstruction; not an exact reproduction of the unreleased AIMNet2(Score) workflow",
  "score_definition": "Eint + Edesolv + ELCSE; lower is better",
  "interaction_geometry": "fixed_pocket_aimnet2025_minimized_v2",
  "pocket": "/home/xianyang/aimnet2_score_pipelines/work/correction-20260906/t3/L3/P43250/pocket.pdb",
  "pocket_charge": 0,
  "gas_model": "/home/xianyang/t3-aimnet-models/aimnet2_wb97m_0.jpt",
  "interaction_model": "aimnet2-2025",
  "interaction_members": [
    "aimnet2-2025"
  ],
  "cpcm_model": "/home/xianyang/t3-aimnet-models/wb97m_cpcms_v2_0.jpt",
  "complex_fmax_ev_a": 0.002,
  "complex_max_steps": 1000,
  "n_complex_optimization_converged": 10,
  "minimized_poses": "/home/xianyang/aimnet2_score_pipelines/work/aimnet2025-benchmarks-20260906/t3/L3/P43250/aimnet2_score.minimized.sdf",
  "bound_refinement": "AIMNet2(2025) ligand-in-fixed-pocket FIRE; no isolated bound refinement",
  "n_requested": 10,
  "n_scored": 10,
  "n_errors": 0,
  "n_optimization_converged": 10,
  "elapsed_seconds_this_run": 95.39324435801245,
  "output": "/home/xianyang/aimnet2_score_pipelines/work/aimnet2025-benchmarks-20260906/t3/L3/P43250/aimnet2_score.csv"
}
 mol_id  aimnet_interaction_kcal_mol  desolvation_kcal_mol  local_strain_kcal_mol  aimnet2_composite_kcal_mol  optimization_converged
  19366                   -53.944751             24.432331              29.764768                    0.252348                    True
  24299                   -70.125631             20.486877              20.734163                  -28.904591                    True
  49258                   -53.746173             21.022348              27.313207                   -5.410618                    True
  49900                   -66.612947             22.398037              22.250579                  -21.964331                    True
  52327                   -53.622653             22.751803              17.215908                  -13.654942                    True
  62496                   -41.399077             15.779627              20.100215                   -5.519236                    True
  63987                   -46.378628             15.093884              26.501174                   -4.783570                    True
  91322                   -38.355681             20.766127              17.709206                    0.119651                    True
 100564                   -52.010808             21.149196              18.189418                  -12.672194                    True
 123039                   -44.830260             17.171136              21.610081                   -6.049042                    True
