Bound geometry uses fixed-pocket gas FIRE. Legacy CPCM bound-refinement options are ignored.
/home/xianyang/miniconda3/envs/t3-aimnet/lib/python3.11/site-packages/aimnet/models/base.py:85: UserWarning: 'torch.load' received a zip file that looks like a TorchScript archive dispatching to 'torch.jit.load' (call 'torch.jit.load' directly to silence this warning)
  data = torch.load(path, map_location=device, weights_only=True)
/home/xianyang/miniconda3/envs/t3-aimnet/lib/python3.11/site-packages/torch/jit/_serialization.py:176: FutureWarning: `torch.jit.load` is deprecated. Please switch to `torch.export`.
  warnings.warn(
/home/xianyang/miniconda3/envs/t3-aimnet/lib/python3.11/site-packages/torch/jit/_serialization.py:176: FutureWarning: `torch.jit.load` is deprecated. Please switch to `torch.export`.
  warnings.warn(
1/10 mol_id=28596 Eint=-323.809 desolv=77.732 strain=49.838 score=-196.239 steps=461 converged=True
2/10 mol_id=30720 Eint=-120.918 desolv=11.281 strain=37.119 score=-72.518 steps=461 converged=True
3/10 mol_id=52030 Eint=-19.248 desolv=9.509 strain=27.846 score=18.107 steps=601 converged=True
4/10 mol_id=64839 Eint=-67.309 desolv=17.688 strain=31.740 score=-17.880 steps=887 converged=True
5/10 mol_id=76968 Eint=-51.481 desolv=14.049 strain=26.771 score=-10.662 steps=383 converged=True
6/10 mol_id=101735 Eint=-34.383 desolv=6.321 strain=25.217 score=-2.845 steps=450 converged=True
7/10 mol_id=107616 Eint=-53.250 desolv=12.616 strain=33.887 score=-6.747 steps=588 converged=True
8/10 mol_id=138257 Eint=-27.356 desolv=11.558 strain=18.077 score=2.280 steps=373 converged=True
9/10 mol_id=144852 Eint=-5.249 desolv=14.789 strain=21.946 score=31.486 steps=854 converged=True
10/10 mol_id=145084 Eint=-129.025 desolv=18.698 strain=35.227 score=-75.100 steps=557 converged=True
wrote 10 rows to /home/xianyang/aimnet2_score_pipelines/work/fixed-pocket-benchmarks-20260906/t3/L3/P28347/aimnet2_score.csv in 78.49 s
{
  "scope": "reference reconstruction; not an exact reproduction of the unreleased AIMNet2(Score) workflow",
  "score_definition": "Eint + Edesolv + ELCSE; lower is better",
  "interaction_geometry": "fixed_pocket_gas_minimized_v1",
  "pocket": "/home/xianyang/aimnet2_score_pipelines/work/correction-20260906/t3/L3/P28347/pocket.pdb",
  "pocket_charge": 0,
  "gas_model": "/home/xianyang/t3-aimnet-models/aimnet2_wb97m_0.jpt",
  "cpcm_model": "/home/xianyang/t3-aimnet-models/wb97m_cpcms_v2_0.jpt",
  "complex_fmax_ev_a": 0.002,
  "complex_max_steps": 1000,
  "n_complex_optimization_converged": 8,
  "minimized_poses": "/home/xianyang/aimnet2_score_pipelines/work/fixed-pocket-benchmarks-20260906/t3/L3/P28347/aimnet2_score.minimized.sdf",
  "bound_refinement": "gas-phase ligand-in-fixed-pocket FIRE; no isolated bound refinement",
  "n_requested": 10,
  "n_scored": 10,
  "n_errors": 0,
  "n_optimization_converged": 10,
  "elapsed_seconds_this_run": 78.49102476914413,
  "output": "/home/xianyang/aimnet2_score_pipelines/work/fixed-pocket-benchmarks-20260906/t3/L3/P28347/aimnet2_score.csv"
}
 mol_id  aimnet_interaction_kcal_mol  desolvation_kcal_mol  local_strain_kcal_mol  aimnet2_composite_kcal_mol  optimization_converged
  28596                  -323.808978             77.732387              49.838041                 -196.238550                    True
  30720                  -120.918458             11.281164              37.119241                  -72.518053                    True
  52030                   -19.248107              9.509274              27.845832                   18.106999                    True
  64839                   -67.308592             17.688275              31.740017                  -17.880300                    True
  76968                   -51.481053             14.048923              26.770540                  -10.661591                    True
 101735                   -34.383251              6.320639              25.217460                   -2.845151                    True
 107616                   -53.249577             12.615711              33.886691                   -6.747175                    True
 138257                   -27.355614             11.558134              18.076996                    2.279515                    True
 144852                    -5.249380             14.788896              21.946391                   31.485907                    True
 145084                  -129.024718             18.698435              35.226712                  -75.099572                    True
