pocket_atoms=561 poses=2000 cuda=True
processed=4/2000
processed=100/2000
processed=200/2000
processed=300/2000
processed=400/2000
processed=500/2000
processed=600/2000
processed=700/2000
processed=800/2000
processed=900/2000
processed=1000/2000
processed=1100/2000
processed=1200/2000
processed=1300/2000
processed=1400/2000
processed=1500/2000
processed=1600/2000
processed=1700/2000
processed=1800/2000
processed=1900/2000
processed=2000/2000
{
  "score_definition": "E_complex - E_pocket - E_ligand; lower is better",
  "n_input_poses": 2000,
  "n_scored_poses": 2000,
  "n_ligands": 20,
  "n_best_poses": 20,
  "pocket_atoms": 561,
  "pocket_formal_charge": 0,
  "elapsed_seconds": 9.325934410095215
}
 mol_id ligand_pdb  pose_index  label  ligunity_rank  ligunity_score  formal_charge  aimnet_complex_eV  aimnet_pocket_eV  aimnet_ligand_eV  aimnet_interaction_kcal_mol error  aimnet_interaction_rank
  17082       4jia          82      0             17        0.156982              1     -663504.545084    -627188.114689     -36304.575808                  -273.373257                              1
  12074       2v7a          74      1             12        0.227173              1     -669718.246190    -627188.114689     -42519.451311                  -246.291052                              2
  16077       4e6q          77      0             16        0.156982              1     -655723.894559    -627188.114689     -28527.413672                  -192.929106                              3
   5057       4ivd          57      0              5        0.354736              0     -656738.393416    -627188.114689     -29542.807972                  -172.279707                              4
  11001       3jvs           1      0             11        0.308594              0     -664493.176862    -627188.114689     -37297.852275                  -166.264201                              5
   6043       4ivc          43      0              6        0.354736              0     -655666.470719    -627188.114689     -28471.357242                  -161.395890                              6
  13007       4twp           7      0             13        0.227173              0     -669125.249173    -627188.114689     -41930.639364                  -149.781022                              7
  15097       3mss          97      0             15        0.190063              1     -652222.082502    -627188.114689     -25027.518813                  -148.717489                              8
  19080       4gfm          80      0             19        0.156982              0     -671874.022404    -627188.114689     -44679.515438                  -147.409422                              9
   9038       2br1          38      0              9        0.308594              0     -662986.769158    -627188.114689     -35792.602290                  -139.566566                             10
   1034       3pyy          34      0              1        0.454102              0     -658827.744581    -627188.114689     -31633.691306                  -136.947031                             11
  20001       4hge           1      0             20        0.156982              0     -668526.570835    -627188.114689     -41332.617949                  -134.632035                             12
   3052       4e5w          52      0              3        0.354736              1     -660406.763110    -627188.114689     -33212.897207                  -132.626145                             13
   4037       4ivb          37      0              4        0.354736              0     -654614.241113    -627188.114689     -27420.588955                  -127.697082                             14
  18088       4f09          88      0             18        0.156982              1     -649437.535008    -627188.114689     -22243.966799                  -125.761172                             15
   7050       1nvq          50      0              7        0.308594              1     -670787.184110    -627188.114689     -43593.866239                  -119.988219                             16
  10036       3jvr          36      0             10        0.308594              0     -677584.638877    -627188.114689     -50391.703467                  -111.168458                             17
   2023       4k77          23      0              2        0.354736              0     -648931.179912    -627188.114689     -21738.360361                  -108.496679                             18
  14040       3k5v          40      0             14        0.190063              0     -664257.484497    -627188.114689     -37065.009628                  -100.548128                             19
   8070       2brb          70      0              8        0.308594              0     -656750.502401    -627188.114689     -29560.006676                   -54.907986                             20
