Bound geometry uses fixed-pocket gas FIRE. Legacy CPCM bound-refinement options are ignored.
/home/xianyang/miniconda3/envs/t3-aimnet/lib/python3.11/site-packages/aimnet/models/base.py:85: UserWarning: 'torch.load' received a zip file that looks like a TorchScript archive dispatching to 'torch.jit.load' (call 'torch.jit.load' directly to silence this warning)
  data = torch.load(path, map_location=device, weights_only=True)
/home/xianyang/miniconda3/envs/t3-aimnet/lib/python3.11/site-packages/torch/jit/_serialization.py:176: FutureWarning: `torch.jit.load` is deprecated. Please switch to `torch.export`.
  warnings.warn(
/home/xianyang/miniconda3/envs/t3-aimnet/lib/python3.11/site-packages/torch/jit/_serialization.py:176: FutureWarning: `torch.jit.load` is deprecated. Please switch to `torch.export`.
  warnings.warn(
1/10 mol_id=14372 Eint=-101.000 desolv=19.082 strain=59.353 score=-22.564 steps=703 converged=True
2/10 mol_id=14743 Eint=-47.137 desolv=20.116 strain=25.215 score=-1.806 steps=761 converged=True
3/10 mol_id=19893 Eint=-170.389 desolv=26.412 strain=44.758 score=-99.219 steps=478 converged=True
4/10 mol_id=34535 Eint=-59.855 desolv=20.176 strain=15.862 score=-23.816 steps=528 converged=True
5/10 mol_id=47972 Eint=-101.247 desolv=20.082 strain=25.500 score=-55.665 steps=395 converged=True
6/10 mol_id=68862 Eint=-79.666 desolv=14.484 strain=29.232 score=-35.950 steps=570 converged=True
7/10 mol_id=105530 Eint=-160.649 desolv=15.417 strain=62.072 score=-83.159 steps=605 converged=True
8/10 mol_id=106434 Eint=-80.103 desolv=20.371 strain=30.748 score=-28.984 steps=1000 converged=False
9/10 mol_id=124508 Eint=-36.434 desolv=15.792 strain=12.060 score=-8.583 steps=401 converged=True
10/10 mol_id=133999 Eint=-58.381 desolv=19.467 strain=31.806 score=-7.109 steps=435 converged=True
wrote 10 rows to /home/xianyang/aimnet2_score_pipelines/work/fixed-pocket-benchmarks-20260906/t3/L2/P43166/aimnet2_score.csv in 84.60 s
{
  "scope": "reference reconstruction; not an exact reproduction of the unreleased AIMNet2(Score) workflow",
  "score_definition": "Eint + Edesolv + ELCSE; lower is better",
  "interaction_geometry": "fixed_pocket_gas_minimized_v1",
  "pocket": "/home/xianyang/aimnet2_score_pipelines/work/correction-20260906/t3/L2/P43166/pocket.pdb",
  "pocket_charge": 0,
  "gas_model": "/home/xianyang/t3-aimnet-models/aimnet2_wb97m_0.jpt",
  "cpcm_model": "/home/xianyang/t3-aimnet-models/wb97m_cpcms_v2_0.jpt",
  "complex_fmax_ev_a": 0.002,
  "complex_max_steps": 1000,
  "n_complex_optimization_converged": 9,
  "minimized_poses": "/home/xianyang/aimnet2_score_pipelines/work/fixed-pocket-benchmarks-20260906/t3/L2/P43166/aimnet2_score.minimized.sdf",
  "bound_refinement": "gas-phase ligand-in-fixed-pocket FIRE; no isolated bound refinement",
  "n_requested": 10,
  "n_scored": 10,
  "n_errors": 0,
  "n_optimization_converged": 9,
  "elapsed_seconds_this_run": 84.598950200947,
  "output": "/home/xianyang/aimnet2_score_pipelines/work/fixed-pocket-benchmarks-20260906/t3/L2/P43166/aimnet2_score.csv"
}
 mol_id  aimnet_interaction_kcal_mol  desolvation_kcal_mol  local_strain_kcal_mol  aimnet2_composite_kcal_mol  optimization_converged
  14372                  -101.000071             19.082326              59.353412                  -22.564333                    True
  14743                   -47.137033             20.115947              25.215234                   -1.805851                    True
  19893                  -170.388530             26.412015              44.757510                  -99.219005                    True
  34535                   -59.854763             20.176027              15.862320                  -23.816416                    True
  47972                  -101.247026             20.081662              25.500102                  -55.665262                    True
  68862                   -79.666006             14.483706              29.232075                  -35.950224                    True
 105530                  -160.648637             15.417221              62.072096                  -83.159320                    True
 106434                   -80.102580             20.371327              30.747737                  -28.983517                   False
 124508                   -36.434024             15.791594              12.059729                   -8.582702                    True
 133999                   -58.381473             19.467139              31.805505                   -7.108829                    True
