Bound geometry uses fixed-pocket gas FIRE. Legacy CPCM bound-refinement options are ignored.
/home/xianyang/miniconda3/envs/t3-aimnet/lib/python3.11/site-packages/aimnet/models/base.py:85: UserWarning: 'torch.load' received a zip file that looks like a TorchScript archive dispatching to 'torch.jit.load' (call 'torch.jit.load' directly to silence this warning)
  data = torch.load(path, map_location=device, weights_only=True)
/home/xianyang/miniconda3/envs/t3-aimnet/lib/python3.11/site-packages/torch/jit/_serialization.py:176: FutureWarning: `torch.jit.load` is deprecated. Please switch to `torch.export`.
  warnings.warn(
/home/xianyang/miniconda3/envs/t3-aimnet/lib/python3.11/site-packages/torch/jit/_serialization.py:176: FutureWarning: `torch.jit.load` is deprecated. Please switch to `torch.export`.
  warnings.warn(
1/10 mol_id=6252 Eint=-87.528 desolv=17.981 strain=27.942 score=-41.605 steps=465 converged=True
2/10 mol_id=44378 Eint=-77.829 desolv=17.263 strain=12.062 score=-48.504 steps=337 converged=True
3/10 mol_id=47502 Eint=-84.220 desolv=13.600 strain=12.316 score=-58.305 steps=255 converged=True
4/10 mol_id=55811 Eint=-101.216 desolv=12.396 strain=20.597 score=-68.223 steps=444 converged=True
5/10 mol_id=56848 Eint=-81.940 desolv=13.344 strain=13.541 score=-55.054 steps=278 converged=True
6/10 mol_id=71154 Eint=-83.968 desolv=13.150 strain=13.850 score=-56.967 steps=514 converged=True
7/10 mol_id=76654 Eint=-101.316 desolv=13.951 strain=22.443 score=-64.922 steps=343 converged=True
8/10 mol_id=101630 Eint=-99.981 desolv=12.934 strain=19.993 score=-67.054 steps=385 converged=True
9/10 mol_id=110106 Eint=-61.610 desolv=37.422 strain=20.918 score=-3.270 steps=404 converged=True
10/10 mol_id=143720 Eint=-48.496 desolv=34.592 strain=22.527 score=8.623 steps=358 converged=True
wrote 10 rows to /home/xianyang/aimnet2_score_pipelines/work/aimnet2025-benchmarks-20260906/t3/L1/Q86WV6/aimnet2_score.csv in 69.33 s
{
  "scope": "reference reconstruction; not an exact reproduction of the unreleased AIMNet2(Score) workflow",
  "score_definition": "Eint + Edesolv + ELCSE; lower is better",
  "interaction_geometry": "fixed_pocket_aimnet2025_minimized_v2",
  "pocket": "/home/xianyang/aimnet2_score_pipelines/work/correction-20260906/t3/L1/Q86WV6/pocket.pdb",
  "pocket_charge": 0,
  "gas_model": "/home/xianyang/t3-aimnet-models/aimnet2_wb97m_0.jpt",
  "interaction_model": "aimnet2-2025",
  "interaction_members": [
    "aimnet2-2025"
  ],
  "cpcm_model": "/home/xianyang/t3-aimnet-models/wb97m_cpcms_v2_0.jpt",
  "complex_fmax_ev_a": 0.002,
  "complex_max_steps": 1000,
  "n_complex_optimization_converged": 10,
  "minimized_poses": "/home/xianyang/aimnet2_score_pipelines/work/aimnet2025-benchmarks-20260906/t3/L1/Q86WV6/aimnet2_score.minimized.sdf",
  "bound_refinement": "AIMNet2(2025) ligand-in-fixed-pocket FIRE; no isolated bound refinement",
  "n_requested": 10,
  "n_scored": 10,
  "n_errors": 0,
  "n_optimization_converged": 10,
  "elapsed_seconds_this_run": 69.33047656808048,
  "output": "/home/xianyang/aimnet2_score_pipelines/work/aimnet2025-benchmarks-20260906/t3/L1/Q86WV6/aimnet2_score.csv"
}
 mol_id  aimnet_interaction_kcal_mol  desolvation_kcal_mol  local_strain_kcal_mol  aimnet2_composite_kcal_mol  optimization_converged
   6252                   -87.528065             17.980745              27.942420                  -41.604900                    True
  44378                   -77.829141             17.262751              12.061910                  -48.504480                    True
  47502                   -84.220442             13.599698              12.315898                  -58.304846                    True
  55811                  -101.215502             12.395821              20.596820                  -68.222861                    True
  56848                   -81.939526             13.344146              13.541291                  -55.054089                    True
  71154                   -83.967631             13.149964              13.850402                  -56.967265                    True
  76654                  -101.316187             13.951088              22.443205                  -64.921894                    True
 101630                   -99.981085             12.934046              19.993259                  -67.053780                    True
 110106                   -61.609835             37.421745              20.917886                   -3.270205                    True
 143720                   -48.496357             34.592183              22.527012                    8.622839                    True
