Bound geometry uses fixed-pocket gas FIRE. Legacy CPCM bound-refinement options are ignored.
/home/xianyang/miniconda3/envs/t3-aimnet/lib/python3.11/site-packages/aimnet/models/base.py:85: UserWarning: 'torch.load' received a zip file that looks like a TorchScript archive dispatching to 'torch.jit.load' (call 'torch.jit.load' directly to silence this warning)
  data = torch.load(path, map_location=device, weights_only=True)
/home/xianyang/miniconda3/envs/t3-aimnet/lib/python3.11/site-packages/torch/jit/_serialization.py:176: FutureWarning: `torch.jit.load` is deprecated. Please switch to `torch.export`.
  warnings.warn(
/home/xianyang/miniconda3/envs/t3-aimnet/lib/python3.11/site-packages/torch/jit/_serialization.py:176: FutureWarning: `torch.jit.load` is deprecated. Please switch to `torch.export`.
  warnings.warn(
1/10 mol_id=4124 Eint=-215.896 desolv=31.331 strain=19.258 score=-165.307 steps=827 converged=True
2/10 mol_id=12360 Eint=-106.379 desolv=14.048 strain=22.740 score=-69.590 steps=790 converged=True
3/10 mol_id=19284 Eint=-44.047 desolv=7.503 strain=20.286 score=-16.258 steps=566 converged=True
4/10 mol_id=45224 Eint=-35.247 desolv=11.462 strain=18.369 score=-5.416 steps=1000 converged=False
5/10 mol_id=57801 Eint=-41.469 desolv=10.958 strain=16.015 score=-14.496 steps=295 converged=True
6/10 mol_id=67332 Eint=-55.810 desolv=6.381 strain=17.521 score=-31.907 steps=939 converged=True
7/10 mol_id=76146 Eint=-51.372 desolv=10.609 strain=16.464 score=-24.299 steps=730 converged=True
8/10 mol_id=84015 Eint=-34.435 desolv=7.487 strain=14.359 score=-12.589 steps=572 converged=True
9/10 mol_id=107192 Eint=-31.387 desolv=8.872 strain=11.751 score=-10.763 steps=733 converged=True
10/10 mol_id=123336 Eint=-19.292 desolv=9.371 strain=9.179 score=-0.742 steps=402 converged=True
wrote 10 rows to /home/xianyang/aimnet2_score_pipelines/work/aimnet2025-benchmarks-20260906/t3/L3/Q15878/aimnet2_score.csv in 104.55 s
{
  "scope": "reference reconstruction; not an exact reproduction of the unreleased AIMNet2(Score) workflow",
  "score_definition": "Eint + Edesolv + ELCSE; lower is better",
  "interaction_geometry": "fixed_pocket_aimnet2025_minimized_v2",
  "pocket": "/home/xianyang/aimnet2_score_pipelines/work/correction-20260906/t3/L3/Q15878/pocket.pdb",
  "pocket_charge": 0,
  "gas_model": "/home/xianyang/t3-aimnet-models/aimnet2_wb97m_0.jpt",
  "interaction_model": "aimnet2-2025",
  "interaction_members": [
    "aimnet2-2025"
  ],
  "cpcm_model": "/home/xianyang/t3-aimnet-models/wb97m_cpcms_v2_0.jpt",
  "complex_fmax_ev_a": 0.002,
  "complex_max_steps": 1000,
  "n_complex_optimization_converged": 8,
  "minimized_poses": "/home/xianyang/aimnet2_score_pipelines/work/aimnet2025-benchmarks-20260906/t3/L3/Q15878/aimnet2_score.minimized.sdf",
  "bound_refinement": "AIMNet2(2025) ligand-in-fixed-pocket FIRE; no isolated bound refinement",
  "n_requested": 10,
  "n_scored": 10,
  "n_errors": 0,
  "n_optimization_converged": 9,
  "elapsed_seconds_this_run": 104.54942821399891,
  "output": "/home/xianyang/aimnet2_score_pipelines/work/aimnet2025-benchmarks-20260906/t3/L3/Q15878/aimnet2_score.csv"
}
 mol_id  aimnet_interaction_kcal_mol  desolvation_kcal_mol  local_strain_kcal_mol  aimnet2_composite_kcal_mol  optimization_converged
   4124                  -215.896104             31.331239              19.258185                 -165.306680                    True
  12360                  -106.378715             14.048226              22.740006                  -69.590484                    True
  19284                   -44.046967              7.502764              20.286225                  -16.257978                    True
  45224                   -35.246932             11.462409              18.368808                   -5.415716                   False
  57801                   -41.468973             10.957503              16.015454                  -14.496016                    True
  67332                   -55.809551              6.381098              17.521344                  -31.907109                    True
  76146                   -51.371641             10.608538              16.464067                  -24.299036                    True
  84015                   -34.434856              7.486851              14.359446                  -12.588559                    True
 107192                   -31.386593              8.872237              11.751319                  -10.763037                    True
 123336                   -19.292057              9.370986               9.179058                   -0.742012                    True
