Bound geometry uses fixed-pocket gas FIRE. Legacy CPCM bound-refinement options are ignored.
/home/xianyang/miniconda3/envs/t3-aimnet/lib/python3.11/site-packages/aimnet/models/base.py:85: UserWarning: 'torch.load' received a zip file that looks like a TorchScript archive dispatching to 'torch.jit.load' (call 'torch.jit.load' directly to silence this warning)
  data = torch.load(path, map_location=device, weights_only=True)
/home/xianyang/miniconda3/envs/t3-aimnet/lib/python3.11/site-packages/torch/jit/_serialization.py:176: FutureWarning: `torch.jit.load` is deprecated. Please switch to `torch.export`.
  warnings.warn(
/home/xianyang/miniconda3/envs/t3-aimnet/lib/python3.11/site-packages/torch/jit/_serialization.py:176: FutureWarning: `torch.jit.load` is deprecated. Please switch to `torch.export`.
  warnings.warn(
1/10 mol_id=20305 Eint=-296.353 desolv=42.770 strain=148.391 score=-105.192 steps=874 converged=True
2/10 mol_id=20766 Eint=-92.187 desolv=18.351 strain=28.540 score=-45.295 steps=652 converged=True
3/10 mol_id=34868 Eint=-86.062 desolv=17.213 strain=21.226 score=-47.624 steps=400 converged=True
4/10 mol_id=48138 Eint=-124.324 desolv=23.744 strain=34.112 score=-66.468 steps=959 converged=True
5/10 mol_id=52582 Eint=-82.843 desolv=26.785 strain=24.850 score=-31.207 steps=677 converged=True
6/10 mol_id=56675 Eint=-56.656 desolv=19.368 strain=16.391 score=-20.896 steps=897 converged=True
7/10 mol_id=60488 Eint=-64.027 desolv=12.369 strain=18.905 score=-32.754 steps=514 converged=True
8/10 mol_id=72398 Eint=-87.815 desolv=61.172 strain=13.832 score=-12.811 steps=527 converged=True
9/10 mol_id=85332 Eint=-82.372 desolv=19.220 strain=24.238 score=-38.913 steps=878 converged=True
10/10 mol_id=93662 Eint=-103.210 desolv=18.134 strain=25.456 score=-59.620 steps=634 converged=True
wrote 10 rows to /home/xianyang/aimnet2_score_pipelines/work/aimnet2025-benchmarks-20260906/t3/L1/P0C6U8/aimnet2_score.csv in 113.40 s
{
  "scope": "reference reconstruction; not an exact reproduction of the unreleased AIMNet2(Score) workflow",
  "score_definition": "Eint + Edesolv + ELCSE; lower is better",
  "interaction_geometry": "fixed_pocket_aimnet2025_minimized_v2",
  "pocket": "/home/xianyang/aimnet2_score_pipelines/work/correction-20260906/t3/L1/P0C6U8/pocket.pdb",
  "pocket_charge": 0,
  "gas_model": "/home/xianyang/t3-aimnet-models/aimnet2_wb97m_0.jpt",
  "interaction_model": "aimnet2-2025",
  "interaction_members": [
    "aimnet2-2025"
  ],
  "cpcm_model": "/home/xianyang/t3-aimnet-models/wb97m_cpcms_v2_0.jpt",
  "complex_fmax_ev_a": 0.002,
  "complex_max_steps": 1000,
  "n_complex_optimization_converged": 7,
  "minimized_poses": "/home/xianyang/aimnet2_score_pipelines/work/aimnet2025-benchmarks-20260906/t3/L1/P0C6U8/aimnet2_score.minimized.sdf",
  "bound_refinement": "AIMNet2(2025) ligand-in-fixed-pocket FIRE; no isolated bound refinement",
  "n_requested": 10,
  "n_scored": 10,
  "n_errors": 0,
  "n_optimization_converged": 10,
  "elapsed_seconds_this_run": 113.39720014412887,
  "output": "/home/xianyang/aimnet2_score_pipelines/work/aimnet2025-benchmarks-20260906/t3/L1/P0C6U8/aimnet2_score.csv"
}
 mol_id  aimnet_interaction_kcal_mol  desolvation_kcal_mol  local_strain_kcal_mol  aimnet2_composite_kcal_mol  optimization_converged
  20305                  -296.352519             42.769629             148.390888                 -105.192001                    True
  20766                   -92.186875             18.351240              28.540307                  -45.295328                    True
  34868                   -86.062493             17.212798              21.225848                  -47.623847                    True
  48138                  -124.323917             23.744275              34.112122                  -66.467520                    True
  52582                   -82.842737             26.785404              24.850088                  -31.207244                    True
  56675                   -56.655665             19.368441              16.391364                  -20.895860                    True
  60488                   -64.027410             12.368988              18.904543                  -32.753878                    True
  72398                   -87.814670             61.171945              13.831542                  -12.811183                    True
  85332                   -82.371659             19.220359              24.238009                  -38.913291                    True
  93662                  -103.210264             18.133946              25.455966                  -59.620352                    True
