Bound geometry uses fixed-pocket gas FIRE. Legacy CPCM bound-refinement options are ignored.
/home/xianyang/miniconda3/envs/t3-aimnet/lib/python3.11/site-packages/aimnet/models/base.py:85: UserWarning: 'torch.load' received a zip file that looks like a TorchScript archive dispatching to 'torch.jit.load' (call 'torch.jit.load' directly to silence this warning)
  data = torch.load(path, map_location=device, weights_only=True)
/home/xianyang/miniconda3/envs/t3-aimnet/lib/python3.11/site-packages/torch/jit/_serialization.py:176: FutureWarning: `torch.jit.load` is deprecated. Please switch to `torch.export`.
  warnings.warn(
/home/xianyang/miniconda3/envs/t3-aimnet/lib/python3.11/site-packages/torch/jit/_serialization.py:176: FutureWarning: `torch.jit.load` is deprecated. Please switch to `torch.export`.
  warnings.warn(
1/10 mol_id=2221 Eint=-88.665 desolv=13.925 strain=16.535 score=-58.205 steps=458 converged=True
2/10 mol_id=24323 Eint=-29.519 desolv=8.506 strain=4.870 score=-16.144 steps=142 converged=True
3/10 mol_id=38593 Eint=-45.948 desolv=5.585 strain=12.792 score=-27.571 steps=407 converged=True
4/10 mol_id=43699 Eint=-88.525 desolv=14.610 strain=14.699 score=-59.216 steps=530 converged=True
5/10 mol_id=53381 Eint=-41.716 desolv=8.748 strain=9.966 score=-23.002 steps=144 converged=True
6/10 mol_id=68311 Eint=-41.587 desolv=11.789 strain=12.630 score=-17.167 steps=326 converged=True
7/10 mol_id=69000 Eint=-28.948 desolv=12.350 strain=5.184 score=-11.414 steps=368 converged=True
8/10 mol_id=103070 Eint=-82.692 desolv=13.387 strain=14.511 score=-54.795 steps=523 converged=True
9/10 mol_id=108874 Eint=-42.189 desolv=10.418 strain=11.197 score=-20.573 steps=437 converged=True
10/10 mol_id=134390 Eint=-107.822 desolv=20.857 strain=16.966 score=-69.999 steps=490 converged=True
wrote 10 rows to /home/xianyang/aimnet2_score_pipelines/work/aimnet2025-benchmarks-20260906/t3/L3/Q62645/aimnet2_score.csv in 64.69 s
{
  "scope": "reference reconstruction; not an exact reproduction of the unreleased AIMNet2(Score) workflow",
  "score_definition": "Eint + Edesolv + ELCSE; lower is better",
  "interaction_geometry": "fixed_pocket_aimnet2025_minimized_v2",
  "pocket": "/home/xianyang/aimnet2_score_pipelines/work/correction-20260906/t3/L3/Q62645/pocket.pdb",
  "pocket_charge": 0,
  "gas_model": "/home/xianyang/t3-aimnet-models/aimnet2_wb97m_0.jpt",
  "interaction_model": "aimnet2-2025",
  "interaction_members": [
    "aimnet2-2025"
  ],
  "cpcm_model": "/home/xianyang/t3-aimnet-models/wb97m_cpcms_v2_0.jpt",
  "complex_fmax_ev_a": 0.002,
  "complex_max_steps": 1000,
  "n_complex_optimization_converged": 10,
  "minimized_poses": "/home/xianyang/aimnet2_score_pipelines/work/aimnet2025-benchmarks-20260906/t3/L3/Q62645/aimnet2_score.minimized.sdf",
  "bound_refinement": "AIMNet2(2025) ligand-in-fixed-pocket FIRE; no isolated bound refinement",
  "n_requested": 10,
  "n_scored": 10,
  "n_errors": 0,
  "n_optimization_converged": 10,
  "elapsed_seconds_this_run": 64.6917614050908,
  "output": "/home/xianyang/aimnet2_score_pipelines/work/aimnet2025-benchmarks-20260906/t3/L3/Q62645/aimnet2_score.csv"
}
 mol_id  aimnet_interaction_kcal_mol  desolvation_kcal_mol  local_strain_kcal_mol  aimnet2_composite_kcal_mol  optimization_converged
   2221                   -88.665248             13.924916              16.535346                  -58.204987                    True
  24323                   -29.519400              8.505774               4.869815                  -16.143811                    True
  38593                   -45.947830              5.584813              12.792026                  -27.570991                    True
  43699                   -88.525240             14.610122              14.699235                  -59.215883                    True
  53381                   -41.715873              8.747804               9.965720                  -23.002349                    True
  68311                   -41.586711             11.789341              12.630449                  -17.166921                    True
  69000                   -28.948072             12.350015               5.183774                  -11.414282                    True
 103070                   -82.692317             13.386612              14.510854                  -54.794852                    True
 108874                   -42.188678             10.418419              11.196858                  -20.573401                    True
 134390                  -107.821764             20.856771              16.965693                  -69.999299                    True
