Bound geometry uses fixed-pocket gas FIRE. Legacy CPCM bound-refinement options are ignored.
/home/xianyang/miniconda3/envs/t3-aimnet/lib/python3.11/site-packages/aimnet/models/base.py:85: UserWarning: 'torch.load' received a zip file that looks like a TorchScript archive dispatching to 'torch.jit.load' (call 'torch.jit.load' directly to silence this warning)
  data = torch.load(path, map_location=device, weights_only=True)
/home/xianyang/miniconda3/envs/t3-aimnet/lib/python3.11/site-packages/torch/jit/_serialization.py:176: FutureWarning: `torch.jit.load` is deprecated. Please switch to `torch.export`.
  warnings.warn(
/home/xianyang/miniconda3/envs/t3-aimnet/lib/python3.11/site-packages/torch/jit/_serialization.py:176: FutureWarning: `torch.jit.load` is deprecated. Please switch to `torch.export`.
  warnings.warn(
1/20 mol_id=1044 Eint=-608.376 desolv=58.002 strain=181.469 score=-368.905 steps=874 converged=True
2/20 mol_id=2051 Eint=-340.365 desolv=69.304 strain=84.047 score=-187.013 steps=112 converged=True
3/20 mol_id=3097 Eint=-1199.067 desolv=79.122 strain=533.622 score=-586.323 steps=811 converged=True
4/20 mol_id=4004 Eint=-1071.062 desolv=91.774 strain=441.086 score=-538.202 steps=637 converged=True
5/20 mol_id=5080 Eint=-630.687 desolv=76.310 strain=221.818 score=-332.559 steps=260 converged=True
6/20 mol_id=6098 Eint=-601.427 desolv=55.027 strain=152.201 score=-394.199 steps=457 converged=True
7/20 mol_id=7099 Eint=-833.416 desolv=56.357 strain=370.559 score=-406.500 steps=650 converged=True
8/20 mol_id=8047 Eint=-488.464 desolv=22.998 strain=207.251 score=-258.215 steps=301 converged=True
9/20 mol_id=9070 Eint=-295.947 desolv=55.792 strain=78.406 score=-161.749 steps=565 converged=True
10/20 mol_id=10006 Eint=-1228.166 desolv=56.165 strain=645.818 score=-526.183 steps=823 converged=True
11/20 mol_id=11098 Eint=-609.387 desolv=6.449 strain=314.428 score=-288.510 steps=1000 converged=False
12/20 mol_id=12014 Eint=-228.230 desolv=11.899 strain=71.290 score=-145.041 steps=402 converged=True
13/20 mol_id=13027 Eint=-1688.770 desolv=113.862 strain=909.307 score=-665.601 steps=782 converged=True
14/20 mol_id=14012 Eint=-842.304 desolv=28.944 strain=365.752 score=-447.608 steps=584 converged=True
15/20 mol_id=15095 Eint=-368.096 desolv=15.115 strain=112.913 score=-240.067 steps=559 converged=True
16/20 mol_id=16095 Eint=-844.516 desolv=54.356 strain=307.810 score=-482.350 steps=873 converged=True
17/20 mol_id=17011 Eint=-776.957 desolv=41.664 strain=237.437 score=-497.856 steps=522 converged=True
18/20 mol_id=18086 Eint=-356.234 desolv=56.171 strain=109.432 score=-190.631 steps=540 converged=True
19/20 mol_id=19004 Eint=-613.545 desolv=43.334 strain=195.243 score=-374.968 steps=998 converged=True
20/20 mol_id=20083 Eint=-469.417 desolv=25.779 strain=163.163 score=-280.475 steps=318 converged=True
wrote 20 rows to /home/xianyang/aimnet2_score_pipelines/work/fixed-pocket-benchmarks-20260906/casf/3coy/aimnet2_composite_rerank.csv in 155.07 s
{
  "scope": "reference reconstruction; not an exact reproduction of the unreleased AIMNet2(Score) workflow",
  "score_definition": "Eint + Edesolv + ELCSE; lower is better",
  "interaction_geometry": "fixed_pocket_gas_minimized_v1",
  "pocket": "/home/xianyang/aimnet2_score_pipelines/work/correction-20260906/casf/3coy/pocket.pdb",
  "pocket_charge": 0,
  "gas_model": "/home/xianyang/t3-aimnet-models/aimnet2_wb97m_0.jpt",
  "cpcm_model": "/home/xianyang/t3-aimnet-models/wb97m_cpcms_v2_0.jpt",
  "complex_fmax_ev_a": 0.002,
  "complex_max_steps": 1000,
  "n_complex_optimization_converged": 20,
  "minimized_poses": "/home/xianyang/aimnet2_score_pipelines/work/fixed-pocket-benchmarks-20260906/casf/3coy/aimnet2_composite_rerank.minimized.sdf",
  "bound_refinement": "gas-phase ligand-in-fixed-pocket FIRE; no isolated bound refinement",
  "n_requested": 20,
  "n_scored": 20,
  "n_errors": 0,
  "n_optimization_converged": 19,
  "elapsed_seconds_this_run": 155.07166526799847,
  "output": "/home/xianyang/aimnet2_score_pipelines/work/fixed-pocket-benchmarks-20260906/casf/3coy/aimnet2_composite_rerank.csv",
  "n_actives": 5,
  "n_decoys": 15,
  "ef1_percent": 0.0,
  "ef1_top_n": 1,
  "ef1_actives_in_top_n": 0,
  "auroc": 0.5866666666666667,
  "composite_vs_interaction_spearman": 0.9624060150375938
}
 mol_id  aimnet_interaction_kcal_mol  desolvation_kcal_mol  local_strain_kcal_mol  aimnet2_composite_kcal_mol  optimization_converged
   1044                  -608.375740             58.002273             181.468725                 -368.904741                    True
   2051                  -340.364606             69.303992              84.047405                 -187.013210                    True
   3097                 -1199.067035             79.122442             533.621766                 -586.322827                    True
   4004                 -1071.062010             91.773832             441.086436                 -538.201742                    True
   5080                  -630.686854             76.309698             221.818027                 -332.559129                    True
   6098                  -601.426927             55.027204             152.200625                 -394.199098                    True
   7099                  -833.416198             56.357037             370.558877                 -406.500284                    True
   8047                  -488.464124             22.998007             207.251435                 -258.214682                    True
   9070                  -295.947139             55.792071              78.406092                 -161.748976                    True
  10006                 -1228.165773             56.164753             645.818471                 -526.182549                    True
  11098                  -609.387047              6.449251             314.427894                 -288.509902                   False
  12014                  -228.230183             11.898739              71.290367                 -145.041078                    True
  13027                 -1688.769775            113.861667             909.306752                 -665.601356                    True
  14012                  -842.303569             28.944089             365.751968                 -447.607512                    True
  15095                  -368.095874             15.115306             112.913100                 -240.067468                    True
  16095                  -844.516065             54.356086             307.810256                 -482.349722                    True
  17011                  -776.957423             41.664411             237.436971                 -497.856041                    True
  18086                  -356.234010             56.170891             109.432180                 -190.630939                    True
  19004                  -613.545033             43.334494             195.242656                 -374.967882                    True
  20083                  -469.416715             25.778802             163.162822                 -280.475091                    True
