pocket_atoms=631 poses=2000 cuda=True
processed=4/2000
processed=100/2000
processed=200/2000
processed=300/2000
processed=400/2000
processed=500/2000
processed=600/2000
processed=700/2000
processed=800/2000
processed=900/2000
processed=1000/2000
processed=1100/2000
processed=1200/2000
processed=1300/2000
processed=1400/2000
processed=1500/2000
processed=1600/2000
processed=1700/2000
processed=1800/2000
processed=1900/2000
processed=2000/2000
{
  "score_definition": "E_complex - E_pocket - E_ligand; lower is better",
  "n_input_poses": 2000,
  "n_scored_poses": 2000,
  "n_ligands": 20,
  "n_best_poses": 20,
  "pocket_atoms": 631,
  "pocket_formal_charge": 0,
  "elapsed_seconds": 12.326180696487427
}
 mol_id ligand_pdb  pose_index  label  ligunity_rank  ligunity_score  formal_charge  aimnet_complex_eV  aimnet_pocket_eV  aimnet_ligand_eV  aimnet_interaction_kcal_mol error  aimnet_interaction_rank
  19025       4agp          25      0             19        0.425293              2     -778072.745733    -736445.341676     -41616.184650                  -258.725683                              1
  12023       3u9q          23      0             12        0.427490             -1     -751210.782389    -736445.341676     -14754.678397                  -248.184908                              2
  18016       4agn          16      0             18        0.425293              2     -771787.953436    -736445.341676     -35332.129531                  -241.725952                              3
  15083       5aba          83      0             15        0.425293              2     -844148.725554    -736445.341676    -107692.929965                  -241.072979                              4
  17039       5a7b          39      0             17        0.425293              2     -772046.944429    -736445.341676     -35591.620546                  -230.195173                              5
  16093       4agq          93      0             16        0.425293              2     -777529.687311    -736445.341676     -41075.552667                  -202.770670                              6
   6031       2v7a          31      0              6        0.612793              1     -778964.695886    -736445.341676     -42510.753316                  -198.341355                              7
  13086       2yfe          86      0             13        0.427490             -1     -766779.155654    -736445.341676     -30325.783424                  -185.188971                              8
   3039       3e93          39      1              3        0.772949              1     -780173.874212    -736445.341676     -43720.508675                  -185.034646                              9
   9035       3mss          35      0              9        0.603027              1     -761480.022570    -736445.341676     -25027.172374                  -173.150584                             10
   5018       4dli          18      1              5        0.772949              0     -760289.698719    -736445.341676     -23836.924653                  -171.394998                             11
   4009       4f9w           9      1              4        0.772949              0     -764466.897686    -736445.341676     -28014.425897                  -164.424313                             12
   1087       3e92          87      1              1        0.772949              0     -767118.347730    -736445.341676     -30666.065317                  -160.057197                             13
  10016       2p4y          16      0             10        0.427490             -1     -801737.636859    -736445.341676     -65285.973822                  -145.774060                             14
   2055       2zb1          55      1              2        0.772949              0     -767115.138557    -736445.341676     -30663.479344                  -145.685861                             15
   7087       4twp          87      0              7        0.612793              0     -778381.740203    -736445.341676     -41930.377685                  -138.843921                             16
   8071       3k5v          71      0              8        0.603027              0     -773515.810049    -736445.341676     -37064.884287                  -128.772098                             17
  11068       3fur          68      0             11        0.427490              0     -828444.259800    -736445.341676     -91993.748645                  -119.211019                             18
  14057       3b1m          57      0             14        0.427490              0     -783782.954226    -736445.341676     -47333.034715                  -105.567398                             19
  20082       3pyy          82      0             20        0.370605              0     -768081.896509    -736445.341676     -31632.649598                   -90.056866                             20
