Bound geometry uses fixed-pocket gas FIRE. Legacy CPCM bound-refinement options are ignored.
/home/xianyang/miniconda3/envs/t3-aimnet/lib/python3.11/site-packages/aimnet/models/base.py:85: UserWarning: 'torch.load' received a zip file that looks like a TorchScript archive dispatching to 'torch.jit.load' (call 'torch.jit.load' directly to silence this warning)
  data = torch.load(path, map_location=device, weights_only=True)
/home/xianyang/miniconda3/envs/t3-aimnet/lib/python3.11/site-packages/torch/jit/_serialization.py:176: FutureWarning: `torch.jit.load` is deprecated. Please switch to `torch.export`.
  warnings.warn(
/home/xianyang/miniconda3/envs/t3-aimnet/lib/python3.11/site-packages/torch/jit/_serialization.py:176: FutureWarning: `torch.jit.load` is deprecated. Please switch to `torch.export`.
  warnings.warn(
1/10 mol_id=13094 Eint=-122.615 desolv=7.008 strain=21.099 score=-94.508 steps=248 converged=True
2/10 mol_id=17304 Eint=-55.785 desolv=10.166 strain=8.104 score=-37.516 steps=290 converged=True
3/10 mol_id=24785 Eint=-103.943 desolv=19.202 strain=21.377 score=-63.365 steps=439 converged=True
4/10 mol_id=29015 Eint=-103.853 desolv=14.049 strain=24.596 score=-65.208 steps=537 converged=True
5/10 mol_id=69855 Eint=-178.895 desolv=23.775 strain=41.193 score=-113.927 steps=922 converged=True
6/10 mol_id=100543 Eint=-37.155 desolv=7.904 strain=2.412 score=-26.839 steps=102 converged=True
7/10 mol_id=110486 Eint=-83.579 desolv=15.537 strain=19.640 score=-48.402 steps=879 converged=True
8/10 mol_id=124206 Eint=-99.652 desolv=14.120 strain=22.263 score=-63.269 steps=440 converged=True
9/10 mol_id=125573 Eint=-121.134 desolv=22.961 strain=26.927 score=-71.247 steps=403 converged=True
10/10 mol_id=137617 Eint=-92.187 desolv=13.105 strain=23.399 score=-55.683 steps=1000 converged=False
wrote 10 rows to /home/xianyang/aimnet2_score_pipelines/work/aimnet2025-benchmarks-20260906/t3/L1/P33981/aimnet2_score.csv in 88.67 s
{
  "scope": "reference reconstruction; not an exact reproduction of the unreleased AIMNet2(Score) workflow",
  "score_definition": "Eint + Edesolv + ELCSE; lower is better",
  "interaction_geometry": "fixed_pocket_aimnet2025_minimized_v2",
  "pocket": "/home/xianyang/aimnet2_score_pipelines/work/correction-20260906/t3/L1/P33981/pocket.pdb",
  "pocket_charge": 0,
  "gas_model": "/home/xianyang/t3-aimnet-models/aimnet2_wb97m_0.jpt",
  "interaction_model": "aimnet2-2025",
  "interaction_members": [
    "aimnet2-2025"
  ],
  "cpcm_model": "/home/xianyang/t3-aimnet-models/wb97m_cpcms_v2_0.jpt",
  "complex_fmax_ev_a": 0.002,
  "complex_max_steps": 1000,
  "n_complex_optimization_converged": 9,
  "minimized_poses": "/home/xianyang/aimnet2_score_pipelines/work/aimnet2025-benchmarks-20260906/t3/L1/P33981/aimnet2_score.minimized.sdf",
  "bound_refinement": "AIMNet2(2025) ligand-in-fixed-pocket FIRE; no isolated bound refinement",
  "n_requested": 10,
  "n_scored": 10,
  "n_errors": 0,
  "n_optimization_converged": 9,
  "elapsed_seconds_this_run": 88.67480282997712,
  "output": "/home/xianyang/aimnet2_score_pipelines/work/aimnet2025-benchmarks-20260906/t3/L1/P33981/aimnet2_score.csv"
}
 mol_id  aimnet_interaction_kcal_mol  desolvation_kcal_mol  local_strain_kcal_mol  aimnet2_composite_kcal_mol  optimization_converged
  13094                  -122.615104              7.008165              21.098670                  -94.508269                    True
  17304                   -55.784789             10.165674               8.103536                  -37.515579                    True
  24785                  -103.943408             19.202080              21.376748                  -63.364581                    True
  29015                  -103.852773             14.049125              24.595922                  -65.207726                    True
  69855                  -178.894544             23.774946              41.192622                 -113.926975                    True
 100543                   -37.155010              7.904414               2.411760                  -26.838837                    True
 110486                   -83.579279             15.537394              19.640308                  -48.401577                    True
 124206                   -99.651652             14.119993              22.262659                  -63.269001                    True
 125573                  -121.134302             22.960667              26.926627                  -71.247008                    True
 137617                   -92.186864             13.105159              23.398690                  -55.683014                   False
