Bound geometry uses fixed-pocket gas FIRE. Legacy CPCM bound-refinement options are ignored.
/home/xianyang/miniconda3/envs/t3-aimnet/lib/python3.11/site-packages/aimnet/models/base.py:85: UserWarning: 'torch.load' received a zip file that looks like a TorchScript archive dispatching to 'torch.jit.load' (call 'torch.jit.load' directly to silence this warning)
  data = torch.load(path, map_location=device, weights_only=True)
/home/xianyang/miniconda3/envs/t3-aimnet/lib/python3.11/site-packages/torch/jit/_serialization.py:176: FutureWarning: `torch.jit.load` is deprecated. Please switch to `torch.export`.
  warnings.warn(
/home/xianyang/miniconda3/envs/t3-aimnet/lib/python3.11/site-packages/torch/jit/_serialization.py:176: FutureWarning: `torch.jit.load` is deprecated. Please switch to `torch.export`.
  warnings.warn(
1/10 mol_id=2227 Eint=-88.677 desolv=4.144 strain=17.748 score=-66.784 steps=402 converged=True
2/10 mol_id=24100 Eint=-216.068 desolv=33.315 strain=82.913 score=-99.840 steps=730 converged=True
3/10 mol_id=33467 Eint=-75.117 desolv=7.107 strain=18.024 score=-49.987 steps=267 converged=True
4/10 mol_id=67792 Eint=-82.601 desolv=8.026 strain=17.156 score=-57.418 steps=772 converged=True
5/10 mol_id=76063 Eint=-74.408 desolv=7.116 strain=12.900 score=-54.393 steps=892 converged=True
6/10 mol_id=78423 Eint=-96.934 desolv=2.456 strain=21.594 score=-72.884 steps=1000 converged=False
7/10 mol_id=96347 Eint=-111.147 desolv=3.166 strain=19.100 score=-88.880 steps=309 converged=True
8/10 mol_id=103500 Eint=-159.056 desolv=20.067 strain=28.245 score=-110.745 steps=746 converged=True
9/10 mol_id=103879 Eint=-96.244 desolv=4.768 strain=12.149 score=-79.327 steps=810 converged=True
10/10 mol_id=122886 Eint=-70.970 desolv=6.424 strain=7.893 score=-56.653 steps=365 converged=True
wrote 10 rows to /home/xianyang/aimnet2_score_pipelines/work/aimnet2025-benchmarks-20260906/t3/L2/P31645/aimnet2_score.csv in 96.17 s
{
  "scope": "reference reconstruction; not an exact reproduction of the unreleased AIMNet2(Score) workflow",
  "score_definition": "Eint + Edesolv + ELCSE; lower is better",
  "interaction_geometry": "fixed_pocket_aimnet2025_minimized_v2",
  "pocket": "/home/xianyang/aimnet2_score_pipelines/work/correction-20260906/t3/L2/P31645/pocket.pdb",
  "pocket_charge": 0,
  "gas_model": "/home/xianyang/t3-aimnet-models/aimnet2_wb97m_0.jpt",
  "interaction_model": "aimnet2-2025",
  "interaction_members": [
    "aimnet2-2025"
  ],
  "cpcm_model": "/home/xianyang/t3-aimnet-models/wb97m_cpcms_v2_0.jpt",
  "complex_fmax_ev_a": 0.002,
  "complex_max_steps": 1000,
  "n_complex_optimization_converged": 8,
  "minimized_poses": "/home/xianyang/aimnet2_score_pipelines/work/aimnet2025-benchmarks-20260906/t3/L2/P31645/aimnet2_score.minimized.sdf",
  "bound_refinement": "AIMNet2(2025) ligand-in-fixed-pocket FIRE; no isolated bound refinement",
  "n_requested": 10,
  "n_scored": 10,
  "n_errors": 0,
  "n_optimization_converged": 9,
  "elapsed_seconds_this_run": 96.16652433597483,
  "output": "/home/xianyang/aimnet2_score_pipelines/work/aimnet2025-benchmarks-20260906/t3/L2/P31645/aimnet2_score.csv"
}
 mol_id  aimnet_interaction_kcal_mol  desolvation_kcal_mol  local_strain_kcal_mol  aimnet2_composite_kcal_mol  optimization_converged
   2227                   -88.676505              4.143965              17.748433                  -66.784107                    True
  24100                  -216.067987             33.314504              82.913119                  -99.840365                    True
  33467                   -75.116950              7.106747              18.023540                  -49.986663                    True
  67792                   -82.600512              8.026407              17.156027                  -57.418078                    True
  76063                   -74.408493              7.115943              12.899640                  -54.392910                    True
  78423                   -96.934310              2.456221              21.593882                  -72.884207                   False
  96347                  -111.146733              3.165938              19.100429                  -88.880367                    True
 103500                  -159.055758             20.066597              28.244525                 -110.744636                    True
 103879                   -96.244331              4.767561              12.149302                  -79.327469                    True
 122886                   -70.970453              6.423907               7.893111                  -56.653435                    True
