Bound geometry uses fixed-pocket gas FIRE. Legacy CPCM bound-refinement options are ignored.
/home/xianyang/miniconda3/envs/t3-aimnet/lib/python3.11/site-packages/aimnet/models/base.py:85: UserWarning: 'torch.load' received a zip file that looks like a TorchScript archive dispatching to 'torch.jit.load' (call 'torch.jit.load' directly to silence this warning)
  data = torch.load(path, map_location=device, weights_only=True)
/home/xianyang/miniconda3/envs/t3-aimnet/lib/python3.11/site-packages/torch/jit/_serialization.py:176: FutureWarning: `torch.jit.load` is deprecated. Please switch to `torch.export`.
  warnings.warn(
/home/xianyang/miniconda3/envs/t3-aimnet/lib/python3.11/site-packages/torch/jit/_serialization.py:176: FutureWarning: `torch.jit.load` is deprecated. Please switch to `torch.export`.
  warnings.warn(
1/10 mol_id=11547 Eint=-203.939 desolv=8.351 strain=72.562 score=-123.027 steps=425 converged=True
2/10 mol_id=16994 Eint=-132.067 desolv=20.106 strain=89.263 score=-22.697 steps=369 converged=True
3/10 mol_id=17170 Eint=-140.078 desolv=14.828 strain=53.716 score=-71.534 steps=278 converged=True
4/10 mol_id=35616 Eint=-90.559 desolv=16.026 strain=25.425 score=-49.108 steps=435 converged=True
5/10 mol_id=48976 Eint=-96.013 desolv=15.872 strain=63.695 score=-16.447 steps=536 converged=True
6/10 mol_id=51207 Eint=-124.716 desolv=17.763 strain=60.082 score=-46.871 steps=503 converged=True
7/10 mol_id=84031 Eint=-171.623 desolv=20.755 strain=81.540 score=-69.329 steps=766 converged=True
8/10 mol_id=99264 Eint=-131.100 desolv=23.593 strain=53.012 score=-54.495 steps=607 converged=True
9/10 mol_id=104627 Eint=-36.154 desolv=13.425 strain=21.168 score=-1.561 steps=568 converged=True
10/10 mol_id=140980 Eint=-120.445 desolv=19.416 strain=64.762 score=-36.267 steps=771 converged=True
wrote 10 rows to /home/xianyang/aimnet2_score_pipelines/work/fixed-pocket-benchmarks-20260906/t3/L2/O95819/aimnet2_score.csv in 72.79 s
{
  "scope": "reference reconstruction; not an exact reproduction of the unreleased AIMNet2(Score) workflow",
  "score_definition": "Eint + Edesolv + ELCSE; lower is better",
  "interaction_geometry": "fixed_pocket_gas_minimized_v1",
  "pocket": "/home/xianyang/aimnet2_score_pipelines/work/correction-20260906/t3/L2/O95819/pocket.pdb",
  "pocket_charge": 0,
  "gas_model": "/home/xianyang/t3-aimnet-models/aimnet2_wb97m_0.jpt",
  "cpcm_model": "/home/xianyang/t3-aimnet-models/wb97m_cpcms_v2_0.jpt",
  "complex_fmax_ev_a": 0.002,
  "complex_max_steps": 1000,
  "n_complex_optimization_converged": 10,
  "minimized_poses": "/home/xianyang/aimnet2_score_pipelines/work/fixed-pocket-benchmarks-20260906/t3/L2/O95819/aimnet2_score.minimized.sdf",
  "bound_refinement": "gas-phase ligand-in-fixed-pocket FIRE; no isolated bound refinement",
  "n_requested": 10,
  "n_scored": 10,
  "n_errors": 0,
  "n_optimization_converged": 10,
  "elapsed_seconds_this_run": 72.79330017399843,
  "output": "/home/xianyang/aimnet2_score_pipelines/work/fixed-pocket-benchmarks-20260906/t3/L2/O95819/aimnet2_score.csv"
}
 mol_id  aimnet_interaction_kcal_mol  desolvation_kcal_mol  local_strain_kcal_mol  aimnet2_composite_kcal_mol  optimization_converged
  11547                  -203.939215              8.350591              72.561514                 -123.027110                    True
  16994                  -132.066558             20.106025              89.263311                  -22.697223                    True
  17170                  -140.077994             14.827761              53.716072                  -71.534161                    True
  35616                   -90.558794             16.026184              25.424646                  -49.107964                    True
  48976                   -96.013478             15.871607              63.694584                  -16.447287                    True
  51207                  -124.715849             17.762543              60.081993                  -46.871313                    True
  84031                  -171.623482             20.754610              81.540239                  -69.328634                    True
  99264                  -131.100343             23.593061              53.011827                  -54.495455                    True
 104627                   -36.154195             13.425481              21.168159                   -1.560556                    True
 140980                  -120.445352             19.416496              64.761864                  -36.266992                    True
