Bound geometry uses fixed-pocket gas FIRE. Legacy CPCM bound-refinement options are ignored.
/home/xianyang/miniconda3/envs/t3-aimnet/lib/python3.11/site-packages/aimnet/models/base.py:85: UserWarning: 'torch.load' received a zip file that looks like a TorchScript archive dispatching to 'torch.jit.load' (call 'torch.jit.load' directly to silence this warning)
  data = torch.load(path, map_location=device, weights_only=True)
/home/xianyang/miniconda3/envs/t3-aimnet/lib/python3.11/site-packages/torch/jit/_serialization.py:176: FutureWarning: `torch.jit.load` is deprecated. Please switch to `torch.export`.
  warnings.warn(
/home/xianyang/miniconda3/envs/t3-aimnet/lib/python3.11/site-packages/torch/jit/_serialization.py:176: FutureWarning: `torch.jit.load` is deprecated. Please switch to `torch.export`.
  warnings.warn(
1/10 mol_id=6175 Eint=-116.723 desolv=21.104 strain=24.036 score=-71.583 steps=566 converged=True
2/10 mol_id=10544 Eint=-109.832 desolv=15.542 strain=34.119 score=-60.171 steps=479 converged=True
3/10 mol_id=19862 Eint=-91.727 desolv=22.053 strain=34.083 score=-35.591 steps=475 converged=True
4/10 mol_id=28224 Eint=-99.824 desolv=11.312 strain=29.176 score=-59.337 steps=591 converged=True
5/10 mol_id=72738 Eint=-127.533 desolv=16.727 strain=43.258 score=-67.547 steps=656 converged=True
6/10 mol_id=73293 Eint=-130.797 desolv=20.122 strain=27.570 score=-83.105 steps=566 converged=True
7/10 mol_id=87012 Eint=-146.785 desolv=18.957 strain=34.931 score=-92.897 steps=483 converged=True
8/10 mol_id=95594 Eint=-104.273 desolv=18.625 strain=30.606 score=-55.043 steps=236 converged=True
9/10 mol_id=100681 Eint=-119.514 desolv=21.712 strain=25.198 score=-72.605 steps=1000 converged=False
10/10 mol_id=136524 Eint=-121.541 desolv=18.184 strain=32.078 score=-71.279 steps=443 converged=True
wrote 10 rows to /home/xianyang/aimnet2_score_pipelines/work/fixed-pocket-benchmarks-20260906/t3/L3/Q9Y6M4/aimnet2_score.csv in 109.88 s
{
  "scope": "reference reconstruction; not an exact reproduction of the unreleased AIMNet2(Score) workflow",
  "score_definition": "Eint + Edesolv + ELCSE; lower is better",
  "interaction_geometry": "fixed_pocket_gas_minimized_v1",
  "pocket": "/home/xianyang/aimnet2_score_pipelines/work/correction-20260906/t3/L3/Q9Y6M4/pocket.pdb",
  "pocket_charge": 0,
  "gas_model": "/home/xianyang/t3-aimnet-models/aimnet2_wb97m_0.jpt",
  "cpcm_model": "/home/xianyang/t3-aimnet-models/wb97m_cpcms_v2_0.jpt",
  "complex_fmax_ev_a": 0.002,
  "complex_max_steps": 1000,
  "n_complex_optimization_converged": 10,
  "minimized_poses": "/home/xianyang/aimnet2_score_pipelines/work/fixed-pocket-benchmarks-20260906/t3/L3/Q9Y6M4/aimnet2_score.minimized.sdf",
  "bound_refinement": "gas-phase ligand-in-fixed-pocket FIRE; no isolated bound refinement",
  "n_requested": 10,
  "n_scored": 10,
  "n_errors": 0,
  "n_optimization_converged": 9,
  "elapsed_seconds_this_run": 109.878796053119,
  "output": "/home/xianyang/aimnet2_score_pipelines/work/fixed-pocket-benchmarks-20260906/t3/L3/Q9Y6M4/aimnet2_score.csv"
}
 mol_id  aimnet_interaction_kcal_mol  desolvation_kcal_mol  local_strain_kcal_mol  aimnet2_composite_kcal_mol  optimization_converged
   6175                  -116.723218             21.104293              24.035935                  -71.582990                    True
  10544                  -109.832049             15.541744              34.119210                  -60.171094                    True
  19862                   -91.727068             22.052717              34.083086                  -35.591266                    True
  28224                   -99.824487             11.311855              29.176107                  -59.336526                    True
  72738                  -127.532738             16.727022              43.258276                  -67.547440                    True
  73293                  -130.797308             20.121832              27.570376                  -83.105099                    True
  87012                  -146.785256             18.957245              34.931268                  -92.896742                    True
  95594                  -104.273066             18.624557              30.605796                  -55.042713                    True
 100681                  -119.513984             21.711618              25.197540                  -72.604826                   False
 136524                  -121.540778             18.183675              32.078225                  -71.278878                    True
