Bound geometry uses fixed-pocket gas FIRE. Legacy CPCM bound-refinement options are ignored.
/home/xianyang/miniconda3/envs/t3-aimnet/lib/python3.11/site-packages/aimnet/models/base.py:85: UserWarning: 'torch.load' received a zip file that looks like a TorchScript archive dispatching to 'torch.jit.load' (call 'torch.jit.load' directly to silence this warning)
  data = torch.load(path, map_location=device, weights_only=True)
/home/xianyang/miniconda3/envs/t3-aimnet/lib/python3.11/site-packages/torch/jit/_serialization.py:176: FutureWarning: `torch.jit.load` is deprecated. Please switch to `torch.export`.
  warnings.warn(
/home/xianyang/miniconda3/envs/t3-aimnet/lib/python3.11/site-packages/torch/jit/_serialization.py:176: FutureWarning: `torch.jit.load` is deprecated. Please switch to `torch.export`.
  warnings.warn(
1/10 mol_id=18571 Eint=-143.191 desolv=16.625 strain=30.585 score=-95.981 steps=694 converged=True
2/10 mol_id=27234 Eint=-58.351 desolv=10.909 strain=45.353 score=-2.089 steps=454 converged=True
3/10 mol_id=29334 Eint=-248.139 desolv=29.802 strain=100.496 score=-117.842 steps=723 converged=True
4/10 mol_id=42051 Eint=-26.880 desolv=11.814 strain=18.987 score=3.920 steps=459 converged=True
5/10 mol_id=43508 Eint=-69.739 desolv=16.511 strain=53.089 score=-0.139 steps=396 converged=True
6/10 mol_id=67143 Eint=-67.226 desolv=6.647 strain=59.267 score=-1.312 steps=804 converged=True
7/10 mol_id=83097 Eint=-82.856 desolv=23.009 strain=61.644 score=1.797 steps=493 converged=True
8/10 mol_id=92479 Eint=-181.678 desolv=21.624 strain=62.984 score=-97.070 steps=352 converged=True
9/10 mol_id=133621 Eint=-147.632 desolv=14.303 strain=52.001 score=-81.328 steps=486 converged=True
10/10 mol_id=143030 Eint=-40.965 desolv=15.790 strain=47.847 score=22.672 steps=570 converged=True
wrote 10 rows to /home/xianyang/aimnet2_score_pipelines/work/fixed-pocket-benchmarks-20260906/t3/L1/Q9UBN7/aimnet2_score.csv in 85.27 s
{
  "scope": "reference reconstruction; not an exact reproduction of the unreleased AIMNet2(Score) workflow",
  "score_definition": "Eint + Edesolv + ELCSE; lower is better",
  "interaction_geometry": "fixed_pocket_gas_minimized_v1",
  "pocket": "/home/xianyang/aimnet2_score_pipelines/work/correction-20260906/t3/L1/Q9UBN7/pocket.pdb",
  "pocket_charge": 0,
  "gas_model": "/home/xianyang/t3-aimnet-models/aimnet2_wb97m_0.jpt",
  "cpcm_model": "/home/xianyang/t3-aimnet-models/wb97m_cpcms_v2_0.jpt",
  "complex_fmax_ev_a": 0.002,
  "complex_max_steps": 1000,
  "n_complex_optimization_converged": 8,
  "minimized_poses": "/home/xianyang/aimnet2_score_pipelines/work/fixed-pocket-benchmarks-20260906/t3/L1/Q9UBN7/aimnet2_score.minimized.sdf",
  "bound_refinement": "gas-phase ligand-in-fixed-pocket FIRE; no isolated bound refinement",
  "n_requested": 10,
  "n_scored": 10,
  "n_errors": 0,
  "n_optimization_converged": 10,
  "elapsed_seconds_this_run": 85.26804418900065,
  "output": "/home/xianyang/aimnet2_score_pipelines/work/fixed-pocket-benchmarks-20260906/t3/L1/Q9UBN7/aimnet2_score.csv"
}
 mol_id  aimnet_interaction_kcal_mol  desolvation_kcal_mol  local_strain_kcal_mol  aimnet2_composite_kcal_mol  optimization_converged
  18571                  -143.190652             16.625190              30.584941                  -95.980521                    True
  27234                   -58.350966             10.909369              45.352637                   -2.088961                    True
  29334                  -248.138740             29.801685             100.495507                 -117.841547                    True
  42051                   -26.880481             11.814016              18.986862                    3.920398                    True
  43508                   -69.739047             16.510640              53.089083                   -0.139324                    True
  67143                   -67.225541              6.646644              59.266559                   -1.312337                    True
  83097                   -82.855683             23.009115              61.643906                    1.797338                    True
  92479                  -181.677986             21.623656              62.984169                  -97.070161                    True
 133621                  -147.631977             14.302511              52.001297                  -81.328170                    True
 143030                   -40.964619             15.790284              47.846550                   22.672216                    True
