Bound geometry uses fixed-pocket gas FIRE. Legacy CPCM bound-refinement options are ignored.
/home/xianyang/miniconda3/envs/t3-aimnet/lib/python3.11/site-packages/aimnet/models/base.py:85: UserWarning: 'torch.load' received a zip file that looks like a TorchScript archive dispatching to 'torch.jit.load' (call 'torch.jit.load' directly to silence this warning)
  data = torch.load(path, map_location=device, weights_only=True)
/home/xianyang/miniconda3/envs/t3-aimnet/lib/python3.11/site-packages/torch/jit/_serialization.py:176: FutureWarning: `torch.jit.load` is deprecated. Please switch to `torch.export`.
  warnings.warn(
/home/xianyang/miniconda3/envs/t3-aimnet/lib/python3.11/site-packages/torch/jit/_serialization.py:176: FutureWarning: `torch.jit.load` is deprecated. Please switch to `torch.export`.
  warnings.warn(
1/20 mol_id=1028 Eint=-326.629 desolv=74.700 strain=82.413 score=-169.517 steps=906 converged=True
2/20 mol_id=2068 Eint=-369.923 desolv=20.903 strain=145.449 score=-203.571 steps=646 converged=True
3/20 mol_id=3024 Eint=-445.795 desolv=10.466 strain=97.854 score=-337.476 steps=293 converged=True
4/20 mol_id=4037 Eint=-392.612 desolv=22.933 strain=173.066 score=-196.613 steps=1000 converged=False
5/20 mol_id=5038 Eint=-192.853 desolv=18.262 strain=39.264 score=-135.326 steps=386 converged=True
6/20 mol_id=6046 Eint=-435.671 desolv=18.417 strain=107.711 score=-309.542 steps=570 converged=True
7/20 mol_id=7089 Eint=-537.628 desolv=20.644 strain=168.438 score=-348.546 steps=433 converged=True
8/20 mol_id=8090 Eint=-821.761 desolv=31.416 strain=374.018 score=-416.328 steps=597 converged=True
9/20 mol_id=9001 Eint=-616.380 desolv=21.211 strain=287.345 score=-307.824 steps=361 converged=True
10/20 mol_id=10068 Eint=-419.379 desolv=13.657 strain=66.135 score=-339.587 steps=647 converged=True
11/20 mol_id=11001 Eint=-144.713 desolv=69.375 strain=10.141 score=-65.197 steps=306 converged=True
12/20 mol_id=12087 Eint=-219.084 desolv=64.775 strain=26.932 score=-127.378 steps=382 converged=True
13/20 mol_id=13046 Eint=-400.776 desolv=67.318 strain=169.801 score=-163.657 steps=562 converged=True
14/20 mol_id=14031 Eint=-421.231 desolv=64.469 strain=193.888 score=-162.873 steps=470 converged=True
15/20 mol_id=15062 Eint=-589.546 desolv=156.045 strain=153.274 score=-280.228 steps=697 converged=True
16/20 mol_id=16084 Eint=-285.044 desolv=10.054 strain=56.200 score=-218.790 steps=132 converged=True
17/20 mol_id=17019 Eint=-532.095 desolv=49.440 strain=178.732 score=-303.922 steps=340 converged=True
18/20 mol_id=18021 Eint=-966.656 desolv=15.261 strain=347.544 score=-603.852 steps=448 converged=True
19/20 mol_id=19091 Eint=-713.215 desolv=70.823 strain=241.621 score=-400.771 steps=555 converged=True
20/20 mol_id=20067 Eint=-489.956 desolv=13.752 strain=118.267 score=-357.937 steps=562 converged=True
wrote 20 rows to /home/xianyang/aimnet2_score_pipelines/work/fixed-pocket-benchmarks-20260906/casf/1nvq/aimnet2_composite_rerank.csv in 162.72 s
{
  "scope": "reference reconstruction; not an exact reproduction of the unreleased AIMNet2(Score) workflow",
  "score_definition": "Eint + Edesolv + ELCSE; lower is better",
  "interaction_geometry": "fixed_pocket_gas_minimized_v1",
  "pocket": "/home/xianyang/aimnet2_score_pipelines/work/correction-20260906/casf/1nvq/pocket.pdb",
  "pocket_charge": 0,
  "gas_model": "/home/xianyang/t3-aimnet-models/aimnet2_wb97m_0.jpt",
  "cpcm_model": "/home/xianyang/t3-aimnet-models/wb97m_cpcms_v2_0.jpt",
  "complex_fmax_ev_a": 0.002,
  "complex_max_steps": 1000,
  "n_complex_optimization_converged": 19,
  "minimized_poses": "/home/xianyang/aimnet2_score_pipelines/work/fixed-pocket-benchmarks-20260906/casf/1nvq/aimnet2_composite_rerank.minimized.sdf",
  "bound_refinement": "gas-phase ligand-in-fixed-pocket FIRE; no isolated bound refinement",
  "n_requested": 20,
  "n_scored": 20,
  "n_errors": 0,
  "n_optimization_converged": 19,
  "elapsed_seconds_this_run": 162.7224427459987,
  "output": "/home/xianyang/aimnet2_score_pipelines/work/fixed-pocket-benchmarks-20260906/casf/1nvq/aimnet2_composite_rerank.csv",
  "n_actives": 1,
  "n_decoys": 19,
  "ef1_percent": 0.0,
  "ef1_top_n": 1,
  "ef1_actives_in_top_n": 0,
  "auroc": 0.3684210526315789,
  "composite_vs_interaction_spearman": 0.8436090225563909
}
 mol_id  aimnet_interaction_kcal_mol  desolvation_kcal_mol  local_strain_kcal_mol  aimnet2_composite_kcal_mol  optimization_converged
   1028                  -326.629180             74.699555              82.412858                 -169.516768                    True
   2068                  -369.923215             20.903280             145.448540                 -203.571395                    True
   3024                  -445.795410             10.465662              97.854190                 -337.475558                    True
   4037                  -392.612209             22.933406             173.065817                 -196.612986                   False
   5038                  -192.852944             18.262282              39.264499                 -135.326163                    True
   6046                  -435.670911             18.417150             107.711369                 -309.542392                    True
   7089                  -537.628218             20.644086             168.437722                 -348.546410                    True
   8090                  -821.761338             31.415810             374.017556                 -416.327972                    True
   9001                  -616.379904             21.210996             287.344518                 -307.824389                    True
  10068                  -419.378870             13.656778              66.134804                 -339.587288                    True
  11001                  -144.713070             69.374896              10.140888                  -65.197286                    True
  12087                  -219.083990             64.774523              26.931681                 -127.377785                    True
  13046                  -400.776192             67.318249             169.801400                 -163.656543                    True
  14031                  -421.230850             64.469467             193.888444                 -162.872939                    True
  15062                  -589.546333            156.045029             153.273799                 -280.227505                    True
  16084                  -285.043829             10.054172              56.199721                 -218.789935                    True
  17019                  -532.094985             49.440289             178.732387                 -303.922309                    True
  18021                  -966.656459             15.260653             347.543589                 -603.852218                    True
  19091                  -713.215443             70.822962             241.621020                 -400.771461                    True
  20067                  -489.955671             13.752435             118.266524                 -357.936713                    True
