Bound geometry uses fixed-pocket gas FIRE. Legacy CPCM bound-refinement options are ignored.
/home/xianyang/miniconda3/envs/t3-aimnet/lib/python3.11/site-packages/aimnet/models/base.py:85: UserWarning: 'torch.load' received a zip file that looks like a TorchScript archive dispatching to 'torch.jit.load' (call 'torch.jit.load' directly to silence this warning)
  data = torch.load(path, map_location=device, weights_only=True)
/home/xianyang/miniconda3/envs/t3-aimnet/lib/python3.11/site-packages/torch/jit/_serialization.py:176: FutureWarning: `torch.jit.load` is deprecated. Please switch to `torch.export`.
  warnings.warn(
/home/xianyang/miniconda3/envs/t3-aimnet/lib/python3.11/site-packages/torch/jit/_serialization.py:176: FutureWarning: `torch.jit.load` is deprecated. Please switch to `torch.export`.
  warnings.warn(
1/10 mol_id=409 Eint=-163.021 desolv=15.287 strain=53.931 score=-93.803 steps=397 converged=True
2/10 mol_id=31043 Eint=-106.315 desolv=25.949 strain=17.798 score=-62.568 steps=491 converged=True
3/10 mol_id=47947 Eint=-54.657 desolv=15.077 strain=15.032 score=-24.548 steps=597 converged=True
4/10 mol_id=62797 Eint=-37.184 desolv=22.848 strain=15.656 score=1.320 steps=826 converged=True
5/10 mol_id=67279 Eint=-107.866 desolv=19.583 strain=27.490 score=-60.793 steps=729 converged=True
6/10 mol_id=81133 Eint=-42.081 desolv=23.040 strain=12.585 score=-6.455 steps=533 converged=True
7/10 mol_id=90721 Eint=-94.631 desolv=19.357 strain=15.606 score=-59.668 steps=756 converged=True
8/10 mol_id=98140 Eint=-76.154 desolv=16.067 strain=15.028 score=-45.058 steps=1000 converged=False
9/10 mol_id=104039 Eint=-105.616 desolv=17.391 strain=21.194 score=-67.031 steps=525 converged=True
10/10 mol_id=136645 Eint=-88.978 desolv=17.183 strain=19.754 score=-52.041 steps=512 converged=True
wrote 10 rows to /home/xianyang/aimnet2_score_pipelines/work/aimnet2025-benchmarks-20260906/t3/L2/Q13822/aimnet2_score.csv in 112.32 s
{
  "scope": "reference reconstruction; not an exact reproduction of the unreleased AIMNet2(Score) workflow",
  "score_definition": "Eint + Edesolv + ELCSE; lower is better",
  "interaction_geometry": "fixed_pocket_aimnet2025_minimized_v2",
  "pocket": "/home/xianyang/aimnet2_score_pipelines/work/correction-20260906/t3/L2/Q13822/pocket.pdb",
  "pocket_charge": 0,
  "gas_model": "/home/xianyang/t3-aimnet-models/aimnet2_wb97m_0.jpt",
  "interaction_model": "aimnet2-2025",
  "interaction_members": [
    "aimnet2-2025"
  ],
  "cpcm_model": "/home/xianyang/t3-aimnet-models/wb97m_cpcms_v2_0.jpt",
  "complex_fmax_ev_a": 0.002,
  "complex_max_steps": 1000,
  "n_complex_optimization_converged": 8,
  "minimized_poses": "/home/xianyang/aimnet2_score_pipelines/work/aimnet2025-benchmarks-20260906/t3/L2/Q13822/aimnet2_score.minimized.sdf",
  "bound_refinement": "AIMNet2(2025) ligand-in-fixed-pocket FIRE; no isolated bound refinement",
  "n_requested": 10,
  "n_scored": 10,
  "n_errors": 0,
  "n_optimization_converged": 9,
  "elapsed_seconds_this_run": 112.31841554190032,
  "output": "/home/xianyang/aimnet2_score_pipelines/work/aimnet2025-benchmarks-20260906/t3/L2/Q13822/aimnet2_score.csv"
}
 mol_id  aimnet_interaction_kcal_mol  desolvation_kcal_mol  local_strain_kcal_mol  aimnet2_composite_kcal_mol  optimization_converged
    409                  -163.021278             15.286992              53.931267                  -93.803019                    True
  31043                  -106.314567             25.948583              17.798378                  -62.567606                    True
  47947                   -54.657003             15.076759              15.032332                  -24.547911                    True
  62797                   -37.183801             22.847918              15.656267                    1.320384                    True
  67279                  -107.865989             19.583078              27.490151                  -60.792759                    True
  81133                   -42.080654             23.040325              12.585418                   -6.454912                    True
  90721                   -94.631094             19.356710              15.606399                  -59.667986                    True
  98140                   -76.153747             16.067001              15.028477                  -45.058269                   False
 104039                  -105.616262             17.391321              21.193815                  -67.031125                    True
 136645                   -88.978317             17.183375              19.754379                  -52.040564                    True
