Bound geometry uses fixed-pocket gas FIRE. Legacy CPCM bound-refinement options are ignored.
/home/xianyang/miniconda3/envs/t3-aimnet/lib/python3.11/site-packages/aimnet/models/base.py:85: UserWarning: 'torch.load' received a zip file that looks like a TorchScript archive dispatching to 'torch.jit.load' (call 'torch.jit.load' directly to silence this warning)
  data = torch.load(path, map_location=device, weights_only=True)
/home/xianyang/miniconda3/envs/t3-aimnet/lib/python3.11/site-packages/torch/jit/_serialization.py:176: FutureWarning: `torch.jit.load` is deprecated. Please switch to `torch.export`.
  warnings.warn(
/home/xianyang/miniconda3/envs/t3-aimnet/lib/python3.11/site-packages/torch/jit/_serialization.py:176: FutureWarning: `torch.jit.load` is deprecated. Please switch to `torch.export`.
  warnings.warn(
1/10 mol_id=17983 Eint=-63.378 desolv=19.145 strain=19.794 score=-24.438 steps=353 converged=True
2/10 mol_id=23451 Eint=-61.996 desolv=9.435 strain=12.170 score=-40.391 steps=225 converged=True
3/10 mol_id=23669 Eint=-46.422 desolv=16.625 strain=15.559 score=-14.238 steps=518 converged=True
4/10 mol_id=34605 Eint=-73.270 desolv=13.244 strain=12.907 score=-47.120 steps=354 converged=True
5/10 mol_id=41758 Eint=-88.583 desolv=16.515 strain=28.448 score=-43.620 steps=436 converged=True
6/10 mol_id=87187 Eint=-89.005 desolv=17.866 strain=16.515 score=-54.624 steps=473 converged=True
7/10 mol_id=92789 Eint=-64.276 desolv=12.305 strain=21.954 score=-30.017 steps=458 converged=True
8/10 mol_id=116220 Eint=-28.704 desolv=21.671 strain=14.750 score=7.717 steps=475 converged=True
9/10 mol_id=116245 Eint=-82.996 desolv=13.992 strain=11.653 score=-57.350 steps=393 converged=True
10/10 mol_id=135356 Eint=-64.742 desolv=16.893 strain=19.565 score=-28.283 steps=205 converged=True
wrote 10 rows to /home/xianyang/aimnet2_score_pipelines/work/aimnet2025-benchmarks-20260906/t3/L2/P31153/aimnet2_score.csv in 70.23 s
{
  "scope": "reference reconstruction; not an exact reproduction of the unreleased AIMNet2(Score) workflow",
  "score_definition": "Eint + Edesolv + ELCSE; lower is better",
  "interaction_geometry": "fixed_pocket_aimnet2025_minimized_v2",
  "pocket": "/home/xianyang/aimnet2_score_pipelines/work/correction-20260906/t3/L2/P31153/pocket.pdb",
  "pocket_charge": 0,
  "gas_model": "/home/xianyang/t3-aimnet-models/aimnet2_wb97m_0.jpt",
  "interaction_model": "aimnet2-2025",
  "interaction_members": [
    "aimnet2-2025"
  ],
  "cpcm_model": "/home/xianyang/t3-aimnet-models/wb97m_cpcms_v2_0.jpt",
  "complex_fmax_ev_a": 0.002,
  "complex_max_steps": 1000,
  "n_complex_optimization_converged": 9,
  "minimized_poses": "/home/xianyang/aimnet2_score_pipelines/work/aimnet2025-benchmarks-20260906/t3/L2/P31153/aimnet2_score.minimized.sdf",
  "bound_refinement": "AIMNet2(2025) ligand-in-fixed-pocket FIRE; no isolated bound refinement",
  "n_requested": 10,
  "n_scored": 10,
  "n_errors": 0,
  "n_optimization_converged": 10,
  "elapsed_seconds_this_run": 70.22684895299972,
  "output": "/home/xianyang/aimnet2_score_pipelines/work/aimnet2025-benchmarks-20260906/t3/L2/P31153/aimnet2_score.csv"
}
 mol_id  aimnet_interaction_kcal_mol  desolvation_kcal_mol  local_strain_kcal_mol  aimnet2_composite_kcal_mol  optimization_converged
  17983                   -63.377520             19.145095              19.794062                  -24.438363                    True
  23451                   -61.995927              9.434735              12.169891                  -40.391301                    True
  23669                   -46.421645             16.624838              15.558701                  -14.238105                    True
  34605                   -73.270172             13.243533              12.906693                  -47.119945                    True
  41758                   -88.582516             16.515035              28.447867                  -43.619615                    True
  87187                   -89.005149             17.865960              16.515068                  -54.624121                    True
  92789                   -64.276467             12.304717              21.954357                  -30.017393                    True
 116220                   -28.704273             21.670958              14.750420                    7.717105                    True
 116245                   -82.995509             13.992186              11.653432                  -57.349891                    True
 135356                   -64.741538             16.893325              19.565387                  -28.282826                    True
