Bound geometry uses fixed-pocket gas FIRE. Legacy CPCM bound-refinement options are ignored.
/home/xianyang/miniconda3/envs/t3-aimnet/lib/python3.11/site-packages/aimnet/models/base.py:85: UserWarning: 'torch.load' received a zip file that looks like a TorchScript archive dispatching to 'torch.jit.load' (call 'torch.jit.load' directly to silence this warning)
  data = torch.load(path, map_location=device, weights_only=True)
/home/xianyang/miniconda3/envs/t3-aimnet/lib/python3.11/site-packages/torch/jit/_serialization.py:176: FutureWarning: `torch.jit.load` is deprecated. Please switch to `torch.export`.
  warnings.warn(
/home/xianyang/miniconda3/envs/t3-aimnet/lib/python3.11/site-packages/torch/jit/_serialization.py:176: FutureWarning: `torch.jit.load` is deprecated. Please switch to `torch.export`.
  warnings.warn(
1/10 mol_id=1856 Eint=-203.533 desolv=7.291 strain=78.872 score=-117.370 steps=415 converged=True
2/10 mol_id=6980 Eint=-90.863 desolv=-0.138 strain=14.034 score=-76.967 steps=451 converged=True
3/10 mol_id=15517 Eint=-157.467 desolv=17.436 strain=44.686 score=-95.345 steps=318 converged=True
4/10 mol_id=23218 Eint=-207.449 desolv=40.204 strain=16.824 score=-150.420 steps=261 converged=True
5/10 mol_id=28425 Eint=-278.788 desolv=41.130 strain=58.720 score=-178.938 steps=489 converged=True
6/10 mol_id=63129 Eint=-229.625 desolv=34.332 strain=72.151 score=-123.143 steps=378 converged=True
7/10 mol_id=82186 Eint=-162.396 desolv=-0.955 strain=61.773 score=-101.578 steps=581 converged=True
8/10 mol_id=89442 Eint=-73.830 desolv=2.394 strain=9.128 score=-62.308 steps=261 converged=True
9/10 mol_id=110926 Eint=-257.887 desolv=36.995 strain=81.466 score=-139.426 steps=745 converged=True
10/10 mol_id=142921 Eint=-76.125 desolv=3.757 strain=8.394 score=-63.974 steps=340 converged=True
wrote 10 rows to /home/xianyang/aimnet2_score_pipelines/work/aimnet2025-benchmarks-20260906/t3/L2/Q13224/aimnet2_score.csv in 97.96 s
{
  "scope": "reference reconstruction; not an exact reproduction of the unreleased AIMNet2(Score) workflow",
  "score_definition": "Eint + Edesolv + ELCSE; lower is better",
  "interaction_geometry": "fixed_pocket_aimnet2025_minimized_v2",
  "pocket": "/home/xianyang/aimnet2_score_pipelines/work/correction-20260906/t3/L2/Q13224/pocket.pdb",
  "pocket_charge": 0,
  "gas_model": "/home/xianyang/t3-aimnet-models/aimnet2_wb97m_0.jpt",
  "interaction_model": "aimnet2-2025",
  "interaction_members": [
    "aimnet2-2025"
  ],
  "cpcm_model": "/home/xianyang/t3-aimnet-models/wb97m_cpcms_v2_0.jpt",
  "complex_fmax_ev_a": 0.002,
  "complex_max_steps": 1000,
  "n_complex_optimization_converged": 7,
  "minimized_poses": "/home/xianyang/aimnet2_score_pipelines/work/aimnet2025-benchmarks-20260906/t3/L2/Q13224/aimnet2_score.minimized.sdf",
  "bound_refinement": "AIMNet2(2025) ligand-in-fixed-pocket FIRE; no isolated bound refinement",
  "n_requested": 10,
  "n_scored": 10,
  "n_errors": 0,
  "n_optimization_converged": 10,
  "elapsed_seconds_this_run": 97.95506444596685,
  "output": "/home/xianyang/aimnet2_score_pipelines/work/aimnet2025-benchmarks-20260906/t3/L2/Q13224/aimnet2_score.csv"
}
 mol_id  aimnet_interaction_kcal_mol  desolvation_kcal_mol  local_strain_kcal_mol  aimnet2_composite_kcal_mol  optimization_converged
   1856                  -203.532876              7.291308              78.871804                 -117.369765                    True
   6980                   -90.862700             -0.137714              14.033894                  -76.966520                    True
  15517                  -157.467324             17.435591              44.686465                  -95.345268                    True
  23218                  -207.448557             40.204074              16.824057                 -150.420426                    True
  28425                  -278.788273             41.130119              58.720441                 -178.937714                    True
  63129                  -229.624741             34.331501              72.150669                 -123.142572                    True
  82186                  -162.395701             -0.955174              61.773018                 -101.577856                    True
  89442                   -73.829777              2.393635               9.128199                  -62.307943                    True
 110926                  -257.886640             36.994551              81.466346                 -139.425744                    True
 142921                   -76.124986              3.757434               8.393592                  -63.973960                    True
