Bound geometry uses fixed-pocket gas FIRE. Legacy CPCM bound-refinement options are ignored.
/home/xianyang/miniconda3/envs/t3-aimnet/lib/python3.11/site-packages/aimnet/models/base.py:85: UserWarning: 'torch.load' received a zip file that looks like a TorchScript archive dispatching to 'torch.jit.load' (call 'torch.jit.load' directly to silence this warning)
  data = torch.load(path, map_location=device, weights_only=True)
/home/xianyang/miniconda3/envs/t3-aimnet/lib/python3.11/site-packages/torch/jit/_serialization.py:176: FutureWarning: `torch.jit.load` is deprecated. Please switch to `torch.export`.
  warnings.warn(
/home/xianyang/miniconda3/envs/t3-aimnet/lib/python3.11/site-packages/torch/jit/_serialization.py:176: FutureWarning: `torch.jit.load` is deprecated. Please switch to `torch.export`.
  warnings.warn(
1/20 mol_id=1089 Eint=-376.584 desolv=66.395 strain=119.187 score=-191.003 steps=236 converged=True
2/20 mol_id=2095 Eint=-239.400 desolv=50.393 strain=52.373 score=-136.634 steps=315 converged=True
3/20 mol_id=3093 Eint=-122.855 desolv=57.529 strain=15.702 score=-49.623 steps=440 converged=True
4/20 mol_id=4085 Eint=-219.461 desolv=66.085 strain=21.964 score=-131.413 steps=140 converged=True
5/20 mol_id=5100 Eint=-253.141 desolv=71.226 strain=50.298 score=-131.617 steps=564 converged=True
6/20 mol_id=6089 Eint=-189.746 desolv=24.289 strain=27.967 score=-137.490 steps=195 converged=True
7/20 mol_id=7040 Eint=-175.773 desolv=77.550 strain=14.333 score=-83.890 steps=283 converged=True
8/20 mol_id=8084 Eint=-302.673 desolv=70.571 strain=63.599 score=-168.503 steps=281 converged=True
9/20 mol_id=9010 Eint=-160.767 desolv=14.189 strain=32.341 score=-114.238 steps=198 converged=True
10/20 mol_id=10084 Eint=-446.885 desolv=54.962 strain=118.506 score=-273.417 steps=402 converged=True
11/20 mol_id=11035 Eint=-505.315 desolv=-5.968 strain=74.671 score=-436.612 steps=1000 converged=False
12/20 mol_id=12067 Eint=-232.539 desolv=20.424 strain=47.139 score=-164.977 steps=376 converged=True
13/20 mol_id=13094 Eint=-294.216 desolv=223.126 strain=20.919 score=-50.171 steps=198 converged=True
14/20 mol_id=14084 Eint=-148.540 desolv=62.109 strain=11.723 score=-74.708 steps=163 converged=True
15/20 mol_id=15089 Eint=-151.703 desolv=19.917 strain=21.068 score=-110.718 steps=176 converged=True
16/20 mol_id=16096 Eint=-221.666 desolv=49.848 strain=33.190 score=-138.628 steps=698 converged=True
17/20 mol_id=17020 Eint=-497.587 desolv=80.834 strain=129.594 score=-287.159 steps=206 converged=True
18/20 mol_id=18064 Eint=-640.381 desolv=72.626 strain=183.886 score=-383.869 steps=236 converged=True
19/20 mol_id=19060 Eint=-643.876 desolv=47.391 strain=262.225 score=-334.259 steps=860 converged=True
20/20 mol_id=20047 Eint=-587.391 desolv=59.543 strain=261.763 score=-266.086 steps=468 converged=True
wrote 20 rows to /home/xianyang/aimnet2_score_pipelines/work/fixed-pocket-benchmarks-20260906/casf/4pcs/aimnet2_composite_rerank.csv in 111.58 s
{
  "scope": "reference reconstruction; not an exact reproduction of the unreleased AIMNet2(Score) workflow",
  "score_definition": "Eint + Edesolv + ELCSE; lower is better",
  "interaction_geometry": "fixed_pocket_gas_minimized_v1",
  "pocket": "/home/xianyang/aimnet2_score_pipelines/work/correction-20260906/casf/4pcs/pocket.pdb",
  "pocket_charge": 0,
  "gas_model": "/home/xianyang/t3-aimnet-models/aimnet2_wb97m_0.jpt",
  "cpcm_model": "/home/xianyang/t3-aimnet-models/wb97m_cpcms_v2_0.jpt",
  "complex_fmax_ev_a": 0.002,
  "complex_max_steps": 1000,
  "n_complex_optimization_converged": 19,
  "minimized_poses": "/home/xianyang/aimnet2_score_pipelines/work/fixed-pocket-benchmarks-20260906/casf/4pcs/aimnet2_composite_rerank.minimized.sdf",
  "bound_refinement": "gas-phase ligand-in-fixed-pocket FIRE; no isolated bound refinement",
  "n_requested": 20,
  "n_scored": 20,
  "n_errors": 0,
  "n_optimization_converged": 19,
  "elapsed_seconds_this_run": 111.57527627499076,
  "output": "/home/xianyang/aimnet2_score_pipelines/work/fixed-pocket-benchmarks-20260906/casf/4pcs/aimnet2_composite_rerank.csv",
  "n_actives": 5,
  "n_decoys": 15,
  "ef1_percent": 0.0,
  "ef1_top_n": 1,
  "ef1_actives_in_top_n": 0,
  "auroc": 0.32,
  "composite_vs_interaction_spearman": 0.8661654135338346
}
 mol_id  aimnet_interaction_kcal_mol  desolvation_kcal_mol  local_strain_kcal_mol  aimnet2_composite_kcal_mol  optimization_converged
   1089                  -376.584153             66.394826             119.186519                 -191.002807                    True
   2095                  -239.399966             50.393133              52.373267                 -136.633566                    True
   3093                  -122.854620             57.529324              15.702453                  -49.622844                    True
   4085                  -219.461362             66.084756              21.963815                 -131.412791                    True
   5100                  -253.141180             71.226152              50.298326                 -131.616703                    True
   6089                  -189.746022             24.289072              27.967252                 -137.489698                    True
   7040                  -175.773382             77.549654              14.333245                  -83.890484                    True
   8084                  -302.673278             70.570917              63.599438                 -168.502923                    True
   9010                  -160.767324             14.188634              32.340706                 -114.237984                    True
  10084                  -446.885075             54.962043             118.505865                 -273.417167                    True
  11035                  -505.314891             -5.967960              74.670739                 -436.612113                   False
  12067                  -232.538983             20.423810              47.138596                 -164.976577                    True
  13094                  -294.215642            223.126267              20.918733                  -50.170642                    True
  14084                  -148.540344             62.108624              11.723295                  -74.708425                    True
  15089                  -151.703222             19.916956              21.067822                 -110.718444                    True
  16096                  -221.666191             49.847754              33.190220                 -138.628216                    True
  17020                  -497.586894             80.833852             129.593542                 -287.159500                    True
  18064                  -640.381080             72.625879             183.886284                 -383.868917                    True
  19060                  -643.876021             47.391286             262.225251                 -334.259484                    True
  20047                  -587.391439             59.542737             261.762597                 -266.086105                    True
