Bound geometry uses fixed-pocket gas FIRE. Legacy CPCM bound-refinement options are ignored.
/home/xianyang/miniconda3/envs/t3-aimnet/lib/python3.11/site-packages/aimnet/models/base.py:85: UserWarning: 'torch.load' received a zip file that looks like a TorchScript archive dispatching to 'torch.jit.load' (call 'torch.jit.load' directly to silence this warning)
  data = torch.load(path, map_location=device, weights_only=True)
/home/xianyang/miniconda3/envs/t3-aimnet/lib/python3.11/site-packages/torch/jit/_serialization.py:176: FutureWarning: `torch.jit.load` is deprecated. Please switch to `torch.export`.
  warnings.warn(
/home/xianyang/miniconda3/envs/t3-aimnet/lib/python3.11/site-packages/torch/jit/_serialization.py:176: FutureWarning: `torch.jit.load` is deprecated. Please switch to `torch.export`.
  warnings.warn(
1/20 mol_id=1079 Eint=-525.771 desolv=69.346 strain=199.214 score=-257.211 steps=410 converged=True
2/20 mol_id=2059 Eint=-489.004 desolv=33.357 strain=218.658 score=-236.988 steps=516 converged=True
3/20 mol_id=3028 Eint=-788.449 desolv=4.012 strain=356.813 score=-427.624 steps=538 converged=True
4/20 mol_id=4004 Eint=-527.618 desolv=21.973 strain=158.667 score=-346.977 steps=589 converged=True
5/20 mol_id=5086 Eint=-190.491 desolv=3.633 strain=38.523 score=-148.336 steps=257 converged=True
6/20 mol_id=6080 Eint=-310.100 desolv=23.073 strain=108.916 score=-178.111 steps=464 converged=True
7/20 mol_id=7095 Eint=-390.706 desolv=17.008 strain=145.478 score=-228.220 steps=327 converged=True
8/20 mol_id=8081 Eint=-596.042 desolv=56.726 strain=225.319 score=-313.997 steps=335 converged=True
9/20 mol_id=9033 Eint=-123.260 desolv=14.355 strain=21.627 score=-87.278 steps=236 converged=True
10/20 mol_id=10094 Eint=-88.742 desolv=22.732 strain=17.213 score=-48.797 steps=171 converged=True
11/20 mol_id=11035 Eint=-660.745 desolv=15.489 strain=217.706 score=-427.551 steps=633 converged=True
12/20 mol_id=12097 Eint=-85.859 desolv=10.890 strain=15.254 score=-59.714 steps=317 converged=True
13/20 mol_id=13054 Eint=-378.088 desolv=9.083 strain=121.973 score=-247.032 steps=251 converged=True
14/20 mol_id=14087 Eint=-152.262 desolv=15.578 strain=40.952 score=-95.733 steps=389 converged=True
15/20 mol_id=15099 Eint=-1005.140 desolv=56.362 strain=404.851 score=-543.928 steps=985 converged=True
16/20 mol_id=16097 Eint=-575.564 desolv=56.002 strain=258.278 score=-261.284 steps=350 converged=True
17/20 mol_id=17032 Eint=-506.765 desolv=13.310 strain=178.450 score=-315.005 steps=561 converged=True
18/20 mol_id=18015 Eint=-393.623 desolv=215.818 strain=105.826 score=-71.980 steps=161 converged=True
19/20 mol_id=19065 Eint=-243.847 desolv=72.456 strain=60.392 score=-111.000 steps=119 converged=True
20/20 mol_id=20088 Eint=-149.757 desolv=20.080 strain=25.367 score=-104.310 steps=218 converged=True
wrote 20 rows to /home/xianyang/aimnet2_score_pipelines/work/fixed-pocket-benchmarks-20260906/casf-single/aimnet2_composite_rerank.csv in 112.05 s
{
  "scope": "reference reconstruction; not an exact reproduction of the unreleased AIMNet2(Score) workflow",
  "score_definition": "Eint + Edesolv + ELCSE; lower is better",
  "interaction_geometry": "fixed_pocket_gas_minimized_v1",
  "pocket": "/home/xianyang/aimnet2_score_pipelines/work/correction-20260906/casf-single/pocket.pdb",
  "pocket_charge": 0,
  "gas_model": "/home/xianyang/t3-aimnet-models/aimnet2_wb97m_0.jpt",
  "cpcm_model": "/home/xianyang/t3-aimnet-models/wb97m_cpcms_v2_0.jpt",
  "complex_fmax_ev_a": 0.002,
  "complex_max_steps": 1000,
  "n_complex_optimization_converged": 20,
  "minimized_poses": "/home/xianyang/aimnet2_score_pipelines/work/fixed-pocket-benchmarks-20260906/casf-single/aimnet2_composite_rerank.minimized.sdf",
  "bound_refinement": "gas-phase ligand-in-fixed-pocket FIRE; no isolated bound refinement",
  "n_requested": 20,
  "n_scored": 20,
  "n_errors": 0,
  "n_optimization_converged": 20,
  "elapsed_seconds_this_run": 112.04794285818934,
  "output": "/home/xianyang/aimnet2_score_pipelines/work/fixed-pocket-benchmarks-20260906/casf-single/aimnet2_composite_rerank.csv",
  "n_actives": 5,
  "n_decoys": 15,
  "ef1_percent": 0.0,
  "ef1_top_n": 1,
  "ef1_actives_in_top_n": 0,
  "auroc": 0.32,
  "composite_vs_interaction_spearman": 0.918796992481203
}
 mol_id  aimnet_interaction_kcal_mol  desolvation_kcal_mol  local_strain_kcal_mol  aimnet2_composite_kcal_mol  optimization_converged
   1079                  -525.770612             69.345686             199.214034                 -257.210892                    True
   2059                  -489.003709             33.357279             218.658371                 -236.988058                    True
   3028                  -788.448960              4.011906             356.813374                 -427.623680                    True
   4004                  -527.617808             21.973453             158.666960                 -346.977395                    True
   5086                  -190.491274              3.632715              38.522955                 -148.335604                    True
   6080                  -310.099560             23.072941             108.915830                 -178.110789                    True
   7095                  -390.705590             17.008202             145.477878                 -228.219510                    True
   8081                  -596.041709             56.726269             225.318657                 -313.996783                    True
   9033                  -123.259731             14.354611              21.626854                  -87.278266                    True
  10094                   -88.741707             22.732049              17.212668                  -48.796989                    True
  11035                  -660.745389             15.488522             217.706192                 -427.550675                    True
  12097                   -85.858924             10.890341              15.254161                  -59.714423                    True
  13054                  -378.087574              9.082800             121.972773                 -247.032001                    True
  14087                  -152.262493             15.577677              40.952047                  -95.732769                    True
  15099                 -1005.140051             56.361634             404.850906                 -543.927511                    True
  16097                  -575.564473             56.002457             258.277523                 -261.284493                    True
  17032                  -506.765148             13.309713             178.450113                 -315.005322                    True
  18015                  -393.623345            215.817505             105.825935                  -71.979905                    True
  19065                  -243.847254             72.455777              60.391697                 -110.999779                    True
  20088                  -149.756899             20.079878              25.367277                 -104.309744                    True
