Bound geometry uses fixed-pocket gas FIRE. Legacy CPCM bound-refinement options are ignored.
/home/xianyang/miniconda3/envs/t3-aimnet/lib/python3.11/site-packages/aimnet/models/base.py:85: UserWarning: 'torch.load' received a zip file that looks like a TorchScript archive dispatching to 'torch.jit.load' (call 'torch.jit.load' directly to silence this warning)
  data = torch.load(path, map_location=device, weights_only=True)
/home/xianyang/miniconda3/envs/t3-aimnet/lib/python3.11/site-packages/torch/jit/_serialization.py:176: FutureWarning: `torch.jit.load` is deprecated. Please switch to `torch.export`.
  warnings.warn(
/home/xianyang/miniconda3/envs/t3-aimnet/lib/python3.11/site-packages/torch/jit/_serialization.py:176: FutureWarning: `torch.jit.load` is deprecated. Please switch to `torch.export`.
  warnings.warn(
1/10 mol_id=14322 Eint=-60.188 desolv=7.799 strain=19.462 score=-32.927 steps=751 converged=True
2/10 mol_id=42511 Eint=-45.704 desolv=5.676 strain=23.861 score=-16.167 steps=655 converged=True
3/10 mol_id=61015 Eint=-46.418 desolv=5.458 strain=22.347 score=-18.613 steps=549 converged=True
4/10 mol_id=66479 Eint=-52.985 desolv=7.028 strain=17.094 score=-28.863 steps=495 converged=True
5/10 mol_id=93624 Eint=-48.954 desolv=5.399 strain=16.174 score=-27.380 steps=475 converged=True
6/10 mol_id=126879 Eint=-121.802 desolv=7.004 strain=42.000 score=-72.798 steps=384 converged=True
7/10 mol_id=129391 Eint=-31.853 desolv=2.090 strain=11.991 score=-17.772 steps=504 converged=True
8/10 mol_id=134891 Eint=-78.445 desolv=9.404 strain=31.168 score=-37.873 steps=942 converged=True
9/10 mol_id=136971 Eint=-59.835 desolv=7.322 strain=28.740 score=-23.772 steps=561 converged=True
10/10 mol_id=144176 Eint=-173.810 desolv=3.135 strain=77.586 score=-93.089 steps=521 converged=True
wrote 10 rows to /home/xianyang/aimnet2_score_pipelines/work/fixed-pocket-benchmarks-20260906/t3/L2/P18825/aimnet2_score.csv in 94.23 s
{
  "scope": "reference reconstruction; not an exact reproduction of the unreleased AIMNet2(Score) workflow",
  "score_definition": "Eint + Edesolv + ELCSE; lower is better",
  "interaction_geometry": "fixed_pocket_gas_minimized_v1",
  "pocket": "/home/xianyang/aimnet2_score_pipelines/work/correction-20260906/t3/L2/P18825/pocket.pdb",
  "pocket_charge": 0,
  "gas_model": "/home/xianyang/t3-aimnet-models/aimnet2_wb97m_0.jpt",
  "cpcm_model": "/home/xianyang/t3-aimnet-models/wb97m_cpcms_v2_0.jpt",
  "complex_fmax_ev_a": 0.002,
  "complex_max_steps": 1000,
  "n_complex_optimization_converged": 8,
  "minimized_poses": "/home/xianyang/aimnet2_score_pipelines/work/fixed-pocket-benchmarks-20260906/t3/L2/P18825/aimnet2_score.minimized.sdf",
  "bound_refinement": "gas-phase ligand-in-fixed-pocket FIRE; no isolated bound refinement",
  "n_requested": 10,
  "n_scored": 10,
  "n_errors": 0,
  "n_optimization_converged": 10,
  "elapsed_seconds_this_run": 94.22687785600283,
  "output": "/home/xianyang/aimnet2_score_pipelines/work/fixed-pocket-benchmarks-20260906/t3/L2/P18825/aimnet2_score.csv"
}
 mol_id  aimnet_interaction_kcal_mol  desolvation_kcal_mol  local_strain_kcal_mol  aimnet2_composite_kcal_mol  optimization_converged
  14322                   -60.188092              7.798964              19.462060                  -32.927069                    True
  42511                   -45.703784              5.675587              23.861069                  -16.167128                    True
  61015                   -46.417855              5.457766              22.346757                  -18.613332                    True
  66479                   -52.985269              7.027749              17.094491                  -28.863028                    True
  93624                   -48.953525              5.399494              16.173547                  -27.380484                    True
 126879                  -121.802148              7.004001              41.999846                  -72.798301                    True
 129391                   -31.852644              2.090110              11.990720                  -17.771814                    True
 134891                   -78.444506              9.403761              31.168022                  -37.872723                    True
 136971                   -59.834703              7.322079              28.740196                  -23.772428                    True
 144176                  -173.809710              3.135277              77.585560                  -93.088873                    True
