{
  "scope": "balanced active-only T3 pilot; no decoys, retrieval, reranking, or EF metrics",
  "score_definition": "AIMNet2(Score) public-checkpoint reconstruction: Eint + Edesolv + ELCSE; lower is stronger",
  "layers": {
    "L1": {
      "n_targets": 24,
      "n_ligands": 231,
      "mean_aimnet_spearman": -0.007931768850993587,
      "median_aimnet_spearman": -0.07272727272727272,
      "aimnet_spearman_ci95": [
        -0.20219137300741624,
        0.1920210860404226
      ],
      "mean_aimnet_kendall": 0.006315414338099216,
      "mean_aimnet_pearson": -0.022673416790963536,
      "fraction_aimnet_spearman_positive": 0.4583333333333333,
      "mean_interaction_spearman": 0.025208151444028205,
      "mean_smina_spearman": 0.03016977856368445
    },
    "L2": {
      "n_targets": 24,
      "n_ligands": 236,
      "mean_aimnet_spearman": 0.0608730213297907,
      "median_aimnet_spearman": 0.0060513813725087675,
      "aimnet_spearman_ci95": [
        -0.060296956188511185,
        0.19070788418210216
      ],
      "mean_aimnet_kendall": 0.055886273077114614,
      "mean_aimnet_pearson": 0.0315071394862775,
      "fraction_aimnet_spearman_positive": 0.5,
      "mean_interaction_spearman": 0.07869927103179791,
      "mean_smina_spearman": 0.0945087049763414
    },
    "L3": {
      "n_targets": 23,
      "n_ligands": 230,
      "mean_aimnet_spearman": -0.052891285169720526,
      "median_aimnet_spearman": -0.07294866524160776,
      "aimnet_spearman_ci95": [
        -0.19189770651781424,
        0.08342442266470448
      ],
      "mean_aimnet_kendall": -0.020656488670963074,
      "mean_aimnet_pearson": -0.028742895264371605,
      "fraction_aimnet_spearman_positive": 0.391304347826087,
      "mean_interaction_spearman": -0.02829592144928242,
      "mean_smina_spearman": 0.1069261898698833
    },
    "L4": {
      "n_targets": 21,
      "n_ligands": 210,
      "mean_aimnet_spearman": -0.07437063661721818,
      "median_aimnet_spearman": -0.09090909090909088,
      "aimnet_spearman_ci95": [
        -0.21808507746830957,
        0.06319727899745682
      ],
      "mean_aimnet_kendall": -0.055462901283114645,
      "mean_aimnet_pearson": -0.07076778939438887,
      "fraction_aimnet_spearman_positive": 0.38095238095238093,
      "mean_interaction_spearman": -0.058842229981352634,
      "mean_smina_spearman": -0.0103609081369245
    }
  },
  "l1_to_l4_absolute_change": -0.0664388677662246,
  "l1_to_l4_relative_change": -8.376299034218832,
  "warnings": [
    "This is not an official released AIMNet2(Score) implementation/checkpoint.",
    "T3 LMDB pockets omit residue identities and hydrogens; pocket charge is assumed zero.",
    "Ligand poses are single smina poses, so pose error can dominate affinity ranking."
  ]
}
layer    uniprot  n_scored  aimnet_spearman  aimnet_kendall  aimnet_pearson  interaction_spearman  smina_spearman  paff_range  optimization_converged
   L1     O95271        10         0.816012        0.644061        0.810696              0.840554        0.595137      1.3000                    10.0
   L1     P00338        10         0.522233        0.447214        0.712894              0.522233        0.522233      1.3979                     8.0
   L1     P06239        10        -0.818558       -0.675149       -0.761061             -0.713931       -0.184637      2.8239                    10.0
   L1     P08922        10        -0.717845       -0.552052       -0.651908             -0.693304        0.509241      3.6091                    10.0
   L1     P0C6U8        10         0.374261        0.276026        0.385628              0.361990        0.202469      1.7781                     9.0
   L1     P33981        10        -0.296970       -0.200000       -0.402561             -0.115152       -0.357576      2.6902                    10.0
   L1     P35354        10        -0.345455       -0.244444       -0.406670              0.066667       -0.321212      1.9466                    10.0
   L1     P49327        10        -0.066667       -0.066667       -0.121190              0.042424       -0.454545      0.9729                     7.0
   L1     P49759        10         0.420740        0.340997        0.605566              0.329274        0.189028      3.1739                    10.0
   L1     P50053        10        -0.357576       -0.200000       -0.298223             -0.333333        0.369697      1.7879                     9.0
   L1     P51532        10        -0.175758       -0.066667       -0.462026             -0.539394        0.442424      2.2738                     9.0
   L1     P56524        10        -0.078788       -0.066667       -0.036662             -0.030303        0.030303      2.3815                     9.0
   L1     P62937         3         1.000000        1.000000        0.937969              0.500000       -0.500000      0.6435                     2.0
   L1     Q06124        10         0.175758        0.066667        0.014799              0.006061       -0.260606      2.0315                    10.0
   L1     Q07343         9         0.527201        0.366234        0.634001              0.711303        0.309626      1.7510                     9.0
   L1     Q08499         9        -0.216667       -0.111111       -0.179915              0.083333       -0.783333      1.3802                     9.0
   L1     Q15059        10        -0.790277       -0.629253       -0.858641             -0.802435        0.431613      1.6910                    10.0
   L1     Q6GI75        10        -0.212121       -0.111111       -0.384159             -0.175758       -0.163636      1.2490                    10.0
   L1     Q86WV6        10         0.248485        0.200000       -0.054292              0.490909       -0.115152      1.0660                    10.0
   L1     Q86X55        10        -0.826752       -0.674200       -0.789125             -0.194530        0.054711      2.5528                     9.0
   L1     Q8N1Q1        10        -0.139394       -0.066667        0.023298             -0.139394       -0.260606      1.6215                     8.0
   L1     Q92793        10         0.352585        0.269680        0.474233              0.583589       -0.079028      2.3979                     8.0
   L1     Q96MU7        10         0.251553        0.138013        0.161815             -0.153386        0.202469      0.7447                    10.0
   L1     Q9UBN7        10         0.163636        0.066667        0.101370             -0.042424        0.345455      2.4413                    10.0
   L2     O14757        10        -0.024316       -0.044947       -0.159326             -0.218846       -0.425534      3.2353                     9.0
   L2     O43318        10        -0.066667       -0.066667       -0.183051             -0.066667       -0.406061      1.3468                    10.0
   L2     O75460        10        -0.042424       -0.022222       -0.321349             -0.127273       -0.212121      3.7324                    10.0
   L2     O95819        10         0.478788        0.377778        0.280562              0.369697        0.781818      3.2878                    10.0
   L2     P05177        10        -0.306400       -0.167093       -0.230518             -0.062531        0.544016      1.9163                    10.0
   L2     P06730        10        -0.212121       -0.155556       -0.376835             -0.369697       -0.333333      1.3952                    10.0
   L2     P08254        10        -0.284268       -0.243432       -0.107007             -0.284268        0.355335      0.2596                    10.0
   L2     P18825        10         0.115502        0.044947        0.217376              0.364743       -0.121581      3.0339                    10.0
   L2     P31153        10        -0.200609       -0.134840       -0.296221             -0.054711        0.097265      3.1079                    10.0
   L2     P31645        10         0.067700        0.023281        0.122601              0.153864        0.246183      2.8081                     8.0
   L2     P36897        10         0.030303        0.066667        0.079570              0.042424        0.127273      2.6532                    10.0
   L2     P41143         6         0.845154        0.774597        0.801225              0.845154        0.540899      1.3979                     4.0
   L2     P43166        10         0.018182        0.066667       -0.056800             -0.115152        0.587879      1.0801                     7.0
   L2     P43405        10        -0.066870        0.000000       -0.143908              0.206688       -0.054711      1.4425                    10.0
   L2     P56817        10        -0.006079        0.000000       -0.016394              0.352585       -0.054711      3.0825                    10.0
   L2     Q06187        10         0.864346        0.754247        0.926905              0.808781       -0.518607      3.0000                    10.0
   L2     Q13224        10         0.151515        0.022222       -0.143385             -0.127273        0.054545      1.5000                    10.0
   L2     Q13822        10        -0.224242       -0.066667       -0.044211             -0.103030       -0.115152      2.0935                    10.0
   L2     Q14145        10         0.328312        0.249136        0.342395              0.053602        0.194307      0.9395                    10.0
   L2     Q15119        10        -0.139394       -0.111111       -0.303857             -0.103030        0.430303      0.8751                    10.0
   L2     Q6P179        10         0.188451        0.044947        0.543214              0.091186        0.000000      2.3273                    10.0
   L2     Q8NER1        10         0.018182       -0.022222       -0.226347              0.030303        0.054545      1.7942                     7.0
   L2     Q92793        10        -0.429669       -0.337350       -0.432440             -0.143223        0.332017      2.0000                     9.0
   L2     Q9Y5Z0        10         0.357576        0.288889        0.483971              0.345455        0.163636      1.8385                    10.0
   L3 A0A1D8PKB4        10         0.425534        0.404520        0.094508              0.334348        0.382980      1.1035                    10.0
   L3     O14638        10        -0.131590       -0.080322       -0.033781             -0.144749       -0.243442      1.2596                     8.0
   L3     P05556        10        -0.589668       -0.404520       -0.443248             -0.607906       -0.164134      1.6397                    10.0
   L3     P05622        10         0.284848        0.200000        0.229211              0.163636       -0.418182      2.1739                     8.0
   L3     P11926        10        -0.187879       -0.066667       -0.157453             -0.066667        0.200000      1.4150                    10.0
   L3     P18564         0              NaN             NaN             NaN                   NaN             NaN         NaN                     NaN
   L3     P28347        10         0.236364        0.155556       -0.057499              0.357576        0.151515      1.3207                    10.0
   L3     P40879        10        -0.454545       -0.422222       -0.436845             -0.466667        0.042424      1.5563                     8.0
   L3     P43250        10        -0.072949        0.000000        0.046533              0.060791        0.097265      1.0000                     8.0
   L3     P51684        10         0.454545        0.422222        0.573201              0.333333        0.406061      2.2076                    10.0
   L3     P56528        10         0.199455        0.145095        0.359996             -0.087262       -0.149592      3.0000                    10.0
   L3     Q00959        10         0.078788        0.066667        0.118663              0.406061        0.539394      1.7447                    10.0
   L3     Q00961        10        -0.492403       -0.359573       -0.575373             -0.395139        0.565352      1.5752                    10.0
   L3     Q15878        10         0.563636        0.466667        0.570497              0.515152       -0.369697      1.4800                     8.0
   L3     Q16665        10        -0.024316       -0.044947        0.059231             -0.060791        0.334348      0.5902                    10.0
   L3     Q62645        10        -0.018182        0.022222       -0.145935              0.139394        0.503030      1.7959                    10.0
   L3     Q92830        10         0.376901        0.224733        0.446577              0.206688        0.103344      3.7423                     9.0
   L3     Q96LB1        10        -0.357576       -0.244444       -0.387865             -0.381818        0.187879      3.7110                    10.0
   L3     Q9HCR9        10        -0.563636       -0.377778       -0.594028             -0.333333       -0.406061      1.0036                    10.0
   L3     Q9NPC1        10         0.212121        0.155556        0.250937              0.066667        0.563636      1.5047                     9.0
   L3     Q9NR22        10        -0.195126       -0.068199        0.055593             -0.250005       -0.713428      2.7696                    10.0
   L3     Q9UKS7        10        -0.233550       -0.180775       -0.300223              0.311400        0.155700      1.2596                    10.0
   L3     Q9Y4K4        10        -0.478788       -0.288889       -0.155241             -0.478788        0.551515      2.5086                    10.0
   L3     Q9Y6M4        10        -0.248485       -0.200000       -0.178541             -0.272727        0.139394      1.6990                    10.0
   L4     O00767        10        -0.024316        0.000000        0.089510              0.127660       -0.054711      1.6335                     9.0
   L4     O75747        10         0.522233        0.447214        0.662101              0.406181       -0.058026      1.0000                    10.0
   L4     O94782        10         0.066667        0.066667        0.346212              0.139394        0.503030      2.3804                     9.0
   L4     P09871        10         0.406181        0.347833        0.208392              0.522233        0.406181      1.0000                     9.0
   L4     P24863        10         0.163636        0.111111       -0.046290             -0.200000        0.090909      2.1024                    10.0
   L4     P37059        10        -0.201008       -0.138409       -0.275366             -0.201008        0.502519      0.8751                    10.0
   L4     P42226        10        -0.224242       -0.155556       -0.291568             -0.078788        0.139394      1.7559                    10.0
   L4     P43341        10         0.321212        0.244444        0.120955              0.127273       -0.551515      1.6402                     9.0
   L4     P50052        10        -0.090909       -0.066667       -0.129210             -0.127273        0.018182      2.6858                     9.0
   L4     Q08211        10         0.078788        0.066667        0.164733              0.151515       -0.345455      1.3303                    10.0
   L4     Q08828        10        -0.285716       -0.224733       -0.229539             -0.224925       -0.006079      0.7781                    10.0
   L4     Q13094        10        -0.078788       -0.066667       -0.273119             -0.272727       -0.066667      1.2109                     9.0
   L4     Q13724        10        -0.527273       -0.333333       -0.529948             -0.624242        0.503030      2.0969                    10.0
   L4     Q15726         0              NaN             NaN             NaN                   NaN             NaN         NaN                     NaN
   L4     Q6SZW1        10        -0.123091       -0.069843        0.175344             -0.258492       -0.473902      4.0000                    10.0
   L4     Q70CQ3        10         0.137679        0.105409        0.540563              0.452374       -0.491711      2.4192                    10.0
   L4     Q8TDU9         0              NaN             NaN             NaN                   NaN             NaN         NaN                     NaN
   L4     Q96PC2        10        -0.700649       -0.614636       -0.655857             -0.622799       -0.510349      1.7404                    10.0
   L4     Q99705        10        -0.474166       -0.314627       -0.342029             -0.328269        0.012158      2.4045                     4.0
   L4     Q9GZQ6        10        -0.139394       -0.155556       -0.300950              0.090909       -0.478788      2.5504                     7.0
   L4     Q9HB14        10        -0.558324       -0.414039       -0.897562             -0.460157        0.644220      0.4179                    10.0
   L4     Q9NY59        10         0.430303        0.288889        0.420340              0.406061       -0.090909      0.8939                    10.0
   L4     Q9Y239        10        -0.260606       -0.288889       -0.242837             -0.260606        0.090909      2.8240                     9.0
   L4     Q9Y4K0        10              NaN             NaN             NaN                   NaN             NaN      0.0000                    10.0
{
  "n_pockets": 24,
  "candidates_per_pocket": 285,
  "retrieved_per_pocket": 20,
  "poses_per_retrieved_ligand": 100,
  "total_pose_scores_expected": 48000,
  "total_pose_scores_input": 47896,
  "total_pose_scores_completed": 47896,
  "mean_full_retrieval_ef1": 42.925925925925924,
  "mean_shortlist_retrieval_ef1": 3.2023809523809526,
  "mean_shortlist_interaction_ef1": 1.6111111111111114,
  "mean_shortlist_composite_ef1": 1.3055555555555556,
  "mean_retrieval_actives_top5": 4.333333333333333,
  "mean_composite_actives_top5": 1.2083333333333333,
  "mean_retrieval_actives_top10": 4.791666666666667,
  "mean_composite_actives_top10": 2.4583333333333335,
  "composite_top5_improved_pockets": 1,
  "composite_top5_worsened_pockets": 22,
  "composite_top5_tied_pockets": 1,
  "composite_top10_improved_pockets": 1,
  "composite_top10_worsened_pockets": 20,
  "composite_top10_tied_pockets": 3,
  "composite_converged": 469,
  "composite_requested": 480,
  "selection_rule": "first 24 CASF TargetInfo targets with only public AIMNet2-supported pocket elements",
  "warning": "AIMNet2 composite is the public-checkpoint Eint + Edesolv + ELCSE reconstruction, not the unreleased trained AIMNet2(Score) checkpoint."
}
target  pocket_atoms  n_input_poses  n_scored_poses  n_actives_full  full_retrieval_ef1  retrieval_actives_top5  retrieval_actives_top10  interaction_ef1  interaction_actives_top5  interaction_actives_top10  composite_ef1  composite_actives_top5  composite_actives_top10                                                        retrieval_active_ranks                                                             composite_active_ranks  n_composite_converged  spearman_ligunity_vs_composite  delta_top5_composite_minus_retrieval  delta_top10_composite_minus_retrieval
  3ebp           322           2000            2000               5            0.000000                       0                        5         0.000000                         0                          1       0.000000                       1                        2                      {"3ebp": 8, "3g2n": 7, "3l7b": 9, "3syr": 10, "4eky": 6}                         {"3ebp": 19, "3g2n": 8, "3l7b": 16, "3syr": 18, "4eky": 5}                     19                        0.258647                                     1                                     -3
  2vvn           508           2000            2000               5           57.000000                       5                        5         0.000000                         0                          0       0.000000                       0                        1                       {"2vvn": 5, "2w4x": 4, "2w66": 3, "2wca": 2, "2xj7": 1}                       {"2vvn": 18, "2w4x": 16, "2w66": 17, "2wca": 10, "2xj7": 19}                     20                       -0.393985                                    -5                                     -4
  3arp           599           2000            2000               5           38.000000                       4                        5         4.000000                         3                          3       4.000000                       2                        3                       {"3arp": 2, "3arq": 6, "3aru": 4, "3arv": 5, "3ary": 3}                          {"3arp": 1, "3arq": 20, "3aru": 11, "3arv": 6, "3ary": 2}                     19                        0.270677                                    -2                                     -2
  3gnw           705           2000            2000               5           57.000000                       5                        5         0.000000                         0                          1       4.000000                       1                        2                       {"3cj4": 5, "3gnw": 1, "4eo8": 4, "4ih5": 3, "4ih7": 2}                        {"3cj4": 12, "3gnw": 1, "4eo8": 17, "4ih5": 18, "4ih7": 10}                     20                        0.189474                                    -4                                     -3
  1e66           554           1978            1978               5           57.000000                       5                        5         0.000000                         1                          1       0.000000                       0                        0                       {"1e66": 2, "1gpk": 5, "1gpn": 1, "1h22": 4, "1h23": 3}                       {"1e66": 14, "1gpk": 11, "1gpn": 13, "1h22": 17, "1h23": 20}                     20                       -0.457143                                    -5                                     -5
  3f3e           409           1964            1964               5           57.000000                       5                        5         4.000000                         2                          4       4.000000                       3                        4                       {"3f3a": 5, "3f3c": 3, "3f3d": 4, "3f3e": 2, "4mme": 1}                           {"3f3a": 9, "3f3c": 4, "3f3d": 1, "3f3e": 2, "4mme": 17}                     20                        0.043609                                    -2                                     -1
  2cet           541           2000            2000               5           57.000000                       5                        5         4.000000                         1                          2       0.000000                       1                        2                       {"2cbv": 4, "2cet": 2, "2j78": 5, "2j7h": 3, "2wbg": 1}                         {"2cbv": 18, "2cet": 11, "2j78": 6, "2j7h": 5, "2wbg": 13}                     20                        0.018045                                    -4                                     -3
  4gid           747           1982            1982               6           47.500000                       5                        6         0.000000                         2                          3       0.000000                       1                        3            {"2v00": 8, "2vkm": 3, "3rsx": 1, "3udh": 2, "4djv": 5, "4gid": 4}              {"2v00": 15, "2vkm": 7, "3rsx": 6, "3udh": 17, "4djv": 4, "4gid": 11}                     18                        0.162406                                    -4                                     -3
  4pcs           386           2000            2000               5           57.000000                       5                        5         0.000000                         0                          1       0.000000                       0                        1                       {"2wvt": 4, "2xii": 5, "4j28": 1, "4jfs": 2, "4pcs": 3}                       {"2wvt": 14, "2xii": 15, "4j28": 13, "4jfs": 10, "4pcs": 18}                     19                       -0.201504                                    -5                                     -4
  3ge7           514           2000            2000               5           57.000000                       5                        5         4.000000                         3                          4       0.000000                       2                        5                       {"1r5y": 5, "1s38": 4, "3gc5": 1, "3ge7": 2, "3rr4": 3}                           {"1r5y": 4, "1s38": 7, "3gc5": 10, "3ge7": 2, "3rr4": 9}                     20                        0.299248                                    -3                                      0
  3e93           631           2000            2000               5           57.000000                       5                        5         0.000000                         2                          3       4.000000                       3                        4                       {"2zb1": 2, "3e92": 1, "3e93": 3, "4dli": 5, "4f9w": 4}                          {"2zb1": 2, "3e92": 3, "3e93": 17, "4dli": 1, "4f9w": 10}                     20                        0.490226                                    -2                                     -1
  3qqs           377           2000            2000               5           57.000000                       5                        5         0.000000                         1                          3       0.000000                       2                        4                       {"3qqs": 2, "3r88": 1, "3twp": 3, "4gkm": 4, "4owm": 5}                           {"3qqs": 15, "3r88": 9, "3twp": 5, "4gkm": 7, "4owm": 4}                     20                       -0.039098                                    -3                                     -1
  2r9w           439           2000            2000               5           57.000000                       5                        5         0.000000                         1                          3       4.000000                       1                        2                       {"2r9w": 5, "3gr2": 4, "3gv9": 1, "4jxs": 2, "4kz6": 3}                         {"2r9w": 20, "3gr2": 11, "3gv9": 1, "4jxs": 16, "4kz6": 8}                     20                       -0.084211                                    -4                                     -3
  2qbp           544           2000            2000               5           57.000000                       5                        5         4.000000                         3                          4       0.000000                       1                        2                       {"1bzc": 3, "2hb1": 4, "2qbp": 1, "2qbq": 2, "2qbr": 5}                        {"1bzc": 11, "2hb1": 3, "2qbp": 18, "2qbq": 10, "2qbr": 15}                     20                       -0.015038                                    -4                                     -3
  3ag9           752           2000            2000               6           47.500000                       5                        5         4.000000                         4                          5       4.000000                       2                        5                       {"1q8t": 1, "1q8u": 4, "1ydr": 2, "1ydt": 3, "3ag9": 5}                            {"1q8t": 7, "1q8u": 1, "1ydr": 9, "1ydt": 4, "3ag9": 8}                     19                        0.121805                                    -3                                      0
  5dwr           509           2000            2000               6           47.500000                       5                        6         3.333333                         3                          4       3.333333                       3                        3            {"2c3i": 3, "3bgz": 2, "3ebp": 8, "3jya": 1, "4k18": 5, "5dwr": 4}              {"2c3i": 12, "3bgz": 13, "3ebp": 4, "3jya": 1, "4k18": 3, "5dwr": 20}                     20                       -0.034586                                    -2                                     -3
  3coy           595           1972            1972               5           57.000000                       5                        5         4.000000                         2                          4       0.000000                       2                        3                       {"3coy": 3, "3coz": 4, "3ivg": 1, "4ddh": 5, "4ddk": 2}                          {"3coy": 13, "3coz": 14, "3ivg": 4, "4ddh": 3, "4ddk": 9}                     19                        0.075188                                    -3                                     -2
  2fvd           561           2000            2000               7            0.000000                       0                        0         0.000000                         1                          1       0.000000                       0                        1                                                                  {"2v7a": 12}                                                                        {"2v7a": 7}                     20                       -0.285714                                     0                                      1
  4ivc           501           2000            2000               9           31.666667                       5                        7         0.000000                         0                          1       0.000000                       0                        3 {"4e5w": 2, "4e6q": 6, "4f09": 8, "4ivb": 3, "4ivc": 5, "4ivd": 4, "4k77": 1} {"4e5w": 18, "4e6q": 14, "4f09": 15, "4ivb": 17, "4ivc": 10, "4ivd": 8, "4k77": 9}                     19                       -0.160902                                    -5                                     -4
  4jia           415           2000            2000              10           28.500000                       5                        6         3.333333                         2                          3       0.000000                       2                        3            {"4e6q": 1, "4f09": 3, "4gfm": 4, "4hge": 5, "4jia": 2, "4k77": 6}              {"4e6q": 20, "4f09": 15, "4gfm": 4, "4hge": 7, "4jia": 3, "4k77": 11}                     20                       -0.075188                                    -3                                     -3
  4twp           499           2000            2000               9           31.666667                       4                        4         0.000000                         0                          0       0.000000                       0                        2                      {"2fvd": 20, "2v7a": 1, "3k5v": 3, "3mss": 4, "4twp": 2}                        {"2fvd": 8, "2v7a": 18, "3k5v": 10, "3mss": 17, "4twp": 13}                     20                       -0.529323                                    -4                                     -2
  1nvq           531           2000            2000               9           10.555556                       1                        1         0.000000                         0                          1       0.000000                       0                        1                                                                   {"4eor": 2}                                                                        {"4eor": 6}                     20                        0.109774                                    -1                                      0
  2p4y           646           2000            2000               9           31.666667                       5                        5         4.000000                         2                          2       4.000000                       2                        3                       {"2p4y": 1, "2yfe": 4, "3b1m": 5, "3fur": 2, "3u9q": 3}                          {"2p4y": 16, "2yfe": 1, "3b1m": 13, "3fur": 9, "3u9q": 3}                     17                        0.025564                                    -3                                     -2
  3myg           427           2000            2000               9           31.666667                       5                        5         0.000000                         0                          3       0.000000                       0                        0                       {"2wtv": 4, "3e5a": 5, "3myg": 1, "3uo4": 3, "3up2": 2}                       {"2wtv": 14, "3e5a": 18, "3myg": 20, "3uo4": 19, "3up2": 17}                     20                       -0.418045                                    -5                                     -5
FINALIZED 144 tables
