Bound geometry uses fixed-pocket gas FIRE. Legacy CPCM bound-refinement options are ignored.
/home/xianyang/miniconda3/envs/t3-aimnet/lib/python3.11/site-packages/aimnet/models/base.py:85: UserWarning: 'torch.load' received a zip file that looks like a TorchScript archive dispatching to 'torch.jit.load' (call 'torch.jit.load' directly to silence this warning)
  data = torch.load(path, map_location=device, weights_only=True)
/home/xianyang/miniconda3/envs/t3-aimnet/lib/python3.11/site-packages/torch/jit/_serialization.py:176: FutureWarning: `torch.jit.load` is deprecated. Please switch to `torch.export`.
  warnings.warn(
/home/xianyang/miniconda3/envs/t3-aimnet/lib/python3.11/site-packages/torch/jit/_serialization.py:176: FutureWarning: `torch.jit.load` is deprecated. Please switch to `torch.export`.
  warnings.warn(
1/10 mol_id=27152 Eint=-211.132 desolv=11.417 strain=118.575 score=-81.140 steps=362 converged=True
2/10 mol_id=35078 Eint=-115.194 desolv=10.711 strain=93.497 score=-10.986 steps=524 converged=True
3/10 mol_id=38542 Eint=-328.578 desolv=18.830 strain=225.382 score=-84.366 steps=1000 converged=False
4/10 mol_id=52263 Eint=-206.904 desolv=21.187 strain=143.461 score=-42.256 steps=1000 converged=False
5/10 mol_id=62450 Eint=-214.130 desolv=13.328 strain=116.269 score=-84.534 steps=606 converged=True
6/10 mol_id=119254 Eint=-104.125 desolv=5.743 strain=20.926 score=-77.456 steps=537 converged=True
7/10 mol_id=125391 Eint=-40.535 desolv=7.149 strain=22.596 score=-10.791 steps=839 converged=True
8/10 mol_id=131041 Eint=-205.408 desolv=12.705 strain=104.132 score=-88.571 steps=640 converged=True
9/10 mol_id=132261 Eint=-294.288 desolv=13.609 strain=146.374 score=-134.304 steps=745 converged=True
10/10 mol_id=140296 Eint=-573.736 desolv=29.944 strain=331.260 score=-212.532 steps=696 converged=True
wrote 10 rows to /home/xianyang/aimnet2_score_pipelines/work/fixed-pocket-benchmarks-20260906/t3/L2/Q8NER1/aimnet2_score.csv in 100.30 s
{
  "scope": "reference reconstruction; not an exact reproduction of the unreleased AIMNet2(Score) workflow",
  "score_definition": "Eint + Edesolv + ELCSE; lower is better",
  "interaction_geometry": "fixed_pocket_gas_minimized_v1",
  "pocket": "/home/xianyang/aimnet2_score_pipelines/work/correction-20260906/t3/L2/Q8NER1/pocket.pdb",
  "pocket_charge": 0,
  "gas_model": "/home/xianyang/t3-aimnet-models/aimnet2_wb97m_0.jpt",
  "cpcm_model": "/home/xianyang/t3-aimnet-models/wb97m_cpcms_v2_0.jpt",
  "complex_fmax_ev_a": 0.002,
  "complex_max_steps": 1000,
  "n_complex_optimization_converged": 9,
  "minimized_poses": "/home/xianyang/aimnet2_score_pipelines/work/fixed-pocket-benchmarks-20260906/t3/L2/Q8NER1/aimnet2_score.minimized.sdf",
  "bound_refinement": "gas-phase ligand-in-fixed-pocket FIRE; no isolated bound refinement",
  "n_requested": 10,
  "n_scored": 10,
  "n_errors": 0,
  "n_optimization_converged": 8,
  "elapsed_seconds_this_run": 100.29877810494509,
  "output": "/home/xianyang/aimnet2_score_pipelines/work/fixed-pocket-benchmarks-20260906/t3/L2/Q8NER1/aimnet2_score.csv"
}
 mol_id  aimnet_interaction_kcal_mol  desolvation_kcal_mol  local_strain_kcal_mol  aimnet2_composite_kcal_mol  optimization_converged
  27152                  -211.132362             11.417479             118.574554                  -81.140329                    True
  35078                  -115.193986             10.711262              93.496700                  -10.986024                    True
  38542                  -328.578410             18.830064             225.382432                  -84.365914                   False
  52263                  -206.903848             21.186977             143.460993                  -42.255879                   False
  62450                  -214.130499             13.327772             116.268836                  -84.533891                    True
 119254                  -104.124911              5.742989              20.926298                  -77.455624                    True
 125391                   -40.535317              7.148602              22.595713                  -10.791002                    True
 131041                  -205.407592             12.705280             104.131702                  -88.570610                    True
 132261                  -294.287567             13.609463             146.373841                 -134.304263                    True
 140296                  -573.735975             29.944363             331.259854                 -212.531758                    True
