Bound geometry uses fixed-pocket gas FIRE. Legacy CPCM bound-refinement options are ignored.
/home/xianyang/miniconda3/envs/t3-aimnet/lib/python3.11/site-packages/aimnet/models/base.py:85: UserWarning: 'torch.load' received a zip file that looks like a TorchScript archive dispatching to 'torch.jit.load' (call 'torch.jit.load' directly to silence this warning)
  data = torch.load(path, map_location=device, weights_only=True)
/home/xianyang/miniconda3/envs/t3-aimnet/lib/python3.11/site-packages/torch/jit/_serialization.py:176: FutureWarning: `torch.jit.load` is deprecated. Please switch to `torch.export`.
  warnings.warn(
/home/xianyang/miniconda3/envs/t3-aimnet/lib/python3.11/site-packages/torch/jit/_serialization.py:176: FutureWarning: `torch.jit.load` is deprecated. Please switch to `torch.export`.
  warnings.warn(
1/10 mol_id=7699 Eint=-54.263 desolv=13.708 strain=29.191 score=-11.364 steps=591 converged=True
2/10 mol_id=30981 Eint=-81.076 desolv=14.326 strain=27.778 score=-38.972 steps=504 converged=True
3/10 mol_id=46473 Eint=-301.484 desolv=19.181 strain=102.518 score=-179.784 steps=771 converged=True
4/10 mol_id=56089 Eint=-79.784 desolv=9.218 strain=20.691 score=-49.874 steps=599 converged=True
5/10 mol_id=74284 Eint=-66.989 desolv=9.064 strain=15.196 score=-42.730 steps=478 converged=True
6/10 mol_id=92633 Eint=-397.161 desolv=26.708 strain=197.745 score=-172.708 steps=801 converged=True
7/10 mol_id=99659 Eint=-50.773 desolv=9.043 strain=21.751 score=-19.979 steps=600 converged=True
8/10 mol_id=104318 Eint=-56.920 desolv=10.162 strain=18.257 score=-28.501 steps=939 converged=True
9/10 mol_id=113888 Eint=-63.053 desolv=11.327 strain=25.178 score=-26.548 steps=575 converged=True
10/10 mol_id=128208 Eint=-68.256 desolv=13.483 strain=27.614 score=-27.159 steps=1000 converged=False
wrote 10 rows to /home/xianyang/aimnet2_score_pipelines/work/fixed-pocket-benchmarks-20260906/t3/L2/Q92793/aimnet2_score.csv in 97.96 s
{
  "scope": "reference reconstruction; not an exact reproduction of the unreleased AIMNet2(Score) workflow",
  "score_definition": "Eint + Edesolv + ELCSE; lower is better",
  "interaction_geometry": "fixed_pocket_gas_minimized_v1",
  "pocket": "/home/xianyang/aimnet2_score_pipelines/work/correction-20260906/t3/L2/Q92793/pocket.pdb",
  "pocket_charge": 0,
  "gas_model": "/home/xianyang/t3-aimnet-models/aimnet2_wb97m_0.jpt",
  "cpcm_model": "/home/xianyang/t3-aimnet-models/wb97m_cpcms_v2_0.jpt",
  "complex_fmax_ev_a": 0.002,
  "complex_max_steps": 1000,
  "n_complex_optimization_converged": 9,
  "minimized_poses": "/home/xianyang/aimnet2_score_pipelines/work/fixed-pocket-benchmarks-20260906/t3/L2/Q92793/aimnet2_score.minimized.sdf",
  "bound_refinement": "gas-phase ligand-in-fixed-pocket FIRE; no isolated bound refinement",
  "n_requested": 10,
  "n_scored": 10,
  "n_errors": 0,
  "n_optimization_converged": 9,
  "elapsed_seconds_this_run": 97.9550749709997,
  "output": "/home/xianyang/aimnet2_score_pipelines/work/fixed-pocket-benchmarks-20260906/t3/L2/Q92793/aimnet2_score.csv"
}
 mol_id  aimnet_interaction_kcal_mol  desolvation_kcal_mol  local_strain_kcal_mol  aimnet2_composite_kcal_mol  optimization_converged
   7699                   -54.262845             13.707521              29.190851                  -11.364473                    True
  30981                   -81.075789             14.326066              27.777651                  -38.972072                    True
  46473                  -301.483603             19.181072             102.518228                 -179.784304                    True
  56089                   -79.783506              9.218331              20.690825                  -49.874350                    True
  74284                   -66.989440              9.063782              15.195902                  -42.729756                    True
  92633                  -397.161386             26.708274             197.745188                 -172.707924                    True
  99659                   -50.773195              9.042595              21.751435                  -19.979165                    True
 104318                   -56.919858             10.161742              18.256666                  -28.501451                    True
 113888                   -63.052987             11.326870              25.177843                  -26.548273                    True
 128208                   -68.255786             13.483201              27.613659                  -27.158926                   False
