Bound geometry uses fixed-pocket gas FIRE. Legacy CPCM bound-refinement options are ignored.
/home/xianyang/miniconda3/envs/t3-aimnet/lib/python3.11/site-packages/aimnet/models/base.py:85: UserWarning: 'torch.load' received a zip file that looks like a TorchScript archive dispatching to 'torch.jit.load' (call 'torch.jit.load' directly to silence this warning)
  data = torch.load(path, map_location=device, weights_only=True)
/home/xianyang/miniconda3/envs/t3-aimnet/lib/python3.11/site-packages/torch/jit/_serialization.py:176: FutureWarning: `torch.jit.load` is deprecated. Please switch to `torch.export`.
  warnings.warn(
/home/xianyang/miniconda3/envs/t3-aimnet/lib/python3.11/site-packages/torch/jit/_serialization.py:176: FutureWarning: `torch.jit.load` is deprecated. Please switch to `torch.export`.
  warnings.warn(
1/10 mol_id=9611 Eint=-58.000 desolv=19.535 strain=39.164 score=0.699 steps=735 converged=True
2/10 mol_id=13349 Eint=-23.857 desolv=9.141 strain=23.263 score=8.547 steps=409 converged=True
3/10 mol_id=17219 Eint=-49.354 desolv=5.755 strain=33.030 score=-10.568 steps=782 converged=True
4/10 mol_id=37944 Eint=-142.302 desolv=11.096 strain=99.695 score=-31.510 steps=724 converged=True
5/10 mol_id=46757 Eint=-121.009 desolv=12.639 strain=23.098 score=-85.272 steps=453 converged=True
6/10 mol_id=66568 Eint=-73.802 desolv=12.643 strain=37.907 score=-23.252 steps=1000 converged=False
7/10 mol_id=67242 Eint=-25.377 desolv=14.316 strain=26.358 score=15.297 steps=398 converged=True
8/10 mol_id=84180 Eint=-60.452 desolv=7.378 strain=29.773 score=-23.301 steps=359 converged=True
9/10 mol_id=97357 Eint=-93.398 desolv=18.518 strain=40.999 score=-33.881 steps=993 converged=True
10/10 mol_id=107160 Eint=-114.637 desolv=16.045 strain=70.177 score=-28.414 steps=1000 converged=False
wrote 10 rows to /home/xianyang/aimnet2_score_pipelines/work/fixed-pocket-benchmarks-20260906/t3/L2/P56817/aimnet2_score.csv in 147.53 s
{
  "scope": "reference reconstruction; not an exact reproduction of the unreleased AIMNet2(Score) workflow",
  "score_definition": "Eint + Edesolv + ELCSE; lower is better",
  "interaction_geometry": "fixed_pocket_gas_minimized_v1",
  "pocket": "/home/xianyang/aimnet2_score_pipelines/work/correction-20260906/t3/L2/P56817/pocket.pdb",
  "pocket_charge": 0,
  "gas_model": "/home/xianyang/t3-aimnet-models/aimnet2_wb97m_0.jpt",
  "cpcm_model": "/home/xianyang/t3-aimnet-models/wb97m_cpcms_v2_0.jpt",
  "complex_fmax_ev_a": 0.002,
  "complex_max_steps": 1000,
  "n_complex_optimization_converged": 8,
  "minimized_poses": "/home/xianyang/aimnet2_score_pipelines/work/fixed-pocket-benchmarks-20260906/t3/L2/P56817/aimnet2_score.minimized.sdf",
  "bound_refinement": "gas-phase ligand-in-fixed-pocket FIRE; no isolated bound refinement",
  "n_requested": 10,
  "n_scored": 10,
  "n_errors": 0,
  "n_optimization_converged": 8,
  "elapsed_seconds_this_run": 147.5314427060075,
  "output": "/home/xianyang/aimnet2_score_pipelines/work/fixed-pocket-benchmarks-20260906/t3/L2/P56817/aimnet2_score.csv"
}
 mol_id  aimnet_interaction_kcal_mol  desolvation_kcal_mol  local_strain_kcal_mol  aimnet2_composite_kcal_mol  optimization_converged
   9611                   -58.000115             19.535169              39.164363                    0.699417                    True
  13349                   -23.856925              9.140678              23.262906                    8.546659                    True
  17219                   -49.353709              5.755450              33.030164                  -10.568095                    True
  37944                  -142.301546             11.096367              99.695321                  -31.509859                    True
  46757                  -121.009039             12.639129              23.098005                  -85.271906                    True
  66568                   -73.801549             12.642665              37.907081                  -23.251803                   False
  67242                   -25.377490             14.316283              26.358307                   15.297100                    True
  84180                   -60.452271              7.378397              29.772854                  -23.301020                    True
  97357                   -93.397971             18.517829              40.998930                  -33.881213                    True
 107160                  -114.636731             16.044949              70.177357                  -28.414425                   False
