Bound geometry uses fixed-pocket gas FIRE. Legacy CPCM bound-refinement options are ignored.
/home/xianyang/miniconda3/envs/t3-aimnet/lib/python3.11/site-packages/aimnet/models/base.py:85: UserWarning: 'torch.load' received a zip file that looks like a TorchScript archive dispatching to 'torch.jit.load' (call 'torch.jit.load' directly to silence this warning)
  data = torch.load(path, map_location=device, weights_only=True)
/home/xianyang/miniconda3/envs/t3-aimnet/lib/python3.11/site-packages/torch/jit/_serialization.py:176: FutureWarning: `torch.jit.load` is deprecated. Please switch to `torch.export`.
  warnings.warn(
/home/xianyang/miniconda3/envs/t3-aimnet/lib/python3.11/site-packages/torch/jit/_serialization.py:176: FutureWarning: `torch.jit.load` is deprecated. Please switch to `torch.export`.
  warnings.warn(
1/10 mol_id=17978 Eint=-262.370 desolv=32.639 strain=24.607 score=-205.125 steps=1000 converged=False
2/10 mol_id=30174 Eint=-247.903 desolv=12.316 strain=130.686 score=-104.900 steps=1000 converged=False
3/10 mol_id=54330 Eint=-123.591 desolv=10.512 strain=26.649 score=-86.430 steps=1000 converged=False
4/10 mol_id=55671 Eint=-242.945 desolv=38.220 strain=83.363 score=-121.362 steps=964 converged=True
5/10 mol_id=66091 Eint=-117.051 desolv=9.724 strain=15.064 score=-92.264 steps=781 converged=True
6/10 mol_id=87356 Eint=-115.673 desolv=6.302 strain=21.251 score=-88.120 steps=1000 converged=False
7/10 mol_id=93256 Eint=-250.858 desolv=41.740 strain=76.355 score=-132.763 steps=1000 converged=False
8/10 mol_id=106648 Eint=-223.810 desolv=44.130 strain=73.098 score=-106.582 steps=1000 converged=False
9/10 mol_id=121682 Eint=-115.162 desolv=14.418 strain=26.213 score=-74.530 steps=1000 converged=False
10/10 mol_id=124879 Eint=-118.870 desolv=4.563 strain=17.782 score=-96.525 steps=1000 converged=False
wrote 10 rows to /home/xianyang/aimnet2_score_pipelines/work/aimnet2025-benchmarks-20260906/t3/L4/Q99705/aimnet2_score.csv in 118.97 s
{
  "scope": "reference reconstruction; not an exact reproduction of the unreleased AIMNet2(Score) workflow",
  "score_definition": "Eint + Edesolv + ELCSE; lower is better",
  "interaction_geometry": "fixed_pocket_aimnet2025_minimized_v2",
  "pocket": "/home/xianyang/aimnet2_score_pipelines/work/correction-20260906/t3/L4/Q99705/pocket.pdb",
  "pocket_charge": 0,
  "gas_model": "/home/xianyang/t3-aimnet-models/aimnet2_wb97m_0.jpt",
  "interaction_model": "aimnet2-2025",
  "interaction_members": [
    "aimnet2-2025"
  ],
  "cpcm_model": "/home/xianyang/t3-aimnet-models/wb97m_cpcms_v2_0.jpt",
  "complex_fmax_ev_a": 0.002,
  "complex_max_steps": 1000,
  "n_complex_optimization_converged": 8,
  "minimized_poses": "/home/xianyang/aimnet2_score_pipelines/work/aimnet2025-benchmarks-20260906/t3/L4/Q99705/aimnet2_score.minimized.sdf",
  "bound_refinement": "AIMNet2(2025) ligand-in-fixed-pocket FIRE; no isolated bound refinement",
  "n_requested": 10,
  "n_scored": 10,
  "n_errors": 0,
  "n_optimization_converged": 2,
  "elapsed_seconds_this_run": 118.97017513902392,
  "output": "/home/xianyang/aimnet2_score_pipelines/work/aimnet2025-benchmarks-20260906/t3/L4/Q99705/aimnet2_score.csv"
}
 mol_id  aimnet_interaction_kcal_mol  desolvation_kcal_mol  local_strain_kcal_mol  aimnet2_composite_kcal_mol  optimization_converged
  17978                  -262.370371             32.638665              24.606819                 -205.124888                   False
  30174                  -247.902943             12.316132             130.686430                 -104.900381                   False
  54330                  -123.591436             10.512282              26.648796                  -86.430358                   False
  55671                  -242.944825             38.220141              83.363123                 -121.361561                    True
  66091                  -117.051181              9.723736              15.063690                  -92.263755                    True
  87356                  -115.672687              6.302126              21.250869                  -88.119692                   False
  93256                  -250.858000             41.740033              76.354521                 -132.763446                   False
 106648                  -223.809849             44.129954              73.097571                 -106.582324                   False
 121682                  -115.161884             14.418137              26.213304                  -74.530443                   False
 124879                  -118.870091              4.562834              17.781994                  -96.525262                   False
