Bound geometry uses fixed-pocket gas FIRE. Legacy CPCM bound-refinement options are ignored.
/home/xianyang/miniconda3/envs/t3-aimnet/lib/python3.11/site-packages/aimnet/models/base.py:85: UserWarning: 'torch.load' received a zip file that looks like a TorchScript archive dispatching to 'torch.jit.load' (call 'torch.jit.load' directly to silence this warning)
  data = torch.load(path, map_location=device, weights_only=True)
/home/xianyang/miniconda3/envs/t3-aimnet/lib/python3.11/site-packages/torch/jit/_serialization.py:176: FutureWarning: `torch.jit.load` is deprecated. Please switch to `torch.export`.
  warnings.warn(
/home/xianyang/miniconda3/envs/t3-aimnet/lib/python3.11/site-packages/torch/jit/_serialization.py:176: FutureWarning: `torch.jit.load` is deprecated. Please switch to `torch.export`.
  warnings.warn(
1/10 mol_id=5828 Eint=-35.722 desolv=14.818 strain=37.057 score=16.153 steps=868 converged=True
2/10 mol_id=40675 Eint=-187.877 desolv=24.268 strain=63.982 score=-99.627 steps=514 converged=True
3/10 mol_id=62829 Eint=-80.653 desolv=17.485 strain=21.319 score=-41.849 steps=567 converged=True
4/10 mol_id=71794 Eint=-58.405 desolv=17.037 strain=34.125 score=-7.243 steps=553 converged=True
5/10 mol_id=115767 Eint=-45.195 desolv=19.078 strain=41.660 score=15.543 steps=546 converged=True
6/10 mol_id=120455 Eint=-82.449 desolv=17.466 strain=44.684 score=-20.298 steps=773 converged=True
7/10 mol_id=129151 Eint=-82.041 desolv=18.782 strain=25.991 score=-37.267 steps=524 converged=True
8/10 mol_id=131205 Eint=-36.362 desolv=12.405 strain=35.275 score=11.318 steps=1000 converged=False
9/10 mol_id=132318 Eint=-57.148 desolv=13.449 strain=26.989 score=-16.710 steps=651 converged=True
10/10 mol_id=138164 Eint=-31.923 desolv=19.418 strain=37.020 score=24.515 steps=490 converged=True
wrote 10 rows to /home/xianyang/aimnet2_score_pipelines/work/fixed-pocket-benchmarks-20260906/t3/L4/P43341/aimnet2_score.csv in 91.60 s
{
  "scope": "reference reconstruction; not an exact reproduction of the unreleased AIMNet2(Score) workflow",
  "score_definition": "Eint + Edesolv + ELCSE; lower is better",
  "interaction_geometry": "fixed_pocket_gas_minimized_v1",
  "pocket": "/home/xianyang/aimnet2_score_pipelines/work/correction-20260906/t3/L4/P43341/pocket.pdb",
  "pocket_charge": 0,
  "gas_model": "/home/xianyang/t3-aimnet-models/aimnet2_wb97m_0.jpt",
  "cpcm_model": "/home/xianyang/t3-aimnet-models/wb97m_cpcms_v2_0.jpt",
  "complex_fmax_ev_a": 0.002,
  "complex_max_steps": 1000,
  "n_complex_optimization_converged": 10,
  "minimized_poses": "/home/xianyang/aimnet2_score_pipelines/work/fixed-pocket-benchmarks-20260906/t3/L4/P43341/aimnet2_score.minimized.sdf",
  "bound_refinement": "gas-phase ligand-in-fixed-pocket FIRE; no isolated bound refinement",
  "n_requested": 10,
  "n_scored": 10,
  "n_errors": 0,
  "n_optimization_converged": 9,
  "elapsed_seconds_this_run": 91.60070867899776,
  "output": "/home/xianyang/aimnet2_score_pipelines/work/fixed-pocket-benchmarks-20260906/t3/L4/P43341/aimnet2_score.csv"
}
 mol_id  aimnet_interaction_kcal_mol  desolvation_kcal_mol  local_strain_kcal_mol  aimnet2_composite_kcal_mol  optimization_converged
   5828                   -35.722312             14.818141              37.056974                   16.152803                    True
  40675                  -187.877243             24.267973              63.981865                  -99.627404                    True
  62829                   -80.653206             17.485437              21.318928                  -41.848842                    True
  71794                   -58.404912             17.036754              34.124906                   -7.243253                    True
 115767                   -45.195185             19.078408              41.660096                   15.543319                    True
 120455                   -82.448530             17.465666              44.684441                  -20.298423                    True
 129151                   -82.040845             18.782373              25.991238                  -37.267234                    True
 131205                   -36.361830             12.404548              35.275152                   11.317870                   False
 132318                   -57.148168             13.449342              26.989214                  -16.709611                    True
 138164                   -31.922721             19.418038              37.019852                   24.515169                    True
