Bound geometry uses fixed-pocket gas FIRE. Legacy CPCM bound-refinement options are ignored.
/home/xianyang/miniconda3/envs/t3-aimnet/lib/python3.11/site-packages/aimnet/models/base.py:85: UserWarning: 'torch.load' received a zip file that looks like a TorchScript archive dispatching to 'torch.jit.load' (call 'torch.jit.load' directly to silence this warning)
  data = torch.load(path, map_location=device, weights_only=True)
/home/xianyang/miniconda3/envs/t3-aimnet/lib/python3.11/site-packages/torch/jit/_serialization.py:176: FutureWarning: `torch.jit.load` is deprecated. Please switch to `torch.export`.
  warnings.warn(
/home/xianyang/miniconda3/envs/t3-aimnet/lib/python3.11/site-packages/torch/jit/_serialization.py:176: FutureWarning: `torch.jit.load` is deprecated. Please switch to `torch.export`.
  warnings.warn(
1/10 mol_id=167 Eint=-102.363 desolv=10.472 strain=24.019 score=-67.872 steps=787 converged=True
2/10 mol_id=19531 Eint=-101.529 desolv=13.008 strain=39.612 score=-48.908 steps=648 converged=True
3/10 mol_id=24618 Eint=-69.154 desolv=13.025 strain=17.281 score=-38.848 steps=672 converged=True
4/10 mol_id=54615 Eint=-288.416 desolv=44.888 strain=126.965 score=-116.563 steps=654 converged=True
5/10 mol_id=64410 Eint=-70.460 desolv=11.449 strain=12.451 score=-46.559 steps=316 converged=True
6/10 mol_id=75542 Eint=-62.908 desolv=10.132 strain=23.424 score=-29.352 steps=588 converged=True
7/10 mol_id=97821 Eint=-69.818 desolv=10.876 strain=18.907 score=-40.035 steps=651 converged=True
8/10 mol_id=107700 Eint=-103.032 desolv=14.392 strain=35.809 score=-52.831 steps=632 converged=True
9/10 mol_id=132156 Eint=-64.093 desolv=9.225 strain=27.573 score=-27.294 steps=579 converged=True
10/10 mol_id=139579 Eint=-79.981 desolv=16.636 strain=37.585 score=-25.760 steps=751 converged=True
wrote 10 rows to /home/xianyang/aimnet2_score_pipelines/work/fixed-pocket-benchmarks-20260906/t3/L1/P50053/aimnet2_score.csv in 146.92 s
{
  "scope": "reference reconstruction; not an exact reproduction of the unreleased AIMNet2(Score) workflow",
  "score_definition": "Eint + Edesolv + ELCSE; lower is better",
  "interaction_geometry": "fixed_pocket_gas_minimized_v1",
  "pocket": "/home/xianyang/aimnet2_score_pipelines/work/correction-20260906/t3/L1/P50053/pocket.pdb",
  "pocket_charge": 0,
  "gas_model": "/home/xianyang/t3-aimnet-models/aimnet2_wb97m_0.jpt",
  "cpcm_model": "/home/xianyang/t3-aimnet-models/wb97m_cpcms_v2_0.jpt",
  "complex_fmax_ev_a": 0.002,
  "complex_max_steps": 1000,
  "n_complex_optimization_converged": 9,
  "minimized_poses": "/home/xianyang/aimnet2_score_pipelines/work/fixed-pocket-benchmarks-20260906/t3/L1/P50053/aimnet2_score.minimized.sdf",
  "bound_refinement": "gas-phase ligand-in-fixed-pocket FIRE; no isolated bound refinement",
  "n_requested": 10,
  "n_scored": 10,
  "n_errors": 0,
  "n_optimization_converged": 10,
  "elapsed_seconds_this_run": 146.92421425203793,
  "output": "/home/xianyang/aimnet2_score_pipelines/work/fixed-pocket-benchmarks-20260906/t3/L1/P50053/aimnet2_score.csv"
}
 mol_id  aimnet_interaction_kcal_mol  desolvation_kcal_mol  local_strain_kcal_mol  aimnet2_composite_kcal_mol  optimization_converged
    167                  -102.363147             10.471867              24.019421                  -67.871859                    True
  19531                  -101.528992             13.008479              39.612448                  -48.908065                    True
  24618                   -69.153995             13.024754              17.281337                  -38.847905                    True
  54615                  -288.416356             44.888164             126.964697                 -116.563495                    True
  64410                   -70.459521             11.448912              12.451183                  -46.559426                    True
  75542                   -62.908051             10.131606              23.424414                  -29.352030                    True
  97821                   -69.818231             10.875805              18.907006                  -40.035419                    True
 107700                  -103.031914             14.392484              35.808907                  -52.830523                    True
 132156                   -64.092575              9.224875              27.573437                  -27.294262                    True
 139579                   -79.980504             16.635649              37.584765                  -25.760090                    True
