Bound geometry uses fixed-pocket gas FIRE. Legacy CPCM bound-refinement options are ignored.
/home/xianyang/miniconda3/envs/t3-aimnet/lib/python3.11/site-packages/aimnet/models/base.py:85: UserWarning: 'torch.load' received a zip file that looks like a TorchScript archive dispatching to 'torch.jit.load' (call 'torch.jit.load' directly to silence this warning)
  data = torch.load(path, map_location=device, weights_only=True)
/home/xianyang/miniconda3/envs/t3-aimnet/lib/python3.11/site-packages/torch/jit/_serialization.py:176: FutureWarning: `torch.jit.load` is deprecated. Please switch to `torch.export`.
  warnings.warn(
/home/xianyang/miniconda3/envs/t3-aimnet/lib/python3.11/site-packages/torch/jit/_serialization.py:176: FutureWarning: `torch.jit.load` is deprecated. Please switch to `torch.export`.
  warnings.warn(
1/10 mol_id=4124 Eint=-20.215 desolv=6.148 strain=13.958 score=-0.109 steps=510 converged=True
2/10 mol_id=12360 Eint=-33.191 desolv=11.876 strain=15.292 score=-6.023 steps=664 converged=True
3/10 mol_id=19284 Eint=-83.588 desolv=8.739 strain=19.536 score=-55.314 steps=851 converged=True
4/10 mol_id=45224 Eint=-17.042 desolv=8.786 strain=14.849 score=6.593 steps=489 converged=True
5/10 mol_id=57801 Eint=-44.038 desolv=8.841 strain=16.513 score=-18.684 steps=566 converged=True
6/10 mol_id=67332 Eint=-37.936 desolv=6.051 strain=19.690 score=-12.195 steps=1000 converged=False
7/10 mol_id=76146 Eint=-10.708 desolv=10.048 strain=20.994 score=20.334 steps=476 converged=True
8/10 mol_id=84015 Eint=8.005 desolv=7.786 strain=16.746 score=32.537 steps=1000 converged=False
9/10 mol_id=107192 Eint=-20.868 desolv=10.415 strain=9.134 score=-1.319 steps=703 converged=True
10/10 mol_id=123336 Eint=-50.242 desolv=11.342 strain=15.803 score=-23.097 steps=674 converged=True
wrote 10 rows to /home/xianyang/aimnet2_score_pipelines/work/fixed-pocket-benchmarks-20260906/t3/L3/Q15878/aimnet2_score.csv in 83.68 s
{
  "scope": "reference reconstruction; not an exact reproduction of the unreleased AIMNet2(Score) workflow",
  "score_definition": "Eint + Edesolv + ELCSE; lower is better",
  "interaction_geometry": "fixed_pocket_gas_minimized_v1",
  "pocket": "/home/xianyang/aimnet2_score_pipelines/work/correction-20260906/t3/L3/Q15878/pocket.pdb",
  "pocket_charge": 0,
  "gas_model": "/home/xianyang/t3-aimnet-models/aimnet2_wb97m_0.jpt",
  "cpcm_model": "/home/xianyang/t3-aimnet-models/wb97m_cpcms_v2_0.jpt",
  "complex_fmax_ev_a": 0.002,
  "complex_max_steps": 1000,
  "n_complex_optimization_converged": 10,
  "minimized_poses": "/home/xianyang/aimnet2_score_pipelines/work/fixed-pocket-benchmarks-20260906/t3/L3/Q15878/aimnet2_score.minimized.sdf",
  "bound_refinement": "gas-phase ligand-in-fixed-pocket FIRE; no isolated bound refinement",
  "n_requested": 10,
  "n_scored": 10,
  "n_errors": 0,
  "n_optimization_converged": 8,
  "elapsed_seconds_this_run": 83.68010471109301,
  "output": "/home/xianyang/aimnet2_score_pipelines/work/fixed-pocket-benchmarks-20260906/t3/L3/Q15878/aimnet2_score.csv"
}
 mol_id  aimnet_interaction_kcal_mol  desolvation_kcal_mol  local_strain_kcal_mol  aimnet2_composite_kcal_mol  optimization_converged
   4124                   -20.214880              6.148088              13.957663                   -0.109128                    True
  12360                   -33.190905             11.876475              15.291916                   -6.022514                    True
  19284                   -83.588097              8.738696              19.535601                  -55.313801                    True
  45224                   -17.042497              8.785772              14.849393                    6.592667                    True
  57801                   -44.038480              8.841133              16.513132                  -18.684215                    True
  67332                   -37.936235              6.051339              19.689872                  -12.195024                   False
  76146                   -10.708381             10.048029              20.993995                   20.333643                    True
  84015                     8.004961              7.786080              16.745701                   32.536742                   False
 107192                   -20.868299             10.414776               9.134358                   -1.319165                    True
 123336                   -50.241957             11.342407              15.802517                  -23.097033                    True
