Bound geometry uses fixed-pocket gas FIRE. Legacy CPCM bound-refinement options are ignored.
/home/xianyang/miniconda3/envs/t3-aimnet/lib/python3.11/site-packages/aimnet/models/base.py:85: UserWarning: 'torch.load' received a zip file that looks like a TorchScript archive dispatching to 'torch.jit.load' (call 'torch.jit.load' directly to silence this warning)
  data = torch.load(path, map_location=device, weights_only=True)
/home/xianyang/miniconda3/envs/t3-aimnet/lib/python3.11/site-packages/torch/jit/_serialization.py:176: FutureWarning: `torch.jit.load` is deprecated. Please switch to `torch.export`.
  warnings.warn(
/home/xianyang/miniconda3/envs/t3-aimnet/lib/python3.11/site-packages/torch/jit/_serialization.py:176: FutureWarning: `torch.jit.load` is deprecated. Please switch to `torch.export`.
  warnings.warn(
1/10 mol_id=1812 Eint=-143.313 desolv=12.484 strain=47.528 score=-83.301 steps=302 converged=True
2/10 mol_id=1814 Eint=-173.384 desolv=19.533 strain=58.831 score=-95.020 steps=773 converged=True
3/10 mol_id=16940 Eint=-372.963 desolv=25.936 strain=177.237 score=-169.790 steps=475 converged=True
4/10 mol_id=38653 Eint=-106.008 desolv=11.452 strain=19.727 score=-74.829 steps=185 converged=True
5/10 mol_id=44625 Eint=-161.244 desolv=16.206 strain=59.326 score=-85.712 steps=661 converged=True
6/10 mol_id=52639 Eint=-332.137 desolv=27.318 strain=133.560 score=-171.259 steps=564 converged=True
7/10 mol_id=62123 Eint=-91.800 desolv=-0.400 strain=26.528 score=-65.672 steps=640 converged=True
8/10 mol_id=62474 Eint=-121.301 desolv=12.586 strain=31.444 score=-77.271 steps=277 converged=True
9/10 mol_id=70772 Eint=-301.007 desolv=21.885 strain=128.878 score=-150.244 steps=1000 converged=False
10/10 mol_id=100526 Eint=-92.293 desolv=12.498 strain=33.589 score=-46.205 steps=908 converged=True
wrote 10 rows to /home/xianyang/aimnet2_score_pipelines/work/fixed-pocket-benchmarks-20260906/t3/L1/P08922/aimnet2_score.csv in 153.03 s
{
  "scope": "reference reconstruction; not an exact reproduction of the unreleased AIMNet2(Score) workflow",
  "score_definition": "Eint + Edesolv + ELCSE; lower is better",
  "interaction_geometry": "fixed_pocket_gas_minimized_v1",
  "pocket": "/home/xianyang/aimnet2_score_pipelines/work/correction-20260906/t3/L1/P08922/pocket.pdb",
  "pocket_charge": 0,
  "gas_model": "/home/xianyang/t3-aimnet-models/aimnet2_wb97m_0.jpt",
  "cpcm_model": "/home/xianyang/t3-aimnet-models/wb97m_cpcms_v2_0.jpt",
  "complex_fmax_ev_a": 0.002,
  "complex_max_steps": 1000,
  "n_complex_optimization_converged": 8,
  "minimized_poses": "/home/xianyang/aimnet2_score_pipelines/work/fixed-pocket-benchmarks-20260906/t3/L1/P08922/aimnet2_score.minimized.sdf",
  "bound_refinement": "gas-phase ligand-in-fixed-pocket FIRE; no isolated bound refinement",
  "n_requested": 10,
  "n_scored": 10,
  "n_errors": 0,
  "n_optimization_converged": 9,
  "elapsed_seconds_this_run": 153.03481482504867,
  "output": "/home/xianyang/aimnet2_score_pipelines/work/fixed-pocket-benchmarks-20260906/t3/L1/P08922/aimnet2_score.csv"
}
 mol_id  aimnet_interaction_kcal_mol  desolvation_kcal_mol  local_strain_kcal_mol  aimnet2_composite_kcal_mol  optimization_converged
   1812                  -143.312511             12.484089              47.527768                  -83.300654                    True
   1814                  -173.384102             19.533333              58.830781                  -95.019988                    True
  16940                  -372.963232             25.935980             177.237435                 -169.789816                    True
  38653                  -106.007637             11.451926              19.726960                  -74.828751                    True
  44625                  -161.244031             16.205733              59.326261                  -85.712037                    True
  52639                  -332.137189             27.318094             133.559893                 -171.259202                    True
  62123                   -91.799724             -0.400083              26.528169                  -65.671639                    True
  62474                  -121.301241             12.585621              31.444441                  -77.271178                    True
  70772                  -301.007394             21.884900             128.878459                 -150.244034                   False
 100526                   -92.292754             12.498088              33.589478                  -46.205187                    True
