Bound geometry uses fixed-pocket gas FIRE. Legacy CPCM bound-refinement options are ignored.
/home/xianyang/miniconda3/envs/t3-aimnet/lib/python3.11/site-packages/aimnet/models/base.py:85: UserWarning: 'torch.load' received a zip file that looks like a TorchScript archive dispatching to 'torch.jit.load' (call 'torch.jit.load' directly to silence this warning)
  data = torch.load(path, map_location=device, weights_only=True)
/home/xianyang/miniconda3/envs/t3-aimnet/lib/python3.11/site-packages/torch/jit/_serialization.py:176: FutureWarning: `torch.jit.load` is deprecated. Please switch to `torch.export`.
  warnings.warn(
/home/xianyang/miniconda3/envs/t3-aimnet/lib/python3.11/site-packages/torch/jit/_serialization.py:176: FutureWarning: `torch.jit.load` is deprecated. Please switch to `torch.export`.
  warnings.warn(
1/10 mol_id=16466 Eint=-76.365 desolv=4.541 strain=20.760 score=-51.064 steps=1000 converged=False
2/10 mol_id=18761 Eint=-63.961 desolv=12.606 strain=8.619 score=-42.736 steps=387 converged=True
3/10 mol_id=21838 Eint=-63.198 desolv=15.660 strain=10.173 score=-37.365 steps=476 converged=True
4/10 mol_id=72366 Eint=-76.890 desolv=14.195 strain=18.477 score=-44.217 steps=431 converged=True
5/10 mol_id=75604 Eint=-54.038 desolv=12.953 strain=10.120 score=-30.966 steps=557 converged=True
6/10 mol_id=92711 Eint=-44.336 desolv=7.454 strain=8.808 score=-28.075 steps=263 converged=True
7/10 mol_id=119020 Eint=-63.355 desolv=15.439 strain=14.979 score=-32.936 steps=467 converged=True
8/10 mol_id=131764 Eint=-80.039 desolv=14.292 strain=31.264 score=-34.483 steps=461 converged=True
9/10 mol_id=132810 Eint=-55.641 desolv=6.465 strain=14.674 score=-34.502 steps=241 converged=True
10/10 mol_id=145653 Eint=-75.216 desolv=13.960 strain=17.816 score=-43.440 steps=1000 converged=False
wrote 10 rows to /home/xianyang/aimnet2_score_pipelines/work/aimnet2025-benchmarks-20260906/t3/L3/Q9NPC1/aimnet2_score.csv in 77.37 s
{
  "scope": "reference reconstruction; not an exact reproduction of the unreleased AIMNet2(Score) workflow",
  "score_definition": "Eint + Edesolv + ELCSE; lower is better",
  "interaction_geometry": "fixed_pocket_aimnet2025_minimized_v2",
  "pocket": "/home/xianyang/aimnet2_score_pipelines/work/correction-20260906/t3/L3/Q9NPC1/pocket.pdb",
  "pocket_charge": 0,
  "gas_model": "/home/xianyang/t3-aimnet-models/aimnet2_wb97m_0.jpt",
  "interaction_model": "aimnet2-2025",
  "interaction_members": [
    "aimnet2-2025"
  ],
  "cpcm_model": "/home/xianyang/t3-aimnet-models/wb97m_cpcms_v2_0.jpt",
  "complex_fmax_ev_a": 0.002,
  "complex_max_steps": 1000,
  "n_complex_optimization_converged": 10,
  "minimized_poses": "/home/xianyang/aimnet2_score_pipelines/work/aimnet2025-benchmarks-20260906/t3/L3/Q9NPC1/aimnet2_score.minimized.sdf",
  "bound_refinement": "AIMNet2(2025) ligand-in-fixed-pocket FIRE; no isolated bound refinement",
  "n_requested": 10,
  "n_scored": 10,
  "n_errors": 0,
  "n_optimization_converged": 8,
  "elapsed_seconds_this_run": 77.37276420800481,
  "output": "/home/xianyang/aimnet2_score_pipelines/work/aimnet2025-benchmarks-20260906/t3/L3/Q9NPC1/aimnet2_score.csv"
}
 mol_id  aimnet_interaction_kcal_mol  desolvation_kcal_mol  local_strain_kcal_mol  aimnet2_composite_kcal_mol  optimization_converged
  16466                   -76.365195              4.540632              20.760385                  -51.064177                   False
  18761                   -63.960588             12.605738               8.618552                  -42.736298                    True
  21838                   -63.198390             15.660099              10.173072                  -37.365219                    True
  72366                   -76.890277             14.195420              18.477374                  -44.217483                    True
  75604                   -54.038499             12.952590              10.120372                  -30.965538                    True
  92711                   -44.336493              7.453973               8.807547                  -28.074973                    True
 119020                   -63.354670             15.439160              14.979169                  -32.936341                    True
 131764                   -80.038748             14.292032              31.263795                  -34.482921                    True
 132810                   -55.641434              6.465120              14.673840                  -34.502474                    True
 145653                   -75.216383             13.959970              17.816458                  -43.439955                   False
