Bound geometry uses fixed-pocket gas FIRE. Legacy CPCM bound-refinement options are ignored.
/home/xianyang/miniconda3/envs/t3-aimnet/lib/python3.11/site-packages/aimnet/models/base.py:85: UserWarning: 'torch.load' received a zip file that looks like a TorchScript archive dispatching to 'torch.jit.load' (call 'torch.jit.load' directly to silence this warning)
  data = torch.load(path, map_location=device, weights_only=True)
/home/xianyang/miniconda3/envs/t3-aimnet/lib/python3.11/site-packages/torch/jit/_serialization.py:176: FutureWarning: `torch.jit.load` is deprecated. Please switch to `torch.export`.
  warnings.warn(
/home/xianyang/miniconda3/envs/t3-aimnet/lib/python3.11/site-packages/torch/jit/_serialization.py:176: FutureWarning: `torch.jit.load` is deprecated. Please switch to `torch.export`.
  warnings.warn(
1/10 mol_id=47771 Eint=-66.386 desolv=14.631 strain=27.114 score=-24.641 steps=455 converged=True
2/10 mol_id=56692 Eint=-59.612 desolv=13.730 strain=28.833 score=-17.049 steps=188 converged=True
3/10 mol_id=78778 Eint=-70.981 desolv=13.754 strain=38.516 score=-18.711 steps=528 converged=True
4/10 mol_id=90170 Eint=-48.319 desolv=7.643 strain=24.235 score=-16.442 steps=509 converged=True
5/10 mol_id=90556 Eint=-50.695 desolv=9.973 strain=31.534 score=-9.188 steps=233 converged=True
6/10 mol_id=92446 Eint=-19.270 desolv=15.549 strain=19.598 score=15.877 steps=352 converged=True
7/10 mol_id=100001 Eint=-64.277 desolv=13.906 strain=32.848 score=-17.524 steps=378 converged=True
8/10 mol_id=120558 Eint=-26.898 desolv=10.663 strain=22.111 score=5.876 steps=293 converged=True
9/10 mol_id=126242 Eint=-15.382 desolv=18.962 strain=30.011 score=33.591 steps=736 converged=True
10/10 mol_id=128854 Eint=-38.156 desolv=17.134 strain=27.090 score=6.068 steps=642 converged=True
wrote 10 rows to /home/xianyang/aimnet2_score_pipelines/work/fixed-pocket-benchmarks-20260906/t3/L4/Q96PC2/aimnet2_score.csv in 85.71 s
{
  "scope": "reference reconstruction; not an exact reproduction of the unreleased AIMNet2(Score) workflow",
  "score_definition": "Eint + Edesolv + ELCSE; lower is better",
  "interaction_geometry": "fixed_pocket_gas_minimized_v1",
  "pocket": "/home/xianyang/aimnet2_score_pipelines/work/correction-20260906/t3/L4/Q96PC2/pocket.pdb",
  "pocket_charge": 0,
  "gas_model": "/home/xianyang/t3-aimnet-models/aimnet2_wb97m_0.jpt",
  "cpcm_model": "/home/xianyang/t3-aimnet-models/wb97m_cpcms_v2_0.jpt",
  "complex_fmax_ev_a": 0.002,
  "complex_max_steps": 1000,
  "n_complex_optimization_converged": 10,
  "minimized_poses": "/home/xianyang/aimnet2_score_pipelines/work/fixed-pocket-benchmarks-20260906/t3/L4/Q96PC2/aimnet2_score.minimized.sdf",
  "bound_refinement": "gas-phase ligand-in-fixed-pocket FIRE; no isolated bound refinement",
  "n_requested": 10,
  "n_scored": 10,
  "n_errors": 0,
  "n_optimization_converged": 10,
  "elapsed_seconds_this_run": 85.70507649797946,
  "output": "/home/xianyang/aimnet2_score_pipelines/work/fixed-pocket-benchmarks-20260906/t3/L4/Q96PC2/aimnet2_score.csv"
}
 mol_id  aimnet_interaction_kcal_mol  desolvation_kcal_mol  local_strain_kcal_mol  aimnet2_composite_kcal_mol  optimization_converged
  47771                   -66.385959             14.631333              27.113798                  -24.640827                    True
  56692                   -59.611707             13.729677              28.832910                  -17.049121                    True
  78778                   -70.981454             13.754165              38.516491                  -18.710797                    True
  90170                   -48.319019              7.642658              24.234583                  -16.441779                    True
  90556                   -50.695003              9.972929              31.533769                   -9.188305                    True
  92446                   -19.270430             15.548898              19.598074                   15.876542                    True
 100001                   -64.277319             13.905866              32.847666                  -17.523787                    True
 120558                   -26.897643             10.663274              22.110581                    5.876211                    True
 126242                   -15.381673             18.961721              30.010943                   33.590991                    True
 128854                   -38.155928             17.133739              27.089809                    6.067620                    True
