Bound geometry uses fixed-pocket gas FIRE. Legacy CPCM bound-refinement options are ignored.
/home/xianyang/miniconda3/envs/t3-aimnet/lib/python3.11/site-packages/aimnet/models/base.py:85: UserWarning: 'torch.load' received a zip file that looks like a TorchScript archive dispatching to 'torch.jit.load' (call 'torch.jit.load' directly to silence this warning)
  data = torch.load(path, map_location=device, weights_only=True)
/home/xianyang/miniconda3/envs/t3-aimnet/lib/python3.11/site-packages/torch/jit/_serialization.py:176: FutureWarning: `torch.jit.load` is deprecated. Please switch to `torch.export`.
  warnings.warn(
/home/xianyang/miniconda3/envs/t3-aimnet/lib/python3.11/site-packages/torch/jit/_serialization.py:176: FutureWarning: `torch.jit.load` is deprecated. Please switch to `torch.export`.
  warnings.warn(
1/10 mol_id=13708 Eint=-128.196 desolv=13.068 strain=86.901 score=-28.228 steps=379 converged=True
2/10 mol_id=15042 Eint=-110.681 desolv=14.361 strain=80.859 score=-15.460 steps=714 converged=True
3/10 mol_id=16998 Eint=-58.111 desolv=12.233 strain=26.544 score=-19.334 steps=490 converged=True
4/10 mol_id=38303 Eint=-207.116 desolv=18.703 strain=131.249 score=-57.164 steps=555 converged=True
5/10 mol_id=46537 Eint=-234.180 desolv=34.050 strain=100.140 score=-99.989 steps=607 converged=True
6/10 mol_id=60167 Eint=-40.560 desolv=3.418 strain=29.107 score=-8.035 steps=518 converged=True
7/10 mol_id=70458 Eint=-25.982 desolv=3.847 strain=31.061 score=8.926 steps=435 converged=True
8/10 mol_id=99833 Eint=-51.978 desolv=11.414 strain=22.643 score=-17.921 steps=844 converged=True
9/10 mol_id=110461 Eint=-204.631 desolv=10.869 strain=48.259 score=-145.503 steps=705 converged=True
10/10 mol_id=128818 Eint=-34.909 desolv=12.405 strain=14.635 score=-7.869 steps=622 converged=True
wrote 10 rows to /home/xianyang/aimnet2_score_pipelines/work/fixed-pocket-benchmarks-20260906/t3/L4/P50052/aimnet2_score.csv in 82.00 s
{
  "scope": "reference reconstruction; not an exact reproduction of the unreleased AIMNet2(Score) workflow",
  "score_definition": "Eint + Edesolv + ELCSE; lower is better",
  "interaction_geometry": "fixed_pocket_gas_minimized_v1",
  "pocket": "/home/xianyang/aimnet2_score_pipelines/work/correction-20260906/t3/L4/P50052/pocket.pdb",
  "pocket_charge": 0,
  "gas_model": "/home/xianyang/t3-aimnet-models/aimnet2_wb97m_0.jpt",
  "cpcm_model": "/home/xianyang/t3-aimnet-models/wb97m_cpcms_v2_0.jpt",
  "complex_fmax_ev_a": 0.002,
  "complex_max_steps": 1000,
  "n_complex_optimization_converged": 10,
  "minimized_poses": "/home/xianyang/aimnet2_score_pipelines/work/fixed-pocket-benchmarks-20260906/t3/L4/P50052/aimnet2_score.minimized.sdf",
  "bound_refinement": "gas-phase ligand-in-fixed-pocket FIRE; no isolated bound refinement",
  "n_requested": 10,
  "n_scored": 10,
  "n_errors": 0,
  "n_optimization_converged": 10,
  "elapsed_seconds_this_run": 82.00004404599895,
  "output": "/home/xianyang/aimnet2_score_pipelines/work/fixed-pocket-benchmarks-20260906/t3/L4/P50052/aimnet2_score.csv"
}
 mol_id  aimnet_interaction_kcal_mol  desolvation_kcal_mol  local_strain_kcal_mol  aimnet2_composite_kcal_mol  optimization_converged
  13708                  -128.196352             13.067680              86.900817                  -28.227854                    True
  15042                  -110.680815             14.361258              80.859137                  -15.460420                    True
  16998                   -58.110725             12.232522              26.544132                  -19.334071                    True
  38303                  -207.116477             18.703433             131.249057                  -57.163987                    True
  46537                  -234.179510             34.049651             100.140427                  -99.989432                    True
  60167                   -40.560104              3.418363              29.106665                   -8.035076                    True
  70458                   -25.981525              3.846501              31.061348                    8.926325                    True
  99833                   -51.977956             11.413550              22.643036                  -17.921370                    True
 110461                  -204.631228             10.869324              48.259399                 -145.502506                    True
 128818                   -34.909101             12.405383              14.634642                   -7.869075                    True
