Bound geometry uses fixed-pocket gas FIRE. Legacy CPCM bound-refinement options are ignored.
/home/xianyang/miniconda3/envs/t3-aimnet/lib/python3.11/site-packages/aimnet/models/base.py:85: UserWarning: 'torch.load' received a zip file that looks like a TorchScript archive dispatching to 'torch.jit.load' (call 'torch.jit.load' directly to silence this warning)
  data = torch.load(path, map_location=device, weights_only=True)
/home/xianyang/miniconda3/envs/t3-aimnet/lib/python3.11/site-packages/torch/jit/_serialization.py:176: FutureWarning: `torch.jit.load` is deprecated. Please switch to `torch.export`.
  warnings.warn(
/home/xianyang/miniconda3/envs/t3-aimnet/lib/python3.11/site-packages/torch/jit/_serialization.py:176: FutureWarning: `torch.jit.load` is deprecated. Please switch to `torch.export`.
  warnings.warn(
1/20 mol_id=1018 Eint=-744.266 desolv=20.264 strain=292.476 score=-431.526 steps=257 converged=True
2/20 mol_id=2055 Eint=-1093.125 desolv=10.671 strain=441.585 score=-640.870 steps=422 converged=True
3/20 mol_id=3039 Eint=-788.104 desolv=59.307 strain=253.827 score=-474.970 steps=398 converged=True
4/20 mol_id=4037 Eint=-852.052 desolv=14.036 strain=251.581 score=-586.435 steps=550 converged=True
5/20 mol_id=5043 Eint=-1388.203 desolv=35.335 strain=408.495 score=-944.373 steps=474 converged=True
6/20 mol_id=6047 Eint=-477.530 desolv=16.470 strain=78.569 score=-382.492 steps=477 converged=True
7/20 mol_id=7050 Eint=-787.720 desolv=70.516 strain=176.777 score=-540.428 steps=239 converged=True
8/20 mol_id=8033 Eint=-1121.878 desolv=13.280 strain=457.242 score=-651.355 steps=270 converged=True
9/20 mol_id=9001 Eint=-1537.313 desolv=11.089 strain=777.090 score=-749.134 steps=342 converged=True
10/20 mol_id=10086 Eint=-533.948 desolv=-0.435 strain=258.457 score=-275.926 steps=223 converged=True
11/20 mol_id=11033 Eint=-692.351 desolv=23.671 strain=317.843 score=-350.836 steps=618 converged=True
12/20 mol_id=12022 Eint=-327.922 desolv=68.412 strain=52.418 score=-207.092 steps=379 converged=True
13/20 mol_id=13034 Eint=-700.615 desolv=15.807 strain=232.605 score=-452.203 steps=848 converged=True
14/20 mol_id=14096 Eint=-562.604 desolv=14.698 strain=185.841 score=-362.065 steps=385 converged=True
15/20 mol_id=15046 Eint=-1113.343 desolv=41.993 strain=460.591 score=-610.758 steps=776 converged=True
16/20 mol_id=16042 Eint=-576.384 desolv=59.776 strain=203.597 score=-313.011 steps=756 converged=True
17/20 mol_id=17082 Eint=-885.693 desolv=66.958 strain=213.619 score=-605.116 steps=770 converged=True
18/20 mol_id=18026 Eint=-692.450 desolv=85.630 strain=140.832 score=-465.987 steps=377 converged=True
19/20 mol_id=19080 Eint=-736.751 desolv=19.364 strain=208.599 score=-508.789 steps=300 converged=True
20/20 mol_id=20001 Eint=-1299.231 desolv=29.568 strain=551.560 score=-718.104 steps=339 converged=True
wrote 20 rows to /home/xianyang/aimnet2_score_pipelines/work/fixed-pocket-benchmarks-20260906/casf/2fvd/aimnet2_composite_rerank.csv in 157.19 s
{
  "scope": "reference reconstruction; not an exact reproduction of the unreleased AIMNet2(Score) workflow",
  "score_definition": "Eint + Edesolv + ELCSE; lower is better",
  "interaction_geometry": "fixed_pocket_gas_minimized_v1",
  "pocket": "/home/xianyang/aimnet2_score_pipelines/work/correction-20260906/casf/2fvd/pocket.pdb",
  "pocket_charge": 0,
  "gas_model": "/home/xianyang/t3-aimnet-models/aimnet2_wb97m_0.jpt",
  "cpcm_model": "/home/xianyang/t3-aimnet-models/wb97m_cpcms_v2_0.jpt",
  "complex_fmax_ev_a": 0.002,
  "complex_max_steps": 1000,
  "n_complex_optimization_converged": 18,
  "minimized_poses": "/home/xianyang/aimnet2_score_pipelines/work/fixed-pocket-benchmarks-20260906/casf/2fvd/aimnet2_composite_rerank.minimized.sdf",
  "bound_refinement": "gas-phase ligand-in-fixed-pocket FIRE; no isolated bound refinement",
  "n_requested": 20,
  "n_scored": 20,
  "n_errors": 0,
  "n_optimization_converged": 20,
  "elapsed_seconds_this_run": 157.1943779860012,
  "output": "/home/xianyang/aimnet2_score_pipelines/work/fixed-pocket-benchmarks-20260906/casf/2fvd/aimnet2_composite_rerank.csv",
  "n_actives": 1,
  "n_decoys": 19,
  "ef1_percent": 0.0,
  "ef1_top_n": 1,
  "ef1_actives_in_top_n": 0,
  "auroc": 0.0,
  "composite_vs_interaction_spearman": 0.9609022556390976
}
 mol_id  aimnet_interaction_kcal_mol  desolvation_kcal_mol  local_strain_kcal_mol  aimnet2_composite_kcal_mol  optimization_converged
   1018                  -744.266109             20.264325             292.475523                 -431.526261                    True
   2055                 -1093.125470             10.670961             441.584884                 -640.869625                    True
   3039                  -788.104285             59.307011             253.827061                 -474.970212                    True
   4037                  -852.052248             14.035966             251.581009                 -586.435274                    True
   5043                 -1388.203032             35.334606             408.495275                 -944.373151                    True
   6047                  -477.530378             16.469554              78.568692                 -382.492132                    True
   7050                  -787.720307             70.515961             176.776676                 -540.427669                    True
   8033                 -1121.877626             13.280411             457.241934                 -651.355281                    True
   9001                 -1537.313193             11.089142             777.090351                 -749.133701                    True
  10086                  -533.947805             -0.435339             258.457409                 -275.925735                    True
  11033                  -692.350513             23.671208             317.843035                 -350.836270                    True
  12022                  -327.921540             68.411748              52.417559                 -207.092233                    True
  13034                  -700.614952             15.806997             232.604613                 -452.203341                    True
  14096                  -562.603833             14.697906             185.841297                 -362.064630                    True
  15046                 -1113.342513             41.993426             460.591373                 -610.757715                    True
  16042                  -576.384175             59.775872             203.596827                 -313.011476                    True
  17082                  -885.693057             66.957766             213.618810                 -605.116480                    True
  18026                  -692.449749             85.630344             140.832060                 -465.987345                    True
  19080                  -736.751466             19.363574             208.598897                 -508.788995                    True
  20001                 -1299.231218             29.567829             551.559780                 -718.103609                    True
