pocket_atoms=322 poses=2000 cuda=True
processed=4/2000
processed=100/2000
processed=200/2000
processed=300/2000
processed=400/2000
processed=500/2000
processed=600/2000
processed=700/2000
processed=800/2000
processed=900/2000
processed=1000/2000
processed=1100/2000
processed=1200/2000
processed=1300/2000
processed=1400/2000
processed=1500/2000
processed=1600/2000
processed=1700/2000
processed=1800/2000
processed=1900/2000
processed=2000/2000
{
  "score_definition": "E_complex - E_pocket - E_ligand; lower is better",
  "n_input_poses": 2000,
  "n_scored_poses": 2000,
  "n_ligands": 20,
  "n_best_poses": 20,
  "pocket_atoms": 322,
  "pocket_formal_charge": 0,
  "elapsed_seconds": 4.845436334609985
}
 mol_id ligand_pdb  pose_index  label  ligunity_rank  ligunity_score  formal_charge  aimnet_complex_eV  aimnet_pocket_eV  aimnet_ligand_eV  aimnet_interaction_kcal_mol error  aimnet_interaction_rank
  11051       4wiv          51      0             11        0.495605              0     -404184.535431    -372535.185654     -31638.552389                  -248.993693                              1
  15095       4ogj          95      0             15        0.495605              1     -427031.292405    -372535.185654     -54487.487314                  -198.768950                              2
   6005       4eky           5      1              6        0.552246              0     -405714.534472    -372535.185654     -33171.025576                  -191.938529                              3
  16097       2wbg          97      0             16        0.385254              0     -401755.792059    -372535.185654     -29212.562613                  -185.494252                              4
   1079       2xnb          79      0              1        0.646973              1     -414419.519494    -372535.185654     -41876.340281                  -184.335860                              5
   4004       2fvd           4      0              4        0.646973              0     -423435.102731    -372535.185654     -50891.952198                  -183.674489                              6
  18073       2j7h          73      0             18        0.385254              2     -387050.926627    -372535.185654     -14507.810981                  -182.869977                              7
   8005       3ebp           5      1              8        0.552246              1     -418885.153223    -372535.185654     -46342.706570                  -167.442626                              8
   3028       1pxn          28      0              3        0.646973              0     -408659.282557    -372535.185654     -36116.936918                  -165.113176                              9
   5084       3pxf          84      0              5        0.646973              0     -407777.328832    -372535.185654     -35235.121661                  -161.920050                             10
   2059       4eor          59      0              2        0.646973              0     -417454.248285    -372535.185654     -44912.073910                  -161.163753                             11
  13025       3u5j          25      0             13        0.495605              0     -408850.503016    -372535.185654     -36308.539358                  -156.304492                             12
  20088       2j78          88      0             20        0.385254              0     -392162.244532    -372535.185654     -19620.767109                  -145.091628                             13
  14003       3p5o           3      0             14        0.495605              0     -419761.246698    -372535.185654     -47220.041670                  -138.810084                             14
  10095       3syr          95      1             10        0.552246              0     -403134.564428    -372535.185654     -30593.513997                  -135.244981                             15
   9098       3l7b          98      1              9        0.552246              0     -400547.719252    -372535.185654     -28006.874636                  -130.498760                             16
  17041       2cet          41      0             17        0.385254              0     -400612.834365    -372535.185654     -28072.134954                  -127.150275                             17
  19088       2cbv          88      0             19        0.385254              1     -389690.983943    -372535.185654     -17150.758899                  -116.211088                             18
   7094       3g2n          94      1              7        0.552246              0     -400057.082710    -372535.185654     -27517.222162                  -107.805621                             19
  12066       4lzs          66      0             12        0.495605              0     -391272.841969    -372535.185654     -18733.270025                  -101.150245                             20
