pocket_atoms=705 poses=2000 cuda=True
processed=4/2000
processed=100/2000
processed=200/2000
processed=300/2000
processed=400/2000
processed=500/2000
processed=600/2000
processed=700/2000
processed=800/2000
processed=900/2000
processed=1000/2000
processed=1100/2000
processed=1200/2000
processed=1300/2000
processed=1400/2000
processed=1500/2000
processed=1600/2000
processed=1700/2000
processed=1800/2000
processed=1900/2000
processed=2000/2000
{
  "score_definition": "E_complex - E_pocket - E_ligand; lower is better",
  "n_input_poses": 2000,
  "n_scored_poses": 2000,
  "n_ligands": 20,
  "n_best_poses": 20,
  "pocket_atoms": 705,
  "pocket_formal_charge": 0,
  "elapsed_seconds": 12.86938762664795
}
 mol_id ligand_pdb  pose_index  label  ligunity_rank  ligunity_score  formal_charge  aimnet_complex_eV  aimnet_pocket_eV  aimnet_ligand_eV  aimnet_interaction_kcal_mol error  aimnet_interaction_rank
  13059       3qqs          59      0             13        0.304199             -2     -844725.186690    -820396.981104     -24310.565371                  -406.793018                              1
   7010       3zso          10      0              7        0.351074              0     -874541.776745    -820396.981104     -54129.722718                  -347.589873                              2
  10011       4cig          11      0             10        0.351074              0     -865202.422651    -820396.981104     -44791.571674                  -319.846877                              3
   8004       3zsx           4      0              8        0.351074              0     -862025.574114    -820396.981104     -41615.803443                  -294.934426                              4
  12030       4gkm          30      0             12        0.313721             -2     -845809.519469    -820396.981104     -25400.587183                  -275.600820                              5
   1029       3gnw          29      1              1        0.720215              0     -884400.146058    -820396.981104     -63991.401934                  -271.261690                              6
  20035       1a30          35      0             20        0.243652             -2     -857169.747365    -820396.981104     -36761.522532                  -259.286559                              7
  16090       3ge7          90      0             16        0.252686              1     -851967.669373    -820396.981104     -31561.448705                  -213.069425                              8
  15079       3gc5          79      0             15        0.252686              1     -845571.144968    -820396.981104     -25164.925972                  -213.030841                              9
   4035       4eo8          35      1              4        0.583008              0     -862585.581265    -820396.981104     -42179.427083                  -211.536208                             10
   9092       3zt2          92      0              9        0.351074             -1     -849472.489727    -820396.981104     -29066.997842                  -196.263276                             11
   3089       4ih5          89      1              3        0.583008              0     -840902.509561    -820396.981104     -20497.099669                  -194.372471                             12
   5080       3cj4          80      1              5        0.583008             -1     -920657.176654    -820396.981104    -100252.313528                  -181.763759                             13
  14026       3twp          26      0             14        0.304199             -1     -833881.311803    -820396.981104     -13476.622255                  -177.760958                             14
   6013       4owm          13      0              6        0.354492             -1     -836040.136692    -820396.981104     -15635.681689                  -172.352209                             15
  17094       3rr4          94      0             17        0.252686              0     -842982.454258    -820396.981104     -22578.723939                  -155.640608                             16
  19049       1r5y          49      0             19        0.252686              0     -836829.124328    -820396.981104     -16425.783457                  -146.659709                             17
   2054       4ih7          54      1              2        0.583008              0     -839761.239003    -820396.981104     -19358.021739                  -143.809265                             18
  11058       3r88          58      0             11        0.315186             -1     -839555.525160    -820396.981104     -19152.525754                  -138.785339                             19
  18065       1s38          65      0             18        0.252686              0     -836390.778669    -820396.981104     -15989.574145                   -97.394398                             20
