pocket_atoms=509 poses=2000 cuda=True
processed=4/2000
processed=100/2000
processed=200/2000
processed=300/2000
processed=400/2000
processed=500/2000
processed=600/2000
processed=700/2000
processed=800/2000
processed=900/2000
processed=1000/2000
processed=1100/2000
processed=1200/2000
processed=1300/2000
processed=1400/2000
processed=1500/2000
processed=1600/2000
processed=1700/2000
processed=1800/2000
processed=1900/2000
processed=2000/2000
{
  "score_definition": "E_complex - E_pocket - E_ligand; lower is better",
  "n_input_poses": 2000,
  "n_scored_poses": 2000,
  "n_ligands": 20,
  "n_best_poses": 20,
  "pocket_atoms": 509,
  "pocket_formal_charge": 0,
  "elapsed_seconds": 8.008437156677246
}
 mol_id ligand_pdb  pose_index  label  ligunity_rank  ligunity_score  formal_charge  aimnet_complex_eV  aimnet_pocket_eV  aimnet_ligand_eV  aimnet_interaction_kcal_mol error  aimnet_interaction_rank
  20027       4ivc          27      0             20        0.235474              0     -612271.356123    -583769.260525     -28491.623812                  -241.485123                              1
  17098       4e5w          98      0             17        0.235474              1     -616994.277950    -583769.260525     -33214.966791                  -231.773126                              2
  19021       4ivd          21      0             19        0.235474              0     -613339.411863    -583769.260525     -29560.577564                  -220.776471                              3
   2053       3bgz          53      1              2        0.723145             -1     -611357.192917    -583769.260525     -27578.490431                  -217.736808                              4
   5027       4k18          27      1              5        0.723145              0     -620026.237157    -583769.260525     -36247.587574                  -216.516827                              5
  12021       2wca          21      0             12        0.295166              0     -620562.776412    -583769.260525     -36784.965829                  -197.169021                              6
   6093       4eky          93      0              6        0.312256              0     -616948.268154    -583769.260525     -33170.865714                  -187.757025                              7
   1093       3jya          93      1              1        0.723145              0     -635107.667885    -583769.260525     -51330.421867                  -184.149831                              8
   8019       3ebp          19      1              8        0.312256              1     -630119.393791    -583769.260525     -46342.478840                  -176.515260                              9
   4078       5dwr          78      1              4        0.723145              1     -625188.256118    -583769.260525     -41411.719212                  -167.797334                             10
  15075       2vvn          75      0             15        0.295166              0     -615361.429256    -583769.260525     -31585.035071                  -164.506103                             11
  11083       2xj7          83      0             11        0.295166              1     -605607.876530    -583769.260525     -21831.704210                  -159.389781                             12
  14045       2w4x          45      0             14        0.295166              0     -611099.474756    -583769.260525     -27323.358442                  -158.098262                             13
  16058       4k77          58      0             16        0.235474              0     -605514.190427    -583769.260525     -21738.189639                  -155.434147                             14
  13081       2w66          81      0             13        0.295166              1     -606616.775050    -583769.260525     -22840.793053                  -155.000817                             15
   3067       2c3i          67      1              3        0.723145              0     -610726.074567    -583769.260525     -26950.150646                  -153.661555                             16
  10022       3syr          22      0             10        0.312256              0     -614368.704798    -583769.260525     -30593.272923                  -142.314715                             17
   7054       3g2n          54      0              7        0.312256              0     -611292.079345    -583769.260525     -27516.838047                  -137.919887                             18
  18014       4ivb          14      0             18        0.235474              0     -611197.202962    -583769.260525     -27422.146564                  -133.656020                             19
   9004       3l7b           4      0              9        0.312256              0     -611781.477075    -583769.260525     -28007.247940                  -114.578873                             20
