Bound geometry uses fixed-pocket gas FIRE. Legacy CPCM bound-refinement options are ignored.
/home/xianyang/miniconda3/envs/t3-aimnet/lib/python3.11/site-packages/aimnet/models/base.py:85: UserWarning: 'torch.load' received a zip file that looks like a TorchScript archive dispatching to 'torch.jit.load' (call 'torch.jit.load' directly to silence this warning)
  data = torch.load(path, map_location=device, weights_only=True)
/home/xianyang/miniconda3/envs/t3-aimnet/lib/python3.11/site-packages/torch/jit/_serialization.py:176: FutureWarning: `torch.jit.load` is deprecated. Please switch to `torch.export`.
  warnings.warn(
/home/xianyang/miniconda3/envs/t3-aimnet/lib/python3.11/site-packages/torch/jit/_serialization.py:176: FutureWarning: `torch.jit.load` is deprecated. Please switch to `torch.export`.
  warnings.warn(
1/10 mol_id=18813 Eint=-149.182 desolv=23.765 strain=37.761 score=-87.656 steps=498 converged=True
2/10 mol_id=27252 Eint=-229.414 desolv=26.900 strain=99.597 score=-102.917 steps=757 converged=True
3/10 mol_id=31406 Eint=-85.241 desolv=18.987 strain=29.794 score=-36.460 steps=371 converged=True
4/10 mol_id=58779 Eint=-71.738 desolv=23.884 strain=31.482 score=-16.372 steps=1000 converged=False
5/10 mol_id=70932 Eint=-49.186 desolv=20.001 strain=30.513 score=1.327 steps=466 converged=True
6/10 mol_id=76886 Eint=-64.931 desolv=23.910 strain=28.278 score=-12.743 steps=770 converged=True
7/10 mol_id=77799 Eint=-84.193 desolv=21.393 strain=36.380 score=-26.420 steps=1000 converged=False
8/10 mol_id=81308 Eint=-79.645 desolv=20.621 strain=37.484 score=-21.540 steps=820 converged=True
9/10 mol_id=102062 Eint=-93.964 desolv=19.511 strain=30.513 score=-43.939 steps=860 converged=True
10/10 mol_id=116768 Eint=-110.618 desolv=29.664 strain=60.545 score=-20.409 steps=1000 converged=False
wrote 10 rows to /home/xianyang/aimnet2_score_pipelines/work/fixed-pocket-benchmarks-20260906/t3/L4/P09871/aimnet2_score.csv in 107.78 s
{
  "scope": "reference reconstruction; not an exact reproduction of the unreleased AIMNet2(Score) workflow",
  "score_definition": "Eint + Edesolv + ELCSE; lower is better",
  "interaction_geometry": "fixed_pocket_gas_minimized_v1",
  "pocket": "/home/xianyang/aimnet2_score_pipelines/work/correction-20260906/t3/L4/P09871/pocket.pdb",
  "pocket_charge": 0,
  "gas_model": "/home/xianyang/t3-aimnet-models/aimnet2_wb97m_0.jpt",
  "cpcm_model": "/home/xianyang/t3-aimnet-models/wb97m_cpcms_v2_0.jpt",
  "complex_fmax_ev_a": 0.002,
  "complex_max_steps": 1000,
  "n_complex_optimization_converged": 8,
  "minimized_poses": "/home/xianyang/aimnet2_score_pipelines/work/fixed-pocket-benchmarks-20260906/t3/L4/P09871/aimnet2_score.minimized.sdf",
  "bound_refinement": "gas-phase ligand-in-fixed-pocket FIRE; no isolated bound refinement",
  "n_requested": 10,
  "n_scored": 10,
  "n_errors": 0,
  "n_optimization_converged": 7,
  "elapsed_seconds_this_run": 107.77644292102195,
  "output": "/home/xianyang/aimnet2_score_pipelines/work/fixed-pocket-benchmarks-20260906/t3/L4/P09871/aimnet2_score.csv"
}
 mol_id  aimnet_interaction_kcal_mol  desolvation_kcal_mol  local_strain_kcal_mol  aimnet2_composite_kcal_mol  optimization_converged
  18813                  -149.182186             23.765322              37.760669                  -87.656195                    True
  27252                  -229.413630             26.899833              99.597104                 -102.916693                    True
  31406                   -85.241190             18.987042              29.794010                  -36.460139                    True
  58779                   -71.737694             23.883781              31.482399                  -16.371514                   False
  70932                   -49.186400             20.000541              30.513345                    1.327486                    True
  76886                   -64.930712             23.910367              28.277588                  -12.742758                    True
  77799                   -84.193088             21.392958              36.380185                  -26.419945                   False
  81308                   -79.644691             20.620535              37.483879                  -21.540277                    True
 102062                   -93.963693             19.511495              30.512959                  -43.939239                    True
 116768                  -110.617836             29.664473              60.544764                  -20.408599                   False
