Bound geometry uses fixed-pocket gas FIRE. Legacy CPCM bound-refinement options are ignored.
/home/xianyang/miniconda3/envs/t3-aimnet/lib/python3.11/site-packages/aimnet/models/base.py:85: UserWarning: 'torch.load' received a zip file that looks like a TorchScript archive dispatching to 'torch.jit.load' (call 'torch.jit.load' directly to silence this warning)
  data = torch.load(path, map_location=device, weights_only=True)
/home/xianyang/miniconda3/envs/t3-aimnet/lib/python3.11/site-packages/torch/jit/_serialization.py:176: FutureWarning: `torch.jit.load` is deprecated. Please switch to `torch.export`.
  warnings.warn(
/home/xianyang/miniconda3/envs/t3-aimnet/lib/python3.11/site-packages/torch/jit/_serialization.py:176: FutureWarning: `torch.jit.load` is deprecated. Please switch to `torch.export`.
  warnings.warn(
1/10 mol_id=2548 Eint=-29.579 desolv=4.139 strain=16.126 score=-9.314 steps=152 converged=True
2/10 mol_id=8731 Eint=-33.125 desolv=7.965 strain=13.028 score=-12.132 steps=221 converged=True
3/10 mol_id=23558 Eint=-65.085 desolv=20.719 strain=19.740 score=-24.626 steps=531 converged=True
4/10 mol_id=27708 Eint=-105.027 desolv=6.574 strain=16.624 score=-81.828 steps=186 converged=True
5/10 mol_id=42749 Eint=-52.344 desolv=21.229 strain=24.663 score=-6.452 steps=451 converged=True
6/10 mol_id=47655 Eint=-37.844 desolv=3.630 strain=21.233 score=-12.981 steps=155 converged=True
7/10 mol_id=65302 Eint=-46.558 desolv=20.684 strain=23.922 score=-1.952 steps=458 converged=True
8/10 mol_id=70512 Eint=-107.654 desolv=8.647 strain=28.113 score=-70.893 steps=196 converged=True
9/10 mol_id=88775 Eint=-124.597 desolv=8.538 strain=13.254 score=-102.805 steps=130 converged=True
10/10 mol_id=145066 Eint=-35.989 desolv=5.821 strain=11.810 score=-18.359 steps=291 converged=True
wrote 10 rows to /home/xianyang/aimnet2_score_pipelines/work/fixed-pocket-benchmarks-20260906/t3/L3/P11926/aimnet2_score.csv in 52.31 s
{
  "scope": "reference reconstruction; not an exact reproduction of the unreleased AIMNet2(Score) workflow",
  "score_definition": "Eint + Edesolv + ELCSE; lower is better",
  "interaction_geometry": "fixed_pocket_gas_minimized_v1",
  "pocket": "/home/xianyang/aimnet2_score_pipelines/work/correction-20260906/t3/L3/P11926/pocket.pdb",
  "pocket_charge": 0,
  "gas_model": "/home/xianyang/t3-aimnet-models/aimnet2_wb97m_0.jpt",
  "cpcm_model": "/home/xianyang/t3-aimnet-models/wb97m_cpcms_v2_0.jpt",
  "complex_fmax_ev_a": 0.002,
  "complex_max_steps": 1000,
  "n_complex_optimization_converged": 10,
  "minimized_poses": "/home/xianyang/aimnet2_score_pipelines/work/fixed-pocket-benchmarks-20260906/t3/L3/P11926/aimnet2_score.minimized.sdf",
  "bound_refinement": "gas-phase ligand-in-fixed-pocket FIRE; no isolated bound refinement",
  "n_requested": 10,
  "n_scored": 10,
  "n_errors": 0,
  "n_optimization_converged": 10,
  "elapsed_seconds_this_run": 52.31047209305689,
  "output": "/home/xianyang/aimnet2_score_pipelines/work/fixed-pocket-benchmarks-20260906/t3/L3/P11926/aimnet2_score.csv"
}
 mol_id  aimnet_interaction_kcal_mol  desolvation_kcal_mol  local_strain_kcal_mol  aimnet2_composite_kcal_mol  optimization_converged
   2548                   -29.579240              4.139221              16.125718                   -9.314301                    True
   8731                   -33.124635              7.964730              13.028011                  -12.131894                    True
  23558                   -65.085371             20.718835              19.740170                  -24.626367                    True
  27708                  -105.026896              6.574374              16.624258                  -81.828263                    True
  42749                   -52.344249             21.228653              24.663401                   -6.452196                    True
  47655                   -37.843971              3.630234              21.232883                  -12.980854                    True
  65302                   -46.557843             20.683662              23.921697                   -1.952484                    True
  70512                  -107.653620              8.647372              28.113118                  -70.893130                    True
  88775                  -124.597221              8.538291              13.254240                 -102.804690                    True
 145066                   -35.988970              5.820522              11.809916                  -18.358532                    True
