Bound geometry uses fixed-pocket gas FIRE. Legacy CPCM bound-refinement options are ignored.
/home/xianyang/miniconda3/envs/t3-aimnet/lib/python3.11/site-packages/aimnet/models/base.py:85: UserWarning: 'torch.load' received a zip file that looks like a TorchScript archive dispatching to 'torch.jit.load' (call 'torch.jit.load' directly to silence this warning)
  data = torch.load(path, map_location=device, weights_only=True)
/home/xianyang/miniconda3/envs/t3-aimnet/lib/python3.11/site-packages/torch/jit/_serialization.py:176: FutureWarning: `torch.jit.load` is deprecated. Please switch to `torch.export`.
  warnings.warn(
/home/xianyang/miniconda3/envs/t3-aimnet/lib/python3.11/site-packages/torch/jit/_serialization.py:176: FutureWarning: `torch.jit.load` is deprecated. Please switch to `torch.export`.
  warnings.warn(
1/10 mol_id=10104 Eint=-153.140 desolv=17.602 strain=67.902 score=-67.636 steps=400 converged=True
2/10 mol_id=18952 Eint=-119.126 desolv=15.072 strain=62.804 score=-41.250 steps=696 converged=True
3/10 mol_id=25231 Eint=-104.071 desolv=17.411 strain=45.186 score=-41.474 steps=388 converged=True
4/10 mol_id=48671 Eint=-171.096 desolv=11.767 strain=86.637 score=-72.692 steps=621 converged=True
5/10 mol_id=53300 Eint=-137.555 desolv=12.495 strain=53.887 score=-71.173 steps=432 converged=True
6/10 mol_id=57289 Eint=-91.978 desolv=15.566 strain=31.758 score=-44.655 steps=996 converged=True
7/10 mol_id=57291 Eint=-238.840 desolv=15.988 strain=45.690 score=-177.162 steps=529 converged=True
8/10 mol_id=110525 Eint=-79.952 desolv=16.481 strain=36.654 score=-26.817 steps=849 converged=True
9/10 mol_id=128831 Eint=-98.848 desolv=11.774 strain=41.047 score=-46.027 steps=570 converged=True
10/10 mol_id=139243 Eint=-85.315 desolv=12.338 strain=42.816 score=-30.161 steps=1000 converged=False
wrote 10 rows to /home/xianyang/aimnet2_score_pipelines/work/fixed-pocket-benchmarks-20260906/t3/L1/Q15059/aimnet2_score.csv in 92.38 s
{
  "scope": "reference reconstruction; not an exact reproduction of the unreleased AIMNet2(Score) workflow",
  "score_definition": "Eint + Edesolv + ELCSE; lower is better",
  "interaction_geometry": "fixed_pocket_gas_minimized_v1",
  "pocket": "/home/xianyang/aimnet2_score_pipelines/work/correction-20260906/t3/L1/Q15059/pocket.pdb",
  "pocket_charge": 0,
  "gas_model": "/home/xianyang/t3-aimnet-models/aimnet2_wb97m_0.jpt",
  "cpcm_model": "/home/xianyang/t3-aimnet-models/wb97m_cpcms_v2_0.jpt",
  "complex_fmax_ev_a": 0.002,
  "complex_max_steps": 1000,
  "n_complex_optimization_converged": 8,
  "minimized_poses": "/home/xianyang/aimnet2_score_pipelines/work/fixed-pocket-benchmarks-20260906/t3/L1/Q15059/aimnet2_score.minimized.sdf",
  "bound_refinement": "gas-phase ligand-in-fixed-pocket FIRE; no isolated bound refinement",
  "n_requested": 10,
  "n_scored": 10,
  "n_errors": 0,
  "n_optimization_converged": 9,
  "elapsed_seconds_this_run": 92.37702404000083,
  "output": "/home/xianyang/aimnet2_score_pipelines/work/fixed-pocket-benchmarks-20260906/t3/L1/Q15059/aimnet2_score.csv"
}
 mol_id  aimnet_interaction_kcal_mol  desolvation_kcal_mol  local_strain_kcal_mol  aimnet2_composite_kcal_mol  optimization_converged
  10104                  -153.139643             17.601767              67.901517                  -67.636360                    True
  18952                  -119.126311             15.071799              62.804287                  -41.250226                    True
  25231                  -104.071362             17.411214              45.185731                  -41.474416                    True
  48671                  -171.095784             11.766509              86.636909                  -72.692366                    True
  53300                  -137.554588             12.494544              53.886706                  -71.173338                    True
  57289                   -91.978112             15.565584              31.757938                  -44.654591                    True
  57291                  -238.839964             15.987501              45.690039                 -177.162425                    True
 110525                   -79.951886             16.480831              36.653618                  -26.817438                    True
 128831                   -98.847504             11.774334              41.046618                  -46.026552                    True
 139243                   -85.314582             12.337802              42.815736                  -30.161044                   False
