Bound geometry uses fixed-pocket gas FIRE. Legacy CPCM bound-refinement options are ignored.
/home/xianyang/miniconda3/envs/t3-aimnet/lib/python3.11/site-packages/aimnet/models/base.py:85: UserWarning: 'torch.load' received a zip file that looks like a TorchScript archive dispatching to 'torch.jit.load' (call 'torch.jit.load' directly to silence this warning)
  data = torch.load(path, map_location=device, weights_only=True)
/home/xianyang/miniconda3/envs/t3-aimnet/lib/python3.11/site-packages/torch/jit/_serialization.py:176: FutureWarning: `torch.jit.load` is deprecated. Please switch to `torch.export`.
  warnings.warn(
/home/xianyang/miniconda3/envs/t3-aimnet/lib/python3.11/site-packages/torch/jit/_serialization.py:176: FutureWarning: `torch.jit.load` is deprecated. Please switch to `torch.export`.
  warnings.warn(
1/10 mol_id=19156 Eint=-329.814 desolv=1.633 strain=42.541 score=-285.639 steps=570 converged=True
2/10 mol_id=23598 Eint=-256.414 desolv=44.524 strain=94.692 score=-117.198 steps=603 converged=True
3/10 mol_id=28767 Eint=-87.268 desolv=-1.454 strain=69.513 score=-19.208 steps=483 converged=True
4/10 mol_id=33055 Eint=-124.809 desolv=0.129 strain=61.815 score=-62.865 steps=596 converged=True
5/10 mol_id=39435 Eint=-335.080 desolv=37.201 strain=110.053 score=-187.826 steps=673 converged=True
6/10 mol_id=40290 Eint=-221.702 desolv=42.290 strain=73.069 score=-106.343 steps=1000 converged=False
7/10 mol_id=51831 Eint=-171.739 desolv=6.717 strain=66.016 score=-99.006 steps=524 converged=True
8/10 mol_id=120906 Eint=-430.969 desolv=8.902 strain=159.559 score=-262.508 steps=795 converged=True
9/10 mol_id=134132 Eint=-324.909 desolv=52.062 strain=110.366 score=-162.481 steps=1000 converged=False
10/10 mol_id=142060 Eint=-163.201 desolv=3.363 strain=53.642 score=-106.197 steps=1000 converged=False
wrote 10 rows to /home/xianyang/aimnet2_score_pipelines/work/fixed-pocket-benchmarks-20260906/t3/L4/Q9GZQ6/aimnet2_score.csv in 122.88 s
{
  "scope": "reference reconstruction; not an exact reproduction of the unreleased AIMNet2(Score) workflow",
  "score_definition": "Eint + Edesolv + ELCSE; lower is better",
  "interaction_geometry": "fixed_pocket_gas_minimized_v1",
  "pocket": "/home/xianyang/aimnet2_score_pipelines/work/correction-20260906/t3/L4/Q9GZQ6/pocket.pdb",
  "pocket_charge": 0,
  "gas_model": "/home/xianyang/t3-aimnet-models/aimnet2_wb97m_0.jpt",
  "cpcm_model": "/home/xianyang/t3-aimnet-models/wb97m_cpcms_v2_0.jpt",
  "complex_fmax_ev_a": 0.002,
  "complex_max_steps": 1000,
  "n_complex_optimization_converged": 6,
  "minimized_poses": "/home/xianyang/aimnet2_score_pipelines/work/fixed-pocket-benchmarks-20260906/t3/L4/Q9GZQ6/aimnet2_score.minimized.sdf",
  "bound_refinement": "gas-phase ligand-in-fixed-pocket FIRE; no isolated bound refinement",
  "n_requested": 10,
  "n_scored": 10,
  "n_errors": 0,
  "n_optimization_converged": 7,
  "elapsed_seconds_this_run": 122.8815771840018,
  "output": "/home/xianyang/aimnet2_score_pipelines/work/fixed-pocket-benchmarks-20260906/t3/L4/Q9GZQ6/aimnet2_score.csv"
}
 mol_id  aimnet_interaction_kcal_mol  desolvation_kcal_mol  local_strain_kcal_mol  aimnet2_composite_kcal_mol  optimization_converged
  19156                  -329.813532              1.633261              42.541036                 -285.639235                    True
  23598                  -256.413913             44.524337              94.691743                 -117.197833                    True
  28767                   -87.267756             -1.453559              69.513172                  -19.208143                    True
  33055                  -124.809001              0.128780              61.814867                  -62.865353                    True
  39435                  -335.080225             37.201353             110.053060                 -187.825812                    True
  40290                  -221.701590             42.289917              73.068779                 -106.342894                   False
  51831                  -171.739303              6.717442              66.016149                  -99.005713                    True
 120906                  -430.969447              8.902393             159.559421                 -262.507633                    True
 134132                  -324.908607             52.061748             110.365712                 -162.481147                   False
 142060                  -163.201377              3.362786              53.641698                 -106.196893                   False
