pocket_atoms=322 poses=2000 cuda=True
processed=4/2000
processed=100/2000
processed=200/2000
processed=300/2000
processed=400/2000
processed=500/2000
processed=600/2000
processed=700/2000
processed=800/2000
processed=900/2000
processed=1000/2000
processed=1100/2000
processed=1200/2000
processed=1300/2000
processed=1400/2000
processed=1500/2000
processed=1600/2000
processed=1700/2000
processed=1800/2000
processed=1900/2000
processed=2000/2000
{
  "score_definition": "E_complex - E_pocket - E_ligand; lower is better",
  "n_input_poses": 2000,
  "n_scored_poses": 2000,
  "n_ligands": 20,
  "n_best_poses": 20,
  "pocket_atoms": 322,
  "pocket_formal_charge": 0,
  "elapsed_seconds": 5.956929445266724
}
 mol_id ligand_pdb  pose_index  label  ligunity_rank  ligunity_score  formal_charge  aimnet_complex_eV  aimnet_pocket_eV  aimnet_ligand_eV  aimnet_interaction_kcal_mol error  aimnet_interaction_rank
  11051       4wiv          51      0             11          0.4956              0     -404184.535445    -372535.185687     -31638.552390                  -248.993214                              1
  15095       4ogj          95      0             15          0.4956              1     -427031.292366    -372535.185687     -54487.487314                  -198.767268                              2
   6005       4eky           5      1              6          0.5522              0     -405714.534522    -372535.185687     -33171.025575                  -191.938925                              3
  16097       2wbg          97      0             16          0.3853              0     -401755.792087    -372535.185687     -29212.562614                  -185.494105                              4
   1079       2xnb          79      0              1          0.6470              1     -414419.519482    -372535.185687     -41876.340276                  -184.334924                              5
   4004       2fvd           4      0              4          0.6470              0     -423435.102695    -372535.185687     -50891.952198                  -183.672867                              6
  18073       2j7h          73      0             18          0.3853              2     -387050.926603    -372535.185687     -14507.810981                  -182.868634                              7
   8005       3ebp           5      1              8          0.5522              1     -418885.153202    -372535.185687     -46342.706573                  -167.441296                              8
   3028       1pxn          28      0              3          0.6470              0     -408659.282564    -372535.185687     -36116.936918                  -165.112574                              9
   5084       3pxf          84      0              5          0.6470              0     -407777.328825    -372535.185687     -35235.121661                  -161.919097                             10
   2059       4eor          59      0              2          0.6470              0     -417454.248274    -372535.185687     -44912.073909                  -161.162731                             11
  13025       3u5j          25      0             13          0.4956              0     -408850.503043    -372535.185687     -36308.539358                  -156.304338                             12
  20088       2j78          88      0             20          0.3853              0     -392162.244551    -372535.185687     -19620.767109                  -145.091303                             13
  14003       3p5o           3      0             14          0.4956              0     -419761.246668    -372535.185687     -47220.041670                  -138.808603                             14
  10095       3syr          95      1             10          0.5522              0     -403134.564437    -372535.185687     -30593.513997                  -135.244406                             15
   9098       3l7b          98      1              9          0.5522              0     -400547.719252    -372535.185687     -28006.874636                  -130.497991                             16
  17041       2cet          41      0             17          0.3853              0     -400612.834342    -372535.185687     -28072.134954                  -127.148964                             17
  19088       2cbv          88      0             19          0.3853              1     -389690.983944    -372535.185687     -17150.758899                  -116.210340                             18
   7094       3g2n          94      1              7          0.5522              0     -400057.082709    -372535.185687     -27517.222162                  -107.804825                             19
  12066       4lzs          66      0             12          0.4956              0     -391272.841980    -372535.185687     -18733.270025                  -101.149731                             20
