Bound geometry uses fixed-pocket gas FIRE. Legacy CPCM bound-refinement options are ignored.
/home/xianyang/miniconda3/envs/t3-aimnet/lib/python3.11/site-packages/aimnet/models/base.py:85: UserWarning: 'torch.load' received a zip file that looks like a TorchScript archive dispatching to 'torch.jit.load' (call 'torch.jit.load' directly to silence this warning)
  data = torch.load(path, map_location=device, weights_only=True)
/home/xianyang/miniconda3/envs/t3-aimnet/lib/python3.11/site-packages/torch/jit/_serialization.py:176: FutureWarning: `torch.jit.load` is deprecated. Please switch to `torch.export`.
  warnings.warn(
/home/xianyang/miniconda3/envs/t3-aimnet/lib/python3.11/site-packages/torch/jit/_serialization.py:176: FutureWarning: `torch.jit.load` is deprecated. Please switch to `torch.export`.
  warnings.warn(
1/20 mol_id=1079 Eint=-820.480 desolv=37.928 strain=408.873 score=-373.678 steps=447 converged=True
2/20 mol_id=2059 Eint=-670.663 desolv=18.549 strain=189.346 score=-462.767 steps=893 converged=True
3/20 mol_id=3028 Eint=-729.130 desolv=6.384 strain=324.731 score=-398.015 steps=304 converged=True
4/20 mol_id=4004 Eint=-449.742 desolv=16.245 strain=137.305 score=-296.191 steps=430 converged=True
5/20 mol_id=5084 Eint=-435.654 desolv=30.725 strain=60.277 score=-344.652 steps=187 converged=True
6/20 mol_id=6005 Eint=-335.539 desolv=23.764 strain=48.184 score=-263.591 steps=358 converged=True
7/20 mol_id=7094 Eint=-386.386 desolv=17.111 strain=130.347 score=-238.929 steps=259 converged=True
8/20 mol_id=8005 Eint=-436.118 desolv=55.179 strain=126.472 score=-254.466 steps=206 converged=True
9/20 mol_id=9098 Eint=-259.963 desolv=23.196 strain=30.599 score=-206.169 steps=227 converged=True
10/20 mol_id=10095 Eint=-221.823 desolv=27.846 strain=24.068 score=-169.909 steps=174 converged=True
11/20 mol_id=11051 Eint=-600.522 desolv=20.529 strain=133.947 score=-446.046 steps=509 converged=True
12/20 mol_id=12066 Eint=-205.770 desolv=14.066 strain=58.878 score=-132.826 steps=339 converged=True
13/20 mol_id=13025 Eint=-204.759 desolv=10.152 strain=15.215 score=-179.392 steps=218 converged=True
14/20 mol_id=14003 Eint=-573.888 desolv=3.495 strain=255.943 score=-314.450 steps=422 converged=True
15/20 mol_id=15095 Eint=-536.255 desolv=53.091 strain=118.195 score=-364.969 steps=593 converged=True
16/20 mol_id=16097 Eint=-795.356 desolv=62.679 strain=393.199 score=-339.478 steps=712 converged=True
17/20 mol_id=17041 Eint=-698.799 desolv=26.287 strain=319.953 score=-352.558 steps=547 converged=True
18/20 mol_id=18073 Eint=-556.081 desolv=188.777 strain=125.598 score=-241.706 steps=612 converged=True
19/20 mol_id=19088 Eint=-475.963 desolv=49.158 strain=142.591 score=-284.214 steps=180 converged=True
20/20 mol_id=20088 Eint=-180.895 desolv=22.407 strain=16.850 score=-141.639 steps=356 converged=True
wrote 20 rows to /home/xianyang/aimnet2_score_pipelines/work/aimnet2025-benchmarks-20260906/casf-single/aimnet2_composite_rerank.csv in 200.72 s
{
  "scope": "reference reconstruction; not an exact reproduction of the unreleased AIMNet2(Score) workflow",
  "score_definition": "Eint + Edesolv + ELCSE; lower is better",
  "interaction_geometry": "fixed_pocket_aimnet2025_minimized_v2",
  "pocket": "/home/xianyang/aimnet2_score_pipelines/work/correction-20260906/casf-single/pocket.pdb",
  "pocket_charge": 0,
  "gas_model": "/home/xianyang/t3-aimnet-models/aimnet2_wb97m_0.jpt",
  "interaction_model": "aimnet2-2025",
  "interaction_members": [
    "aimnet2-2025"
  ],
  "cpcm_model": "/home/xianyang/t3-aimnet-models/wb97m_cpcms_v2_0.jpt",
  "complex_fmax_ev_a": 0.002,
  "complex_max_steps": 1000,
  "n_complex_optimization_converged": 19,
  "minimized_poses": "/home/xianyang/aimnet2_score_pipelines/work/aimnet2025-benchmarks-20260906/casf-single/aimnet2_composite_rerank.minimized.sdf",
  "bound_refinement": "AIMNet2(2025) ligand-in-fixed-pocket FIRE; no isolated bound refinement",
  "n_requested": 20,
  "n_scored": 20,
  "n_errors": 0,
  "n_optimization_converged": 20,
  "elapsed_seconds_this_run": 200.71822695597075,
  "output": "/home/xianyang/aimnet2_score_pipelines/work/aimnet2025-benchmarks-20260906/casf-single/aimnet2_composite_rerank.csv",
  "n_actives": 5,
  "n_decoys": 15,
  "ef1_percent": 0.0,
  "ef1_top_n": 1,
  "ef1_actives_in_top_n": 0,
  "auroc": 0.21333333333333335,
  "composite_vs_interaction_spearman": 0.8526315789473683
}
 mol_id  aimnet_interaction_kcal_mol  desolvation_kcal_mol  local_strain_kcal_mol  aimnet2_composite_kcal_mol  optimization_converged
   1079                  -820.480112             37.928489             408.873137                 -373.678486                    True
   2059                  -670.662555             18.549351             189.345719                 -462.767485                    True
   3028                  -729.129918              6.383763             324.731470                 -398.014686                    True
   4004                  -449.741955             16.245190             137.305272                 -296.191493                    True
   5084                  -435.654079             30.725133              60.277065                 -344.651882                    True
   6005                  -335.538829             23.763748              48.184447                 -263.590634                    True
   7094                  -386.386114             17.110735             130.346703                 -238.928677                    True
   8005                  -436.117762             55.179143             126.472224                 -254.466394                    True
   9098                  -259.962883             23.195689              30.598561                 -206.168633                    True
  10095                  -221.823421             27.846167              24.068230                 -169.909024                    True
  11051                  -600.521886             20.528794             133.946820                 -446.046272                    True
  12066                  -205.770174             14.066335              58.877693                 -132.826145                    True
  13025                  -204.759291             10.151797              15.215113                 -179.392381                    True
  14003                  -573.887657              3.494625             255.942765                 -314.450267                    True
  15095                  -536.255435             53.091031             118.195400                 -364.969003                    True
  16097                  -795.355671             62.678601             393.198581                 -339.478489                    True
  17041                  -698.798924             26.287456             319.952992                 -352.558476                    True
  18073                  -556.080991            188.777396             125.597571                 -241.706023                    True
  19088                  -475.963088             49.157858             142.591417                 -284.213813                    True
  20088                  -180.895252             22.406940              16.849621                 -141.638692                    True
