Bound geometry uses fixed-pocket gas FIRE. Legacy CPCM bound-refinement options are ignored.
/home/xianyang/miniconda3/envs/t3-aimnet/lib/python3.11/site-packages/aimnet/models/base.py:85: UserWarning: 'torch.load' received a zip file that looks like a TorchScript archive dispatching to 'torch.jit.load' (call 'torch.jit.load' directly to silence this warning)
  data = torch.load(path, map_location=device, weights_only=True)
/home/xianyang/miniconda3/envs/t3-aimnet/lib/python3.11/site-packages/torch/jit/_serialization.py:176: FutureWarning: `torch.jit.load` is deprecated. Please switch to `torch.export`.
  warnings.warn(
/home/xianyang/miniconda3/envs/t3-aimnet/lib/python3.11/site-packages/torch/jit/_serialization.py:176: FutureWarning: `torch.jit.load` is deprecated. Please switch to `torch.export`.
  warnings.warn(
1/10 mol_id=458 Eint=-60.317 desolv=7.045 strain=20.069 score=-33.203 steps=526 converged=True
2/10 mol_id=7613 Eint=-139.935 desolv=25.271 strain=67.094 score=-47.570 steps=529 converged=True
3/10 mol_id=16711 Eint=-218.955 desolv=15.217 strain=101.466 score=-102.271 steps=804 converged=True
4/10 mol_id=33947 Eint=-71.238 desolv=6.805 strain=20.235 score=-44.198 steps=763 converged=True
5/10 mol_id=40410 Eint=-62.934 desolv=8.028 strain=22.984 score=-31.923 steps=822 converged=True
6/10 mol_id=67215 Eint=-135.526 desolv=12.024 strain=31.933 score=-91.568 steps=358 converged=True
7/10 mol_id=73311 Eint=-74.513 desolv=7.148 strain=23.415 score=-43.949 steps=478 converged=True
8/10 mol_id=91792 Eint=-48.096 desolv=4.800 strain=23.720 score=-19.575 steps=593 converged=True
9/10 mol_id=113757 Eint=-178.078 desolv=17.806 strain=35.567 score=-124.706 steps=439 converged=True
10/10 mol_id=130651 Eint=-150.987 desolv=16.136 strain=23.915 score=-110.935 steps=731 converged=True
wrote 10 rows to /home/xianyang/aimnet2_score_pipelines/work/fixed-pocket-benchmarks-20260906/t3/L2/P43405/aimnet2_score.csv in 81.65 s
{
  "scope": "reference reconstruction; not an exact reproduction of the unreleased AIMNet2(Score) workflow",
  "score_definition": "Eint + Edesolv + ELCSE; lower is better",
  "interaction_geometry": "fixed_pocket_gas_minimized_v1",
  "pocket": "/home/xianyang/aimnet2_score_pipelines/work/correction-20260906/t3/L2/P43405/pocket.pdb",
  "pocket_charge": 0,
  "gas_model": "/home/xianyang/t3-aimnet-models/aimnet2_wb97m_0.jpt",
  "cpcm_model": "/home/xianyang/t3-aimnet-models/wb97m_cpcms_v2_0.jpt",
  "complex_fmax_ev_a": 0.002,
  "complex_max_steps": 1000,
  "n_complex_optimization_converged": 10,
  "minimized_poses": "/home/xianyang/aimnet2_score_pipelines/work/fixed-pocket-benchmarks-20260906/t3/L2/P43405/aimnet2_score.minimized.sdf",
  "bound_refinement": "gas-phase ligand-in-fixed-pocket FIRE; no isolated bound refinement",
  "n_requested": 10,
  "n_scored": 10,
  "n_errors": 0,
  "n_optimization_converged": 10,
  "elapsed_seconds_this_run": 81.64504044386558,
  "output": "/home/xianyang/aimnet2_score_pipelines/work/fixed-pocket-benchmarks-20260906/t3/L2/P43405/aimnet2_score.csv"
}
 mol_id  aimnet_interaction_kcal_mol  desolvation_kcal_mol  local_strain_kcal_mol  aimnet2_composite_kcal_mol  optimization_converged
    458                   -60.317011              7.044856              20.069104                  -33.203051                    True
   7613                  -139.934525             25.270897              67.093675                  -47.569952                    True
  16711                  -218.954690             15.217058             101.466500                 -102.271132                    True
  33947                   -71.238006              6.804510              20.235358                  -44.198137                    True
  40410                   -62.934078              8.027982              22.983582                  -31.922514                    True
  67215                  -135.525661             12.024477              31.933213                  -91.567970                    True
  73311                   -74.512535              7.148099              23.415257                  -43.949179                    True
  91792                   -48.095557              4.800131              23.720364                  -19.575063                    True
 113757                  -178.077868             17.805688              35.566511                 -124.705670                    True
 130651                  -150.986645             16.136144              23.915421                 -110.935080                    True
