Bound geometry uses fixed-pocket gas FIRE. Legacy CPCM bound-refinement options are ignored.
/home/xianyang/miniconda3/envs/t3-aimnet/lib/python3.11/site-packages/aimnet/models/base.py:85: UserWarning: 'torch.load' received a zip file that looks like a TorchScript archive dispatching to 'torch.jit.load' (call 'torch.jit.load' directly to silence this warning)
  data = torch.load(path, map_location=device, weights_only=True)
/home/xianyang/miniconda3/envs/t3-aimnet/lib/python3.11/site-packages/torch/jit/_serialization.py:176: FutureWarning: `torch.jit.load` is deprecated. Please switch to `torch.export`.
  warnings.warn(
/home/xianyang/miniconda3/envs/t3-aimnet/lib/python3.11/site-packages/torch/jit/_serialization.py:176: FutureWarning: `torch.jit.load` is deprecated. Please switch to `torch.export`.
  warnings.warn(
1/10 mol_id=19275 Eint=-44.576 desolv=11.462 strain=12.674 score=-20.440 steps=314 converged=True
2/10 mol_id=25543 Eint=-53.289 desolv=13.639 strain=9.885 score=-29.765 steps=671 converged=True
3/10 mol_id=37384 Eint=-58.216 desolv=15.473 strain=7.814 score=-34.928 steps=283 converged=True
4/10 mol_id=39465 Eint=-35.874 desolv=13.041 strain=11.300 score=-11.534 steps=932 converged=True
5/10 mol_id=45253 Eint=-52.614 desolv=14.459 strain=14.508 score=-23.647 steps=394 converged=True
6/10 mol_id=46211 Eint=-36.495 desolv=10.467 strain=12.259 score=-13.769 steps=322 converged=True
7/10 mol_id=59899 Eint=-42.440 desolv=12.357 strain=12.354 score=-17.728 steps=355 converged=True
8/10 mol_id=66226 Eint=-37.627 desolv=11.829 strain=11.808 score=-13.990 steps=334 converged=True
9/10 mol_id=71681 Eint=-37.502 desolv=10.935 strain=10.077 score=-16.491 steps=326 converged=True
10/10 mol_id=74053 Eint=-41.013 desolv=7.231 strain=12.601 score=-21.181 steps=269 converged=True
wrote 10 rows to /home/xianyang/aimnet2_score_pipelines/work/fixed-pocket-benchmarks-20260906/t3/L4/Q9HB14/aimnet2_score.csv in 120.00 s
{
  "scope": "reference reconstruction; not an exact reproduction of the unreleased AIMNet2(Score) workflow",
  "score_definition": "Eint + Edesolv + ELCSE; lower is better",
  "interaction_geometry": "fixed_pocket_gas_minimized_v1",
  "pocket": "/home/xianyang/aimnet2_score_pipelines/work/correction-20260906/t3/L4/Q9HB14/pocket.pdb",
  "pocket_charge": 0,
  "gas_model": "/home/xianyang/t3-aimnet-models/aimnet2_wb97m_0.jpt",
  "cpcm_model": "/home/xianyang/t3-aimnet-models/wb97m_cpcms_v2_0.jpt",
  "complex_fmax_ev_a": 0.002,
  "complex_max_steps": 1000,
  "n_complex_optimization_converged": 9,
  "minimized_poses": "/home/xianyang/aimnet2_score_pipelines/work/fixed-pocket-benchmarks-20260906/t3/L4/Q9HB14/aimnet2_score.minimized.sdf",
  "bound_refinement": "gas-phase ligand-in-fixed-pocket FIRE; no isolated bound refinement",
  "n_requested": 10,
  "n_scored": 10,
  "n_errors": 0,
  "n_optimization_converged": 10,
  "elapsed_seconds_this_run": 119.9964933230076,
  "output": "/home/xianyang/aimnet2_score_pipelines/work/fixed-pocket-benchmarks-20260906/t3/L4/Q9HB14/aimnet2_score.csv"
}
 mol_id  aimnet_interaction_kcal_mol  desolvation_kcal_mol  local_strain_kcal_mol  aimnet2_composite_kcal_mol  optimization_converged
  19275                   -44.576136             11.461522              12.674269                  -20.440345                    True
  25543                   -53.289088             13.639478               9.884887                  -29.764723                    True
  37384                   -58.216194             15.473320               7.814438                  -34.928436                    True
  39465                   -35.874282             13.041184              11.299533                  -11.533566                    True
  45253                   -52.613701             14.458728              14.508452                  -23.646521                    True
  46211                   -36.495071             10.467166              12.259033                  -13.768872                    True
  59899                   -42.439965             12.357484              12.354025                  -17.728456                    True
  66226                   -37.626772             11.829022              11.808184                  -13.989566                    True
  71681                   -37.502328             10.934960              10.076648                  -16.490720                    True
  74053                   -41.013057              7.230647              12.601021                  -21.181389                    True
