Bound geometry uses fixed-pocket gas FIRE. Legacy CPCM bound-refinement options are ignored.
/home/xianyang/miniconda3/envs/t3-aimnet/lib/python3.11/site-packages/aimnet/models/base.py:85: UserWarning: 'torch.load' received a zip file that looks like a TorchScript archive dispatching to 'torch.jit.load' (call 'torch.jit.load' directly to silence this warning)
  data = torch.load(path, map_location=device, weights_only=True)
/home/xianyang/miniconda3/envs/t3-aimnet/lib/python3.11/site-packages/torch/jit/_serialization.py:176: FutureWarning: `torch.jit.load` is deprecated. Please switch to `torch.export`.
  warnings.warn(
/home/xianyang/miniconda3/envs/t3-aimnet/lib/python3.11/site-packages/torch/jit/_serialization.py:176: FutureWarning: `torch.jit.load` is deprecated. Please switch to `torch.export`.
  warnings.warn(
1/10 mol_id=17978 Eint=-197.942 desolv=9.582 strain=125.900 score=-62.460 steps=1000 converged=False
2/10 mol_id=30174 Eint=-166.019 desolv=20.902 strain=93.025 score=-52.092 steps=785 converged=True
3/10 mol_id=54330 Eint=-144.835 desolv=12.674 strain=79.755 score=-52.406 steps=758 converged=True
4/10 mol_id=55671 Eint=-119.909 desolv=15.291 strain=50.815 score=-53.803 steps=1000 converged=False
5/10 mol_id=66091 Eint=-171.079 desolv=16.576 strain=74.463 score=-80.040 steps=1000 converged=False
6/10 mol_id=87356 Eint=-151.059 desolv=12.443 strain=96.101 score=-42.515 steps=1000 converged=False
7/10 mol_id=93256 Eint=-321.931 desolv=47.553 strain=108.510 score=-165.868 steps=1000 converged=False
8/10 mol_id=106648 Eint=-53.720 desolv=7.183 strain=62.268 score=15.731 steps=1000 converged=False
9/10 mol_id=121682 Eint=-143.444 desolv=16.074 strain=80.110 score=-47.259 steps=959 converged=True
10/10 mol_id=124879 Eint=-143.665 desolv=3.777 strain=123.477 score=-16.412 steps=968 converged=True
wrote 10 rows to /home/xianyang/aimnet2_score_pipelines/work/fixed-pocket-benchmarks-20260906/t3/L4/Q99705/aimnet2_score.csv in 128.74 s
{
  "scope": "reference reconstruction; not an exact reproduction of the unreleased AIMNet2(Score) workflow",
  "score_definition": "Eint + Edesolv + ELCSE; lower is better",
  "interaction_geometry": "fixed_pocket_gas_minimized_v1",
  "pocket": "/home/xianyang/aimnet2_score_pipelines/work/correction-20260906/t3/L4/Q99705/pocket.pdb",
  "pocket_charge": 0,
  "gas_model": "/home/xianyang/t3-aimnet-models/aimnet2_wb97m_0.jpt",
  "cpcm_model": "/home/xianyang/t3-aimnet-models/wb97m_cpcms_v2_0.jpt",
  "complex_fmax_ev_a": 0.002,
  "complex_max_steps": 1000,
  "n_complex_optimization_converged": 7,
  "minimized_poses": "/home/xianyang/aimnet2_score_pipelines/work/fixed-pocket-benchmarks-20260906/t3/L4/Q99705/aimnet2_score.minimized.sdf",
  "bound_refinement": "gas-phase ligand-in-fixed-pocket FIRE; no isolated bound refinement",
  "n_requested": 10,
  "n_scored": 10,
  "n_errors": 0,
  "n_optimization_converged": 4,
  "elapsed_seconds_this_run": 128.7411971779984,
  "output": "/home/xianyang/aimnet2_score_pipelines/work/fixed-pocket-benchmarks-20260906/t3/L4/Q99705/aimnet2_score.csv"
}
 mol_id  aimnet_interaction_kcal_mol  desolvation_kcal_mol  local_strain_kcal_mol  aimnet2_composite_kcal_mol  optimization_converged
  17978                  -197.941982              9.582387             125.899992                  -62.459603                   False
  30174                  -166.018704             20.901600              93.025241                  -52.091862                    True
  54330                  -144.834911             12.673764              79.754676                  -52.406470                    True
  55671                  -119.908751             15.290687              50.815462                  -53.802602                   False
  66091                  -171.078563             16.576045              74.462813                  -80.039704                   False
  87356                  -151.059226             12.442843              96.101267                  -42.515115                   False
  93256                  -321.930672             47.552552             108.509858                 -165.868262                   False
 106648                   -53.720086              7.183043              62.267672                   15.730629                   False
 121682                  -143.443719             16.074479              80.109983                  -47.259257                    True
 124879                  -143.665479              3.776888             123.476573                  -16.412018                    True
