Bound geometry uses fixed-pocket gas FIRE. Legacy CPCM bound-refinement options are ignored.
/home/xianyang/miniconda3/envs/t3-aimnet/lib/python3.11/site-packages/aimnet/models/base.py:85: UserWarning: 'torch.load' received a zip file that looks like a TorchScript archive dispatching to 'torch.jit.load' (call 'torch.jit.load' directly to silence this warning)
  data = torch.load(path, map_location=device, weights_only=True)
/home/xianyang/miniconda3/envs/t3-aimnet/lib/python3.11/site-packages/torch/jit/_serialization.py:176: FutureWarning: `torch.jit.load` is deprecated. Please switch to `torch.export`.
  warnings.warn(
/home/xianyang/miniconda3/envs/t3-aimnet/lib/python3.11/site-packages/torch/jit/_serialization.py:176: FutureWarning: `torch.jit.load` is deprecated. Please switch to `torch.export`.
  warnings.warn(
1/10 mol_id=19366 Eint=-95.951 desolv=23.095 strain=56.466 score=-16.390 steps=827 converged=True
2/10 mol_id=24299 Eint=-295.507 desolv=28.948 strain=102.352 score=-164.208 steps=625 converged=True
3/10 mol_id=49258 Eint=-89.211 desolv=19.568 strain=54.342 score=-15.301 steps=773 converged=True
4/10 mol_id=49900 Eint=-176.609 desolv=23.664 strain=62.205 score=-90.740 steps=513 converged=True
5/10 mol_id=52327 Eint=-243.461 desolv=24.420 strain=61.424 score=-157.617 steps=860 converged=True
6/10 mol_id=62496 Eint=-45.683 desolv=16.286 strain=38.675 score=9.278 steps=521 converged=True
7/10 mol_id=63987 Eint=-112.830 desolv=17.833 strain=55.902 score=-39.094 steps=636 converged=True
8/10 mol_id=91322 Eint=-48.685 desolv=18.553 strain=38.516 score=8.384 steps=546 converged=True
9/10 mol_id=100564 Eint=-192.268 desolv=27.133 strain=54.987 score=-110.149 steps=796 converged=True
10/10 mol_id=123039 Eint=-80.452 desolv=16.679 strain=48.525 score=-15.249 steps=620 converged=True
wrote 10 rows to /home/xianyang/aimnet2_score_pipelines/work/fixed-pocket-benchmarks-20260906/t3/L3/P43250/aimnet2_score.csv in 102.83 s
{
  "scope": "reference reconstruction; not an exact reproduction of the unreleased AIMNet2(Score) workflow",
  "score_definition": "Eint + Edesolv + ELCSE; lower is better",
  "interaction_geometry": "fixed_pocket_gas_minimized_v1",
  "pocket": "/home/xianyang/aimnet2_score_pipelines/work/correction-20260906/t3/L3/P43250/pocket.pdb",
  "pocket_charge": 0,
  "gas_model": "/home/xianyang/t3-aimnet-models/aimnet2_wb97m_0.jpt",
  "cpcm_model": "/home/xianyang/t3-aimnet-models/wb97m_cpcms_v2_0.jpt",
  "complex_fmax_ev_a": 0.002,
  "complex_max_steps": 1000,
  "n_complex_optimization_converged": 8,
  "minimized_poses": "/home/xianyang/aimnet2_score_pipelines/work/fixed-pocket-benchmarks-20260906/t3/L3/P43250/aimnet2_score.minimized.sdf",
  "bound_refinement": "gas-phase ligand-in-fixed-pocket FIRE; no isolated bound refinement",
  "n_requested": 10,
  "n_scored": 10,
  "n_errors": 0,
  "n_optimization_converged": 10,
  "elapsed_seconds_this_run": 102.82614965500034,
  "output": "/home/xianyang/aimnet2_score_pipelines/work/fixed-pocket-benchmarks-20260906/t3/L3/P43250/aimnet2_score.csv"
}
 mol_id  aimnet_interaction_kcal_mol  desolvation_kcal_mol  local_strain_kcal_mol  aimnet2_composite_kcal_mol  optimization_converged
  19366                   -95.950889             23.095286              56.465853                  -16.389751                    True
  24299                  -295.507107             28.947677             102.351672                 -164.207758                    True
  49258                   -89.211425             19.568028              54.342028                  -15.301369                    True
  49900                  -176.609066             23.664292              62.204910                  -90.739863                    True
  52327                  -243.460562             24.420414              61.423569                 -157.616579                    True
  62496                   -45.682519             16.285530              38.675392                    9.278403                    True
  63987                  -112.829855             17.833457              55.901951                  -39.094448                    True
  91322                   -48.685135             18.553007              38.516000                    8.383872                    True
 100564                  -192.268367             27.133167              54.986642                 -110.148558                    True
 123039                   -80.452326             16.678587              48.525051                  -15.248688                    True
