Bound geometry uses fixed-pocket gas FIRE. Legacy CPCM bound-refinement options are ignored.
/home/xianyang/miniconda3/envs/t3-aimnet/lib/python3.11/site-packages/aimnet/models/base.py:85: UserWarning: 'torch.load' received a zip file that looks like a TorchScript archive dispatching to 'torch.jit.load' (call 'torch.jit.load' directly to silence this warning)
  data = torch.load(path, map_location=device, weights_only=True)
/home/xianyang/miniconda3/envs/t3-aimnet/lib/python3.11/site-packages/torch/jit/_serialization.py:176: FutureWarning: `torch.jit.load` is deprecated. Please switch to `torch.export`.
  warnings.warn(
/home/xianyang/miniconda3/envs/t3-aimnet/lib/python3.11/site-packages/torch/jit/_serialization.py:176: FutureWarning: `torch.jit.load` is deprecated. Please switch to `torch.export`.
  warnings.warn(
1/20 mol_id=1096 Eint=-1482.549 desolv=12.638 strain=676.966 score=-792.945 steps=364 converged=True
2/20 mol_id=2031 Eint=-639.753 desolv=18.313 strain=151.888 score=-469.552 steps=277 converged=True
3/20 mol_id=3097 Eint=-1075.091 desolv=69.448 strain=385.677 score=-619.966 steps=855 converged=True
4/20 mol_id=4067 Eint=-1645.914 desolv=10.370 strain=544.372 score=-1091.172 steps=303 converged=True
5/20 mol_id=5035 Eint=-1944.901 desolv=37.905 strain=574.744 score=-1332.252 steps=774 converged=True
6/20 mol_id=6019 Eint=-1520.445 desolv=67.231 strain=679.574 score=-773.641 steps=600 converged=True
7/20 mol_id=7088 Eint=-1546.514 desolv=32.735 strain=306.913 score=-1206.866 steps=780 converged=True
8/20 mol_id=8093 Eint=-1145.195 desolv=-0.096 strain=465.082 score=-680.209 steps=403 converged=True
9/20 mol_id=9031 Eint=-804.307 desolv=52.594 strain=235.834 score=-515.878 steps=518 converged=True
10/20 mol_id=10071 Eint=-398.889 desolv=61.492 strain=122.853 score=-214.544 steps=318 converged=True
11/20 mol_id=11064 Eint=-1292.404 desolv=18.588 strain=478.870 score=-794.946 steps=699 converged=True
12/20 mol_id=12042 Eint=-259.659 desolv=19.952 strain=137.739 score=-101.968 steps=1000 converged=False
13/20 mol_id=13002 Eint=-1021.023 desolv=67.140 strain=351.850 score=-602.032 steps=406 converged=True
14/20 mol_id=14093 Eint=-391.563 desolv=11.559 strain=153.570 score=-226.434 steps=350 converged=True
15/20 mol_id=15076 Eint=-646.766 desolv=157.051 strain=134.682 score=-355.032 steps=572 converged=True
16/20 mol_id=16092 Eint=-289.012 desolv=158.007 strain=42.773 score=-88.232 steps=1000 converged=False
17/20 mol_id=17009 Eint=-1502.723 desolv=150.761 strain=371.155 score=-980.807 steps=951 converged=True
18/20 mol_id=18076 Eint=-2127.290 desolv=139.763 strain=661.736 score=-1325.790 steps=522 converged=True
19/20 mol_id=19006 Eint=-1348.836 desolv=161.723 strain=489.285 score=-697.828 steps=600 converged=True
20/20 mol_id=20012 Eint=-1883.910 desolv=1.750 strain=588.080 score=-1294.080 steps=521 converged=True
wrote 20 rows to /home/xianyang/aimnet2_score_pipelines/work/fixed-pocket-benchmarks-20260906/casf/3e93/aimnet2_composite_rerank.csv in 196.28 s
{
  "scope": "reference reconstruction; not an exact reproduction of the unreleased AIMNet2(Score) workflow",
  "score_definition": "Eint + Edesolv + ELCSE; lower is better",
  "interaction_geometry": "fixed_pocket_gas_minimized_v1",
  "pocket": "/home/xianyang/aimnet2_score_pipelines/work/correction-20260906/casf/3e93/pocket.pdb",
  "pocket_charge": 0,
  "gas_model": "/home/xianyang/t3-aimnet-models/aimnet2_wb97m_0.jpt",
  "cpcm_model": "/home/xianyang/t3-aimnet-models/wb97m_cpcms_v2_0.jpt",
  "complex_fmax_ev_a": 0.002,
  "complex_max_steps": 1000,
  "n_complex_optimization_converged": 18,
  "minimized_poses": "/home/xianyang/aimnet2_score_pipelines/work/fixed-pocket-benchmarks-20260906/casf/3e93/aimnet2_composite_rerank.minimized.sdf",
  "bound_refinement": "gas-phase ligand-in-fixed-pocket FIRE; no isolated bound refinement",
  "n_requested": 20,
  "n_scored": 20,
  "n_errors": 0,
  "n_optimization_converged": 18,
  "elapsed_seconds_this_run": 196.27542353800163,
  "output": "/home/xianyang/aimnet2_score_pipelines/work/fixed-pocket-benchmarks-20260906/casf/3e93/aimnet2_composite_rerank.csv",
  "n_actives": 5,
  "n_decoys": 15,
  "ef1_percent": 4.0,
  "ef1_top_n": 1,
  "ef1_actives_in_top_n": 1,
  "auroc": 0.6533333333333333,
  "composite_vs_interaction_spearman": 0.9774436090225563
}
 mol_id  aimnet_interaction_kcal_mol  desolvation_kcal_mol  local_strain_kcal_mol  aimnet2_composite_kcal_mol  optimization_converged
   1096                 -1482.549221             12.637897             676.966024                 -792.945300                    True
   2031                  -639.752910             18.312602             151.888178                 -469.552130                    True
   3097                 -1075.090973             69.448360             385.677090                 -619.965523                    True
   4067                 -1645.914039             10.369613             544.371971                -1091.172456                    True
   5035                 -1944.900926             37.904824             574.744097                -1332.252005                    True
   6019                 -1520.445053             67.230768             679.573558                 -773.640727                    True
   7088                 -1546.513938             32.735327             306.912789                -1206.865822                    True
   8093                 -1145.195168             -0.095864             465.081826                 -680.209206                    True
   9031                  -804.306558             52.594373             235.834475                 -515.877710                    True
  10071                  -398.889283             61.492120             122.853417                 -214.543746                    True
  11064                 -1292.404173             18.588307             478.870299                 -794.945567                    True
  12042                  -259.658594             19.951561             137.739166                 -101.967866                   False
  13002                 -1021.022686             67.140402             351.849944                 -602.032340                    True
  14093                  -391.562944             11.559336             153.570027                 -226.433580                    True
  15076                  -646.765666            157.051118             134.682338                 -355.032211                    True
  16092                  -289.011859            158.006838              42.773079                  -88.231942                   False
  17009                 -1502.722986            150.761264             371.154976                 -980.806745                    True
  18076                 -2127.289751            139.763220             661.736162                -1325.790369                    True
  19006                 -1348.836316            161.722822             489.285323                 -697.828171                    True
  20012                 -1883.909814              1.750003             588.079750                -1294.080061                    True
