L1 P33981 checked 2 / 78
L1 P33981 checked 4 / 78
L1 P33981 checked 6 / 78
L1 P33981 checked 8 / 78
L1 P33981 checked 10 / 78
L1 P33981 checked 12 / 78
L1 P33981 checked 14 / 78
L1 P33981 checked 16 / 78
L1 P33981 checked 18 / 78
L1 P33981 checked 20 / 78
L1 P33981 checked 22 / 78
L1 P33981 checked 24 / 78
L1 P33981 checked 26 / 78
L1 P33981 checked 28 / 78
L1 P33981 checked 30 / 78
L1 P33981 checked 32 / 78
L1 P33981 checked 34 / 78
L1 P33981 checked 36 / 78
L1 P33981 checked 38 / 78
L1 P33981 checked 40 / 78
L1 P33981 checked 42 / 78
L1 P33981 checked 44 / 78
L1 P33981 checked 46 / 78
L1 P33981 checked 48 / 78
L1 P33981 checked 50 / 78
L1 P33981 checked 52 / 78
L1 P33981 checked 54 / 78
L1 P33981 checked 56 / 78
L1 P33981 matched
L1 Q06124 checked 2 / 115
L1 Q06124 checked 4 / 115
L1 Q06124 checked 6 / 115
L1 Q06124 checked 8 / 115
L1 Q06124 checked 10 / 115
L1 Q06124 checked 12 / 115
L1 Q06124 checked 14 / 115
L1 Q06124 checked 16 / 115
L1 Q06124 checked 18 / 115
L1 Q06124 checked 20 / 115
L1 Q06124 checked 22 / 115
L1 Q06124 checked 24 / 115
L1 Q06124 checked 26 / 115
L1 Q06124 checked 28 / 115
L1 Q06124 checked 30 / 115
L1 Q06124 checked 32 / 115
L1 Q06124 checked 34 / 115
L1 Q06124 checked 36 / 115
L1 Q06124 checked 38 / 115
L1 Q06124 checked 40 / 115
L1 Q06124 checked 42 / 115
L1 Q06124 checked 44 / 115
L1 Q06124 checked 46 / 115
L1 Q06124 checked 48 / 115
L1 Q06124 checked 50 / 115
L1 Q06124 checked 52 / 115
L1 Q06124 checked 54 / 115
L1 Q06124 checked 56 / 115
L1 Q06124 checked 58 / 115
L1 Q06124 checked 60 / 115
L1 Q06124 checked 62 / 115
L1 Q06124 checked 64 / 115
L1 Q06124 checked 66 / 115
L1 Q06124 checked 68 / 115
L1 Q06124 checked 70 / 115
L1 Q06124 checked 72 / 115
L1 Q06124 matched
L1 Q92793 checked 2 / 144
L1 Q92793 checked 4 / 144
L1 Q92793 checked 6 / 144
L1 Q92793 checked 8 / 144
L1 Q92793 checked 10 / 144
L1 Q92793 checked 12 / 144
L1 Q92793 checked 14 / 144
L1 Q92793 checked 16 / 144
L1 Q92793 checked 18 / 144
L1 Q92793 checked 20 / 144
L1 Q92793 checked 22 / 144
L1 Q92793 checked 24 / 144
L1 Q92793 checked 26 / 144
L1 Q92793 checked 28 / 144
L1 Q92793 checked 30 / 144
L1 Q92793 checked 32 / 144
L1 Q92793 checked 34 / 144
L1 Q92793 checked 36 / 144
L1 Q92793 checked 38 / 144
L1 Q92793 checked 40 / 144
L1 Q92793 checked 42 / 144
L1 Q92793 checked 44 / 144
L1 Q92793 checked 46 / 144
L1 Q92793 checked 48 / 144
L1 Q92793 checked 50 / 144
L1 Q92793 checked 52 / 144
L1 Q92793 checked 54 / 144
L1 Q92793 checked 56 / 144
L1 Q92793 checked 58 / 144
L1 Q92793 checked 60 / 144
L1 Q92793 checked 62 / 144
L1 Q92793 checked 64 / 144
L1 Q92793 checked 66 / 144
L1 Q92793 checked 68 / 144
L1 Q92793 checked 70 / 144
L1 Q92793 checked 72 / 144
L1 Q92793 checked 74 / 144
L1 Q92793 checked 76 / 144
L1 Q92793 checked 78 / 144
L1 Q92793 checked 80 / 144
L1 Q92793 checked 82 / 144
L1 Q92793 checked 84 / 144
L1 Q92793 checked 86 / 144
L1 Q92793 checked 88 / 144
L1 Q92793 checked 90 / 144
L1 Q92793 checked 92 / 144
L1 Q92793 checked 94 / 144
L1 Q92793 checked 96 / 144
L1 Q92793 checked 98 / 144
L1 Q92793 checked 100 / 144
L1 Q92793 checked 102 / 144
L1 Q92793 checked 104 / 144
L1 Q92793 checked 106 / 144
L1 Q92793 checked 108 / 144
L1 Q92793 checked 110 / 144
L1 Q92793 checked 112 / 144
L1 Q92793 checked 114 / 144
L1 Q92793 checked 116 / 144
L1 Q92793 checked 118 / 144
L1 Q92793 checked 120 / 144
L1 Q92793 checked 122 / 144
L1 Q92793 checked 124 / 144
L1 Q92793 checked 126 / 144
L1 Q92793 checked 128 / 144
L1 Q92793 matched
L2 P06730 checked 2 / 45
L2 P06730 checked 4 / 45
L2 P06730 checked 6 / 45
L2 P06730 checked 8 / 45
L2 P06730 checked 10 / 45
L2 P06730 checked 12 / 45
L2 P06730 checked 14 / 45
L2 P06730 checked 16 / 45
L2 P06730 checked 18 / 45
L2 P06730 checked 20 / 45
L2 P06730 checked 22 / 45
L2 P06730 checked 24 / 45
L2 P06730 checked 26 / 45
L2 P06730 checked 28 / 45
L2 P06730 checked 30 / 45
L2 P06730 checked 32 / 45
L2 P06730 checked 34 / 45
L2 P06730 checked 36 / 45
L2 P06730 checked 38 / 45
L2 P06730 checked 40 / 45
L2 P06730 checked 42 / 45
L2 P06730 checked 44 / 45
L2 P06730 matched
L2 P43405 checked 2 / 93
L2 P43405 checked 4 / 93
L2 P43405 matched
L2 Q8NER1 checked 2 / 8
L2 Q8NER1 checked 4 / 8
L2 Q8NER1 checked 6 / 8
L2 Q8NER1 matched
L3 Q15878 checked 2 / 5
L3 Q15878 matched
L3 Q9UKS7 checked 2 / 7
L3 Q9UKS7 matched
L4 P37059 source_not_recovered
L4 Q9NY59 checked 1 / 1
L4 Q9NY59 source_not_recovered
