L1 P00338 checked 2 / 46
L1 P00338 checked 4 / 46
L1 P00338 checked 6 / 46
L1 P00338 checked 8 / 46
L1 P00338 checked 10 / 46
L1 P00338 checked 12 / 46
L1 P00338 checked 14 / 46
L1 P00338 checked 16 / 46
L1 P00338 checked 18 / 46
L1 P00338 checked 20 / 46
L1 P00338 checked 22 / 46
L1 P00338 checked 24 / 46
L1 P00338 checked 26 / 46
L1 P00338 checked 28 / 46
L1 P00338 checked 30 / 46
L1 P00338 checked 32 / 46
L1 P00338 checked 34 / 46
L1 P00338 checked 36 / 46
L1 P00338 checked 38 / 46
L1 P00338 checked 40 / 46
L1 P00338 checked 42 / 46
L1 P00338 matched
L1 P50053 checked 2 / 38
L1 P50053 checked 4 / 38
L1 P50053 checked 6 / 38
L1 P50053 checked 8 / 38
L1 P50053 checked 10 / 38
L1 P50053 checked 12 / 38
L1 P50053 checked 14 / 38
L1 P50053 checked 16 / 38
L1 P50053 checked 18 / 38
L1 P50053 checked 20 / 38
L1 P50053 checked 22 / 38
L1 P50053 matched
L1 Q6GI75 checked 2 / 4
L1 Q6GI75 matched
L2 O43318 checked 2 / 25
L2 O43318 checked 4 / 25
L2 O43318 checked 6 / 25
L2 O43318 matched
L2 P31645 checked 2 / 30
L2 P31645 checked 4 / 30
L2 P31645 checked 6 / 30
L2 P31645 checked 8 / 30
L2 P31645 checked 10 / 30
L2 P31645 checked 12 / 30
L2 P31645 checked 14 / 30
L2 P31645 checked 16 / 30
L2 P31645 checked 18 / 30
L2 P31645 checked 20 / 30
L2 P31645 checked 22 / 30
L2 P31645 checked 24 / 30
L2 P31645 matched
L2 Q13822 matched
L3 O14638 checked 2 / 3
L3 O14638 matched
L3 P51684 checked 1 / 1
L3 P51684 source_not_recovered
L3 Q96LB1 checked 2 / 14
L3 Q96LB1 checked 4 / 14
L3 Q96LB1 matched
L4 O75747 checked 1 / 1
L4 O75747 source_not_recovered
L4 Q08211 checked 2 / 6
L4 Q08211 checked 4 / 6
L4 Q08211 matched
L4 Q96PC2 source_not_recovered
