L1 O95271 checked 2 / 42
L1 O95271 checked 4 / 42
L1 O95271 checked 6 / 42
L1 O95271 checked 8 / 42
L1 O95271 checked 10 / 42
L1 O95271 checked 12 / 42
L1 O95271 checked 14 / 42
L1 O95271 checked 16 / 42
L1 O95271 checked 18 / 42
L1 O95271 checked 20 / 42
L1 O95271 checked 22 / 42
L1 O95271 checked 24 / 42
L1 O95271 checked 26 / 42
L1 O95271 checked 28 / 42
L1 O95271 checked 30 / 42
L1 O95271 checked 32 / 42
L1 O95271 matched
L1 P49759 checked 2 / 38
L1 P49759 checked 4 / 38
L1 P49759 checked 6 / 38
L1 P49759 checked 8 / 38
L1 P49759 checked 10 / 38
L1 P49759 checked 12 / 38
L1 P49759 checked 14 / 38
L1 P49759 checked 16 / 38
L1 P49759 checked 18 / 38
L1 P49759 checked 20 / 38
L1 P49759 checked 22 / 38
L1 P49759 checked 24 / 38
L1 P49759 checked 26 / 38
L1 P49759 checked 28 / 38
L1 P49759 matched
L1 Q15059 checked 2 / 48
L1 Q15059 checked 4 / 48
L1 Q15059 checked 6 / 48
L1 Q15059 checked 8 / 48
L1 Q15059 checked 10 / 48
L1 Q15059 checked 12 / 48
L1 Q15059 checked 14 / 48
L1 Q15059 checked 16 / 48
L1 Q15059 checked 18 / 48
L1 Q15059 checked 20 / 48
L1 Q15059 checked 22 / 48
L1 Q15059 checked 24 / 48
L1 Q15059 checked 26 / 48
L1 Q15059 matched
L2 O14757 checked 2 / 163
L2 O14757 checked 4 / 163
L2 O14757 checked 6 / 163
L2 O14757 checked 8 / 163
L2 O14757 checked 10 / 163
L2 O14757 checked 12 / 163
L2 O14757 checked 14 / 163
L2 O14757 checked 16 / 163
L2 O14757 checked 18 / 163
L2 O14757 checked 20 / 163
L2 O14757 checked 22 / 163
L2 O14757 checked 24 / 163
L2 O14757 checked 26 / 163
L2 O14757 checked 28 / 163
L2 O14757 checked 30 / 163
L2 O14757 checked 32 / 163
L2 O14757 checked 34 / 163
L2 O14757 checked 36 / 163
L2 O14757 checked 38 / 163
L2 O14757 checked 40 / 163
L2 O14757 checked 42 / 163
L2 O14757 checked 44 / 163
L2 O14757 checked 46 / 163
L2 O14757 checked 48 / 163
L2 O14757 checked 50 / 163
L2 O14757 checked 52 / 163
L2 O14757 checked 54 / 163
L2 O14757 checked 56 / 163
L2 O14757 checked 58 / 163
L2 O14757 checked 60 / 163
L2 O14757 checked 62 / 163
L2 O14757 checked 64 / 163
L2 O14757 checked 66 / 163
L2 O14757 checked 68 / 163
L2 O14757 checked 70 / 163
L2 O14757 checked 72 / 163
L2 O14757 checked 74 / 163
L2 O14757 checked 76 / 163
L2 O14757 checked 78 / 163
L2 O14757 checked 80 / 163
L2 O14757 checked 82 / 163
L2 O14757 checked 84 / 163
L2 O14757 checked 86 / 163
L2 O14757 checked 88 / 163
L2 O14757 checked 90 / 163
L2 O14757 checked 92 / 163
L2 O14757 checked 94 / 163
L2 O14757 checked 96 / 163
L2 O14757 checked 98 / 163
L2 O14757 checked 100 / 163
L2 O14757 checked 102 / 163
L2 O14757 checked 104 / 163
L2 O14757 checked 106 / 163
L2 O14757 checked 108 / 163
L2 O14757 checked 110 / 163
L2 O14757 checked 112 / 163
L2 O14757 checked 114 / 163
L2 O14757 matched
L2 P31153 checked 2 / 57
L2 P31153 checked 4 / 57
L2 P31153 checked 6 / 57
L2 P31153 checked 8 / 57
L2 P31153 checked 10 / 57
L2 P31153 checked 12 / 57
L2 P31153 checked 14 / 57
L2 P31153 checked 16 / 57
L2 P31153 checked 18 / 57
L2 P31153 checked 20 / 57
L2 P31153 checked 22 / 57
L2 P31153 checked 24 / 57
L2 P31153 checked 26 / 57
L2 P31153 checked 28 / 57
L2 P31153 checked 30 / 57
L2 P31153 checked 32 / 57
L2 P31153 checked 34 / 57
L2 P31153 checked 36 / 57
L2 P31153 checked 38 / 57
L2 P31153 checked 40 / 57
L2 P31153 checked 42 / 57
L2 P31153 checked 44 / 57
L2 P31153 checked 46 / 57
L2 P31153 checked 48 / 57
L2 P31153 checked 50 / 57
L2 P31153 matched
L2 Q13224 checked 2 / 35
L2 Q13224 checked 4 / 35
L2 Q13224 checked 6 / 35
L2 Q13224 checked 8 / 35
L2 Q13224 matched
L3 A0A1D8PKB4 checked 2 / 6
L3 A0A1D8PKB4 matched
L3 P43250 matched
L3 Q92830 checked 2 / 14
L3 Q92830 checked 4 / 14
L3 Q92830 checked 6 / 14
L3 Q92830 checked 8 / 14
L3 Q92830 matched
L4 O00767 matched
L4 P50052 matched
