L1 P35354 checked 2 / 7
L1 P35354 matched
L1 Q07343 checked 2 / 42
L1 Q07343 checked 4 / 42
L1 Q07343 checked 6 / 42
L1 Q07343 checked 8 / 42
L1 Q07343 matched
L1 Q96MU7 checked 2 / 108
L1 Q96MU7 checked 4 / 108
L1 Q96MU7 checked 6 / 108
L1 Q96MU7 checked 8 / 108
L1 Q96MU7 checked 10 / 108
L1 Q96MU7 checked 12 / 108
L1 Q96MU7 checked 14 / 108
L1 Q96MU7 checked 16 / 108
L1 Q96MU7 checked 18 / 108
L1 Q96MU7 checked 20 / 108
L1 Q96MU7 checked 22 / 108
L1 Q96MU7 checked 24 / 108
L1 Q96MU7 checked 26 / 108
L1 Q96MU7 checked 28 / 108
L1 Q96MU7 checked 30 / 108
L1 Q96MU7 checked 32 / 108
L1 Q96MU7 checked 34 / 108
L1 Q96MU7 checked 36 / 108
L1 Q96MU7 checked 38 / 108
L1 Q96MU7 checked 40 / 108
L1 Q96MU7 checked 42 / 108
L1 Q96MU7 checked 44 / 108
L1 Q96MU7 checked 46 / 108
L1 Q96MU7 checked 48 / 108
L1 Q96MU7 checked 50 / 108
L1 Q96MU7 checked 52 / 108
L1 Q96MU7 checked 54 / 108
L1 Q96MU7 checked 56 / 108
L1 Q96MU7 checked 58 / 108
L1 Q96MU7 checked 60 / 108
L1 Q96MU7 checked 62 / 108
L1 Q96MU7 checked 64 / 108
L1 Q96MU7 checked 66 / 108
L1 Q96MU7 checked 68 / 108
L1 Q96MU7 checked 70 / 108
L1 Q96MU7 checked 72 / 108
L1 Q96MU7 checked 74 / 108
L1 Q96MU7 checked 76 / 108
L1 Q96MU7 checked 78 / 108
L1 Q96MU7 checked 80 / 108
L1 Q96MU7 checked 82 / 108
L1 Q96MU7 checked 84 / 108
L1 Q96MU7 checked 86 / 108
L1 Q96MU7 checked 88 / 108
L1 Q96MU7 checked 90 / 108
L1 Q96MU7 checked 92 / 108
L1 Q96MU7 checked 94 / 108
L1 Q96MU7 checked 96 / 108
L1 Q96MU7 checked 98 / 108
L1 Q96MU7 matched
L2 P08254 checked 2 / 44
L2 P08254 checked 4 / 44
L2 P08254 checked 6 / 44
L2 P08254 checked 8 / 44
L2 P08254 checked 10 / 44
L2 P08254 checked 12 / 44
L2 P08254 checked 14 / 44
L2 P08254 checked 16 / 44
L2 P08254 checked 18 / 44
L2 P08254 checked 20 / 44
L2 P08254 checked 22 / 44
L2 P08254 checked 24 / 44
L2 P08254 checked 26 / 44
L2 P08254 checked 28 / 44
L2 P08254 checked 30 / 44
L2 P08254 checked 32 / 44
L2 P08254 checked 34 / 44
L2 P08254 matched
L2 P56817 checked 2 / 431
L2 P56817 checked 4 / 431
L2 P56817 checked 6 / 431
L2 P56817 checked 8 / 431
L2 P56817 checked 10 / 431
L2 P56817 checked 12 / 431
L2 P56817 checked 14 / 431
L2 P56817 checked 16 / 431
L2 P56817 checked 18 / 431
L2 P56817 checked 20 / 431
L2 P56817 checked 22 / 431
L2 P56817 checked 24 / 431
L2 P56817 checked 26 / 431
L2 P56817 checked 28 / 431
L2 P56817 checked 30 / 431
L2 P56817 checked 32 / 431
L2 P56817 checked 34 / 431
L2 P56817 checked 36 / 431
L2 P56817 checked 38 / 431
L2 P56817 checked 40 / 431
L2 P56817 checked 42 / 431
L2 P56817 checked 44 / 431
L2 P56817 checked 46 / 431
L2 P56817 checked 48 / 431
L2 P56817 checked 50 / 431
L2 P56817 checked 52 / 431
L2 P56817 checked 54 / 431
L2 P56817 checked 56 / 431
L2 P56817 checked 58 / 431
L2 P56817 checked 60 / 431
L2 P56817 checked 62 / 431
L2 P56817 checked 64 / 431
L2 P56817 checked 66 / 431
L2 P56817 checked 68 / 431
L2 P56817 checked 70 / 431
L2 P56817 checked 72 / 431
L2 P56817 checked 74 / 431
L2 P56817 checked 76 / 431
L2 P56817 checked 78 / 431
L2 P56817 checked 80 / 431
L2 P56817 checked 82 / 431
L2 P56817 checked 84 / 431
L2 P56817 checked 86 / 431
L2 P56817 checked 88 / 431
L2 P56817 checked 90 / 431
L2 P56817 checked 92 / 431
L2 P56817 checked 94 / 431
L2 P56817 checked 96 / 431
L2 P56817 checked 98 / 431
L2 P56817 checked 100 / 431
L2 P56817 checked 102 / 431
L2 P56817 checked 104 / 431
L2 P56817 checked 106 / 431
L2 P56817 checked 108 / 431
L2 P56817 checked 110 / 431
L2 P56817 checked 112 / 431
L2 P56817 checked 114 / 431
L2 P56817 checked 116 / 431
L2 P56817 checked 118 / 431
L2 P56817 checked 120 / 431
L2 P56817 checked 122 / 431
L2 P56817 checked 124 / 431
L2 P56817 checked 126 / 431
L2 P56817 checked 128 / 431
L2 P56817 checked 130 / 431
L2 P56817 checked 132 / 431
L2 P56817 checked 134 / 431
L2 P56817 checked 136 / 431
L2 P56817 checked 138 / 431
L2 P56817 checked 140 / 431
L2 P56817 checked 142 / 431
L2 P56817 checked 144 / 431
L2 P56817 checked 146 / 431
L2 P56817 checked 148 / 431
L2 P56817 checked 150 / 431
L2 P56817 checked 152 / 431
L2 P56817 checked 154 / 431
L2 P56817 checked 156 / 431
L2 P56817 checked 158 / 431
L2 P56817 checked 160 / 431
L2 P56817 checked 162 / 431
L2 P56817 checked 164 / 431
L2 P56817 checked 166 / 431
L2 P56817 checked 168 / 431
L2 P56817 checked 170 / 431
L2 P56817 checked 172 / 431
L2 P56817 checked 174 / 431
L2 P56817 checked 176 / 431
L2 P56817 checked 178 / 431
L2 P56817 checked 180 / 431
L2 P56817 checked 182 / 431
L2 P56817 checked 184 / 431
L2 P56817 checked 186 / 431
L2 P56817 checked 188 / 431
L2 P56817 checked 190 / 431
L2 P56817 checked 192 / 431
L2 P56817 checked 194 / 431
L2 P56817 checked 196 / 431
L2 P56817 checked 198 / 431
L2 P56817 checked 200 / 431
L2 P56817 checked 202 / 431
L2 P56817 checked 204 / 431
L2 P56817 checked 206 / 431
L2 P56817 checked 208 / 431
L2 P56817 checked 210 / 431
L2 P56817 checked 212 / 431
L2 P56817 checked 214 / 431
L2 P56817 checked 216 / 431
L2 P56817 checked 218 / 431
L2 P56817 checked 220 / 431
L2 P56817 checked 222 / 431
L2 P56817 checked 224 / 431
L2 P56817 checked 226 / 431
L2 P56817 checked 228 / 431
L2 P56817 checked 230 / 431
L2 P56817 checked 232 / 431
L2 P56817 checked 234 / 431
L2 P56817 checked 236 / 431
L2 P56817 checked 238 / 431
L2 P56817 checked 240 / 431
L2 P56817 checked 242 / 431
L2 P56817 checked 244 / 431
L2 P56817 checked 246 / 431
L2 P56817 checked 248 / 431
L2 P56817 checked 250 / 431
L2 P56817 checked 252 / 431
L2 P56817 checked 254 / 431
L2 P56817 checked 256 / 431
L2 P56817 checked 258 / 431
L2 P56817 checked 260 / 431
L2 P56817 checked 262 / 431
L2 P56817 checked 264 / 431
L2 P56817 checked 266 / 431
L2 P56817 checked 268 / 431
L2 P56817 checked 270 / 431
L2 P56817 checked 272 / 431
L2 P56817 checked 274 / 431
L2 P56817 checked 276 / 431
L2 P56817 checked 278 / 431
L2 P56817 checked 280 / 431
L2 P56817 checked 282 / 431
L2 P56817 checked 284 / 431
L2 P56817 checked 286 / 431
L2 P56817 checked 288 / 431
L2 P56817 checked 290 / 431
L2 P56817 checked 292 / 431
L2 P56817 checked 294 / 431
L2 P56817 checked 296 / 431
L2 P56817 checked 298 / 431
L2 P56817 checked 300 / 431
L2 P56817 checked 302 / 431
L2 P56817 checked 304 / 431
L2 P56817 checked 306 / 431
L2 P56817 checked 308 / 431
L2 P56817 checked 310 / 431
L2 P56817 checked 312 / 431
L2 P56817 checked 314 / 431
L2 P56817 checked 316 / 431
L2 P56817 checked 318 / 431
L2 P56817 checked 320 / 431
L2 P56817 checked 322 / 431
L2 P56817 checked 324 / 431
L2 P56817 checked 326 / 431
L2 P56817 checked 328 / 431
L2 P56817 checked 330 / 431
L2 P56817 checked 332 / 431
L2 P56817 checked 334 / 431
L2 P56817 checked 336 / 431
L2 P56817 checked 338 / 431
L2 P56817 checked 340 / 431
L2 P56817 checked 342 / 431
L2 P56817 checked 344 / 431
L2 P56817 checked 346 / 431
L2 P56817 checked 348 / 431
L2 P56817 checked 350 / 431
L2 P56817 checked 352 / 431
L2 P56817 checked 354 / 431
L2 P56817 checked 356 / 431
L2 P56817 checked 358 / 431
L2 P56817 checked 360 / 431
L2 P56817 checked 362 / 431
L2 P56817 checked 364 / 431
L2 P56817 checked 366 / 431
L2 P56817 checked 368 / 431
L2 P56817 checked 370 / 431
L2 P56817 checked 372 / 431
L2 P56817 checked 374 / 431
L2 P56817 checked 376 / 431
L2 P56817 checked 378 / 431
L2 P56817 checked 380 / 431
L2 P56817 checked 382 / 431
L2 P56817 checked 384 / 431
L2 P56817 checked 386 / 431
L2 P56817 checked 388 / 431
L2 P56817 checked 390 / 431
L2 P56817 checked 392 / 431
L2 P56817 checked 394 / 431
L2 P56817 checked 396 / 431
L2 P56817 checked 398 / 431
L2 P56817 checked 400 / 431
L2 P56817 checked 402 / 431
L2 P56817 checked 404 / 431
L2 P56817 checked 406 / 431
L2 P56817 checked 408 / 431
L2 P56817 checked 410 / 431
L2 P56817 matched
L2 Q92793 checked 2 / 144
L2 Q92793 checked 4 / 144
L2 Q92793 checked 6 / 144
L2 Q92793 checked 8 / 144
L2 Q92793 checked 10 / 144
L2 Q92793 checked 12 / 144
L2 Q92793 checked 14 / 144
L2 Q92793 checked 16 / 144
L2 Q92793 checked 18 / 144
L2 Q92793 checked 20 / 144
L2 Q92793 checked 22 / 144
L2 Q92793 checked 24 / 144
L2 Q92793 checked 26 / 144
L2 Q92793 checked 28 / 144
L2 Q92793 checked 30 / 144
L2 Q92793 checked 32 / 144
L2 Q92793 checked 34 / 144
L2 Q92793 checked 36 / 144
L2 Q92793 checked 38 / 144
L2 Q92793 checked 40 / 144
L2 Q92793 checked 42 / 144
L2 Q92793 checked 44 / 144
L2 Q92793 checked 46 / 144
L2 Q92793 checked 48 / 144
L2 Q92793 checked 50 / 144
L2 Q92793 checked 52 / 144
L2 Q92793 checked 54 / 144
L2 Q92793 checked 56 / 144
L2 Q92793 checked 58 / 144
L2 Q92793 checked 60 / 144
L2 Q92793 checked 62 / 144
L2 Q92793 checked 64 / 144
L2 Q92793 checked 66 / 144
L2 Q92793 checked 68 / 144
L2 Q92793 checked 70 / 144
L2 Q92793 checked 72 / 144
L2 Q92793 checked 74 / 144
L2 Q92793 checked 76 / 144
L2 Q92793 checked 78 / 144
L2 Q92793 checked 80 / 144
L2 Q92793 checked 82 / 144
L2 Q92793 checked 84 / 144
L2 Q92793 checked 86 / 144
L2 Q92793 checked 88 / 144
L2 Q92793 checked 90 / 144
L2 Q92793 checked 92 / 144
L2 Q92793 checked 94 / 144
L2 Q92793 checked 96 / 144
L2 Q92793 checked 98 / 144
L2 Q92793 checked 100 / 144
L2 Q92793 checked 102 / 144
L2 Q92793 checked 104 / 144
L2 Q92793 checked 106 / 144
L2 Q92793 checked 108 / 144
L2 Q92793 checked 110 / 144
L2 Q92793 checked 112 / 144
L2 Q92793 checked 114 / 144
L2 Q92793 checked 116 / 144
L2 Q92793 checked 118 / 144
L2 Q92793 checked 120 / 144
L2 Q92793 checked 122 / 144
L2 Q92793 checked 124 / 144
L2 Q92793 checked 126 / 144
L2 Q92793 checked 128 / 144
L2 Q92793 matched
L3 P28347 checked 2 / 14
L3 P28347 checked 4 / 14
L3 P28347 checked 6 / 14
L3 P28347 checked 8 / 14
L3 P28347 checked 10 / 14
L3 P28347 matched
L3 Q16665 checked 2 / 25
L3 Q16665 checked 4 / 25
L3 Q16665 checked 6 / 25
L3 Q16665 checked 8 / 25
L3 Q16665 checked 10 / 25
L3 Q16665 checked 12 / 25
L3 Q16665 checked 14 / 25
L3 Q16665 checked 16 / 25
L3 Q16665 checked 18 / 25
L3 Q16665 checked 20 / 25
L3 Q16665 checked 22 / 25
L3 Q16665 checked 24 / 25
L3 Q16665 checked 25 / 25
L3 Q16665 source_not_recovered
L3 Q9Y4K4 source_not_recovered
L4 P42226 checked 2 / 7
L4 P42226 checked 4 / 7
L4 P42226 checked 6 / 7
L4 P42226 matched
L4 Q6SZW1 checked 2 / 53
L4 Q6SZW1 checked 4 / 53
L4 Q6SZW1 checked 6 / 53
L4 Q6SZW1 checked 8 / 53
L4 Q6SZW1 checked 10 / 53
L4 Q6SZW1 checked 12 / 53
L4 Q6SZW1 checked 14 / 53
L4 Q6SZW1 checked 16 / 53
L4 Q6SZW1 checked 18 / 53
L4 Q6SZW1 checked 20 / 53
L4 Q6SZW1 checked 22 / 53
L4 Q6SZW1 checked 24 / 53
L4 Q6SZW1 checked 26 / 53
L4 Q6SZW1 checked 28 / 53
L4 Q6SZW1 checked 30 / 53
L4 Q6SZW1 matched
L4 Q9Y239 checked 2 / 6
L4 Q9Y239 checked 4 / 6
L4 Q9Y239 checked 6 / 6
L4 Q9Y239 source_not_recovered
