L1 P06239 checked 2 / 57
L1 P06239 checked 4 / 57
L1 P06239 checked 6 / 57
L1 P06239 checked 8 / 57
L1 P06239 checked 10 / 57
L1 P06239 checked 12 / 57
L1 P06239 checked 14 / 57
L1 P06239 matched
L1 P51532 checked 2 / 28
L1 P51532 checked 4 / 28
L1 P51532 checked 6 / 28
L1 P51532 checked 8 / 28
L1 P51532 checked 10 / 28
L1 P51532 matched
L1 Q86WV6 checked 2 / 115
L1 Q86WV6 checked 4 / 115
L1 Q86WV6 checked 6 / 115
L1 Q86WV6 checked 8 / 115
L1 Q86WV6 checked 10 / 115
L1 Q86WV6 checked 12 / 115
L1 Q86WV6 checked 14 / 115
L1 Q86WV6 checked 16 / 115
L1 Q86WV6 checked 18 / 115
L1 Q86WV6 checked 20 / 115
L1 Q86WV6 checked 22 / 115
L1 Q86WV6 checked 24 / 115
L1 Q86WV6 checked 26 / 115
L1 Q86WV6 checked 28 / 115
L1 Q86WV6 checked 30 / 115
L1 Q86WV6 checked 32 / 115
L1 Q86WV6 checked 34 / 115
L1 Q86WV6 checked 36 / 115
L1 Q86WV6 matched
L2 O75460 checked 2 / 26
L2 O75460 checked 4 / 26
L2 O75460 checked 6 / 26
L2 O75460 checked 8 / 26
L2 O75460 checked 10 / 26
L2 O75460 checked 12 / 26
L2 O75460 checked 14 / 26
L2 O75460 checked 16 / 26
L2 O75460 checked 18 / 26
L2 O75460 checked 20 / 26
L2 O75460 checked 22 / 26
L2 O75460 matched
L2 P36897 checked 2 / 44
L2 P36897 checked 4 / 44
L2 P36897 checked 6 / 44
L2 P36897 checked 8 / 44
L2 P36897 checked 10 / 44
L2 P36897 checked 12 / 44
L2 P36897 checked 14 / 44
L2 P36897 checked 16 / 44
L2 P36897 checked 18 / 44
L2 P36897 checked 20 / 44
L2 P36897 checked 22 / 44
L2 P36897 checked 24 / 44
L2 P36897 checked 26 / 44
L2 P36897 checked 28 / 44
L2 P36897 checked 30 / 44
L2 P36897 checked 32 / 44
L2 P36897 checked 34 / 44
L2 P36897 checked 36 / 44
L2 P36897 checked 38 / 44
L2 P36897 checked 40 / 44
L2 P36897 checked 42 / 44
L2 P36897 checked 44 / 44
L2 P36897 source_not_recovered
L2 Q14145 checked 2 / 122
L2 Q14145 checked 4 / 122
L2 Q14145 checked 6 / 122
L2 Q14145 checked 8 / 122
L2 Q14145 checked 10 / 122
L2 Q14145 checked 12 / 122
L2 Q14145 checked 14 / 122
L2 Q14145 checked 16 / 122
L2 Q14145 checked 18 / 122
L2 Q14145 matched
L3 P05556 checked 2 / 22
L3 P05556 checked 4 / 22
L3 P05556 checked 6 / 22
L3 P05556 checked 8 / 22
L3 P05556 checked 10 / 22
L3 P05556 checked 12 / 22
L3 P05556 checked 14 / 22
L3 P05556 matched
L3 P56528 checked 1 / 1
L3 P56528 source_not_recovered
L3 Q9HCR9 source_not_recovered
L4 O94782 checked 2 / 15
L4 O94782 checked 4 / 15
L4 O94782 checked 6 / 15
L4 O94782 checked 8 / 15
L4 O94782 checked 10 / 15
L4 O94782 matched
L4 Q08828 source_not_recovered
L4 Q99705 checked 2 / 10
L4 Q99705 checked 4 / 10
L4 Q99705 checked 6 / 10
L4 Q99705 checked 8 / 10
L4 Q99705 matched
