L1 P49327 checked 2 / 34
L1 P49327 checked 4 / 34
L1 P49327 checked 6 / 34
L1 P49327 checked 8 / 34
L1 P49327 checked 10 / 34
L1 P49327 checked 12 / 34
L1 P49327 checked 14 / 34
L1 P49327 checked 16 / 34
L1 P49327 matched
L1 Q08499 checked 2 / 122
L1 Q08499 checked 4 / 122
L1 Q08499 checked 6 / 122
L1 Q08499 checked 8 / 122
L1 Q08499 checked 10 / 122
L1 Q08499 checked 12 / 122
L1 Q08499 checked 14 / 122
L1 Q08499 checked 16 / 122
L1 Q08499 checked 18 / 122
L1 Q08499 checked 20 / 122
L1 Q08499 checked 22 / 122
L1 Q08499 checked 24 / 122
L1 Q08499 checked 26 / 122
L1 Q08499 checked 28 / 122
L1 Q08499 checked 30 / 122
L1 Q08499 checked 32 / 122
L1 Q08499 checked 34 / 122
L1 Q08499 checked 36 / 122
L1 Q08499 checked 38 / 122
L1 Q08499 checked 40 / 122
L1 Q08499 checked 42 / 122
L1 Q08499 checked 44 / 122
L1 Q08499 checked 46 / 122
L1 Q08499 checked 48 / 122
L1 Q08499 checked 50 / 122
L1 Q08499 checked 52 / 122
L1 Q08499 checked 54 / 122
L1 Q08499 checked 56 / 122
L1 Q08499 checked 58 / 122
L1 Q08499 checked 60 / 122
L1 Q08499 checked 62 / 122
L1 Q08499 checked 64 / 122
L1 Q08499 checked 66 / 122
L1 Q08499 checked 68 / 122
L1 Q08499 checked 70 / 122
L1 Q08499 checked 72 / 122
L1 Q08499 checked 74 / 122
L1 Q08499 checked 76 / 122
L1 Q08499 checked 78 / 122
L1 Q08499 checked 80 / 122
L1 Q08499 checked 82 / 122
L1 Q08499 checked 84 / 122
L1 Q08499 checked 86 / 122
L1 Q08499 checked 88 / 122
L1 Q08499 checked 90 / 122
L1 Q08499 checked 92 / 122
L1 Q08499 checked 94 / 122
L1 Q08499 checked 96 / 122
L1 Q08499 checked 98 / 122
L1 Q08499 checked 100 / 122
L1 Q08499 checked 102 / 122
L1 Q08499 checked 104 / 122
L1 Q08499 checked 106 / 122
L1 Q08499 checked 108 / 122
L1 Q08499 checked 110 / 122
L1 Q08499 checked 112 / 122
L1 Q08499 checked 114 / 122
L1 Q08499 checked 116 / 122
L1 Q08499 matched
L1 Q9UBN7 checked 2 / 21
L1 Q9UBN7 checked 4 / 21
L1 Q9UBN7 checked 6 / 21
L1 Q9UBN7 checked 8 / 21
L1 Q9UBN7 checked 10 / 21
L1 Q9UBN7 checked 12 / 21
L1 Q9UBN7 checked 14 / 21
L1 Q9UBN7 checked 16 / 21
L1 Q9UBN7 checked 18 / 21
L1 Q9UBN7 checked 20 / 21
L1 Q9UBN7 matched
L2 P18825 matched
L2 Q06187 checked 2 / 133
L2 Q06187 checked 4 / 133
L2 Q06187 checked 6 / 133
L2 Q06187 checked 8 / 133
L2 Q06187 checked 10 / 133
L2 Q06187 checked 12 / 133
L2 Q06187 checked 14 / 133
L2 Q06187 checked 16 / 133
L2 Q06187 checked 18 / 133
L2 Q06187 checked 20 / 133
L2 Q06187 checked 22 / 133
L2 Q06187 checked 24 / 133
L2 Q06187 checked 26 / 133
L2 Q06187 checked 28 / 133
L2 Q06187 checked 30 / 133
L2 Q06187 checked 32 / 133
L2 Q06187 checked 34 / 133
L2 Q06187 checked 36 / 133
L2 Q06187 checked 38 / 133
L2 Q06187 checked 40 / 133
L2 Q06187 checked 42 / 133
L2 Q06187 checked 44 / 133
L2 Q06187 checked 46 / 133
L2 Q06187 checked 48 / 133
L2 Q06187 checked 50 / 133
L2 Q06187 checked 52 / 133
L2 Q06187 checked 54 / 133
L2 Q06187 checked 56 / 133
L2 Q06187 checked 58 / 133
L2 Q06187 checked 60 / 133
L2 Q06187 checked 62 / 133
L2 Q06187 checked 64 / 133
L2 Q06187 checked 66 / 133
L2 Q06187 checked 68 / 133
L2 Q06187 checked 70 / 133
L2 Q06187 checked 72 / 133
L2 Q06187 checked 74 / 133
L2 Q06187 checked 76 / 133
L2 Q06187 checked 78 / 133
L2 Q06187 checked 80 / 133
L2 Q06187 checked 82 / 133
L2 Q06187 checked 84 / 133
L2 Q06187 checked 86 / 133
L2 Q06187 checked 88 / 133
L2 Q06187 checked 90 / 133
L2 Q06187 checked 92 / 133
L2 Q06187 checked 94 / 133
L2 Q06187 checked 96 / 133
L2 Q06187 checked 98 / 133
L2 Q06187 checked 100 / 133
L2 Q06187 checked 102 / 133
L2 Q06187 checked 104 / 133
L2 Q06187 checked 106 / 133
L2 Q06187 checked 108 / 133
L2 Q06187 checked 110 / 133
L2 Q06187 checked 112 / 133
L2 Q06187 checked 114 / 133
L2 Q06187 checked 116 / 133
L2 Q06187 matched
L2 Q9Y5Z0 checked 2 / 19
L2 Q9Y5Z0 checked 4 / 19
L2 Q9Y5Z0 checked 6 / 19
L2 Q9Y5Z0 checked 8 / 19
L2 Q9Y5Z0 checked 10 / 19
L2 Q9Y5Z0 checked 12 / 19
L2 Q9Y5Z0 matched
L3 P40879 checked 2 / 13
L3 P40879 checked 4 / 13
L3 P40879 checked 6 / 13
L3 P40879 checked 8 / 13
L3 P40879 checked 10 / 13
L3 P40879 matched
L3 Q62645 matched
L3 Q9Y6M4 checked 2 / 10
L3 Q9Y6M4 checked 4 / 10
L3 Q9Y6M4 matched
L4 P43341 checked 1 / 1
L4 P43341 source_not_recovered
L4 Q70CQ3 checked 2 / 8
L4 Q70CQ3 checked 4 / 8
L4 Q70CQ3 checked 6 / 8
L4 Q70CQ3 matched
L4 Q9Y4K0 checked 1 / 1
L4 Q9Y4K0 source_not_recovered
