Bound geometry uses fixed-pocket gas FIRE. Legacy CPCM bound-refinement options are ignored.
/home/xianyang/miniconda3/envs/t3-aimnet/lib/python3.11/site-packages/aimnet/models/base.py:85: UserWarning: 'torch.load' received a zip file that looks like a TorchScript archive dispatching to 'torch.jit.load' (call 'torch.jit.load' directly to silence this warning)
  data = torch.load(path, map_location=device, weights_only=True)
/home/xianyang/miniconda3/envs/t3-aimnet/lib/python3.11/site-packages/torch/jit/_serialization.py:176: FutureWarning: `torch.jit.load` is deprecated. Please switch to `torch.export`.
  warnings.warn(
/home/xianyang/miniconda3/envs/t3-aimnet/lib/python3.11/site-packages/torch/jit/_serialization.py:176: FutureWarning: `torch.jit.load` is deprecated. Please switch to `torch.export`.
  warnings.warn(
1/10 mol_id=409 Eint=-71.060 desolv=16.084 strain=30.909 score=-24.067 steps=456 converged=True
2/10 mol_id=31043 Eint=-351.965 desolv=22.967 strain=184.721 score=-144.277 steps=412 converged=True
3/10 mol_id=47947 Eint=-53.248 desolv=10.778 strain=21.440 score=-21.029 steps=748 converged=True
4/10 mol_id=62797 Eint=-161.916 desolv=17.611 strain=41.268 score=-103.037 steps=903 converged=True
5/10 mol_id=67279 Eint=-115.639 desolv=16.498 strain=84.763 score=-14.378 steps=400 converged=True
6/10 mol_id=81133 Eint=-106.979 desolv=17.150 strain=36.111 score=-53.718 steps=710 converged=True
7/10 mol_id=90721 Eint=-104.942 desolv=20.192 strain=42.714 score=-42.037 steps=672 converged=True
8/10 mol_id=98140 Eint=-92.590 desolv=14.175 strain=46.523 score=-31.892 steps=520 converged=True
9/10 mol_id=104039 Eint=-194.739 desolv=18.994 strain=125.582 score=-50.163 steps=537 converged=True
10/10 mol_id=136645 Eint=-60.045 desolv=13.272 strain=20.108 score=-26.664 steps=505 converged=True
wrote 10 rows to /home/xianyang/aimnet2_score_pipelines/work/fixed-pocket-benchmarks-20260906/t3/L2/Q13822/aimnet2_score.csv in 160.34 s
{
  "scope": "reference reconstruction; not an exact reproduction of the unreleased AIMNet2(Score) workflow",
  "score_definition": "Eint + Edesolv + ELCSE; lower is better",
  "interaction_geometry": "fixed_pocket_gas_minimized_v1",
  "pocket": "/home/xianyang/aimnet2_score_pipelines/work/correction-20260906/t3/L2/Q13822/pocket.pdb",
  "pocket_charge": 0,
  "gas_model": "/home/xianyang/t3-aimnet-models/aimnet2_wb97m_0.jpt",
  "cpcm_model": "/home/xianyang/t3-aimnet-models/wb97m_cpcms_v2_0.jpt",
  "complex_fmax_ev_a": 0.002,
  "complex_max_steps": 1000,
  "n_complex_optimization_converged": 8,
  "minimized_poses": "/home/xianyang/aimnet2_score_pipelines/work/fixed-pocket-benchmarks-20260906/t3/L2/Q13822/aimnet2_score.minimized.sdf",
  "bound_refinement": "gas-phase ligand-in-fixed-pocket FIRE; no isolated bound refinement",
  "n_requested": 10,
  "n_scored": 10,
  "n_errors": 0,
  "n_optimization_converged": 10,
  "elapsed_seconds_this_run": 160.33943894691765,
  "output": "/home/xianyang/aimnet2_score_pipelines/work/fixed-pocket-benchmarks-20260906/t3/L2/Q13822/aimnet2_score.csv"
}
 mol_id  aimnet_interaction_kcal_mol  desolvation_kcal_mol  local_strain_kcal_mol  aimnet2_composite_kcal_mol  optimization_converged
    409                   -71.060409             16.084287              30.908885                  -24.067238                    True
  31043                  -351.964917             22.967274             184.720773                 -144.276870                    True
  47947                   -53.247577             10.778470              21.440156                  -21.028952                    True
  62797                  -161.915566             17.611399              41.267583                 -103.036585                    True
  67279                  -115.639181             16.498492              84.762930                  -14.377760                    True
  81133                  -106.978918             17.150471              36.110578                  -53.717870                    True
  90721                  -104.942377             20.191916              42.713732                  -42.036730                    True
  98140                   -92.589659             14.174686              46.522917                  -31.892057                    True
 104039                  -194.739457             18.994173             125.582260                  -50.163024                    True
 136645                   -60.044514             13.271737              20.108322                  -26.664454                    True
