Bound geometry uses fixed-pocket gas FIRE. Legacy CPCM bound-refinement options are ignored.
/home/xianyang/miniconda3/envs/t3-aimnet/lib/python3.11/site-packages/aimnet/models/base.py:85: UserWarning: 'torch.load' received a zip file that looks like a TorchScript archive dispatching to 'torch.jit.load' (call 'torch.jit.load' directly to silence this warning)
  data = torch.load(path, map_location=device, weights_only=True)
/home/xianyang/miniconda3/envs/t3-aimnet/lib/python3.11/site-packages/torch/jit/_serialization.py:176: FutureWarning: `torch.jit.load` is deprecated. Please switch to `torch.export`.
  warnings.warn(
/home/xianyang/miniconda3/envs/t3-aimnet/lib/python3.11/site-packages/torch/jit/_serialization.py:176: FutureWarning: `torch.jit.load` is deprecated. Please switch to `torch.export`.
  warnings.warn(
1/10 mol_id=10341 Eint=-92.814 desolv=15.282 strain=19.435 score=-58.098 steps=535 converged=True
2/10 mol_id=49521 Eint=-60.579 desolv=17.516 strain=10.061 score=-33.002 steps=549 converged=True
3/10 mol_id=51240 Eint=-80.612 desolv=11.773 strain=14.051 score=-54.788 steps=520 converged=True
4/10 mol_id=67242 Eint=-58.200 desolv=16.284 strain=11.087 score=-30.829 steps=347 converged=True
5/10 mol_id=82278 Eint=-85.525 desolv=13.496 strain=13.086 score=-58.942 steps=343 converged=True
6/10 mol_id=87330 Eint=-80.705 desolv=13.573 strain=13.495 score=-53.637 steps=529 converged=True
7/10 mol_id=92673 Eint=-85.721 desolv=12.803 strain=16.410 score=-56.508 steps=449 converged=True
8/10 mol_id=104482 Eint=-91.141 desolv=11.849 strain=20.812 score=-58.480 steps=802 converged=True
9/10 mol_id=110437 Eint=-65.314 desolv=14.787 strain=24.151 score=-26.375 steps=733 converged=True
10/10 mol_id=113205 Eint=-65.411 desolv=11.135 strain=20.093 score=-34.183 steps=509 converged=True
wrote 10 rows to /home/xianyang/aimnet2_score_pipelines/work/aimnet2025-benchmarks-20260906/t3/L2/Q9Y5Z0/aimnet2_score.csv in 87.44 s
{
  "scope": "reference reconstruction; not an exact reproduction of the unreleased AIMNet2(Score) workflow",
  "score_definition": "Eint + Edesolv + ELCSE; lower is better",
  "interaction_geometry": "fixed_pocket_aimnet2025_minimized_v2",
  "pocket": "/home/xianyang/aimnet2_score_pipelines/work/correction-20260906/t3/L2/Q9Y5Z0/pocket.pdb",
  "pocket_charge": 0,
  "gas_model": "/home/xianyang/t3-aimnet-models/aimnet2_wb97m_0.jpt",
  "interaction_model": "aimnet2-2025",
  "interaction_members": [
    "aimnet2-2025"
  ],
  "cpcm_model": "/home/xianyang/t3-aimnet-models/wb97m_cpcms_v2_0.jpt",
  "complex_fmax_ev_a": 0.002,
  "complex_max_steps": 1000,
  "n_complex_optimization_converged": 10,
  "minimized_poses": "/home/xianyang/aimnet2_score_pipelines/work/aimnet2025-benchmarks-20260906/t3/L2/Q9Y5Z0/aimnet2_score.minimized.sdf",
  "bound_refinement": "AIMNet2(2025) ligand-in-fixed-pocket FIRE; no isolated bound refinement",
  "n_requested": 10,
  "n_scored": 10,
  "n_errors": 0,
  "n_optimization_converged": 10,
  "elapsed_seconds_this_run": 87.44163161295,
  "output": "/home/xianyang/aimnet2_score_pipelines/work/aimnet2025-benchmarks-20260906/t3/L2/Q9Y5Z0/aimnet2_score.csv"
}
 mol_id  aimnet_interaction_kcal_mol  desolvation_kcal_mol  local_strain_kcal_mol  aimnet2_composite_kcal_mol  optimization_converged
  10341                   -92.814387             15.282077              19.434524                  -58.097785                    True
  49521                   -60.578663             17.516003              10.060774                  -33.001886                    True
  51240                   -80.612074             11.773250              14.050882                  -54.787943                    True
  67242                   -58.199803             16.284402              11.086780                  -30.828620                    True
  82278                   -85.524896             13.496477              13.085920                  -58.942498                    True
  87330                   -80.704977             13.573248              13.494619                  -53.637110                    True
  92673                   -85.721309             12.802992              16.410037                  -56.508280                    True
 104482                   -91.141311             11.849481              20.811603                  -58.480227                    True
 110437                   -65.314115             14.787257              24.151484                  -26.375374                    True
 113205                   -65.410731             11.135038              20.092951                  -34.182742                    True
