Bound geometry uses fixed-pocket gas FIRE. Legacy CPCM bound-refinement options are ignored.
/home/xianyang/miniconda3/envs/t3-aimnet/lib/python3.11/site-packages/aimnet/models/base.py:85: UserWarning: 'torch.load' received a zip file that looks like a TorchScript archive dispatching to 'torch.jit.load' (call 'torch.jit.load' directly to silence this warning)
  data = torch.load(path, map_location=device, weights_only=True)
/home/xianyang/miniconda3/envs/t3-aimnet/lib/python3.11/site-packages/torch/jit/_serialization.py:176: FutureWarning: `torch.jit.load` is deprecated. Please switch to `torch.export`.
  warnings.warn(
/home/xianyang/miniconda3/envs/t3-aimnet/lib/python3.11/site-packages/torch/jit/_serialization.py:176: FutureWarning: `torch.jit.load` is deprecated. Please switch to `torch.export`.
  warnings.warn(
1/9 mol_id=1851 Eint=-61.587 desolv=11.646 strain=13.082 score=-36.859 steps=406 converged=True
2/9 mol_id=41381 Eint=-71.213 desolv=16.608 strain=15.278 score=-39.327 steps=289 converged=True
3/9 mol_id=65435 Eint=-47.465 desolv=10.200 strain=10.238 score=-27.027 steps=593 converged=True
4/9 mol_id=99900 Eint=-65.455 desolv=12.590 strain=14.997 score=-37.868 steps=590 converged=True
5/9 mol_id=113485 Eint=-55.875 desolv=15.765 strain=11.649 score=-28.461 steps=457 converged=True
6/9 mol_id=120178 Eint=-71.008 desolv=9.125 strain=6.384 score=-55.499 steps=415 converged=True
7/9 mol_id=125592 Eint=-101.254 desolv=11.881 strain=19.110 score=-70.264 steps=1000 converged=False
8/9 mol_id=138941 Eint=-52.297 desolv=11.063 strain=11.351 score=-29.883 steps=497 converged=True
9/9 mol_id=145053 Eint=-52.955 desolv=11.502 strain=16.262 score=-25.191 steps=422 converged=True
wrote 9 rows to /home/xianyang/aimnet2_score_pipelines/work/aimnet2025-benchmarks-20260906/t3/L1/Q08499/aimnet2_score.csv in 58.62 s
{
  "scope": "reference reconstruction; not an exact reproduction of the unreleased AIMNet2(Score) workflow",
  "score_definition": "Eint + Edesolv + ELCSE; lower is better",
  "interaction_geometry": "fixed_pocket_aimnet2025_minimized_v2",
  "pocket": "/home/xianyang/aimnet2_score_pipelines/work/correction-20260906/t3/L1/Q08499/pocket.pdb",
  "pocket_charge": 0,
  "gas_model": "/home/xianyang/t3-aimnet-models/aimnet2_wb97m_0.jpt",
  "interaction_model": "aimnet2-2025",
  "interaction_members": [
    "aimnet2-2025"
  ],
  "cpcm_model": "/home/xianyang/t3-aimnet-models/wb97m_cpcms_v2_0.jpt",
  "complex_fmax_ev_a": 0.002,
  "complex_max_steps": 1000,
  "n_complex_optimization_converged": 9,
  "minimized_poses": "/home/xianyang/aimnet2_score_pipelines/work/aimnet2025-benchmarks-20260906/t3/L1/Q08499/aimnet2_score.minimized.sdf",
  "bound_refinement": "AIMNet2(2025) ligand-in-fixed-pocket FIRE; no isolated bound refinement",
  "n_requested": 9,
  "n_scored": 9,
  "n_errors": 0,
  "n_optimization_converged": 8,
  "elapsed_seconds_this_run": 58.62277339491993,
  "output": "/home/xianyang/aimnet2_score_pipelines/work/aimnet2025-benchmarks-20260906/t3/L1/Q08499/aimnet2_score.csv"
}
 mol_id  aimnet_interaction_kcal_mol  desolvation_kcal_mol  local_strain_kcal_mol  aimnet2_composite_kcal_mol  optimization_converged
   1851                   -61.587239             11.646457              13.081966                  -36.858816                    True
  41381                   -71.212692             16.608223              15.277742                  -39.326727                    True
  65435                   -47.465032             10.200142              10.237763                  -27.027126                    True
  99900                   -65.455320             12.589697              14.997184                  -37.868438                    True
 113485                   -55.874716             15.764648              11.648813                  -28.461255                    True
 120178                   -71.007721              9.124753               6.384375                  -55.498593                    True
 125592                  -101.254291             11.880853              19.109690                  -70.263748                   False
 138941                   -52.296974             11.063311              11.351138                  -29.882525                    True
 145053                   -52.954703             11.501613              16.262101                  -25.190989                    True
