Bound geometry uses fixed-pocket gas FIRE. Legacy CPCM bound-refinement options are ignored.
/home/xianyang/miniconda3/envs/t3-aimnet/lib/python3.11/site-packages/aimnet/models/base.py:85: UserWarning: 'torch.load' received a zip file that looks like a TorchScript archive dispatching to 'torch.jit.load' (call 'torch.jit.load' directly to silence this warning)
  data = torch.load(path, map_location=device, weights_only=True)
/home/xianyang/miniconda3/envs/t3-aimnet/lib/python3.11/site-packages/torch/jit/_serialization.py:176: FutureWarning: `torch.jit.load` is deprecated. Please switch to `torch.export`.
  warnings.warn(
/home/xianyang/miniconda3/envs/t3-aimnet/lib/python3.11/site-packages/torch/jit/_serialization.py:176: FutureWarning: `torch.jit.load` is deprecated. Please switch to `torch.export`.
  warnings.warn(
1/10 mol_id=6438 Eint=-129.378 desolv=33.823 strain=81.750 score=-13.805 steps=531 converged=True
2/10 mol_id=15841 Eint=-290.052 desolv=67.538 strain=79.409 score=-143.104 steps=710 converged=True
3/10 mol_id=30312 Eint=-330.266 desolv=17.157 strain=144.271 score=-168.838 steps=700 converged=True
4/10 mol_id=47363 Eint=-37.636 desolv=8.495 strain=10.894 score=-18.248 steps=424 converged=True
5/10 mol_id=50566 Eint=-50.380 desolv=8.485 strain=16.872 score=-25.022 steps=672 converged=True
6/10 mol_id=93482 Eint=-81.748 desolv=5.888 strain=27.969 score=-47.892 steps=389 converged=True
7/10 mol_id=98130 Eint=-89.205 desolv=4.242 strain=35.542 score=-49.420 steps=543 converged=True
8/10 mol_id=123696 Eint=-160.229 desolv=10.944 strain=53.587 score=-95.699 steps=1000 converged=False
9/10 mol_id=131437 Eint=-153.030 desolv=8.944 strain=90.834 score=-53.253 steps=437 converged=True
10/10 mol_id=144261 Eint=-193.288 desolv=12.773 strain=62.513 score=-118.002 steps=964 converged=True
wrote 10 rows to /home/xianyang/aimnet2_score_pipelines/work/fixed-pocket-benchmarks-20260906/t3/L3/Q9NR22/aimnet2_score.csv in 143.94 s
{
  "scope": "reference reconstruction; not an exact reproduction of the unreleased AIMNet2(Score) workflow",
  "score_definition": "Eint + Edesolv + ELCSE; lower is better",
  "interaction_geometry": "fixed_pocket_gas_minimized_v1",
  "pocket": "/home/xianyang/aimnet2_score_pipelines/work/correction-20260906/t3/L3/Q9NR22/pocket.pdb",
  "pocket_charge": 0,
  "gas_model": "/home/xianyang/t3-aimnet-models/aimnet2_wb97m_0.jpt",
  "cpcm_model": "/home/xianyang/t3-aimnet-models/wb97m_cpcms_v2_0.jpt",
  "complex_fmax_ev_a": 0.002,
  "complex_max_steps": 1000,
  "n_complex_optimization_converged": 10,
  "minimized_poses": "/home/xianyang/aimnet2_score_pipelines/work/fixed-pocket-benchmarks-20260906/t3/L3/Q9NR22/aimnet2_score.minimized.sdf",
  "bound_refinement": "gas-phase ligand-in-fixed-pocket FIRE; no isolated bound refinement",
  "n_requested": 10,
  "n_scored": 10,
  "n_errors": 0,
  "n_optimization_converged": 9,
  "elapsed_seconds_this_run": 143.94453465705737,
  "output": "/home/xianyang/aimnet2_score_pipelines/work/fixed-pocket-benchmarks-20260906/t3/L3/Q9NR22/aimnet2_score.csv"
}
 mol_id  aimnet_interaction_kcal_mol  desolvation_kcal_mol  local_strain_kcal_mol  aimnet2_composite_kcal_mol  optimization_converged
   6438                  -129.378329             33.823310              81.750062                  -13.804957                    True
  15841                  -290.051949             67.538437              79.409119                 -143.104393                    True
  30312                  -330.266308             17.157476             144.270593                 -168.838240                    True
  47363                   -37.636338              8.494626              10.893799                  -18.247913                    True
  50566                   -50.380087              8.485330              16.872383                  -25.022374                    True
  93482                   -81.748471              5.888062              27.968587                  -47.891822                    True
  98130                   -89.204700              4.242289              35.542498                  -49.419913                    True
 123696                  -160.229463             10.943712              53.586889                  -95.698862                   False
 131437                  -153.029900              8.943578              90.833540                  -53.252781                    True
 144261                  -193.287533             12.773191              62.512754                 -118.001588                    True
