Bound geometry uses fixed-pocket gas FIRE. Legacy CPCM bound-refinement options are ignored.
/home/xianyang/miniconda3/envs/t3-aimnet/lib/python3.11/site-packages/aimnet/models/base.py:85: UserWarning: 'torch.load' received a zip file that looks like a TorchScript archive dispatching to 'torch.jit.load' (call 'torch.jit.load' directly to silence this warning)
  data = torch.load(path, map_location=device, weights_only=True)
/home/xianyang/miniconda3/envs/t3-aimnet/lib/python3.11/site-packages/torch/jit/_serialization.py:176: FutureWarning: `torch.jit.load` is deprecated. Please switch to `torch.export`.
  warnings.warn(
/home/xianyang/miniconda3/envs/t3-aimnet/lib/python3.11/site-packages/torch/jit/_serialization.py:176: FutureWarning: `torch.jit.load` is deprecated. Please switch to `torch.export`.
  warnings.warn(
1/10 mol_id=32975 Eint=-335.446 desolv=41.958 strain=202.764 score=-90.725 steps=713 converged=True
2/10 mol_id=47306 Eint=-75.683 desolv=16.312 strain=17.125 score=-42.247 steps=491 converged=True
3/10 mol_id=76144 Eint=-84.533 desolv=21.984 strain=31.160 score=-31.389 steps=563 converged=True
4/10 mol_id=84621 Eint=-59.439 desolv=15.258 strain=13.060 score=-31.121 steps=439 converged=True
5/10 mol_id=87993 Eint=-61.206 desolv=17.544 strain=20.192 score=-23.471 steps=428 converged=True
6/10 mol_id=107869 Eint=-79.348 desolv=21.425 strain=24.435 score=-33.488 steps=503 converged=True
7/10 mol_id=108629 Eint=-59.732 desolv=17.593 strain=17.573 score=-24.566 steps=568 converged=True
8/10 mol_id=114389 Eint=-62.644 desolv=15.010 strain=15.010 score=-32.624 steps=535 converged=True
9/10 mol_id=127076 Eint=-60.951 desolv=13.030 strain=16.732 score=-31.190 steps=479 converged=True
10/10 mol_id=135852 Eint=-80.519 desolv=16.543 strain=26.310 score=-37.667 steps=536 converged=True
wrote 10 rows to /home/xianyang/aimnet2_score_pipelines/work/aimnet2025-benchmarks-20260906/t3/L3/P51684/aimnet2_score.csv in 85.11 s
{
  "scope": "reference reconstruction; not an exact reproduction of the unreleased AIMNet2(Score) workflow",
  "score_definition": "Eint + Edesolv + ELCSE; lower is better",
  "interaction_geometry": "fixed_pocket_aimnet2025_minimized_v2",
  "pocket": "/home/xianyang/aimnet2_score_pipelines/work/correction-20260906/t3/L3/P51684/pocket.pdb",
  "pocket_charge": 0,
  "gas_model": "/home/xianyang/t3-aimnet-models/aimnet2_wb97m_0.jpt",
  "interaction_model": "aimnet2-2025",
  "interaction_members": [
    "aimnet2-2025"
  ],
  "cpcm_model": "/home/xianyang/t3-aimnet-models/wb97m_cpcms_v2_0.jpt",
  "complex_fmax_ev_a": 0.002,
  "complex_max_steps": 1000,
  "n_complex_optimization_converged": 9,
  "minimized_poses": "/home/xianyang/aimnet2_score_pipelines/work/aimnet2025-benchmarks-20260906/t3/L3/P51684/aimnet2_score.minimized.sdf",
  "bound_refinement": "AIMNet2(2025) ligand-in-fixed-pocket FIRE; no isolated bound refinement",
  "n_requested": 10,
  "n_scored": 10,
  "n_errors": 0,
  "n_optimization_converged": 10,
  "elapsed_seconds_this_run": 85.10844182805158,
  "output": "/home/xianyang/aimnet2_score_pipelines/work/aimnet2025-benchmarks-20260906/t3/L3/P51684/aimnet2_score.csv"
}
 mol_id  aimnet_interaction_kcal_mol  desolvation_kcal_mol  local_strain_kcal_mol  aimnet2_composite_kcal_mol  optimization_converged
  32975                  -335.446433             41.957727             202.763985                  -90.724720                    True
  47306                   -75.683498             16.311748              17.124955                  -42.246795                    True
  76144                   -84.532845             21.984326              31.159718                  -31.388800                    True
  84621                   -59.438582             15.257531              13.060437                  -31.120614                    True
  87993                   -61.206097             17.543915              20.191658                  -23.470524                    True
 107869                   -79.347624             21.424543              24.434836                  -33.488244                    True
 108629                   -59.731566             17.592725              17.572988                  -24.565853                    True
 114389                   -62.644153             15.009865              15.010018                  -32.624270                    True
 127076                   -60.951335             13.029730              16.732053                  -31.189552                    True
 135852                   -80.519498             16.542839              26.309945                  -37.666714                    True
