pocket_atoms=439 poses=2000 cuda=True
processed=4/2000
processed=100/2000
processed=200/2000
processed=300/2000
processed=400/2000
processed=500/2000
processed=600/2000
processed=700/2000
processed=800/2000
processed=900/2000
processed=1000/2000
processed=1100/2000
processed=1200/2000
processed=1300/2000
processed=1400/2000
processed=1500/2000
processed=1600/2000
processed=1700/2000
processed=1800/2000
processed=1900/2000
processed=2000/2000
{
  "score_definition": "E_complex - E_pocket - E_ligand; lower is better",
  "n_input_poses": 2000,
  "n_scored_poses": 2000,
  "n_ligands": 20,
  "n_best_poses": 20,
  "pocket_atoms": 439,
  "pocket_formal_charge": 0,
  "elapsed_seconds": 6.407695055007935
}
 mol_id ligand_pdb  pose_index  label  ligunity_rank  ligunity_score  formal_charge  aimnet_complex_eV  aimnet_pocket_eV  aimnet_ligand_eV  aimnet_interaction_kcal_mol error  aimnet_interaction_rank
  17022       2qbr          22      0             17        0.396729             -2     -611961.828025    -498364.624113    -113582.325752                  -343.098510                              1
  13088       2qbp          88      0             13        0.396729             -2     -633703.881052    -498364.624113    -135325.234549                  -323.364007                              2
  16041       2hb1          41      0             16        0.396729             -2     -596809.475369    -498364.624113     -98431.709596                  -303.053882                              3
  11059       3qqs          59      0             11        0.433838             -2     -522688.198325    -498364.624113     -24310.552600                  -300.285506                              4
   5041       2r9w          41      1              5        0.749512             -2     -535159.030756    -498364.624113     -36783.206410                  -258.283519                              5
  14096       2qbq          96      0             14        0.396729             -2     -615265.094144    -498364.624113    -116889.289385                  -257.831818                              6
   2030       4jxs          30      1              2        0.749512             -2     -547429.208348    -498364.624113     -49053.833158                  -247.925731                              7
   1053       3gv9          53      1              1        0.749512             -1     -524169.722704    -498364.624113     -25794.940264                  -234.256591                              8
  20040       3ivg          40      0             20        0.379639             -1     -545448.674705    -498364.624113     -47074.172371                  -227.797181                              9
  15006       1bzc           6      0             15        0.396729             -1     -548243.910412    -498364.624113     -49871.015396                  -190.731545                             10
   8005       4de2           5      0              8        0.577148              1     -527276.608489    -498364.624113     -28903.871912                  -187.077872                             11
   3006       4kz6           6      1              3        0.749512             -1     -527446.382482    -498364.624113     -29073.906750                  -181.062643                             12
   9083       3g31          83      0              9        0.577148             -1     -520713.841326    -498364.624113     -22341.696006                  -173.443160                             13
   7054       4de3          54      0              7        0.577148              0     -592606.705434    -498364.624113     -94235.370345                  -154.758788                             14
  12013       3twp          13      0             12        0.433838             -1     -511846.397891    -498364.624113     -13476.120051                  -130.378067                             15
  10089       4de1          89      0             10        0.577148              0     -526563.880765    -498364.624113     -28193.742396                  -127.161768                             16
  18091       1y6r          91      0             18        0.382324              1     -533466.613957    -498364.624113     -35096.666860                  -122.750913                             17
   6038       3g2z          38      0              6        0.577148              0     -515260.264047    -498364.624113     -16891.676311                   -91.403307                             18
  19010       1nc1          10      0             19        0.382324              0     -533995.238896    -498364.624113     -35626.675336                   -90.845812                             19
   4100       3gr2         100      1              4        0.749512              0     -516763.759352    -498364.624113     -18395.795867                   -77.007737                             20
