Bound geometry uses fixed-pocket gas FIRE. Legacy CPCM bound-refinement options are ignored.
/home/xianyang/miniconda3/envs/t3-aimnet/lib/python3.11/site-packages/aimnet/models/base.py:85: UserWarning: 'torch.load' received a zip file that looks like a TorchScript archive dispatching to 'torch.jit.load' (call 'torch.jit.load' directly to silence this warning)
  data = torch.load(path, map_location=device, weights_only=True)
/home/xianyang/miniconda3/envs/t3-aimnet/lib/python3.11/site-packages/torch/jit/_serialization.py:176: FutureWarning: `torch.jit.load` is deprecated. Please switch to `torch.export`.
  warnings.warn(
/home/xianyang/miniconda3/envs/t3-aimnet/lib/python3.11/site-packages/torch/jit/_serialization.py:176: FutureWarning: `torch.jit.load` is deprecated. Please switch to `torch.export`.
  warnings.warn(
1/20 mol_id=1053 Eint=-433.796 desolv=70.294 strain=86.447 score=-277.055 steps=406 converged=True
2/20 mol_id=2030 Eint=-737.813 desolv=130.895 strain=295.280 score=-311.638 steps=956 converged=True
3/20 mol_id=3006 Eint=-702.216 desolv=83.444 strain=280.632 score=-338.140 steps=402 converged=True
4/20 mol_id=4100 Eint=-98.811 desolv=12.989 strain=11.397 score=-74.425 steps=178 converged=True
5/20 mol_id=5041 Eint=-1456.633 desolv=149.150 strain=484.954 score=-822.528 steps=845 converged=True
6/20 mol_id=6038 Eint=-239.168 desolv=24.336 strain=27.917 score=-186.915 steps=198 converged=True
7/20 mol_id=7054 Eint=-274.670 desolv=14.017 strain=17.750 score=-242.904 steps=321 converged=True
8/20 mol_id=8005 Eint=-548.709 desolv=69.977 strain=172.800 score=-305.932 steps=622 converged=True
9/20 mol_id=9083 Eint=-351.259 desolv=64.082 strain=157.040 score=-130.136 steps=196 converged=True
10/20 mol_id=10089 Eint=-486.090 desolv=22.672 strain=255.540 score=-207.878 steps=351 converged=True
11/20 mol_id=11059 Eint=-685.011 desolv=197.197 strain=114.323 score=-373.491 steps=279 converged=True
12/20 mol_id=12013 Eint=-258.927 desolv=81.568 strain=89.113 score=-88.246 steps=100 converged=True
13/20 mol_id=13088 Eint=-1130.696 desolv=155.131 strain=366.750 score=-608.815 steps=644 converged=True
14/20 mol_id=14096 Eint=-846.018 desolv=175.179 strain=324.023 score=-346.816 steps=518 converged=True
15/20 mol_id=15006 Eint=-815.909 desolv=88.057 strain=362.375 score=-365.477 steps=1000 converged=False
16/20 mol_id=16041 Eint=-561.721 desolv=184.062 strain=83.381 score=-294.278 steps=273 converged=True
17/20 mol_id=17022 Eint=-833.626 desolv=153.930 strain=310.184 score=-369.512 steps=1000 converged=False
18/20 mol_id=18091 Eint=-296.727 desolv=66.700 strain=10.291 score=-219.737 steps=321 converged=True
19/20 mol_id=19010 Eint=-326.759 desolv=16.617 strain=134.040 score=-176.102 steps=270 converged=True
20/20 mol_id=20040 Eint=-539.858 desolv=68.879 strain=130.584 score=-340.396 steps=744 converged=True
wrote 20 rows to /home/xianyang/aimnet2_score_pipelines/work/aimnet2025-benchmarks-20260906/casf/2r9w/aimnet2_composite_rerank.csv in 158.54 s
{
  "scope": "reference reconstruction; not an exact reproduction of the unreleased AIMNet2(Score) workflow",
  "score_definition": "Eint + Edesolv + ELCSE; lower is better",
  "interaction_geometry": "fixed_pocket_aimnet2025_minimized_v2",
  "pocket": "/home/xianyang/aimnet2_score_pipelines/work/correction-20260906/casf/2r9w/pocket.pdb",
  "pocket_charge": 0,
  "gas_model": "/home/xianyang/t3-aimnet-models/aimnet2_wb97m_0.jpt",
  "interaction_model": "aimnet2-2025",
  "interaction_members": [
    "aimnet2-2025"
  ],
  "cpcm_model": "/home/xianyang/t3-aimnet-models/wb97m_cpcms_v2_0.jpt",
  "complex_fmax_ev_a": 0.002,
  "complex_max_steps": 1000,
  "n_complex_optimization_converged": 17,
  "minimized_poses": "/home/xianyang/aimnet2_score_pipelines/work/aimnet2025-benchmarks-20260906/casf/2r9w/aimnet2_composite_rerank.minimized.sdf",
  "bound_refinement": "AIMNet2(2025) ligand-in-fixed-pocket FIRE; no isolated bound refinement",
  "n_requested": 20,
  "n_scored": 20,
  "n_errors": 0,
  "n_optimization_converged": 18,
  "elapsed_seconds_this_run": 158.54337375500472,
  "output": "/home/xianyang/aimnet2_score_pipelines/work/aimnet2025-benchmarks-20260906/casf/2r9w/aimnet2_composite_rerank.csv",
  "n_actives": 5,
  "n_decoys": 15,
  "ef1_percent": 4.0,
  "ef1_top_n": 1,
  "ef1_actives_in_top_n": 1,
  "auroc": 0.5333333333333333,
  "composite_vs_interaction_spearman": 0.9067669172932331
}
 mol_id  aimnet_interaction_kcal_mol  desolvation_kcal_mol  local_strain_kcal_mol  aimnet2_composite_kcal_mol  optimization_converged
   1053                  -433.796254             70.293818              86.447021                 -277.055415                    True
   2030                  -737.812658            130.894785             295.280123                 -311.637750                    True
   3006                  -702.215972             83.443504             280.632125                 -338.140343                    True
   4100                   -98.810662             12.989265              11.396528                  -74.424868                    True
   5041                 -1456.632509            149.150452             484.954477                 -822.527580                    True
   6038                  -239.167954             24.335803              27.916757                 -186.915394                    True
   7054                  -274.669925             14.016526              17.749554                 -242.903845                    True
   8005                  -548.709118             69.977239             172.799835                 -305.932044                    True
   9083                  -351.258505             64.082003             157.040403                 -130.136099                    True
  10089                  -486.090496             22.672284             255.540072                 -207.878140                    True
  11059                  -685.010523            197.196581             114.323424                 -373.490519                    True
  12013                  -258.927037             81.568050              89.113230                  -88.245757                    True
  13088                 -1130.695584            155.130527             366.750045                 -608.815011                    True
  14096                  -846.018001            175.179363             324.022658                 -346.815980                    True
  15006                  -815.909149             88.056573             362.375455                 -365.477121                   False
  16041                  -561.720548            184.061833              83.380526                 -294.278189                    True
  17022                  -833.626056            153.929744             310.184314                 -369.511998                   False
  18091                  -296.727003             66.699742              10.290715                 -219.736547                    True
  19010                  -326.759037             16.617101             134.039517                 -176.102419                    True
  20040                  -539.858417             68.878639             130.583613                 -340.396165                    True
