Bound geometry uses fixed-pocket gas FIRE. Legacy CPCM bound-refinement options are ignored.
/home/xianyang/miniconda3/envs/t3-aimnet/lib/python3.11/site-packages/aimnet/models/base.py:85: UserWarning: 'torch.load' received a zip file that looks like a TorchScript archive dispatching to 'torch.jit.load' (call 'torch.jit.load' directly to silence this warning)
  data = torch.load(path, map_location=device, weights_only=True)
/home/xianyang/miniconda3/envs/t3-aimnet/lib/python3.11/site-packages/torch/jit/_serialization.py:176: FutureWarning: `torch.jit.load` is deprecated. Please switch to `torch.export`.
  warnings.warn(
/home/xianyang/miniconda3/envs/t3-aimnet/lib/python3.11/site-packages/torch/jit/_serialization.py:176: FutureWarning: `torch.jit.load` is deprecated. Please switch to `torch.export`.
  warnings.warn(
1/6 mol_id=25790 Eint=-99.047 desolv=4.051 strain=24.086 score=-70.910 steps=626 converged=True
2/6 mol_id=28940 Eint=-107.479 desolv=13.862 strain=50.981 score=-42.637 steps=1000 converged=False
3/6 mol_id=31551 Eint=-149.710 desolv=15.742 strain=50.354 score=-83.614 steps=1000 converged=False
4/6 mol_id=64116 Eint=-240.030 desolv=49.884 strain=92.764 score=-97.382 steps=1000 converged=False
5/6 mol_id=82509 Eint=-137.180 desolv=12.903 strain=42.068 score=-82.208 steps=1000 converged=False
6/6 mol_id=85390 Eint=-91.900 desolv=6.237 strain=16.335 score=-69.328 steps=539 converged=True
wrote 6 rows to /home/xianyang/aimnet2_score_pipelines/work/aimnet2025-benchmarks-20260906/t3/L2/P41143/aimnet2_score.csv in 77.05 s
{
  "scope": "reference reconstruction; not an exact reproduction of the unreleased AIMNet2(Score) workflow",
  "score_definition": "Eint + Edesolv + ELCSE; lower is better",
  "interaction_geometry": "fixed_pocket_aimnet2025_minimized_v2",
  "pocket": "/home/xianyang/aimnet2_score_pipelines/work/correction-20260906/t3/L2/P41143/pocket.pdb",
  "pocket_charge": 0,
  "gas_model": "/home/xianyang/t3-aimnet-models/aimnet2_wb97m_0.jpt",
  "interaction_model": "aimnet2-2025",
  "interaction_members": [
    "aimnet2-2025"
  ],
  "cpcm_model": "/home/xianyang/t3-aimnet-models/wb97m_cpcms_v2_0.jpt",
  "complex_fmax_ev_a": 0.002,
  "complex_max_steps": 1000,
  "n_complex_optimization_converged": 4,
  "minimized_poses": "/home/xianyang/aimnet2_score_pipelines/work/aimnet2025-benchmarks-20260906/t3/L2/P41143/aimnet2_score.minimized.sdf",
  "bound_refinement": "AIMNet2(2025) ligand-in-fixed-pocket FIRE; no isolated bound refinement",
  "n_requested": 6,
  "n_scored": 6,
  "n_errors": 0,
  "n_optimization_converged": 2,
  "elapsed_seconds_this_run": 77.04848180001136,
  "output": "/home/xianyang/aimnet2_score_pipelines/work/aimnet2025-benchmarks-20260906/t3/L2/P41143/aimnet2_score.csv"
}
 mol_id  aimnet_interaction_kcal_mol  desolvation_kcal_mol  local_strain_kcal_mol  aimnet2_composite_kcal_mol  optimization_converged
  25790                   -99.047038              4.051303              24.085961                  -70.909774                    True
  28940                  -107.479139             13.861550              50.981047                  -42.636543                   False
  31551                  -149.710162             15.742393              50.353885                  -83.613884                   False
  64116                  -240.030060             49.883826              92.764490                  -97.381744                   False
  82509                  -137.179687             12.903452              42.067988                  -82.208246                   False
  85390                   -91.899720              6.236971              16.335195                  -69.327554                    True
