Bound geometry uses fixed-pocket gas FIRE. Legacy CPCM bound-refinement options are ignored.
/home/xianyang/miniconda3/envs/t3-aimnet/lib/python3.11/site-packages/aimnet/models/base.py:85: UserWarning: 'torch.load' received a zip file that looks like a TorchScript archive dispatching to 'torch.jit.load' (call 'torch.jit.load' directly to silence this warning)
  data = torch.load(path, map_location=device, weights_only=True)
/home/xianyang/miniconda3/envs/t3-aimnet/lib/python3.11/site-packages/torch/jit/_serialization.py:176: FutureWarning: `torch.jit.load` is deprecated. Please switch to `torch.export`.
  warnings.warn(
/home/xianyang/miniconda3/envs/t3-aimnet/lib/python3.11/site-packages/torch/jit/_serialization.py:176: FutureWarning: `torch.jit.load` is deprecated. Please switch to `torch.export`.
  warnings.warn(
1/20 mol_id=1007 Eint=-493.940 desolv=51.983 strain=108.025 score=-333.932 steps=291 converged=True
2/20 mol_id=2084 Eint=-1101.062 desolv=145.397 strain=235.335 score=-720.330 steps=797 converged=True
3/20 mol_id=3006 Eint=-662.532 desolv=67.001 strain=271.610 score=-323.921 steps=311 converged=True
4/20 mol_id=4100 Eint=-124.267 desolv=13.779 strain=9.123 score=-101.365 steps=256 converged=True
5/20 mol_id=5094 Eint=-877.801 desolv=150.836 strain=306.253 score=-420.713 steps=787 converged=True
6/20 mol_id=6056 Eint=-1102.550 desolv=7.017 strain=278.954 score=-816.579 steps=432 converged=True
7/20 mol_id=7054 Eint=-278.373 desolv=12.524 strain=13.567 score=-252.281 steps=512 converged=True
8/20 mol_id=8005 Eint=-842.633 desolv=64.928 strain=374.085 score=-403.620 steps=578 converged=True
9/20 mol_id=9035 Eint=-211.537 desolv=67.862 strain=27.779 score=-115.896 steps=175 converged=True
10/20 mol_id=10097 Eint=-439.236 desolv=20.938 strain=188.741 score=-229.557 steps=292 converged=True
11/20 mol_id=11059 Eint=-311.043 desolv=164.992 strain=197.019 score=50.968 steps=436 converged=True
12/20 mol_id=12013 Eint=-455.815 desolv=94.033 strain=210.981 score=-150.801 steps=144 converged=True
13/20 mol_id=13034 Eint=-981.201 desolv=164.243 strain=268.373 score=-548.585 steps=670 converged=True
14/20 mol_id=14092 Eint=-1055.008 desolv=176.333 strain=333.650 score=-545.024 steps=371 converged=True
15/20 mol_id=15037 Eint=-500.399 desolv=62.479 strain=215.990 score=-221.930 steps=856 converged=True
16/20 mol_id=16041 Eint=-654.157 desolv=176.755 strain=193.427 score=-283.976 steps=302 converged=True
17/20 mol_id=17023 Eint=-482.642 desolv=160.646 strain=88.829 score=-233.167 steps=909 converged=True
18/20 mol_id=18018 Eint=-176.461 desolv=59.064 strain=18.162 score=-99.235 steps=524 converged=True
19/20 mol_id=19033 Eint=-683.446 desolv=28.303 strain=341.224 score=-313.919 steps=204 converged=True
20/20 mol_id=20040 Eint=-651.723 desolv=74.688 strain=211.049 score=-365.985 steps=435 converged=True
wrote 20 rows to /home/xianyang/aimnet2_score_pipelines/work/fixed-pocket-benchmarks-20260906/casf/2r9w/aimnet2_composite_rerank.csv in 237.58 s
{
  "scope": "reference reconstruction; not an exact reproduction of the unreleased AIMNet2(Score) workflow",
  "score_definition": "Eint + Edesolv + ELCSE; lower is better",
  "interaction_geometry": "fixed_pocket_gas_minimized_v1",
  "pocket": "/home/xianyang/aimnet2_score_pipelines/work/correction-20260906/casf/2r9w/pocket.pdb",
  "pocket_charge": 0,
  "gas_model": "/home/xianyang/t3-aimnet-models/aimnet2_wb97m_0.jpt",
  "cpcm_model": "/home/xianyang/t3-aimnet-models/wb97m_cpcms_v2_0.jpt",
  "complex_fmax_ev_a": 0.002,
  "complex_max_steps": 1000,
  "n_complex_optimization_converged": 19,
  "minimized_poses": "/home/xianyang/aimnet2_score_pipelines/work/fixed-pocket-benchmarks-20260906/casf/2r9w/aimnet2_composite_rerank.minimized.sdf",
  "bound_refinement": "gas-phase ligand-in-fixed-pocket FIRE; no isolated bound refinement",
  "n_requested": 20,
  "n_scored": 20,
  "n_errors": 0,
  "n_optimization_converged": 20,
  "elapsed_seconds_this_run": 237.58327108086087,
  "output": "/home/xianyang/aimnet2_score_pipelines/work/fixed-pocket-benchmarks-20260906/casf/2r9w/aimnet2_composite_rerank.csv",
  "n_actives": 5,
  "n_decoys": 15,
  "ef1_percent": 0.0,
  "ef1_top_n": 1,
  "ef1_actives_in_top_n": 0,
  "auroc": 0.64,
  "composite_vs_interaction_spearman": 0.918796992481203
}
 mol_id  aimnet_interaction_kcal_mol  desolvation_kcal_mol  local_strain_kcal_mol  aimnet2_composite_kcal_mol  optimization_converged
   1007                  -493.940023             51.983178             108.024738                 -333.932106                    True
   2084                 -1101.062197            145.396978             235.334939                 -720.330280                    True
   3006                  -662.531900             67.000644             271.610467                 -323.920790                    True
   4100                  -124.267392             13.778985               9.123022                 -101.365385                    True
   5094                  -877.801278            150.835506             306.252515                 -420.713258                    True
   6056                 -1102.549992              7.016989             278.953505                 -816.579498                    True
   7054                  -278.373296             12.524440              13.567457                 -252.281399                    True
   8005                  -842.633046             64.927978             374.085284                 -403.619784                    True
   9035                  -211.537019             67.861765              27.779499                 -115.895754                    True
  10097                  -439.236056             20.938323             188.741128                 -229.556605                    True
  11059                  -311.043290            164.992281             197.019340                   50.968331                    True
  12013                  -455.814879             94.033066             210.980502                 -150.801311                    True
  13034                  -981.200663            164.243434             268.372507                 -548.584722                    True
  14092                 -1055.007630            176.333398             333.650317                 -545.023915                    True
  15037                  -500.399081             62.479140             215.990288                 -221.929653                    True
  16041                  -654.157170            176.754736             193.426736                 -283.975697                    True
  17023                  -482.641589            160.646203              88.828660                 -233.166725                    True
  18018                  -176.460765             59.064032              18.162104                  -99.234628                    True
  19033                  -683.445698             28.302878             341.224091                 -313.918730                    True
  20040                  -651.722948             74.688439             211.049021                 -365.985488                    True
