Bound geometry uses fixed-pocket gas FIRE. Legacy CPCM bound-refinement options are ignored.
/home/xianyang/miniconda3/envs/t3-aimnet/lib/python3.11/site-packages/aimnet/models/base.py:85: UserWarning: 'torch.load' received a zip file that looks like a TorchScript archive dispatching to 'torch.jit.load' (call 'torch.jit.load' directly to silence this warning)
  data = torch.load(path, map_location=device, weights_only=True)
/home/xianyang/miniconda3/envs/t3-aimnet/lib/python3.11/site-packages/torch/jit/_serialization.py:176: FutureWarning: `torch.jit.load` is deprecated. Please switch to `torch.export`.
  warnings.warn(
/home/xianyang/miniconda3/envs/t3-aimnet/lib/python3.11/site-packages/torch/jit/_serialization.py:176: FutureWarning: `torch.jit.load` is deprecated. Please switch to `torch.export`.
  warnings.warn(
1/10 mol_id=6252 Eint=-93.190 desolv=17.758 strain=32.698 score=-42.734 steps=574 converged=True
2/10 mol_id=44378 Eint=-184.344 desolv=24.824 strain=121.970 score=-37.549 steps=600 converged=True
3/10 mol_id=47502 Eint=-134.387 desolv=18.274 strain=91.724 score=-24.389 steps=460 converged=True
4/10 mol_id=55811 Eint=-153.994 desolv=14.437 strain=83.942 score=-55.615 steps=312 converged=True
5/10 mol_id=56848 Eint=-143.621 desolv=18.623 strain=93.999 score=-30.998 steps=305 converged=True
6/10 mol_id=71154 Eint=-145.368 desolv=18.797 strain=99.923 score=-26.648 steps=751 converged=True
7/10 mol_id=76654 Eint=-146.433 desolv=15.526 strain=76.643 score=-54.263 steps=281 converged=True
8/10 mol_id=101630 Eint=-156.731 desolv=16.097 strain=109.716 score=-30.918 steps=382 converged=True
9/10 mol_id=110106 Eint=-213.092 desolv=36.055 strain=69.037 score=-108.000 steps=503 converged=True
10/10 mol_id=143720 Eint=-30.904 desolv=31.574 strain=20.628 score=21.299 steps=1000 converged=False
wrote 10 rows to /home/xianyang/aimnet2_score_pipelines/work/fixed-pocket-benchmarks-20260906/t3/L1/Q86WV6/aimnet2_score.csv in 74.21 s
{
  "scope": "reference reconstruction; not an exact reproduction of the unreleased AIMNet2(Score) workflow",
  "score_definition": "Eint + Edesolv + ELCSE; lower is better",
  "interaction_geometry": "fixed_pocket_gas_minimized_v1",
  "pocket": "/home/xianyang/aimnet2_score_pipelines/work/correction-20260906/t3/L1/Q86WV6/pocket.pdb",
  "pocket_charge": 0,
  "gas_model": "/home/xianyang/t3-aimnet-models/aimnet2_wb97m_0.jpt",
  "cpcm_model": "/home/xianyang/t3-aimnet-models/wb97m_cpcms_v2_0.jpt",
  "complex_fmax_ev_a": 0.002,
  "complex_max_steps": 1000,
  "n_complex_optimization_converged": 9,
  "minimized_poses": "/home/xianyang/aimnet2_score_pipelines/work/fixed-pocket-benchmarks-20260906/t3/L1/Q86WV6/aimnet2_score.minimized.sdf",
  "bound_refinement": "gas-phase ligand-in-fixed-pocket FIRE; no isolated bound refinement",
  "n_requested": 10,
  "n_scored": 10,
  "n_errors": 0,
  "n_optimization_converged": 9,
  "elapsed_seconds_this_run": 74.21269410001696,
  "output": "/home/xianyang/aimnet2_score_pipelines/work/fixed-pocket-benchmarks-20260906/t3/L1/Q86WV6/aimnet2_score.csv"
}
 mol_id  aimnet_interaction_kcal_mol  desolvation_kcal_mol  local_strain_kcal_mol  aimnet2_composite_kcal_mol  optimization_converged
   6252                   -93.190125             17.758474              32.698106                  -42.733545                    True
  44378                  -184.343584             24.824080             121.970427                  -37.549077                    True
  47502                  -134.386933             18.273876              91.724014                  -24.389042                    True
  55811                  -153.994219             14.436969              83.942378                  -55.614871                    True
  56848                  -143.621045             18.623445              93.999271                  -30.998329                    True
  71154                  -145.367857             18.796882              99.923138                  -26.647837                    True
  76654                  -146.432611             15.526068              76.643087                  -54.263456                    True
 101630                  -156.730968             16.097058             109.716249                  -30.917661                    True
 110106                  -213.091833             36.054821              69.036941                 -108.000071                    True
 143720                   -30.903957             31.574392              20.628149                   21.298584                   False
