Bound geometry uses fixed-pocket gas FIRE. Legacy CPCM bound-refinement options are ignored.
/home/xianyang/miniconda3/envs/t3-aimnet/lib/python3.11/site-packages/aimnet/models/base.py:85: UserWarning: 'torch.load' received a zip file that looks like a TorchScript archive dispatching to 'torch.jit.load' (call 'torch.jit.load' directly to silence this warning)
  data = torch.load(path, map_location=device, weights_only=True)
/home/xianyang/miniconda3/envs/t3-aimnet/lib/python3.11/site-packages/torch/jit/_serialization.py:176: FutureWarning: `torch.jit.load` is deprecated. Please switch to `torch.export`.
  warnings.warn(
/home/xianyang/miniconda3/envs/t3-aimnet/lib/python3.11/site-packages/torch/jit/_serialization.py:176: FutureWarning: `torch.jit.load` is deprecated. Please switch to `torch.export`.
  warnings.warn(
1/62 mol_id=93588 Eint=-120.096 desolv=5.903 strain=134.583 score=20.390 steps=620 converged=True
2/62 mol_id=89845 Eint=-87.507 desolv=-8.077 strain=140.397 score=44.813 steps=811 converged=True
3/62 mol_id=37851 Eint=-223.837 desolv=25.903 strain=68.710 score=-129.224 steps=956 converged=True
4/62 mol_id=132853 Eint=-131.093 desolv=6.617 strain=70.609 score=-53.867 steps=758 converged=True
5/62 mol_id=38849 Eint=-132.184 desolv=1.683 strain=194.977 score=64.476 steps=1000 converged=False
6/62 mol_id=75565 Eint=-65.986 desolv=-0.490 strain=105.952 score=39.476 steps=443 converged=True
7/62 mol_id=2496 Eint=-139.792 desolv=16.982 strain=131.631 score=8.821 steps=1000 converged=False
8/62 mol_id=117325 Eint=-232.013 desolv=-10.323 strain=130.733 score=-111.604 steps=1000 converged=False
9/62 mol_id=80795 Eint=-118.142 desolv=3.149 strain=76.493 score=-38.500 steps=1000 converged=False
10/62 mol_id=37071 Eint=-217.321 desolv=14.041 strain=110.338 score=-92.942 steps=984 converged=True
11/62 mol_id=136414 Eint=-200.906 desolv=5.362 strain=94.487 score=-101.058 steps=342 converged=True
12/62 mol_id=104488 Eint=-124.491 desolv=19.028 strain=47.342 score=-58.121 steps=739 converged=True
13/62 mol_id=82534 Eint=-111.712 desolv=17.826 strain=59.964 score=-33.922 steps=1000 converged=False
14/62 mol_id=111873 Eint=-133.223 desolv=8.250 strain=36.787 score=-88.186 steps=989 converged=True
15/62 mol_id=71360 Eint=-709.798 desolv=71.433 strain=570.276 score=-68.089 steps=1000 converged=False
16/62 mol_id=106823 Eint=-177.740 desolv=-3.576 strain=93.684 score=-87.633 steps=1000 converged=False
