Bound geometry uses fixed-pocket gas FIRE. Legacy CPCM bound-refinement options are ignored.
/home/xianyang/miniconda3/envs/t3-aimnet/lib/python3.11/site-packages/aimnet/models/base.py:85: UserWarning: 'torch.load' received a zip file that looks like a TorchScript archive dispatching to 'torch.jit.load' (call 'torch.jit.load' directly to silence this warning)
  data = torch.load(path, map_location=device, weights_only=True)
/home/xianyang/miniconda3/envs/t3-aimnet/lib/python3.11/site-packages/torch/jit/_serialization.py:176: FutureWarning: `torch.jit.load` is deprecated. Please switch to `torch.export`.
  warnings.warn(
/home/xianyang/miniconda3/envs/t3-aimnet/lib/python3.11/site-packages/torch/jit/_serialization.py:176: FutureWarning: `torch.jit.load` is deprecated. Please switch to `torch.export`.
  warnings.warn(
1/10 mol_id=11758 Eint=-101.350 desolv=24.188 strain=29.905 score=-47.257 steps=586 converged=True
2/10 mol_id=50763 Eint=-92.999 desolv=19.875 strain=17.581 score=-55.544 steps=655 converged=True
3/10 mol_id=56067 Eint=-56.061 desolv=15.789 strain=22.150 score=-18.122 steps=507 converged=True
4/10 mol_id=83746 Eint=-43.695 desolv=12.764 strain=14.755 score=-16.176 steps=373 converged=True
5/10 mol_id=83823 Eint=-37.807 desolv=23.122 strain=10.813 score=-3.872 steps=557 converged=True
6/10 mol_id=84276 Eint=-61.609 desolv=14.771 strain=15.949 score=-30.889 steps=547 converged=True
7/10 mol_id=88746 Eint=-76.729 desolv=16.497 strain=14.128 score=-46.103 steps=498 converged=True
8/10 mol_id=91823 Eint=-90.353 desolv=20.631 strain=28.001 score=-41.720 steps=554 converged=True
9/10 mol_id=98772 Eint=-176.230 desolv=46.792 strain=90.243 score=-39.195 steps=923 converged=True
10/10 mol_id=122285 Eint=-43.833 desolv=14.245 strain=13.193 score=-16.395 steps=625 converged=True
wrote 10 rows to /home/xianyang/aimnet2_score_pipelines/work/aimnet2025-benchmarks-20260906/t3/L4/Q70CQ3/aimnet2_score.csv in 97.61 s
{
  "scope": "reference reconstruction; not an exact reproduction of the unreleased AIMNet2(Score) workflow",
  "score_definition": "Eint + Edesolv + ELCSE; lower is better",
  "interaction_geometry": "fixed_pocket_aimnet2025_minimized_v2",
  "pocket": "/home/xianyang/aimnet2_score_pipelines/work/correction-20260906/t3/L4/Q70CQ3/pocket.pdb",
  "pocket_charge": 0,
  "gas_model": "/home/xianyang/t3-aimnet-models/aimnet2_wb97m_0.jpt",
  "interaction_model": "aimnet2-2025",
  "interaction_members": [
    "aimnet2-2025"
  ],
  "cpcm_model": "/home/xianyang/t3-aimnet-models/wb97m_cpcms_v2_0.jpt",
  "complex_fmax_ev_a": 0.002,
  "complex_max_steps": 1000,
  "n_complex_optimization_converged": 8,
  "minimized_poses": "/home/xianyang/aimnet2_score_pipelines/work/aimnet2025-benchmarks-20260906/t3/L4/Q70CQ3/aimnet2_score.minimized.sdf",
  "bound_refinement": "AIMNet2(2025) ligand-in-fixed-pocket FIRE; no isolated bound refinement",
  "n_requested": 10,
  "n_scored": 10,
  "n_errors": 0,
  "n_optimization_converged": 10,
  "elapsed_seconds_this_run": 97.60645992998616,
  "output": "/home/xianyang/aimnet2_score_pipelines/work/aimnet2025-benchmarks-20260906/t3/L4/Q70CQ3/aimnet2_score.csv"
}
 mol_id  aimnet_interaction_kcal_mol  desolvation_kcal_mol  local_strain_kcal_mol  aimnet2_composite_kcal_mol  optimization_converged
  11758                  -101.350362             24.187670              29.905356                  -47.257335                    True
  50763                   -92.999385             19.874797              17.580547                  -55.544041                    True
  56067                   -56.060832             15.788729              22.150329                  -18.121773                    True
  83746                   -43.694939             12.763599              14.755330                  -16.176010                    True
  83823                   -37.806944             23.121888              10.812958                   -3.872098                    True
  84276                   -61.609009             14.771379              15.948995                  -30.888634                    True
  88746                   -76.728517             16.497428              14.128057                  -46.103033                    True
  91823                   -90.352559             20.631487              28.000948                  -41.720123                    True
  98772                  -176.230192             46.791874              90.243287                  -39.195031                    True
 122285                   -43.832981             14.244802              13.193217                  -16.394961                    True
