Bound geometry uses fixed-pocket gas FIRE. Legacy CPCM bound-refinement options are ignored.
/home/xianyang/miniconda3/envs/t3-aimnet/lib/python3.11/site-packages/aimnet/models/base.py:85: UserWarning: 'torch.load' received a zip file that looks like a TorchScript archive dispatching to 'torch.jit.load' (call 'torch.jit.load' directly to silence this warning)
  data = torch.load(path, map_location=device, weights_only=True)
/home/xianyang/miniconda3/envs/t3-aimnet/lib/python3.11/site-packages/torch/jit/_serialization.py:176: FutureWarning: `torch.jit.load` is deprecated. Please switch to `torch.export`.
  warnings.warn(
/home/xianyang/miniconda3/envs/t3-aimnet/lib/python3.11/site-packages/torch/jit/_serialization.py:176: FutureWarning: `torch.jit.load` is deprecated. Please switch to `torch.export`.
  warnings.warn(
1/10 mol_id=44583 Eint=-104.303 desolv=20.381 strain=27.484 score=-56.438 steps=991 converged=True
2/10 mol_id=55799 Eint=-122.225 desolv=25.171 strain=50.783 score=-46.271 steps=1000 converged=False
3/10 mol_id=63266 Eint=-104.837 desolv=13.546 strain=29.121 score=-62.170 steps=818 converged=True
4/10 mol_id=82334 Eint=-168.104 desolv=18.919 strain=74.061 score=-75.124 steps=840 converged=True
5/10 mol_id=82471 Eint=-70.490 desolv=8.683 strain=38.918 score=-22.889 steps=1000 converged=False
6/10 mol_id=104572 Eint=-98.287 desolv=15.977 strain=26.516 score=-55.794 steps=1000 converged=False
7/10 mol_id=107087 Eint=-72.630 desolv=11.256 strain=21.925 score=-39.450 steps=670 converged=True
8/10 mol_id=114317 Eint=-135.676 desolv=19.553 strain=30.642 score=-85.480 steps=679 converged=True
9/10 mol_id=117314 Eint=-81.660 desolv=18.511 strain=16.531 score=-46.617 steps=1000 converged=False
10/10 mol_id=140915 Eint=-76.382 desolv=5.446 strain=18.365 score=-52.572 steps=600 converged=True
wrote 10 rows to /home/xianyang/aimnet2_score_pipelines/work/fixed-pocket-benchmarks-20260906/t3/L4/O94782/aimnet2_score.csv in 169.80 s
{
  "scope": "reference reconstruction; not an exact reproduction of the unreleased AIMNet2(Score) workflow",
  "score_definition": "Eint + Edesolv + ELCSE; lower is better",
  "interaction_geometry": "fixed_pocket_gas_minimized_v1",
  "pocket": "/home/xianyang/aimnet2_score_pipelines/work/correction-20260906/t3/L4/O94782/pocket.pdb",
  "pocket_charge": 0,
  "gas_model": "/home/xianyang/t3-aimnet-models/aimnet2_wb97m_0.jpt",
  "cpcm_model": "/home/xianyang/t3-aimnet-models/wb97m_cpcms_v2_0.jpt",
  "complex_fmax_ev_a": 0.002,
  "complex_max_steps": 1000,
  "n_complex_optimization_converged": 8,
  "minimized_poses": "/home/xianyang/aimnet2_score_pipelines/work/fixed-pocket-benchmarks-20260906/t3/L4/O94782/aimnet2_score.minimized.sdf",
  "bound_refinement": "gas-phase ligand-in-fixed-pocket FIRE; no isolated bound refinement",
  "n_requested": 10,
  "n_scored": 10,
  "n_errors": 0,
  "n_optimization_converged": 6,
  "elapsed_seconds_this_run": 169.80437350389548,
  "output": "/home/xianyang/aimnet2_score_pipelines/work/fixed-pocket-benchmarks-20260906/t3/L4/O94782/aimnet2_score.csv"
}
 mol_id  aimnet_interaction_kcal_mol  desolvation_kcal_mol  local_strain_kcal_mol  aimnet2_composite_kcal_mol  optimization_converged
  44583                  -104.303465             20.381297              27.484319                  -56.437850                    True
  55799                  -122.225278             25.171260              50.782712                  -46.271307                   False
  63266                  -104.837145             13.545881              29.121284                  -62.169979                    True
  82334                  -168.103885             18.918536              74.060886                  -75.124462                    True
  82471                   -70.489839              8.682679              38.918359                  -22.888802                   False
 104572                   -98.286858             15.976575              26.515945                  -55.794338                   False
 107087                   -72.630446             11.255603              21.924657                  -39.450185                    True
 114317                  -135.675634             19.552885              30.642370                  -85.480380                    True
 117314                   -81.659655             18.510986              16.531374                  -46.617295                   False
 140915                   -76.382294              5.445833              18.364828                  -52.571633                    True
