Bound geometry uses fixed-pocket gas FIRE. Legacy CPCM bound-refinement options are ignored.
/home/xianyang/miniconda3/envs/t3-aimnet/lib/python3.11/site-packages/aimnet/models/base.py:85: UserWarning: 'torch.load' received a zip file that looks like a TorchScript archive dispatching to 'torch.jit.load' (call 'torch.jit.load' directly to silence this warning)
  data = torch.load(path, map_location=device, weights_only=True)
/home/xianyang/miniconda3/envs/t3-aimnet/lib/python3.11/site-packages/torch/jit/_serialization.py:176: FutureWarning: `torch.jit.load` is deprecated. Please switch to `torch.export`.
  warnings.warn(
/home/xianyang/miniconda3/envs/t3-aimnet/lib/python3.11/site-packages/torch/jit/_serialization.py:176: FutureWarning: `torch.jit.load` is deprecated. Please switch to `torch.export`.
  warnings.warn(
1/10 mol_id=6340 Eint=-126.719 desolv=19.956 strain=72.387 score=-34.376 steps=244 converged=True
2/10 mol_id=28298 Eint=-23.509 desolv=16.224 strain=16.134 score=8.849 steps=873 converged=True
3/10 mol_id=75632 Eint=-91.645 desolv=20.045 strain=31.136 score=-40.464 steps=692 converged=True
4/10 mol_id=85481 Eint=-83.570 desolv=15.556 strain=45.350 score=-22.664 steps=353 converged=True
5/10 mol_id=87321 Eint=-74.928 desolv=15.446 strain=30.453 score=-29.029 steps=437 converged=True
6/10 mol_id=98405 Eint=-41.643 desolv=15.232 strain=28.735 score=2.324 steps=995 converged=True
7/10 mol_id=119261 Eint=-21.760 desolv=15.052 strain=24.665 score=17.957 steps=1000 converged=False
8/10 mol_id=128168 Eint=-131.231 desolv=12.601 strain=34.522 score=-84.108 steps=569 converged=True
9/10 mol_id=130558 Eint=-62.698 desolv=14.315 strain=19.405 score=-28.979 steps=764 converged=True
10/10 mol_id=138317 Eint=-48.681 desolv=14.270 strain=21.612 score=-12.800 steps=603 converged=True
wrote 10 rows to /home/xianyang/aimnet2_score_pipelines/work/fixed-pocket-benchmarks-20260906/t3/L3/O14638/aimnet2_score.csv in 84.87 s
{
  "scope": "reference reconstruction; not an exact reproduction of the unreleased AIMNet2(Score) workflow",
  "score_definition": "Eint + Edesolv + ELCSE; lower is better",
  "interaction_geometry": "fixed_pocket_gas_minimized_v1",
  "pocket": "/home/xianyang/aimnet2_score_pipelines/work/correction-20260906/t3/L3/O14638/pocket.pdb",
  "pocket_charge": 0,
  "gas_model": "/home/xianyang/t3-aimnet-models/aimnet2_wb97m_0.jpt",
  "cpcm_model": "/home/xianyang/t3-aimnet-models/wb97m_cpcms_v2_0.jpt",
  "complex_fmax_ev_a": 0.002,
  "complex_max_steps": 1000,
  "n_complex_optimization_converged": 9,
  "minimized_poses": "/home/xianyang/aimnet2_score_pipelines/work/fixed-pocket-benchmarks-20260906/t3/L3/O14638/aimnet2_score.minimized.sdf",
  "bound_refinement": "gas-phase ligand-in-fixed-pocket FIRE; no isolated bound refinement",
  "n_requested": 10,
  "n_scored": 10,
  "n_errors": 0,
  "n_optimization_converged": 9,
  "elapsed_seconds_this_run": 84.86824621100095,
  "output": "/home/xianyang/aimnet2_score_pipelines/work/fixed-pocket-benchmarks-20260906/t3/L3/O14638/aimnet2_score.csv"
}
 mol_id  aimnet_interaction_kcal_mol  desolvation_kcal_mol  local_strain_kcal_mol  aimnet2_composite_kcal_mol  optimization_converged
   6340                  -126.718860             19.956339              72.386890                  -34.375632                    True
  28298                   -23.508983             16.223578              16.133990                    8.848585                    True
  75632                   -91.645380             20.045239              31.135741                  -40.464400                    True
  85481                   -83.569802             15.555813              45.349878                  -22.664111                    True
  87321                   -74.927756             15.446226              30.452749                  -29.028782                    True
  98405                   -41.642613             15.231657              28.735318                    2.324361                    True
 119261                   -21.760351             15.052068              24.665185                   17.956901                   False
 128168                  -131.231272             12.601206              34.521965                  -84.108101                    True
 130558                   -62.698451             14.314513              19.404660                  -28.979279                    True
 138317                   -48.680866             14.269787              21.611576                  -12.799503                    True
