pocket_atoms=747 poses=1982 cuda=True
processed=4/1982
processed=100/1982
processed=200/1982
processed=300/1982
processed=400/1982
processed=500/1982
processed=600/1982
processed=700/1982
processed=800/1982
processed=900/1982
processed=1000/1982
processed=1100/1982
processed=1200/1982
processed=1300/1982
processed=1400/1982
processed=1500/1982
processed=1600/1982
processed=1700/1982
processed=1800/1982
processed=1900/1982
{
  "score_definition": "E_complex - E_pocket - E_ligand; lower is better",
  "n_input_poses": 1982,
  "n_scored_poses": 1982,
  "n_ligands": 20,
  "n_best_poses": 20,
  "pocket_atoms": 747,
  "pocket_formal_charge": 0,
  "elapsed_seconds": 15.003140449523926
}
 mol_id ligand_pdb  pose_index  label  ligunity_rank  ligunity_score  formal_charge  aimnet_complex_eV  aimnet_pocket_eV  aimnet_ligand_eV  aimnet_interaction_kcal_mol error  aimnet_interaction_rank
  11031       4mme          31      0             11        0.462158              0     -859391.828060    -825021.492136     -34355.618971                  -339.381001                              1
  10015       3wz8          15      0             10        0.604492              0     -872819.120102    -825021.492136     -47785.369435                  -282.688450                              2
   5029       4djv          29      1              5        0.825195              0     -857789.609153    -825021.492136     -32755.858546                  -282.687083                              3
   3056       2vkm          56      1              3        0.825195              1     -892105.836050    -825021.492136     -67073.365845                  -253.160305                              4
   9051       3uri          51      0              9        0.604492              1     -917773.419132    -825021.492136     -92740.980687                  -252.427904                              5
  16012       1gpn          12      0             16        0.415771              1     -846977.236042    -825021.492136     -21945.052980                  -246.538617                              6
  19083       1h22          83      0             19        0.415771              2     -864806.841430    -825021.492136     -39775.161552                  -234.934910                              7
   1036       3rsx          36      1              1        0.825195              0     -852480.235855    -825021.492136     -27448.895226                  -227.111640                              8
  14035       3f3d          35      0             14        0.462158              0     -846801.933814    -825021.492136     -21771.540596                  -205.263830                              9
   6095       3pww          95      0              6        0.604492              1     -884410.078161    -825021.492136     -59379.686435                  -205.229441                             10
  17030       1e66          30      0             17        0.415771              0     -859495.136337    -825021.492136     -34464.799726                  -203.958450                             11
  20021       1gpk          21      0             20        0.415771              1     -845905.371431    -825021.492136     -20875.087219                  -202.750111                             12
  18025       1h23          25      0             18        0.415771              2     -866944.095556    -825021.492136     -41914.405843                  -189.040614                             13
   8081       2v00          81      1              8        0.604492              0     -844192.870219    -825021.492136     -19163.475355                  -182.241253                             14
  13070       3f3c          70      0             13        0.462158              0     -842817.185210    -825021.492136     -17787.854211                  -180.768497                             15
  15082       3f3a          82      0             15        0.462158              0     -843694.766465    -825021.492136     -18665.818042                  -171.946089                             16
   4015       4gid          15      1              4        0.825195              1     -892636.735672    -825021.492136     -67607.844535                  -170.625012                             17
   2093       3udh          93      1              2        0.825195              1     -841660.290714    -825021.492136     -16631.568027                  -166.740480                             18
  12091       3f3e          91      0             12        0.462158              0     -837038.909978    -825021.492136     -12011.346767                  -140.002330                             19
   7093       3prs          93      0              7        0.604492              0     -904994.348989    -825021.492136     -79968.276700                  -105.620844                             20
