Bound geometry uses fixed-pocket gas FIRE. Legacy CPCM bound-refinement options are ignored.
/home/xianyang/miniconda3/envs/t3-aimnet/lib/python3.11/site-packages/aimnet/models/base.py:85: UserWarning: 'torch.load' received a zip file that looks like a TorchScript archive dispatching to 'torch.jit.load' (call 'torch.jit.load' directly to silence this warning)
  data = torch.load(path, map_location=device, weights_only=True)
/home/xianyang/miniconda3/envs/t3-aimnet/lib/python3.11/site-packages/torch/jit/_serialization.py:176: FutureWarning: `torch.jit.load` is deprecated. Please switch to `torch.export`.
  warnings.warn(
/home/xianyang/miniconda3/envs/t3-aimnet/lib/python3.11/site-packages/torch/jit/_serialization.py:176: FutureWarning: `torch.jit.load` is deprecated. Please switch to `torch.export`.
  warnings.warn(
1/10 mol_id=23658 Eint=-129.809 desolv=13.693 strain=58.126 score=-57.991 steps=536 converged=True
2/10 mol_id=24173 Eint=-109.581 desolv=17.364 strain=27.059 score=-65.158 steps=219 converged=True
3/10 mol_id=43216 Eint=-37.645 desolv=13.834 strain=13.657 score=-10.153 steps=292 converged=True
4/10 mol_id=58793 Eint=-46.288 desolv=16.081 strain=17.516 score=-12.692 steps=347 converged=True
5/10 mol_id=73954 Eint=-191.583 desolv=12.882 strain=41.990 score=-136.711 steps=359 converged=True
6/10 mol_id=75808 Eint=-127.499 desolv=16.274 strain=51.113 score=-60.112 steps=298 converged=True
7/10 mol_id=76036 Eint=-100.612 desolv=12.847 strain=16.116 score=-71.649 steps=227 converged=True
8/10 mol_id=88977 Eint=-115.743 desolv=22.514 strain=30.774 score=-62.455 steps=430 converged=True
9/10 mol_id=110901 Eint=-123.316 desolv=15.932 strain=65.572 score=-41.813 steps=315 converged=True
10/10 mol_id=140320 Eint=-71.618 desolv=18.192 strain=18.838 score=-34.588 steps=220 converged=True
wrote 10 rows to /home/xianyang/aimnet2_score_pipelines/work/fixed-pocket-benchmarks-20260906/t3/L1/Q96MU7/aimnet2_score.csv in 75.59 s
{
  "scope": "reference reconstruction; not an exact reproduction of the unreleased AIMNet2(Score) workflow",
  "score_definition": "Eint + Edesolv + ELCSE; lower is better",
  "interaction_geometry": "fixed_pocket_gas_minimized_v1",
  "pocket": "/home/xianyang/aimnet2_score_pipelines/work/correction-20260906/t3/L1/Q96MU7/pocket.pdb",
  "pocket_charge": 0,
  "gas_model": "/home/xianyang/t3-aimnet-models/aimnet2_wb97m_0.jpt",
  "cpcm_model": "/home/xianyang/t3-aimnet-models/wb97m_cpcms_v2_0.jpt",
  "complex_fmax_ev_a": 0.002,
  "complex_max_steps": 1000,
  "n_complex_optimization_converged": 10,
  "minimized_poses": "/home/xianyang/aimnet2_score_pipelines/work/fixed-pocket-benchmarks-20260906/t3/L1/Q96MU7/aimnet2_score.minimized.sdf",
  "bound_refinement": "gas-phase ligand-in-fixed-pocket FIRE; no isolated bound refinement",
  "n_requested": 10,
  "n_scored": 10,
  "n_errors": 0,
  "n_optimization_converged": 10,
  "elapsed_seconds_this_run": 75.58795484900475,
  "output": "/home/xianyang/aimnet2_score_pipelines/work/fixed-pocket-benchmarks-20260906/t3/L1/Q96MU7/aimnet2_score.csv"
}
 mol_id  aimnet_interaction_kcal_mol  desolvation_kcal_mol  local_strain_kcal_mol  aimnet2_composite_kcal_mol  optimization_converged
  23658                  -129.809111             13.692674              58.125912                  -57.990525                    True
  24173                  -109.581339             17.364232              27.059269                  -65.157838                    True
  43216                   -37.644630             13.834083              13.657076                  -10.153471                    True
  58793                   -46.288497             16.081367              17.515527                  -12.691603                    True
  73954                  -191.583390             12.882098              41.990254                 -136.711038                    True
  75808                  -127.499426             16.273972              51.113173                  -60.112281                    True
  76036                  -100.612170             12.847219              16.115715                  -71.649236                    True
  88977                  -115.742788             22.514099              30.773755                  -62.454934                    True
 110901                  -123.316295             15.931648              65.571643                  -41.813004                    True
 140320                   -71.617693             18.191929              18.837603                  -34.588162                    True
