Bound geometry uses fixed-pocket gas FIRE. Legacy CPCM bound-refinement options are ignored.
/home/xianyang/miniconda3/envs/t3-aimnet/lib/python3.11/site-packages/aimnet/models/base.py:85: UserWarning: 'torch.load' received a zip file that looks like a TorchScript archive dispatching to 'torch.jit.load' (call 'torch.jit.load' directly to silence this warning)
  data = torch.load(path, map_location=device, weights_only=True)
/home/xianyang/miniconda3/envs/t3-aimnet/lib/python3.11/site-packages/torch/jit/_serialization.py:176: FutureWarning: `torch.jit.load` is deprecated. Please switch to `torch.export`.
  warnings.warn(
/home/xianyang/miniconda3/envs/t3-aimnet/lib/python3.11/site-packages/torch/jit/_serialization.py:176: FutureWarning: `torch.jit.load` is deprecated. Please switch to `torch.export`.
  warnings.warn(
1/10 mol_id=1372 Eint=-78.859 desolv=19.175 strain=28.076 score=-31.608 steps=1000 converged=False
2/10 mol_id=15758 Eint=-85.223 desolv=23.719 strain=27.602 score=-33.903 steps=350 converged=True
3/10 mol_id=16948 Eint=-57.316 desolv=15.699 strain=21.855 score=-19.762 steps=359 converged=True
4/10 mol_id=41332 Eint=-73.813 desolv=18.621 strain=27.381 score=-27.810 steps=828 converged=True
5/10 mol_id=62918 Eint=-68.361 desolv=9.257 strain=12.577 score=-46.527 steps=470 converged=True
6/10 mol_id=64270 Eint=-90.952 desolv=18.585 strain=38.702 score=-33.665 steps=507 converged=True
7/10 mol_id=77634 Eint=-75.604 desolv=9.467 strain=15.081 score=-51.055 steps=368 converged=True
8/10 mol_id=83648 Eint=-71.684 desolv=10.398 strain=27.424 score=-33.862 steps=700 converged=True
9/10 mol_id=122553 Eint=-274.748 desolv=19.419 strain=127.593 score=-127.736 steps=503 converged=True
10/10 mol_id=143441 Eint=-82.953 desolv=14.226 strain=23.643 score=-45.084 steps=510 converged=True
wrote 10 rows to /home/xianyang/aimnet2_score_pipelines/work/aimnet2025-benchmarks-20260906/t3/L2/Q14145/aimnet2_score.csv in 90.08 s
{
  "scope": "reference reconstruction; not an exact reproduction of the unreleased AIMNet2(Score) workflow",
  "score_definition": "Eint + Edesolv + ELCSE; lower is better",
  "interaction_geometry": "fixed_pocket_aimnet2025_minimized_v2",
  "pocket": "/home/xianyang/aimnet2_score_pipelines/work/correction-20260906/t3/L2/Q14145/pocket.pdb",
  "pocket_charge": 0,
  "gas_model": "/home/xianyang/t3-aimnet-models/aimnet2_wb97m_0.jpt",
  "interaction_model": "aimnet2-2025",
  "interaction_members": [
    "aimnet2-2025"
  ],
  "cpcm_model": "/home/xianyang/t3-aimnet-models/wb97m_cpcms_v2_0.jpt",
  "complex_fmax_ev_a": 0.002,
  "complex_max_steps": 1000,
  "n_complex_optimization_converged": 9,
  "minimized_poses": "/home/xianyang/aimnet2_score_pipelines/work/aimnet2025-benchmarks-20260906/t3/L2/Q14145/aimnet2_score.minimized.sdf",
  "bound_refinement": "AIMNet2(2025) ligand-in-fixed-pocket FIRE; no isolated bound refinement",
  "n_requested": 10,
  "n_scored": 10,
  "n_errors": 0,
  "n_optimization_converged": 9,
  "elapsed_seconds_this_run": 90.08431256911717,
  "output": "/home/xianyang/aimnet2_score_pipelines/work/aimnet2025-benchmarks-20260906/t3/L2/Q14145/aimnet2_score.csv"
}
 mol_id  aimnet_interaction_kcal_mol  desolvation_kcal_mol  local_strain_kcal_mol  aimnet2_composite_kcal_mol  optimization_converged
   1372                   -78.859291             19.174807              28.076259                  -31.608224                   False
  15758                   -85.223081             23.718595              27.601804                  -33.902682                    True
  16948                   -57.315786             15.698647              21.855040                  -19.762099                    True
  41332                   -73.812581             18.621479              27.380631                  -27.810471                    True
  62918                   -68.360875              9.256814              12.577289                  -46.526772                    True
  64270                   -90.952123             18.584695              38.702274                  -33.665153                    True
  77634                   -75.603596              9.467271              15.080946                  -51.055380                    True
  83648                   -71.684266             10.397577              27.424264                  -33.862424                    True
 122553                  -274.748497             19.419421             127.593141                 -127.735935                    True
 143441                   -82.952946             14.226129              23.642566                  -45.084251                    True
