Bound geometry uses fixed-pocket gas FIRE. Legacy CPCM bound-refinement options are ignored.
/home/xianyang/miniconda3/envs/t3-aimnet/lib/python3.11/site-packages/aimnet/models/base.py:85: UserWarning: 'torch.load' received a zip file that looks like a TorchScript archive dispatching to 'torch.jit.load' (call 'torch.jit.load' directly to silence this warning)
  data = torch.load(path, map_location=device, weights_only=True)
/home/xianyang/miniconda3/envs/t3-aimnet/lib/python3.11/site-packages/torch/jit/_serialization.py:176: FutureWarning: `torch.jit.load` is deprecated. Please switch to `torch.export`.
  warnings.warn(
/home/xianyang/miniconda3/envs/t3-aimnet/lib/python3.11/site-packages/torch/jit/_serialization.py:176: FutureWarning: `torch.jit.load` is deprecated. Please switch to `torch.export`.
  warnings.warn(
1/10 mol_id=3228 Eint=-64.023 desolv=14.220 strain=16.191 score=-33.612 steps=633 converged=True
2/10 mol_id=9152 Eint=-58.876 desolv=11.678 strain=26.039 score=-21.159 steps=511 converged=True
3/10 mol_id=9726 Eint=-73.884 desolv=15.295 strain=26.660 score=-31.929 steps=397 converged=True
4/10 mol_id=32927 Eint=-74.015 desolv=16.738 strain=19.663 score=-37.615 steps=672 converged=True
5/10 mol_id=33996 Eint=-68.725 desolv=17.517 strain=19.258 score=-31.950 steps=370 converged=True
6/10 mol_id=39496 Eint=-57.281 desolv=13.487 strain=21.764 score=-22.030 steps=411 converged=True
7/10 mol_id=67393 Eint=-70.671 desolv=13.423 strain=30.591 score=-26.657 steps=265 converged=True
8/10 mol_id=67395 Eint=-47.971 desolv=13.452 strain=22.743 score=-11.776 steps=569 converged=True
9/10 mol_id=67397 Eint=-138.522 desolv=10.891 strain=62.343 score=-65.288 steps=324 converged=True
10/10 mol_id=67399 Eint=-142.400 desolv=11.540 strain=58.728 score=-72.133 steps=455 converged=True
wrote 10 rows to /home/xianyang/aimnet2_score_pipelines/work/fixed-pocket-benchmarks-20260906/t3/L1/O95271/aimnet2_score.csv in 63.79 s
{
  "scope": "reference reconstruction; not an exact reproduction of the unreleased AIMNet2(Score) workflow",
  "score_definition": "Eint + Edesolv + ELCSE; lower is better",
  "interaction_geometry": "fixed_pocket_gas_minimized_v1",
  "pocket": "/home/xianyang/aimnet2_score_pipelines/work/correction-20260906/t3/L1/O95271/pocket.pdb",
  "pocket_charge": 0,
  "gas_model": "/home/xianyang/t3-aimnet-models/aimnet2_wb97m_0.jpt",
  "cpcm_model": "/home/xianyang/t3-aimnet-models/wb97m_cpcms_v2_0.jpt",
  "complex_fmax_ev_a": 0.002,
  "complex_max_steps": 1000,
  "n_complex_optimization_converged": 10,
  "minimized_poses": "/home/xianyang/aimnet2_score_pipelines/work/fixed-pocket-benchmarks-20260906/t3/L1/O95271/aimnet2_score.minimized.sdf",
  "bound_refinement": "gas-phase ligand-in-fixed-pocket FIRE; no isolated bound refinement",
  "n_requested": 10,
  "n_scored": 10,
  "n_errors": 0,
  "n_optimization_converged": 10,
  "elapsed_seconds_this_run": 63.787833050999325,
  "output": "/home/xianyang/aimnet2_score_pipelines/work/fixed-pocket-benchmarks-20260906/t3/L1/O95271/aimnet2_score.csv"
}
 mol_id  aimnet_interaction_kcal_mol  desolvation_kcal_mol  local_strain_kcal_mol  aimnet2_composite_kcal_mol  optimization_converged
   3228                   -64.023426             14.220329              16.191070                  -33.612026                    True
   9152                   -58.876152             11.678066              26.039331                  -21.158755                    True
   9726                   -73.883633             15.295322              26.659564                  -31.928746                    True
  32927                   -74.015494             16.737664              19.662559                  -37.615270                    True
  33996                   -68.725426             17.517300              19.258026                  -31.950101                    True
  39496                   -57.280583             13.486753              21.763592                  -22.030238                    True
  67393                   -70.670994             13.423077              30.591214                  -26.656702                    True
  67395                   -47.970778             13.451542              22.743284                  -11.775952                    True
  67397                  -138.522468             10.891487              62.343087                  -65.287894                    True
  67399                  -142.400360             11.540015              58.727527                  -72.132818                    True
