Bound geometry uses fixed-pocket gas FIRE. Legacy CPCM bound-refinement options are ignored.
/home/xianyang/miniconda3/envs/t3-aimnet/lib/python3.11/site-packages/aimnet/models/base.py:85: UserWarning: 'torch.load' received a zip file that looks like a TorchScript archive dispatching to 'torch.jit.load' (call 'torch.jit.load' directly to silence this warning)
  data = torch.load(path, map_location=device, weights_only=True)
/home/xianyang/miniconda3/envs/t3-aimnet/lib/python3.11/site-packages/torch/jit/_serialization.py:176: FutureWarning: `torch.jit.load` is deprecated. Please switch to `torch.export`.
  warnings.warn(
/home/xianyang/miniconda3/envs/t3-aimnet/lib/python3.11/site-packages/torch/jit/_serialization.py:176: FutureWarning: `torch.jit.load` is deprecated. Please switch to `torch.export`.
  warnings.warn(
1/10 mol_id=10956 Eint=-152.572 desolv=10.778 strain=27.783 score=-114.011 steps=332 converged=True
2/10 mol_id=12928 Eint=-43.304 desolv=12.242 strain=25.435 score=-5.627 steps=327 converged=True
3/10 mol_id=68226 Eint=-41.593 desolv=7.920 strain=15.950 score=-17.724 steps=737 converged=True
4/10 mol_id=78593 Eint=-61.668 desolv=10.027 strain=20.127 score=-31.513 steps=544 converged=True
5/10 mol_id=90524 Eint=-41.261 desolv=15.252 strain=11.962 score=-14.046 steps=289 converged=True
6/10 mol_id=96622 Eint=-140.035 desolv=9.365 strain=62.417 score=-68.252 steps=648 converged=True
7/10 mol_id=113370 Eint=-52.684 desolv=9.709 strain=25.557 score=-17.417 steps=383 converged=True
8/10 mol_id=121641 Eint=-108.206 desolv=18.143 strain=26.553 score=-63.510 steps=538 converged=True
9/10 mol_id=134889 Eint=-130.746 desolv=10.458 strain=51.317 score=-68.971 steps=753 converged=True
10/10 mol_id=140686 Eint=-49.851 desolv=15.404 strain=23.447 score=-11.000 steps=472 converged=True
wrote 10 rows to /home/xianyang/aimnet2_score_pipelines/work/fixed-pocket-benchmarks-20260906/t3/L3/Q9HCR9/aimnet2_score.csv in 80.63 s
{
  "scope": "reference reconstruction; not an exact reproduction of the unreleased AIMNet2(Score) workflow",
  "score_definition": "Eint + Edesolv + ELCSE; lower is better",
  "interaction_geometry": "fixed_pocket_gas_minimized_v1",
  "pocket": "/home/xianyang/aimnet2_score_pipelines/work/correction-20260906/t3/L3/Q9HCR9/pocket.pdb",
  "pocket_charge": 0,
  "gas_model": "/home/xianyang/t3-aimnet-models/aimnet2_wb97m_0.jpt",
  "cpcm_model": "/home/xianyang/t3-aimnet-models/wb97m_cpcms_v2_0.jpt",
  "complex_fmax_ev_a": 0.002,
  "complex_max_steps": 1000,
  "n_complex_optimization_converged": 10,
  "minimized_poses": "/home/xianyang/aimnet2_score_pipelines/work/fixed-pocket-benchmarks-20260906/t3/L3/Q9HCR9/aimnet2_score.minimized.sdf",
  "bound_refinement": "gas-phase ligand-in-fixed-pocket FIRE; no isolated bound refinement",
  "n_requested": 10,
  "n_scored": 10,
  "n_errors": 0,
  "n_optimization_converged": 10,
  "elapsed_seconds_this_run": 80.62806886899853,
  "output": "/home/xianyang/aimnet2_score_pipelines/work/fixed-pocket-benchmarks-20260906/t3/L3/Q9HCR9/aimnet2_score.csv"
}
 mol_id  aimnet_interaction_kcal_mol  desolvation_kcal_mol  local_strain_kcal_mol  aimnet2_composite_kcal_mol  optimization_converged
  10956                  -152.571638             10.777523              27.783315                 -114.010800                    True
  12928                   -43.303913             12.242099              25.434726                   -5.627088                    True
  68226                   -41.593341              7.919517              15.950236                  -17.723588                    True
  78593                   -61.667741             10.026943              20.127397                  -31.513401                    True
  90524                   -41.260577             15.252191              11.962304                  -14.046083                    True
  96622                  -140.034837              9.365299              62.417357                  -68.252181                    True
 113370                   -52.683874              9.709408              25.557146                  -17.417320                    True
 121641                  -108.205856             18.142737              26.553283                  -63.509837                    True
 134889                  -130.746250             10.457959              51.317017                  -68.971274                    True
 140686                   -49.851204             15.403744              23.447323                  -11.000137                    True
