Bound geometry uses fixed-pocket gas FIRE. Legacy CPCM bound-refinement options are ignored.
/home/xianyang/miniconda3/envs/t3-aimnet/lib/python3.11/site-packages/aimnet/models/base.py:85: UserWarning: 'torch.load' received a zip file that looks like a TorchScript archive dispatching to 'torch.jit.load' (call 'torch.jit.load' directly to silence this warning)
  data = torch.load(path, map_location=device, weights_only=True)
/home/xianyang/miniconda3/envs/t3-aimnet/lib/python3.11/site-packages/torch/jit/_serialization.py:176: FutureWarning: `torch.jit.load` is deprecated. Please switch to `torch.export`.
  warnings.warn(
/home/xianyang/miniconda3/envs/t3-aimnet/lib/python3.11/site-packages/torch/jit/_serialization.py:176: FutureWarning: `torch.jit.load` is deprecated. Please switch to `torch.export`.
  warnings.warn(
1/10 mol_id=4142 Eint=-154.748 desolv=9.267 strain=84.953 score=-60.528 steps=1000 converged=False
2/10 mol_id=6730 Eint=-106.415 desolv=16.621 strain=31.991 score=-57.803 steps=587 converged=True
3/10 mol_id=14710 Eint=-225.966 desolv=14.870 strain=60.037 score=-151.059 steps=586 converged=True
4/10 mol_id=25683 Eint=-171.147 desolv=19.284 strain=68.137 score=-83.727 steps=959 converged=True
5/10 mol_id=48303 Eint=-103.127 desolv=16.588 strain=37.512 score=-49.027 steps=387 converged=True
6/10 mol_id=72342 Eint=-128.729 desolv=14.549 strain=59.659 score=-54.521 steps=1000 converged=False
7/10 mol_id=84980 Eint=-317.376 desolv=66.582 strain=52.837 score=-197.957 steps=919 converged=True
8/10 mol_id=96586 Eint=-118.316 desolv=15.118 strain=49.389 score=-53.810 steps=710 converged=True
9/10 mol_id=100233 Eint=-191.067 desolv=26.284 strain=56.527 score=-108.256 steps=511 converged=True
10/10 mol_id=127767 Eint=-115.474 desolv=14.072 strain=56.726 score=-44.676 steps=562 converged=True
wrote 10 rows to /home/xianyang/aimnet2_score_pipelines/work/fixed-pocket-benchmarks-20260906/t3/L2/O75460/aimnet2_score.csv in 88.53 s
{
  "scope": "reference reconstruction; not an exact reproduction of the unreleased AIMNet2(Score) workflow",
  "score_definition": "Eint + Edesolv + ELCSE; lower is better",
  "interaction_geometry": "fixed_pocket_gas_minimized_v1",
  "pocket": "/home/xianyang/aimnet2_score_pipelines/work/correction-20260906/t3/L2/O75460/pocket.pdb",
  "pocket_charge": 0,
  "gas_model": "/home/xianyang/t3-aimnet-models/aimnet2_wb97m_0.jpt",
  "cpcm_model": "/home/xianyang/t3-aimnet-models/wb97m_cpcms_v2_0.jpt",
  "complex_fmax_ev_a": 0.002,
  "complex_max_steps": 1000,
  "n_complex_optimization_converged": 10,
  "minimized_poses": "/home/xianyang/aimnet2_score_pipelines/work/fixed-pocket-benchmarks-20260906/t3/L2/O75460/aimnet2_score.minimized.sdf",
  "bound_refinement": "gas-phase ligand-in-fixed-pocket FIRE; no isolated bound refinement",
  "n_requested": 10,
  "n_scored": 10,
  "n_errors": 0,
  "n_optimization_converged": 8,
  "elapsed_seconds_this_run": 88.52835173299536,
  "output": "/home/xianyang/aimnet2_score_pipelines/work/fixed-pocket-benchmarks-20260906/t3/L2/O75460/aimnet2_score.csv"
}
 mol_id  aimnet_interaction_kcal_mol  desolvation_kcal_mol  local_strain_kcal_mol  aimnet2_composite_kcal_mol  optimization_converged
   4142                  -154.747894              9.267302              84.952642                  -60.527950                   False
   6730                  -106.414688             16.620837              31.990912                  -57.802939                    True
  14710                  -225.965563             14.869514              60.037398                 -151.058651                    True
  25683                  -171.146851             19.283572              68.136635                  -83.726644                    True
  48303                  -103.126860             16.587613              37.512139                  -49.027108                    True
  72342                  -128.729041             14.549022              59.658686                  -54.521333                   False
  84980                  -317.375806             66.581934              52.837157                 -197.956716                    True
  96586                  -118.316311             15.117823              49.388981                  -53.809507                    True
 100233                  -191.066527             26.284255              56.526635                 -108.255637                    True
 127767                  -115.473852             14.071775              56.726337                  -44.675740                    True
