Bound geometry uses fixed-pocket gas FIRE. Legacy CPCM bound-refinement options are ignored.
/home/xianyang/miniconda3/envs/t3-aimnet/lib/python3.11/site-packages/aimnet/models/base.py:85: UserWarning: 'torch.load' received a zip file that looks like a TorchScript archive dispatching to 'torch.jit.load' (call 'torch.jit.load' directly to silence this warning)
  data = torch.load(path, map_location=device, weights_only=True)
/home/xianyang/miniconda3/envs/t3-aimnet/lib/python3.11/site-packages/torch/jit/_serialization.py:176: FutureWarning: `torch.jit.load` is deprecated. Please switch to `torch.export`.
  warnings.warn(
/home/xianyang/miniconda3/envs/t3-aimnet/lib/python3.11/site-packages/torch/jit/_serialization.py:176: FutureWarning: `torch.jit.load` is deprecated. Please switch to `torch.export`.
  warnings.warn(
1/10 mol_id=6919 Eint=-55.755 desolv=10.311 strain=23.553 score=-21.891 steps=877 converged=True
2/10 mol_id=25339 Eint=-95.987 desolv=11.110 strain=33.498 score=-51.379 steps=596 converged=True
3/10 mol_id=32149 Eint=-71.555 desolv=12.665 strain=28.502 score=-30.389 steps=1000 converged=False
4/10 mol_id=37452 Eint=-59.341 desolv=19.214 strain=27.110 score=-13.017 steps=644 converged=True
5/10 mol_id=46896 Eint=-98.913 desolv=16.349 strain=42.962 score=-39.602 steps=1000 converged=False
6/10 mol_id=62803 Eint=-165.645 desolv=12.997 strain=81.230 score=-71.418 steps=733 converged=True
7/10 mol_id=73412 Eint=-88.891 desolv=9.432 strain=25.815 score=-53.643 steps=498 converged=True
8/10 mol_id=95108 Eint=-74.472 desolv=20.339 strain=25.235 score=-28.898 steps=613 converged=True
9/10 mol_id=111632 Eint=-150.987 desolv=12.320 strain=31.612 score=-107.055 steps=1000 converged=False
10/10 mol_id=136992 Eint=-62.335 desolv=19.067 strain=15.454 score=-27.814 steps=351 converged=True
wrote 10 rows to /home/xianyang/aimnet2_score_pipelines/work/fixed-pocket-benchmarks-20260906/t3/L1/Q92793/aimnet2_score.csv in 90.60 s
{
  "scope": "reference reconstruction; not an exact reproduction of the unreleased AIMNet2(Score) workflow",
  "score_definition": "Eint + Edesolv + ELCSE; lower is better",
  "interaction_geometry": "fixed_pocket_gas_minimized_v1",
  "pocket": "/home/xianyang/aimnet2_score_pipelines/work/correction-20260906/t3/L1/Q92793/pocket.pdb",
  "pocket_charge": 0,
  "gas_model": "/home/xianyang/t3-aimnet-models/aimnet2_wb97m_0.jpt",
  "cpcm_model": "/home/xianyang/t3-aimnet-models/wb97m_cpcms_v2_0.jpt",
  "complex_fmax_ev_a": 0.002,
  "complex_max_steps": 1000,
  "n_complex_optimization_converged": 10,
  "minimized_poses": "/home/xianyang/aimnet2_score_pipelines/work/fixed-pocket-benchmarks-20260906/t3/L1/Q92793/aimnet2_score.minimized.sdf",
  "bound_refinement": "gas-phase ligand-in-fixed-pocket FIRE; no isolated bound refinement",
  "n_requested": 10,
  "n_scored": 10,
  "n_errors": 0,
  "n_optimization_converged": 7,
  "elapsed_seconds_this_run": 90.59594292193651,
  "output": "/home/xianyang/aimnet2_score_pipelines/work/fixed-pocket-benchmarks-20260906/t3/L1/Q92793/aimnet2_score.csv"
}
 mol_id  aimnet_interaction_kcal_mol  desolvation_kcal_mol  local_strain_kcal_mol  aimnet2_composite_kcal_mol  optimization_converged
   6919                   -55.754741             10.311240              23.552797                  -21.890704                    True
  25339                   -95.986851             11.110364              33.497577                  -51.378911                    True
  32149                   -71.555360             12.664801              28.502037                  -30.388522                   False
  37452                   -59.341449             19.214101              27.110062                  -13.017286                    True
  46896                   -98.913005             16.348834              42.962103                  -39.602069                   False
  62803                  -165.645469             12.996972              81.230194                  -71.418303                    True
  73412                   -88.890544              9.431958              25.815168                  -53.643418                    True
  95108                   -74.471734             20.339141              25.234829                  -28.897764                    True
 111632                  -150.986895             12.319629              31.611962                 -107.055305                   False
 136992                   -62.334600             19.066674              15.454002                  -27.813924                    True
