pocket_atoms=386 poses=2000 cuda=True
processed=4/2000
processed=100/2000
processed=200/2000
processed=300/2000
processed=400/2000
processed=500/2000
processed=600/2000
processed=700/2000
processed=800/2000
processed=900/2000
processed=1000/2000
processed=1100/2000
processed=1200/2000
processed=1300/2000
processed=1400/2000
processed=1500/2000
processed=1600/2000
processed=1700/2000
processed=1800/2000
processed=1900/2000
processed=2000/2000
{
  "score_definition": "E_complex - E_pocket - E_ligand; lower is better",
  "n_input_poses": 2000,
  "n_scored_poses": 2000,
  "n_ligands": 20,
  "n_best_poses": 20,
  "pocket_atoms": 386,
  "pocket_formal_charge": 0,
  "elapsed_seconds": 6.446218252182007
}
 mol_id ligand_pdb  pose_index  label  ligunity_rank  ligunity_score  formal_charge  aimnet_complex_eV  aimnet_pocket_eV  aimnet_ligand_eV  aimnet_interaction_kcal_mol error  aimnet_interaction_rank
  20047       4ciw          47      0             20        0.267090             -1     -464433.340818    -442618.845685     -21804.103777                  -239.630380                              1
  13078       2j7h          78      0             13        0.483643              2     -457135.782036    -442618.845685     -14507.717633                  -212.588698                              2
   5100       2xii         100      1              5        0.725098              1     -477970.110252    -442618.845685     -35343.889390                  -170.075620                              3
  18033       3n76          33      0             18        0.280762             -1     -471747.391140    -442618.845685     -29121.644362                  -159.143003                              4
   8084       3dx2          84      0              8        0.617676              1     -469572.406358    -442618.845685     -26947.084607                  -149.341631                              5
  11035       2wbg          35      0             11        0.483643              0     -471822.456290    -442618.845685     -29197.266768                  -146.292363                              6
  16096       4f3c          96      0             16        0.318604              1     -479950.190504    -442618.845685     -37325.303441                  -139.317503                              7
   1097       4j28          97      1              1        0.725098              1     -463876.320143    -442618.845685     -21251.640560                  -134.532878                              8
  10084       3ejr          84      0             10        0.617676              1     -473510.605405    -442618.845685     -30886.162768                  -129.068788                              9
  19010       3n86          10      0             19        0.267090             -1     -473267.346396    -442618.845685     -30643.067917                  -125.283212                             10
   2093       4jfs          93      1              2        0.725098              1     -464044.609000    -442618.845685     -21420.898366                  -112.188398                             11
  17093       4f2w          93      0             17        0.301025              1     -476743.977194    -442618.845685     -34120.461863                  -107.684582                             12
   6089       1ps3          89      0              6        0.617676              0     -466365.199790    -442618.845685     -23741.890966                  -102.922448                             13
   4095       2wvt          95      1              4        0.725098              1     -461852.172636    -442618.845685     -19228.940745                  -101.148306                             14
   7094       3dx1          94      0              7        0.617676              1     -455622.158258    -442618.845685     -12998.963464                  -100.292850                             15
   3098       4pcs          98      1              3        0.725098              1     -461930.406250    -442618.845685     -19307.300882                   -98.230628                             16
  14084       2cbv          84      0             14        0.483643              1     -459774.158404    -442618.845685     -17151.061411                   -98.037498                             17
  15089       2j78          89      0             15        0.483643              0     -462243.724219    -442618.845685     -19620.961921                   -90.319252                             18
  12083       2cet          83      0             12        0.483643              0     -470694.131442    -442618.845685     -28071.495217                   -87.411929                             19
   9010       3d4z          10      0              9        0.617676              0     -462271.830657    -442618.845685     -19649.465434                   -81.162476                             20
