Bound geometry uses fixed-pocket gas FIRE. Legacy CPCM bound-refinement options are ignored.
/home/xianyang/miniconda3/envs/t3-aimnet/lib/python3.11/site-packages/aimnet/models/base.py:85: UserWarning: 'torch.load' received a zip file that looks like a TorchScript archive dispatching to 'torch.jit.load' (call 'torch.jit.load' directly to silence this warning)
  data = torch.load(path, map_location=device, weights_only=True)
/home/xianyang/miniconda3/envs/t3-aimnet/lib/python3.11/site-packages/torch/jit/_serialization.py:176: FutureWarning: `torch.jit.load` is deprecated. Please switch to `torch.export`.
  warnings.warn(
/home/xianyang/miniconda3/envs/t3-aimnet/lib/python3.11/site-packages/torch/jit/_serialization.py:176: FutureWarning: `torch.jit.load` is deprecated. Please switch to `torch.export`.
  warnings.warn(
1/10 mol_id=5837 Eint=-1.385 desolv=10.921 strain=43.729 score=53.265 steps=352 converged=True
2/10 mol_id=24263 Eint=-61.237 desolv=13.977 strain=27.386 score=-19.874 steps=435 converged=True
3/10 mol_id=37435 Eint=-20.344 desolv=8.194 strain=43.275 score=31.125 steps=310 converged=True
4/10 mol_id=52994 Eint=-31.503 desolv=13.553 strain=33.380 score=15.430 steps=605 converged=True
5/10 mol_id=81910 Eint=-24.370 desolv=13.062 strain=35.366 score=24.058 steps=424 converged=True
6/10 mol_id=102901 Eint=-25.284 desolv=11.408 strain=35.059 score=21.183 steps=253 converged=True
7/10 mol_id=112781 Eint=-38.223 desolv=9.060 strain=34.262 score=5.099 steps=420 converged=True
8/10 mol_id=119182 Eint=-21.873 desolv=13.247 strain=20.729 score=12.103 steps=376 converged=True
9/10 mol_id=138367 Eint=-46.773 desolv=15.707 strain=56.123 score=25.057 steps=479 converged=True
10/10 mol_id=141611 Eint=-29.842 desolv=13.358 strain=36.191 score=19.707 steps=417 converged=True
wrote 10 rows to /home/xianyang/aimnet2_score_pipelines/work/fixed-pocket-benchmarks-20260906/t3/L2/P06730/aimnet2_score.csv in 58.29 s
{
  "scope": "reference reconstruction; not an exact reproduction of the unreleased AIMNet2(Score) workflow",
  "score_definition": "Eint + Edesolv + ELCSE; lower is better",
  "interaction_geometry": "fixed_pocket_gas_minimized_v1",
  "pocket": "/home/xianyang/aimnet2_score_pipelines/work/correction-20260906/t3/L2/P06730/pocket.pdb",
  "pocket_charge": 0,
  "gas_model": "/home/xianyang/t3-aimnet-models/aimnet2_wb97m_0.jpt",
  "cpcm_model": "/home/xianyang/t3-aimnet-models/wb97m_cpcms_v2_0.jpt",
  "complex_fmax_ev_a": 0.002,
  "complex_max_steps": 1000,
  "n_complex_optimization_converged": 10,
  "minimized_poses": "/home/xianyang/aimnet2_score_pipelines/work/fixed-pocket-benchmarks-20260906/t3/L2/P06730/aimnet2_score.minimized.sdf",
  "bound_refinement": "gas-phase ligand-in-fixed-pocket FIRE; no isolated bound refinement",
  "n_requested": 10,
  "n_scored": 10,
  "n_errors": 0,
  "n_optimization_converged": 10,
  "elapsed_seconds_this_run": 58.285520961973816,
  "output": "/home/xianyang/aimnet2_score_pipelines/work/fixed-pocket-benchmarks-20260906/t3/L2/P06730/aimnet2_score.csv"
}
 mol_id  aimnet_interaction_kcal_mol  desolvation_kcal_mol  local_strain_kcal_mol  aimnet2_composite_kcal_mol  optimization_converged
   5837                    -1.385468             10.920621              43.729410                   53.264563                    True
  24263                   -61.237490             13.977464              27.385845                  -19.874181                    True
  37435                   -20.343762              8.193751              43.275287                   31.125275                    True
  52994                   -31.502622             13.552977              33.379568                   15.429923                    True
  81910                   -24.369839             13.061893              35.366184                   24.058238                    True
 102901                   -25.283607             11.408198              35.058689                   21.183280                    True
 112781                   -38.223404              9.059783              34.262250                    5.098629                    True
 119182                   -21.873191             13.247221              20.729291                   12.103320                    True
 138367                   -46.773008             15.706635              56.123340                   25.056967                    True
 141611                   -29.841958             13.357780              36.191350                   19.707171                    True
