Bound geometry uses fixed-pocket gas FIRE. Legacy CPCM bound-refinement options are ignored.
/home/xianyang/miniconda3/envs/t3-aimnet/lib/python3.11/site-packages/aimnet/models/base.py:85: UserWarning: 'torch.load' received a zip file that looks like a TorchScript archive dispatching to 'torch.jit.load' (call 'torch.jit.load' directly to silence this warning)
  data = torch.load(path, map_location=device, weights_only=True)
/home/xianyang/miniconda3/envs/t3-aimnet/lib/python3.11/site-packages/torch/jit/_serialization.py:176: FutureWarning: `torch.jit.load` is deprecated. Please switch to `torch.export`.
  warnings.warn(
/home/xianyang/miniconda3/envs/t3-aimnet/lib/python3.11/site-packages/torch/jit/_serialization.py:176: FutureWarning: `torch.jit.load` is deprecated. Please switch to `torch.export`.
  warnings.warn(
1/10 mol_id=15830 Eint=-209.085 desolv=47.186 strain=97.057 score=-64.842 steps=641 converged=True
2/10 mol_id=15838 Eint=-137.123 desolv=52.603 strain=64.075 score=-20.445 steps=707 converged=True
3/10 mol_id=67197 Eint=-270.877 desolv=12.727 strain=135.624 score=-122.527 steps=490 converged=True
4/10 mol_id=96489 Eint=-301.092 desolv=17.295 strain=145.200 score=-138.598 steps=424 converged=True
5/10 mol_id=118699 Eint=-147.158 desolv=3.028 strain=98.247 score=-45.883 steps=260 converged=True
6/10 mol_id=122709 Eint=-276.425 desolv=14.109 strain=143.325 score=-118.991 steps=729 converged=True
7/10 mol_id=123696 Eint=-152.540 desolv=10.755 strain=72.481 score=-69.305 steps=671 converged=True
8/10 mol_id=127043 Eint=-174.382 desolv=23.015 strain=77.046 score=-74.321 steps=672 converged=True
9/10 mol_id=127161 Eint=-303.769 desolv=17.347 strain=155.311 score=-131.111 steps=509 converged=True
10/10 mol_id=138520 Eint=-276.925 desolv=15.781 strain=133.075 score=-128.069 steps=822 converged=True
wrote 10 rows to /home/xianyang/aimnet2_score_pipelines/work/fixed-pocket-benchmarks-20260906/t3/L1/Q86X55/aimnet2_score.csv in 148.63 s
{
  "scope": "reference reconstruction; not an exact reproduction of the unreleased AIMNet2(Score) workflow",
  "score_definition": "Eint + Edesolv + ELCSE; lower is better",
  "interaction_geometry": "fixed_pocket_gas_minimized_v1",
  "pocket": "/home/xianyang/aimnet2_score_pipelines/work/correction-20260906/t3/L1/Q86X55/pocket.pdb",
  "pocket_charge": 0,
  "gas_model": "/home/xianyang/t3-aimnet-models/aimnet2_wb97m_0.jpt",
  "cpcm_model": "/home/xianyang/t3-aimnet-models/wb97m_cpcms_v2_0.jpt",
  "complex_fmax_ev_a": 0.002,
  "complex_max_steps": 1000,
  "n_complex_optimization_converged": 9,
  "minimized_poses": "/home/xianyang/aimnet2_score_pipelines/work/fixed-pocket-benchmarks-20260906/t3/L1/Q86X55/aimnet2_score.minimized.sdf",
  "bound_refinement": "gas-phase ligand-in-fixed-pocket FIRE; no isolated bound refinement",
  "n_requested": 10,
  "n_scored": 10,
  "n_errors": 0,
  "n_optimization_converged": 10,
  "elapsed_seconds_this_run": 148.63282665610313,
  "output": "/home/xianyang/aimnet2_score_pipelines/work/fixed-pocket-benchmarks-20260906/t3/L1/Q86X55/aimnet2_score.csv"
}
 mol_id  aimnet_interaction_kcal_mol  desolvation_kcal_mol  local_strain_kcal_mol  aimnet2_composite_kcal_mol  optimization_converged
  15830                  -209.085200             47.186092              97.057443                  -64.841665                    True
  15838                  -137.123211             52.603332              64.074999                  -20.444879                    True
  67197                  -270.877296             12.726525             135.623859                 -122.526912                    True
  96489                  -301.092296             17.294623             145.199978                 -138.597695                    True
 118699                  -147.158375              3.028249              98.247022                  -45.883104                    True
 122709                  -276.425499             14.108950             143.325296                 -118.991253                    True
 123696                  -152.540198             10.754887              72.480685                  -69.304626                    True
 127043                  -174.382109             23.015138              77.046253                  -74.320717                    True
 127161                  -303.769245             17.346887             155.311234                 -131.111124                    True
 138520                  -276.924550             15.780526             133.075160                 -128.068864                    True
