Bound geometry uses fixed-pocket gas FIRE. Legacy CPCM bound-refinement options are ignored.
/home/xianyang/miniconda3/envs/t3-aimnet/lib/python3.11/site-packages/aimnet/models/base.py:85: UserWarning: 'torch.load' received a zip file that looks like a TorchScript archive dispatching to 'torch.jit.load' (call 'torch.jit.load' directly to silence this warning)
  data = torch.load(path, map_location=device, weights_only=True)
/home/xianyang/miniconda3/envs/t3-aimnet/lib/python3.11/site-packages/torch/jit/_serialization.py:176: FutureWarning: `torch.jit.load` is deprecated. Please switch to `torch.export`.
  warnings.warn(
/home/xianyang/miniconda3/envs/t3-aimnet/lib/python3.11/site-packages/torch/jit/_serialization.py:176: FutureWarning: `torch.jit.load` is deprecated. Please switch to `torch.export`.
  warnings.warn(
1/10 mol_id=1740 Eint=-65.641 desolv=3.941 strain=26.447 score=-35.253 steps=282 converged=True
2/10 mol_id=3477 Eint=-139.606 desolv=15.067 strain=112.062 score=-12.477 steps=247 converged=True
3/10 mol_id=10448 Eint=-60.635 desolv=9.104 strain=20.430 score=-31.101 steps=290 converged=True
4/10 mol_id=21866 Eint=-167.930 desolv=27.461 strain=99.557 score=-40.912 steps=492 converged=True
5/10 mol_id=38545 Eint=-69.106 desolv=5.436 strain=30.304 score=-33.366 steps=307 converged=True
6/10 mol_id=65458 Eint=-123.353 desolv=9.711 strain=42.181 score=-71.461 steps=544 converged=True
7/10 mol_id=66338 Eint=-120.017 desolv=24.796 strain=87.107 score=-8.114 steps=494 converged=True
8/10 mol_id=69135 Eint=-76.061 desolv=10.346 strain=26.276 score=-39.439 steps=309 converged=True
9/10 mol_id=121070 Eint=-59.509 desolv=5.043 strain=21.543 score=-32.923 steps=243 converged=True
10/10 mol_id=127503 Eint=-97.950 desolv=9.398 strain=70.392 score=-18.160 steps=463 converged=True
wrote 10 rows to /home/xianyang/aimnet2_score_pipelines/work/fixed-pocket-benchmarks-20260906/t3/L3/A0A1D8PKB4/aimnet2_score.csv in 64.50 s
{
  "scope": "reference reconstruction; not an exact reproduction of the unreleased AIMNet2(Score) workflow",
  "score_definition": "Eint + Edesolv + ELCSE; lower is better",
  "interaction_geometry": "fixed_pocket_gas_minimized_v1",
  "pocket": "/home/xianyang/aimnet2_score_pipelines/work/correction-20260906/t3/L3/A0A1D8PKB4/pocket.pdb",
  "pocket_charge": 0,
  "gas_model": "/home/xianyang/t3-aimnet-models/aimnet2_wb97m_0.jpt",
  "cpcm_model": "/home/xianyang/t3-aimnet-models/wb97m_cpcms_v2_0.jpt",
  "complex_fmax_ev_a": 0.002,
  "complex_max_steps": 1000,
  "n_complex_optimization_converged": 8,
  "minimized_poses": "/home/xianyang/aimnet2_score_pipelines/work/fixed-pocket-benchmarks-20260906/t3/L3/A0A1D8PKB4/aimnet2_score.minimized.sdf",
  "bound_refinement": "gas-phase ligand-in-fixed-pocket FIRE; no isolated bound refinement",
  "n_requested": 10,
  "n_scored": 10,
  "n_errors": 0,
  "n_optimization_converged": 10,
  "elapsed_seconds_this_run": 64.50261440699978,
  "output": "/home/xianyang/aimnet2_score_pipelines/work/fixed-pocket-benchmarks-20260906/t3/L3/A0A1D8PKB4/aimnet2_score.csv"
}
 mol_id  aimnet_interaction_kcal_mol  desolvation_kcal_mol  local_strain_kcal_mol  aimnet2_composite_kcal_mol  optimization_converged
   1740                   -65.640717              3.941071              26.446884                  -35.252762                    True
   3477                  -139.606279             15.067089             112.061708                  -12.477482                    True
  10448                   -60.635331              9.103867              20.430262                  -31.101201                    True
  21866                  -167.930279             27.461468              99.556734                  -40.912077                    True
  38545                   -69.105810              5.436260              30.303742                  -33.365808                    True
  65458                  -123.353081              9.710572              42.181450                  -71.461059                    True
  66338                  -120.017103             24.796374              87.106805                   -8.113923                    True
  69135                   -76.060645             10.345834              26.276216                  -39.438596                    True
 121070                   -59.509081              5.042671              21.543286                  -32.923125                    True
 127503                   -97.949663              9.397699              70.392302                  -18.159662                    True
