Bound geometry uses fixed-pocket gas FIRE. Legacy CPCM bound-refinement options are ignored.
/home/xianyang/miniconda3/envs/t3-aimnet/lib/python3.11/site-packages/aimnet/models/base.py:85: UserWarning: 'torch.load' received a zip file that looks like a TorchScript archive dispatching to 'torch.jit.load' (call 'torch.jit.load' directly to silence this warning)
  data = torch.load(path, map_location=device, weights_only=True)
/home/xianyang/miniconda3/envs/t3-aimnet/lib/python3.11/site-packages/torch/jit/_serialization.py:176: FutureWarning: `torch.jit.load` is deprecated. Please switch to `torch.export`.
  warnings.warn(
/home/xianyang/miniconda3/envs/t3-aimnet/lib/python3.11/site-packages/torch/jit/_serialization.py:176: FutureWarning: `torch.jit.load` is deprecated. Please switch to `torch.export`.
  warnings.warn(
1/12 mol_id=109201 Eint=-291.777 desolv=-6.007 strain=391.611 score=93.827 steps=1000 converged=False
2/12 mol_id=127179 Eint=-80.853 desolv=-5.951 strain=199.264 score=112.460 steps=714 converged=True
3/12 mol_id=9163 Eint=-272.081 desolv=-3.166 strain=86.160 score=-189.086 steps=392 converged=True
4/12 mol_id=124026 Eint=-112.180 desolv=15.670 strain=105.127 score=8.618 steps=870 converged=True
5/12 mol_id=1172 Eint=-118.538 desolv=-0.048 strain=125.790 score=7.203 steps=456 converged=True
6/12 mol_id=36583 Eint=-211.308 desolv=17.598 strain=126.049 score=-67.661 steps=761 converged=True
7/12 mol_id=131800 Eint=-134.510 desolv=13.492 strain=49.684 score=-71.334 steps=453 converged=True
8/12 mol_id=68382 Eint=-90.940 desolv=7.555 strain=145.546 score=62.160 steps=749 converged=True
9/12 mol_id=70948 Eint=-210.926 desolv=27.799 strain=61.513 score=-121.613 steps=553 converged=True
10/12 mol_id=70447 Eint=-135.971 desolv=6.680 strain=38.235 score=-91.056 steps=451 converged=True
11/12 mol_id=3204 Eint=-362.611 desolv=0.089 strain=169.799 score=-192.722 steps=771 converged=True
12/12 mol_id=111999 Eint=-470.449 desolv=30.426 strain=166.704 score=-273.320 steps=673 converged=True
wrote 12 rows to /home/xianyang/aimnet2_score_pipelines/work/fixed-pocket-benchmarks-20260906/smoke/part3/split0/aimnet2_score.csv in 107.10 s
{
  "scope": "reference reconstruction; not an exact reproduction of the unreleased AIMNet2(Score) workflow",
  "score_definition": "Eint + Edesolv + ELCSE; lower is better",
  "interaction_geometry": "fixed_pocket_gas_minimized_v1",
  "pocket": "/home/xianyang/aimnet2_score_pipelines/work/correction-20260906/smoke/part3/pocket.pdb",
  "pocket_charge": 0,
  "gas_model": "/home/xianyang/t3-aimnet-models/aimnet2_wb97m_0.jpt",
  "cpcm_model": "/home/xianyang/t3-aimnet-models/wb97m_cpcms_v2_0.jpt",
  "complex_fmax_ev_a": 0.002,
  "complex_max_steps": 1000,
  "n_complex_optimization_converged": 12,
  "minimized_poses": "/home/xianyang/aimnet2_score_pipelines/work/fixed-pocket-benchmarks-20260906/smoke/part3/split0/aimnet2_score.minimized.sdf",
  "bound_refinement": "gas-phase ligand-in-fixed-pocket FIRE; no isolated bound refinement",
  "n_requested": 12,
  "n_scored": 12,
  "n_errors": 0,
  "n_optimization_converged": 11,
  "elapsed_seconds_this_run": 107.10058284306433,
  "output": "/home/xianyang/aimnet2_score_pipelines/work/fixed-pocket-benchmarks-20260906/smoke/part3/split0/aimnet2_score.csv",
  "n_actives": 0,
  "n_decoys": 12,
  "ef1_percent": null,
  "ef1_top_n": 1,
  "ef1_actives_in_top_n": 0,
  "composite_vs_interaction_spearman": 0.7062937062937064
}
 mol_id  aimnet_interaction_kcal_mol  desolvation_kcal_mol  local_strain_kcal_mol  aimnet2_composite_kcal_mol  optimization_converged
 109201                  -291.776936             -6.007350             391.611005                   93.826719                   False
 127179                   -80.853101             -5.950873             199.264373                  112.460400                    True
   9163                  -272.080608             -3.165911              86.160086                 -189.086433                    True
 124026                  -112.179778             15.670123             105.127450                    8.617796                    True
   1172                  -118.537942             -0.048447             125.789541                    7.203152                    True
  36583                  -211.308225             17.598424             126.049156                  -67.660645                    True
 131800                  -134.510313             13.491576              49.684382                  -71.334355                    True
  68382                   -90.940196              7.554709             145.545754                   62.160267                    True
  70948                  -210.925746             27.799350              61.513032                 -121.613364                    True
  70447                  -135.970759              6.679661              38.234707                  -91.056392                    True
   3204                  -362.610886              0.089452             169.799338                 -192.722096                    True
 111999                  -470.449368             30.426178             166.703575                 -273.319616                    True
