Bound geometry uses fixed-pocket gas FIRE. Legacy CPCM bound-refinement options are ignored.
/home/xianyang/miniconda3/envs/t3-aimnet/lib/python3.11/site-packages/aimnet/models/base.py:85: UserWarning: 'torch.load' received a zip file that looks like a TorchScript archive dispatching to 'torch.jit.load' (call 'torch.jit.load' directly to silence this warning)
  data = torch.load(path, map_location=device, weights_only=True)
/home/xianyang/miniconda3/envs/t3-aimnet/lib/python3.11/site-packages/torch/jit/_serialization.py:176: FutureWarning: `torch.jit.load` is deprecated. Please switch to `torch.export`.
  warnings.warn(
/home/xianyang/miniconda3/envs/t3-aimnet/lib/python3.11/site-packages/torch/jit/_serialization.py:176: FutureWarning: `torch.jit.load` is deprecated. Please switch to `torch.export`.
  warnings.warn(
1/10 mol_id=10341 Eint=-167.046 desolv=10.478 strain=56.169 score=-100.398 steps=449 converged=True
2/10 mol_id=49521 Eint=-58.513 desolv=15.748 strain=17.317 score=-25.449 steps=626 converged=True
3/10 mol_id=51240 Eint=-78.316 desolv=12.622 strain=25.795 score=-39.900 steps=368 converged=True
4/10 mol_id=67242 Eint=-22.075 desolv=15.886 strain=10.670 score=4.481 steps=261 converged=True
5/10 mol_id=82278 Eint=-76.682 desolv=12.204 strain=26.460 score=-38.018 steps=717 converged=True
6/10 mol_id=87330 Eint=-55.061 desolv=12.662 strain=28.763 score=-13.636 steps=483 converged=True
7/10 mol_id=92673 Eint=-126.178 desolv=12.773 strain=30.588 score=-82.818 steps=551 converged=True
8/10 mol_id=104482 Eint=-162.738 desolv=12.379 strain=56.315 score=-94.044 steps=720 converged=True
9/10 mol_id=110437 Eint=-45.818 desolv=14.716 strain=31.037 score=-0.064 steps=568 converged=True
10/10 mol_id=113205 Eint=-30.021 desolv=8.776 strain=20.536 score=-0.710 steps=653 converged=True
wrote 10 rows to /home/xianyang/aimnet2_score_pipelines/work/fixed-pocket-benchmarks-20260906/t3/L2/Q9Y5Z0/aimnet2_score.csv in 89.56 s
{
  "scope": "reference reconstruction; not an exact reproduction of the unreleased AIMNet2(Score) workflow",
  "score_definition": "Eint + Edesolv + ELCSE; lower is better",
  "interaction_geometry": "fixed_pocket_gas_minimized_v1",
  "pocket": "/home/xianyang/aimnet2_score_pipelines/work/correction-20260906/t3/L2/Q9Y5Z0/pocket.pdb",
  "pocket_charge": 0,
  "gas_model": "/home/xianyang/t3-aimnet-models/aimnet2_wb97m_0.jpt",
  "cpcm_model": "/home/xianyang/t3-aimnet-models/wb97m_cpcms_v2_0.jpt",
  "complex_fmax_ev_a": 0.002,
  "complex_max_steps": 1000,
  "n_complex_optimization_converged": 8,
  "minimized_poses": "/home/xianyang/aimnet2_score_pipelines/work/fixed-pocket-benchmarks-20260906/t3/L2/Q9Y5Z0/aimnet2_score.minimized.sdf",
  "bound_refinement": "gas-phase ligand-in-fixed-pocket FIRE; no isolated bound refinement",
  "n_requested": 10,
  "n_scored": 10,
  "n_errors": 0,
  "n_optimization_converged": 10,
  "elapsed_seconds_this_run": 89.56436953299999,
  "output": "/home/xianyang/aimnet2_score_pipelines/work/fixed-pocket-benchmarks-20260906/t3/L2/Q9Y5Z0/aimnet2_score.csv"
}
 mol_id  aimnet_interaction_kcal_mol  desolvation_kcal_mol  local_strain_kcal_mol  aimnet2_composite_kcal_mol  optimization_converged
  10341                  -167.045732             10.478326              56.169115                 -100.398291                    True
  49521                   -58.513431             15.747577              17.316579                  -25.449275                    True
  51240                   -78.316106             12.621831              25.794612                  -39.899663                    True
  67242                   -22.074546             15.886082              10.669672                    4.481208                    True
  82278                   -76.681921             12.204052              26.459713                  -38.018156                    True
  87330                   -55.061087             12.661919              28.762815                  -13.636353                    True
  92673                  -126.178491             12.773202              30.587768                  -82.817520                    True
 104482                  -162.737598             12.379397              56.314563                  -94.043639                    True
 110437                   -45.817502             14.716380              31.037259                   -0.063863                    True
 113205                   -30.021042              8.775611              20.535505                   -0.709926                    True
