Bound geometry uses fixed-pocket gas FIRE. Legacy CPCM bound-refinement options are ignored.
/home/xianyang/miniconda3/envs/t3-aimnet/lib/python3.11/site-packages/aimnet/models/base.py:85: UserWarning: 'torch.load' received a zip file that looks like a TorchScript archive dispatching to 'torch.jit.load' (call 'torch.jit.load' directly to silence this warning)
  data = torch.load(path, map_location=device, weights_only=True)
/home/xianyang/miniconda3/envs/t3-aimnet/lib/python3.11/site-packages/torch/jit/_serialization.py:176: FutureWarning: `torch.jit.load` is deprecated. Please switch to `torch.export`.
  warnings.warn(
/home/xianyang/miniconda3/envs/t3-aimnet/lib/python3.11/site-packages/torch/jit/_serialization.py:176: FutureWarning: `torch.jit.load` is deprecated. Please switch to `torch.export`.
  warnings.warn(
1/12 mol_id=125142 Eint=-620.249 desolv=27.589 strain=370.323 score=-222.337 steps=764 converged=True
2/12 mol_id=47922 Eint=-109.154 desolv=12.536 strain=43.082 score=-53.536 steps=645 converged=True
3/12 mol_id=24280 Eint=-292.587 desolv=-6.966 strain=203.407 score=-96.145 steps=967 converged=True
4/12 mol_id=32669 Eint=-280.060 desolv=-16.099 strain=183.601 score=-112.558 steps=862 converged=True
5/12 mol_id=117103 Eint=-179.804 desolv=2.447 strain=91.645 score=-85.712 steps=936 converged=True
6/12 mol_id=108281 Eint=-181.172 desolv=-2.346 strain=143.996 score=-39.523 steps=644 converged=True
7/12 mol_id=111991 Eint=-383.990 desolv=-4.396 strain=230.552 score=-157.833 steps=922 converged=True
8/12 mol_id=19378 Eint=-131.530 desolv=-5.947 strain=136.577 score=-0.900 steps=907 converged=True
9/12 mol_id=138088 Eint=-265.808 desolv=12.595 strain=101.025 score=-152.188 steps=661 converged=True
10/12 mol_id=52721 Eint=-323.956 desolv=1.063 strain=54.545 score=-268.348 steps=343 converged=True
11/12 mol_id=86255 Eint=-86.138 desolv=-38.000 strain=126.054 score=1.916 steps=649 converged=True
12/12 mol_id=105310 Eint=-220.198 desolv=23.321 strain=78.803 score=-118.075 steps=724 converged=True
wrote 12 rows to /home/xianyang/aimnet2_score_pipelines/work/fixed-pocket-benchmarks-20260906/smoke/part3/split1/aimnet2_score.csv in 134.46 s
{
  "scope": "reference reconstruction; not an exact reproduction of the unreleased AIMNet2(Score) workflow",
  "score_definition": "Eint + Edesolv + ELCSE; lower is better",
  "interaction_geometry": "fixed_pocket_gas_minimized_v1",
  "pocket": "/home/xianyang/aimnet2_score_pipelines/work/correction-20260906/smoke/part3/pocket.pdb",
  "pocket_charge": 0,
  "gas_model": "/home/xianyang/t3-aimnet-models/aimnet2_wb97m_0.jpt",
  "cpcm_model": "/home/xianyang/t3-aimnet-models/wb97m_cpcms_v2_0.jpt",
  "complex_fmax_ev_a": 0.002,
  "complex_max_steps": 1000,
  "n_complex_optimization_converged": 9,
  "minimized_poses": "/home/xianyang/aimnet2_score_pipelines/work/fixed-pocket-benchmarks-20260906/smoke/part3/split1/aimnet2_score.minimized.sdf",
  "bound_refinement": "gas-phase ligand-in-fixed-pocket FIRE; no isolated bound refinement",
  "n_requested": 12,
  "n_scored": 12,
  "n_errors": 0,
  "n_optimization_converged": 12,
  "elapsed_seconds_this_run": 134.46111699500034,
  "output": "/home/xianyang/aimnet2_score_pipelines/work/fixed-pocket-benchmarks-20260906/smoke/part3/split1/aimnet2_score.csv",
  "n_actives": 0,
  "n_decoys": 12,
  "ef1_percent": null,
  "ef1_top_n": 1,
  "ef1_actives_in_top_n": 0,
  "composite_vs_interaction_spearman": 0.8811188811188813
}
 mol_id  aimnet_interaction_kcal_mol  desolvation_kcal_mol  local_strain_kcal_mol  aimnet2_composite_kcal_mol  optimization_converged
 125142                  -620.249400             27.589487             370.323222                 -222.336692                    True
  47922                  -109.153531             12.535927              43.082100                  -53.535505                    True
  24280                  -292.586598             -6.965644             203.407045                  -96.145197                    True
  32669                  -280.059718            -16.099352             183.600861                 -112.558209                    True
 117103                  -179.804494              2.447385              91.644903                  -85.712206                    True
 108281                  -181.172001             -2.346268             143.995574                  -39.522696                    True
 111991                  -383.989671             -4.395558             230.552114                 -157.833115                    True
  19378                  -131.529732             -5.947452             136.577241                   -0.899943                    True
 138088                  -265.808212             12.595238             101.025357                 -152.187618                    True
  52721                  -323.955794              1.062738              54.545102                 -268.347954                    True
  86255                   -86.137560            -37.999734             126.053532                    1.916239                    True
 105310                  -220.198220             23.320684              78.802790                 -118.074746                    True
