Bound geometry uses fixed-pocket gas FIRE. Legacy CPCM bound-refinement options are ignored.
/home/xianyang/miniconda3/envs/t3-aimnet/lib/python3.11/site-packages/aimnet/models/base.py:85: UserWarning: 'torch.load' received a zip file that looks like a TorchScript archive dispatching to 'torch.jit.load' (call 'torch.jit.load' directly to silence this warning)
  data = torch.load(path, map_location=device, weights_only=True)
/home/xianyang/miniconda3/envs/t3-aimnet/lib/python3.11/site-packages/torch/jit/_serialization.py:176: FutureWarning: `torch.jit.load` is deprecated. Please switch to `torch.export`.
  warnings.warn(
/home/xianyang/miniconda3/envs/t3-aimnet/lib/python3.11/site-packages/torch/jit/_serialization.py:176: FutureWarning: `torch.jit.load` is deprecated. Please switch to `torch.export`.
  warnings.warn(
1/10 mol_id=18361 Eint=-61.481 desolv=11.554 strain=9.410 score=-40.518 steps=249 converged=True
2/10 mol_id=26932 Eint=-130.287 desolv=55.451 strain=24.108 score=-50.728 steps=246 converged=True
3/10 mol_id=34171 Eint=-52.675 desolv=7.611 strain=11.095 score=-33.970 steps=511 converged=True
4/10 mol_id=34316 Eint=-123.116 desolv=42.108 strain=19.223 score=-61.786 steps=227 converged=True
5/10 mol_id=53979 Eint=-49.376 desolv=21.236 strain=13.640 score=-14.500 steps=283 converged=True
6/10 mol_id=86098 Eint=-41.772 desolv=3.327 strain=10.031 score=-28.414 steps=544 converged=True
7/10 mol_id=90716 Eint=-40.120 desolv=9.403 strain=8.253 score=-22.464 steps=207 converged=True
8/10 mol_id=110734 Eint=-62.844 desolv=10.920 strain=14.699 score=-37.225 steps=661 converged=True
9/10 mol_id=138737 Eint=-222.754 desolv=160.340 strain=24.097 score=-38.318 steps=545 converged=True
10/10 mol_id=138741 Eint=-41.827 desolv=9.140 strain=9.462 score=-23.225 steps=322 converged=True
wrote 10 rows to /home/xianyang/aimnet2_score_pipelines/work/aimnet2025-benchmarks-20260906/t3/L1/P35354/aimnet2_score.csv in 147.84 s
{
  "scope": "reference reconstruction; not an exact reproduction of the unreleased AIMNet2(Score) workflow",
  "score_definition": "Eint + Edesolv + ELCSE; lower is better",
  "interaction_geometry": "fixed_pocket_aimnet2025_minimized_v2",
  "pocket": "/home/xianyang/aimnet2_score_pipelines/work/correction-20260906/t3/L1/P35354/pocket.pdb",
  "pocket_charge": 0,
  "gas_model": "/home/xianyang/t3-aimnet-models/aimnet2_wb97m_0.jpt",
  "interaction_model": "aimnet2-2025",
  "interaction_members": [
    "aimnet2-2025"
  ],
  "cpcm_model": "/home/xianyang/t3-aimnet-models/wb97m_cpcms_v2_0.jpt",
  "complex_fmax_ev_a": 0.002,
  "complex_max_steps": 1000,
  "n_complex_optimization_converged": 9,
  "minimized_poses": "/home/xianyang/aimnet2_score_pipelines/work/aimnet2025-benchmarks-20260906/t3/L1/P35354/aimnet2_score.minimized.sdf",
  "bound_refinement": "AIMNet2(2025) ligand-in-fixed-pocket FIRE; no isolated bound refinement",
  "n_requested": 10,
  "n_scored": 10,
  "n_errors": 0,
  "n_optimization_converged": 10,
  "elapsed_seconds_this_run": 147.8375907400623,
  "output": "/home/xianyang/aimnet2_score_pipelines/work/aimnet2025-benchmarks-20260906/t3/L1/P35354/aimnet2_score.csv"
}
 mol_id  aimnet_interaction_kcal_mol  desolvation_kcal_mol  local_strain_kcal_mol  aimnet2_composite_kcal_mol  optimization_converged
  18361                   -61.481334             11.554082               9.409745                  -40.517507                    True
  26932                  -130.287115             55.450811              24.108457                  -50.727847                    True
  34171                   -52.675397              7.610743              11.094663                  -33.969992                    True
  34316                  -123.116414             42.107975              19.222842                  -61.785597                    True
  53979                   -49.376208             21.236059              13.640341                  -14.499808                    True
  86098                   -41.771670              3.326523              10.031067                  -28.414080                    True
  90716                   -40.119687              9.403158               8.252705                  -22.463823                    True
 110734                   -62.844196             10.919897              14.698824                  -37.225475                    True
 138737                  -222.754219            160.339648              24.096880                  -38.317691                    True
 138741                   -41.826943              9.139949               9.461822                  -23.225172                    True
