pocket_atoms=541 poses=2000 cuda=True
processed=4/2000
processed=100/2000
processed=200/2000
processed=300/2000
processed=400/2000
processed=500/2000
processed=600/2000
processed=700/2000
processed=800/2000
processed=900/2000
processed=1000/2000
processed=1100/2000
processed=1200/2000
processed=1300/2000
processed=1400/2000
processed=1500/2000
processed=1600/2000
processed=1700/2000
processed=1800/2000
processed=1900/2000
processed=2000/2000
{
  "score_definition": "E_complex - E_pocket - E_ligand; lower is better",
  "n_input_poses": 2000,
  "n_scored_poses": 2000,
  "n_ligands": 20,
  "n_best_poses": 20,
  "pocket_atoms": 541,
  "pocket_formal_charge": 0,
  "elapsed_seconds": 8.433263778686523
}
 mol_id ligand_pdb  pose_index  label  ligunity_rank  ligunity_score  formal_charge  aimnet_complex_eV  aimnet_pocket_eV  aimnet_ligand_eV  aimnet_interaction_kcal_mol error  aimnet_interaction_rank
  15078       2xii          78      0             15        0.652832              1     -643406.674509    -608052.420657     -35343.358623                  -251.249946                              1
   1009       2wbg           9      1              1        0.818848              0     -637260.309509    -608052.420657     -29198.687761                  -212.182207                              2
  17032       2wca          32      0             17        0.541504              0     -644834.513474    -608052.420657     -36772.897403                  -212.051284                              3
  10008       3ejr           8      0             10        0.764160              1     -638948.324154    -608052.420657     -30887.091245                  -203.215347                              4
   3100       2j7h         100      1              3        0.818848              2     -622568.599721    -608052.420657     -14507.382556                  -202.852286                              5
  11012       4j28          12      0             11        0.652832              1     -629311.334116    -608052.420657     -21251.876228                  -162.282391                              6
   2042       2cet          42      1              2        0.818848              0     -636131.264239    -608052.420657     -28071.898056                  -160.167635                              7
  12090       4jfs          90      0             12        0.652832              1     -629480.289030    -608052.420657     -21421.000396                  -158.379316                              8
  19017       2w4x          17      0             19        0.541504              0     -635382.518557    -608052.420657     -27323.519408                  -151.703621                              9
   6100       1ps3         100      0              6        0.764160              0     -631799.473437    -608052.420657     -23740.864499                  -142.705148                             10
  16094       2xj7          94      0             16        0.541504              1     -629889.701389    -608052.420657     -21831.424737                  -135.042454                             11
  13085       4pcs          85      0             13        0.652832              1     -627366.171610    -608052.420657     -19307.994735                  -132.741555                             12
  18090       2w66          90      0             18        0.541504              1     -630899.050468    -608052.420657     -22841.311120                  -122.651922                             13
   8100       3dx2         100      0              8        0.764160              1     -635002.092134    -608052.420657     -26944.669249                  -115.354118                             14
  14005       2wvt           5      0             14        0.652832              1     -627285.602863    -608052.420657     -19228.340786                  -111.645807                             15
   7097       3dx1          97      0              7        0.764160              1     -621055.094038    -608052.420657     -12998.039310                  -106.864210                             16
   9003       3d4z           3      0              9        0.764160              0     -627706.465049    -608052.420657     -19649.473878                  -105.398567                             17
  20021       2vvn          21      0             20        0.541504              0     -639641.632437    -608052.420657     -31584.649728                  -105.203425                             18
   4083       2cbv          83      1              4        0.818848              1     -625207.795281    -608052.420657     -17150.826290                  -104.887064                             19
   5081       2j78          81      1              5        0.818848              0     -627676.567045    -608052.420657     -19620.602127                   -81.732588                             20
