Bound geometry uses fixed-pocket gas FIRE. Legacy CPCM bound-refinement options are ignored.
/home/xianyang/miniconda3/envs/t3-aimnet/lib/python3.11/site-packages/aimnet/models/base.py:85: UserWarning: 'torch.load' received a zip file that looks like a TorchScript archive dispatching to 'torch.jit.load' (call 'torch.jit.load' directly to silence this warning)
  data = torch.load(path, map_location=device, weights_only=True)
/home/xianyang/miniconda3/envs/t3-aimnet/lib/python3.11/site-packages/torch/jit/_serialization.py:176: FutureWarning: `torch.jit.load` is deprecated. Please switch to `torch.export`.
  warnings.warn(
/home/xianyang/miniconda3/envs/t3-aimnet/lib/python3.11/site-packages/torch/jit/_serialization.py:176: FutureWarning: `torch.jit.load` is deprecated. Please switch to `torch.export`.
  warnings.warn(
1/10 mol_id=18361 Eint=-84.670 desolv=8.952 strain=28.609 score=-47.109 steps=448 converged=True
2/10 mol_id=26932 Eint=-205.562 desolv=41.391 strain=33.996 score=-130.175 steps=363 converged=True
3/10 mol_id=34171 Eint=-14.905 desolv=3.580 strain=11.643 score=0.318 steps=588 converged=True
4/10 mol_id=34316 Eint=-476.621 desolv=96.317 strain=215.241 score=-165.063 steps=389 converged=True
5/10 mol_id=53979 Eint=-87.217 desolv=19.975 strain=40.560 score=-26.682 steps=382 converged=True
6/10 mol_id=86098 Eint=-111.600 desolv=5.006 strain=33.847 score=-72.746 steps=602 converged=True
7/10 mol_id=90716 Eint=-8.930 desolv=9.602 strain=8.124 score=8.796 steps=342 converged=True
8/10 mol_id=110734 Eint=-62.332 desolv=9.197 strain=22.155 score=-30.980 steps=451 converged=True
9/10 mol_id=138737 Eint=-217.502 desolv=157.093 strain=61.254 score=0.846 steps=387 converged=True
10/10 mol_id=138741 Eint=-27.068 desolv=5.306 strain=18.319 score=-3.443 steps=586 converged=True
wrote 10 rows to /home/xianyang/aimnet2_score_pipelines/work/fixed-pocket-benchmarks-20260906/t3/L1/P35354/aimnet2_score.csv in 115.13 s
{
  "scope": "reference reconstruction; not an exact reproduction of the unreleased AIMNet2(Score) workflow",
  "score_definition": "Eint + Edesolv + ELCSE; lower is better",
  "interaction_geometry": "fixed_pocket_gas_minimized_v1",
  "pocket": "/home/xianyang/aimnet2_score_pipelines/work/correction-20260906/t3/L1/P35354/pocket.pdb",
  "pocket_charge": 0,
  "gas_model": "/home/xianyang/t3-aimnet-models/aimnet2_wb97m_0.jpt",
  "cpcm_model": "/home/xianyang/t3-aimnet-models/wb97m_cpcms_v2_0.jpt",
  "complex_fmax_ev_a": 0.002,
  "complex_max_steps": 1000,
  "n_complex_optimization_converged": 10,
  "minimized_poses": "/home/xianyang/aimnet2_score_pipelines/work/fixed-pocket-benchmarks-20260906/t3/L1/P35354/aimnet2_score.minimized.sdf",
  "bound_refinement": "gas-phase ligand-in-fixed-pocket FIRE; no isolated bound refinement",
  "n_requested": 10,
  "n_scored": 10,
  "n_errors": 0,
  "n_optimization_converged": 10,
  "elapsed_seconds_this_run": 115.1284227988217,
  "output": "/home/xianyang/aimnet2_score_pipelines/work/fixed-pocket-benchmarks-20260906/t3/L1/P35354/aimnet2_score.csv"
}
 mol_id  aimnet_interaction_kcal_mol  desolvation_kcal_mol  local_strain_kcal_mol  aimnet2_composite_kcal_mol  optimization_converged
  18361                   -84.669951              8.951595              28.609337                  -47.109020                    True
  26932                  -205.562454             41.391328              33.996092                 -130.175034                    True
  34171                   -14.905173              3.580286              11.642775                    0.317888                    True
  34316                  -476.620771             96.317288             215.240855                 -165.062628                    True
  53979                   -87.217463             19.975130              40.560218                  -26.682116                    True
  86098                  -111.599714              5.006115              33.847427                  -72.746172                    True
  90716                    -8.930079              9.602180               8.123558                    8.795658                    True
 110734                   -62.331510              9.196567              22.155394                  -30.979549                    True
 138737                  -217.501935            157.093237              61.254491                    0.845792                    True
 138741                   -27.068079              5.305635              18.319341                   -3.443104                    True
