Bound geometry uses fixed-pocket gas FIRE. Legacy CPCM bound-refinement options are ignored.
/home/xianyang/miniconda3/envs/t3-aimnet/lib/python3.11/site-packages/aimnet/models/base.py:85: UserWarning: 'torch.load' received a zip file that looks like a TorchScript archive dispatching to 'torch.jit.load' (call 'torch.jit.load' directly to silence this warning)
  data = torch.load(path, map_location=device, weights_only=True)
/home/xianyang/miniconda3/envs/t3-aimnet/lib/python3.11/site-packages/torch/jit/_serialization.py:176: FutureWarning: `torch.jit.load` is deprecated. Please switch to `torch.export`.
  warnings.warn(
/home/xianyang/miniconda3/envs/t3-aimnet/lib/python3.11/site-packages/torch/jit/_serialization.py:176: FutureWarning: `torch.jit.load` is deprecated. Please switch to `torch.export`.
  warnings.warn(
1/10 mol_id=10077 Eint=-119.736 desolv=10.160 strain=25.867 score=-83.709 steps=463 converged=True
2/10 mol_id=25940 Eint=-54.643 desolv=5.037 strain=12.252 score=-37.354 steps=240 converged=True
3/10 mol_id=26843 Eint=-70.781 desolv=9.545 strain=26.998 score=-34.238 steps=336 converged=True
4/10 mol_id=30538 Eint=-44.892 desolv=7.553 strain=27.524 score=-9.815 steps=240 converged=True
5/10 mol_id=41092 Eint=-48.142 desolv=6.180 strain=17.981 score=-23.981 steps=234 converged=True
6/10 mol_id=64085 Eint=-65.727 desolv=7.955 strain=22.677 score=-35.095 steps=260 converged=True
7/10 mol_id=78823 Eint=-25.311 desolv=3.103 strain=18.150 score=-4.058 steps=398 converged=True
8/10 mol_id=105080 Eint=-52.808 desolv=8.474 strain=17.798 score=-26.537 steps=344 converged=True
9/10 mol_id=111016 Eint=-8.604 desolv=4.940 strain=8.914 score=5.250 steps=397 converged=True
10/10 mol_id=132735 Eint=-148.040 desolv=5.805 strain=28.213 score=-114.022 steps=260 converged=True
wrote 10 rows to /home/xianyang/aimnet2_score_pipelines/work/fixed-pocket-benchmarks-20260906/t3/L2/P05177/aimnet2_score.csv in 64.38 s
{
  "scope": "reference reconstruction; not an exact reproduction of the unreleased AIMNet2(Score) workflow",
  "score_definition": "Eint + Edesolv + ELCSE; lower is better",
  "interaction_geometry": "fixed_pocket_gas_minimized_v1",
  "pocket": "/home/xianyang/aimnet2_score_pipelines/work/correction-20260906/t3/L2/P05177/pocket.pdb",
  "pocket_charge": 0,
  "gas_model": "/home/xianyang/t3-aimnet-models/aimnet2_wb97m_0.jpt",
  "cpcm_model": "/home/xianyang/t3-aimnet-models/wb97m_cpcms_v2_0.jpt",
  "complex_fmax_ev_a": 0.002,
  "complex_max_steps": 1000,
  "n_complex_optimization_converged": 10,
  "minimized_poses": "/home/xianyang/aimnet2_score_pipelines/work/fixed-pocket-benchmarks-20260906/t3/L2/P05177/aimnet2_score.minimized.sdf",
  "bound_refinement": "gas-phase ligand-in-fixed-pocket FIRE; no isolated bound refinement",
  "n_requested": 10,
  "n_scored": 10,
  "n_errors": 0,
  "n_optimization_converged": 10,
  "elapsed_seconds_this_run": 64.37848464003764,
  "output": "/home/xianyang/aimnet2_score_pipelines/work/fixed-pocket-benchmarks-20260906/t3/L2/P05177/aimnet2_score.csv"
}
 mol_id  aimnet_interaction_kcal_mol  desolvation_kcal_mol  local_strain_kcal_mol  aimnet2_composite_kcal_mol  optimization_converged
  10077                  -119.736319             10.159890              25.867455                  -83.708974                    True
  25940                   -54.642795              5.036567              12.251960                  -37.354268                    True
  26843                   -70.781418              9.544967              26.998359                  -34.238093                    True
  30538                   -44.891641              7.552825              27.524126                   -9.814690                    True
  41092                   -48.142251              6.180184              17.980913                  -23.981155                    True
  64085                   -65.726998              7.955013              22.676991                  -35.094994                    True
  78823                   -25.310867              3.102984              18.150193                   -4.057690                    True
 105080                   -52.808135              8.474046              17.797547                  -26.536542                    True
 111016                    -8.604115              4.940162               8.913849                    5.249896                    True
 132735                  -148.039944              5.804602              28.212993                 -114.022350                    True
