Bound geometry uses fixed-pocket gas FIRE. Legacy CPCM bound-refinement options are ignored.
/home/xianyang/miniconda3/envs/t3-aimnet/lib/python3.11/site-packages/aimnet/models/base.py:85: UserWarning: 'torch.load' received a zip file that looks like a TorchScript archive dispatching to 'torch.jit.load' (call 'torch.jit.load' directly to silence this warning)
  data = torch.load(path, map_location=device, weights_only=True)
/home/xianyang/miniconda3/envs/t3-aimnet/lib/python3.11/site-packages/torch/jit/_serialization.py:176: FutureWarning: `torch.jit.load` is deprecated. Please switch to `torch.export`.
  warnings.warn(
/home/xianyang/miniconda3/envs/t3-aimnet/lib/python3.11/site-packages/torch/jit/_serialization.py:176: FutureWarning: `torch.jit.load` is deprecated. Please switch to `torch.export`.
  warnings.warn(
1/10 mol_id=8508 Eint=-88.449 desolv=7.646 strain=52.004 score=-28.799 steps=958 converged=True
2/10 mol_id=16877 Eint=-175.654 desolv=14.897 strain=88.661 score=-72.096 steps=751 converged=True
3/10 mol_id=31974 Eint=-167.867 desolv=10.962 strain=31.183 score=-125.721 steps=682 converged=True
4/10 mol_id=62528 Eint=-267.650 desolv=35.747 strain=34.691 score=-197.211 steps=1000 converged=False
5/10 mol_id=73366 Eint=-231.218 desolv=24.791 strain=116.918 score=-89.509 steps=549 converged=True
6/10 mol_id=76262 Eint=-199.640 desolv=12.201 strain=77.110 score=-110.329 steps=958 converged=True
7/10 mol_id=79851 Eint=-334.466 desolv=51.222 strain=101.124 score=-182.119 steps=561 converged=True
8/10 mol_id=115639 Eint=-236.981 desolv=11.412 strain=107.374 score=-118.196 steps=453 converged=True
9/10 mol_id=135321 Eint=-146.311 desolv=10.425 strain=74.256 score=-61.630 steps=592 converged=True
10/10 mol_id=144881 Eint=-189.630 desolv=11.009 strain=76.948 score=-101.672 steps=661 converged=True
wrote 10 rows to /home/xianyang/aimnet2_score_pipelines/work/fixed-pocket-benchmarks-20260906/t3/L2/O43318/aimnet2_score.csv in 153.80 s
{
  "scope": "reference reconstruction; not an exact reproduction of the unreleased AIMNet2(Score) workflow",
  "score_definition": "Eint + Edesolv + ELCSE; lower is better",
  "interaction_geometry": "fixed_pocket_gas_minimized_v1",
  "pocket": "/home/xianyang/aimnet2_score_pipelines/work/correction-20260906/t3/L2/O43318/pocket.pdb",
  "pocket_charge": 0,
  "gas_model": "/home/xianyang/t3-aimnet-models/aimnet2_wb97m_0.jpt",
  "cpcm_model": "/home/xianyang/t3-aimnet-models/wb97m_cpcms_v2_0.jpt",
  "complex_fmax_ev_a": 0.002,
  "complex_max_steps": 1000,
  "n_complex_optimization_converged": 10,
  "minimized_poses": "/home/xianyang/aimnet2_score_pipelines/work/fixed-pocket-benchmarks-20260906/t3/L2/O43318/aimnet2_score.minimized.sdf",
  "bound_refinement": "gas-phase ligand-in-fixed-pocket FIRE; no isolated bound refinement",
  "n_requested": 10,
  "n_scored": 10,
  "n_errors": 0,
  "n_optimization_converged": 9,
  "elapsed_seconds_this_run": 153.79936318006366,
  "output": "/home/xianyang/aimnet2_score_pipelines/work/fixed-pocket-benchmarks-20260906/t3/L2/O43318/aimnet2_score.csv"
}
 mol_id  aimnet_interaction_kcal_mol  desolvation_kcal_mol  local_strain_kcal_mol  aimnet2_composite_kcal_mol  optimization_converged
   8508                   -88.449150              7.646460              52.003924                  -28.798766                    True
  16877                  -175.654418             14.897430              88.661065                  -72.095923                    True
  31974                  -167.866734             10.962267              31.183083                 -125.721384                    True
  62528                  -267.649521             35.746926              34.691236                 -197.211359                   False
  73366                  -231.218345             24.791105             116.918132                  -89.509108                    True
  76262                  -199.640146             12.201230              77.110324                 -110.328592                    True
  79851                  -334.465531             51.221809             101.124331                 -182.119391                    True
 115639                  -236.980770             11.411542             107.373505                 -118.195724                    True
 135321                  -146.311164             10.425319              74.256048                  -61.629797                    True
 144881                  -189.629572             11.009328              76.948421                 -101.671823                    True
