Bound geometry uses fixed-pocket gas FIRE. Legacy CPCM bound-refinement options are ignored.
/home/xianyang/miniconda3/envs/t3-aimnet/lib/python3.11/site-packages/aimnet/models/base.py:85: UserWarning: 'torch.load' received a zip file that looks like a TorchScript archive dispatching to 'torch.jit.load' (call 'torch.jit.load' directly to silence this warning)
  data = torch.load(path, map_location=device, weights_only=True)
/home/xianyang/miniconda3/envs/t3-aimnet/lib/python3.11/site-packages/torch/jit/_serialization.py:176: FutureWarning: `torch.jit.load` is deprecated. Please switch to `torch.export`.
  warnings.warn(
/home/xianyang/miniconda3/envs/t3-aimnet/lib/python3.11/site-packages/torch/jit/_serialization.py:176: FutureWarning: `torch.jit.load` is deprecated. Please switch to `torch.export`.
  warnings.warn(
1/20 mol_id=1029 Eint=-1818.463 desolv=5.048 strain=577.876 score=-1235.539 steps=558 converged=True
2/20 mol_id=2043 Eint=-542.397 desolv=2.993 strain=206.213 score=-333.191 steps=326 converged=True
3/20 mol_id=3031 Eint=-878.658 desolv=17.695 strain=290.922 score=-570.041 steps=942 converged=True
4/20 mol_id=4015 Eint=-766.945 desolv=6.555 strain=302.045 score=-458.346 steps=643 converged=True
5/20 mol_id=5042 Eint=-1012.276 desolv=48.495 strain=373.768 score=-590.012 steps=267 converged=True
6/20 mol_id=6013 Eint=-867.962 desolv=56.272 strain=288.778 score=-522.912 steps=184 converged=True
7/20 mol_id=7009 Eint=-1316.249 desolv=26.327 strain=376.105 score=-913.817 steps=586 converged=True
8/20 mol_id=8004 Eint=-1145.294 desolv=22.998 strain=399.043 score=-723.253 steps=1000 converged=False
9/20 mol_id=9094 Eint=-470.398 desolv=56.911 strain=134.643 score=-278.843 steps=214 converged=True
10/20 mol_id=10027 Eint=-1219.979 desolv=42.276 strain=372.671 score=-805.032 steps=634 converged=True
11/20 mol_id=11012 Eint=-832.982 desolv=58.385 strain=248.647 score=-525.949 steps=285 converged=True
12/20 mol_id=12047 Eint=-1189.878 desolv=178.830 strain=422.894 score=-588.154 steps=270 converged=True
13/20 mol_id=13059 Eint=-759.100 desolv=167.908 strain=377.652 score=-213.541 steps=331 converged=True
14/20 mol_id=14026 Eint=-493.010 desolv=69.883 strain=93.413 score=-329.713 steps=96 converged=True
15/20 mol_id=15079 Eint=-551.102 desolv=72.957 strain=149.202 score=-328.943 steps=513 converged=True
16/20 mol_id=16096 Eint=-478.517 desolv=82.935 strain=111.937 score=-283.645 steps=797 converged=True
17/20 mol_id=17058 Eint=-667.805 desolv=24.662 strain=173.415 score=-469.728 steps=267 converged=True
18/20 mol_id=18036 Eint=-782.225 desolv=7.222 strain=354.500 score=-420.504 steps=165 converged=True
19/20 mol_id=19048 Eint=-677.452 desolv=36.569 strain=285.379 score=-355.504 steps=208 converged=True
20/20 mol_id=20013 Eint=-840.173 desolv=211.484 strain=183.178 score=-445.511 steps=397 converged=True
wrote 20 rows to /home/xianyang/aimnet2_score_pipelines/work/fixed-pocket-benchmarks-20260906/casf/3gnw/aimnet2_composite_rerank.csv in 166.60 s
{
  "scope": "reference reconstruction; not an exact reproduction of the unreleased AIMNet2(Score) workflow",
  "score_definition": "Eint + Edesolv + ELCSE; lower is better",
  "interaction_geometry": "fixed_pocket_gas_minimized_v1",
  "pocket": "/home/xianyang/aimnet2_score_pipelines/work/correction-20260906/casf/3gnw/pocket.pdb",
  "pocket_charge": 0,
  "gas_model": "/home/xianyang/t3-aimnet-models/aimnet2_wb97m_0.jpt",
  "cpcm_model": "/home/xianyang/t3-aimnet-models/wb97m_cpcms_v2_0.jpt",
  "complex_fmax_ev_a": 0.002,
  "complex_max_steps": 1000,
  "n_complex_optimization_converged": 20,
  "minimized_poses": "/home/xianyang/aimnet2_score_pipelines/work/fixed-pocket-benchmarks-20260906/casf/3gnw/aimnet2_composite_rerank.minimized.sdf",
  "bound_refinement": "gas-phase ligand-in-fixed-pocket FIRE; no isolated bound refinement",
  "n_requested": 20,
  "n_scored": 20,
  "n_errors": 0,
  "n_optimization_converged": 19,
  "elapsed_seconds_this_run": 166.60013576201163,
  "output": "/home/xianyang/aimnet2_score_pipelines/work/fixed-pocket-benchmarks-20260906/casf/3gnw/aimnet2_composite_rerank.csv",
  "n_actives": 5,
  "n_decoys": 15,
  "ef1_percent": 4.0,
  "ef1_top_n": 1,
  "ef1_actives_in_top_n": 1,
  "auroc": 0.68,
  "composite_vs_interaction_spearman": 0.9172932330827066
}
 mol_id  aimnet_interaction_kcal_mol  desolvation_kcal_mol  local_strain_kcal_mol  aimnet2_composite_kcal_mol  optimization_converged
   1029                 -1818.463245              5.048054             577.876271                -1235.538920                    True
   2043                  -542.397258              2.992520             206.213265                 -333.191472                    True
   3031                  -878.658197             17.695154             290.921566                 -570.041476                    True
   4015                  -766.945108              6.554549             302.045043                 -458.345516                    True
   5042                 -1012.275510             48.495388             373.767737                 -590.012385                    True
   6013                  -867.961625             56.271520             288.778423                 -522.911682                    True
   7009                 -1316.248787             26.326746             376.104875                 -913.817166                    True
   8004                 -1145.293717             22.998188             399.042900                 -723.252630                   False
   9094                  -470.397986             56.911008             134.643493                 -278.843484                    True
  10027                 -1219.978901             42.276001             372.671074                 -805.031826                    True
  11012                  -832.981587             58.385458             248.647454                 -525.948674                    True
  12047                 -1189.877831            178.830031             422.893620                 -588.154180                    True
  13059                  -759.099897            167.907782             377.651580                 -213.540536                    True
  14026                  -493.009571             69.883062              93.413376                 -329.713133                    True
  15079                  -551.102076             72.956756             149.202180                 -328.943140                    True
  16096                  -478.517255             82.935442             111.937271                 -283.644542                    True
  17058                  -667.805068             24.662157             173.414655                 -469.728255                    True
  18036                  -782.225335              7.221502             354.499599                 -420.504234                    True
  19048                  -677.452327             36.569451             285.378868                 -355.504008                    True
  20013                  -840.172975            211.483955             183.177835                 -445.511184                    True
