Bound geometry uses fixed-pocket gas FIRE. Legacy CPCM bound-refinement options are ignored.
/home/xianyang/miniconda3/envs/t3-aimnet/lib/python3.11/site-packages/aimnet/models/base.py:85: UserWarning: 'torch.load' received a zip file that looks like a TorchScript archive dispatching to 'torch.jit.load' (call 'torch.jit.load' directly to silence this warning)
  data = torch.load(path, map_location=device, weights_only=True)
/home/xianyang/miniconda3/envs/t3-aimnet/lib/python3.11/site-packages/torch/jit/_serialization.py:176: FutureWarning: `torch.jit.load` is deprecated. Please switch to `torch.export`.
  warnings.warn(
/home/xianyang/miniconda3/envs/t3-aimnet/lib/python3.11/site-packages/torch/jit/_serialization.py:176: FutureWarning: `torch.jit.load` is deprecated. Please switch to `torch.export`.
  warnings.warn(
1/10 mol_id=11097 Eint=-38.151 desolv=10.701 strain=14.818 score=-12.631 steps=621 converged=True
2/10 mol_id=14505 Eint=-67.045 desolv=14.769 strain=26.448 score=-25.828 steps=1000 converged=False
3/10 mol_id=28757 Eint=-88.322 desolv=16.668 strain=19.394 score=-52.260 steps=788 converged=True
4/10 mol_id=41520 Eint=-152.164 desolv=23.696 strain=49.348 score=-79.120 steps=1000 converged=False
5/10 mol_id=47919 Eint=-78.920 desolv=17.300 strain=26.621 score=-35.000 steps=851 converged=True
6/10 mol_id=74367 Eint=-63.324 desolv=11.022 strain=17.942 score=-34.360 steps=1000 converged=False
7/10 mol_id=90544 Eint=-76.392 desolv=8.750 strain=41.068 score=-26.574 steps=743 converged=True
8/10 mol_id=111741 Eint=-97.624 desolv=14.244 strain=29.865 score=-53.514 steps=949 converged=True
9/10 mol_id=114434 Eint=-127.371 desolv=19.031 strain=45.297 score=-63.042 steps=942 converged=True
10/10 mol_id=141820 Eint=-90.219 desolv=18.283 strain=39.326 score=-32.610 steps=850 converged=True
wrote 10 rows to /home/xianyang/aimnet2_score_pipelines/work/fixed-pocket-benchmarks-20260906/t3/L1/P49327/aimnet2_score.csv in 115.52 s
{
  "scope": "reference reconstruction; not an exact reproduction of the unreleased AIMNet2(Score) workflow",
  "score_definition": "Eint + Edesolv + ELCSE; lower is better",
  "interaction_geometry": "fixed_pocket_gas_minimized_v1",
  "pocket": "/home/xianyang/aimnet2_score_pipelines/work/correction-20260906/t3/L1/P49327/pocket.pdb",
  "pocket_charge": 0,
  "gas_model": "/home/xianyang/t3-aimnet-models/aimnet2_wb97m_0.jpt",
  "cpcm_model": "/home/xianyang/t3-aimnet-models/wb97m_cpcms_v2_0.jpt",
  "complex_fmax_ev_a": 0.002,
  "complex_max_steps": 1000,
  "n_complex_optimization_converged": 9,
  "minimized_poses": "/home/xianyang/aimnet2_score_pipelines/work/fixed-pocket-benchmarks-20260906/t3/L1/P49327/aimnet2_score.minimized.sdf",
  "bound_refinement": "gas-phase ligand-in-fixed-pocket FIRE; no isolated bound refinement",
  "n_requested": 10,
  "n_scored": 10,
  "n_errors": 0,
  "n_optimization_converged": 7,
  "elapsed_seconds_this_run": 115.52323759099818,
  "output": "/home/xianyang/aimnet2_score_pipelines/work/fixed-pocket-benchmarks-20260906/t3/L1/P49327/aimnet2_score.csv"
}
 mol_id  aimnet_interaction_kcal_mol  desolvation_kcal_mol  local_strain_kcal_mol  aimnet2_composite_kcal_mol  optimization_converged
  11097                   -38.150844             10.701416              14.818439                  -12.630990                    True
  14505                   -67.044850             14.768935              26.447940                  -25.827975                   False
  28757                   -88.321943             16.668052              19.393635                  -52.260257                    True
  41520                  -152.163550             23.695952              49.347591                  -79.120007                   False
  47919                   -78.920379             17.299631              26.620603                  -35.000145                    True
  74367                   -63.323899             11.022199              17.942079                  -34.359621                   False
  90544                   -76.392175              8.750067              41.068118                  -26.573990                    True
 111741                   -97.623621             14.243804              29.865476                  -53.514341                    True
 114434                  -127.370724             19.031055              45.297281                  -63.042388                    True
 141820                   -90.219105             18.283405              39.325984                  -32.609716                    True
