Bound geometry uses fixed-pocket gas FIRE. Legacy CPCM bound-refinement options are ignored.
/home/xianyang/miniconda3/envs/t3-aimnet/lib/python3.11/site-packages/aimnet/models/base.py:85: UserWarning: 'torch.load' received a zip file that looks like a TorchScript archive dispatching to 'torch.jit.load' (call 'torch.jit.load' directly to silence this warning)
  data = torch.load(path, map_location=device, weights_only=True)
/home/xianyang/miniconda3/envs/t3-aimnet/lib/python3.11/site-packages/torch/jit/_serialization.py:176: FutureWarning: `torch.jit.load` is deprecated. Please switch to `torch.export`.
  warnings.warn(
/home/xianyang/miniconda3/envs/t3-aimnet/lib/python3.11/site-packages/torch/jit/_serialization.py:176: FutureWarning: `torch.jit.load` is deprecated. Please switch to `torch.export`.
  warnings.warn(
1/10 mol_id=5257 Eint=-170.483 desolv=18.527 strain=52.340 score=-99.617 steps=461 converged=True
2/10 mol_id=8454 Eint=-130.064 desolv=11.895 strain=99.672 score=-18.497 steps=953 converged=True
3/10 mol_id=58941 Eint=-117.364 desolv=13.445 strain=84.670 score=-19.249 steps=515 converged=True
4/10 mol_id=60610 Eint=-122.950 desolv=6.978 strain=94.793 score=-21.179 steps=355 converged=True
5/10 mol_id=64492 Eint=-123.096 desolv=18.532 strain=100.353 score=-4.211 steps=692 converged=True
6/10 mol_id=67558 Eint=-110.317 desolv=17.666 strain=54.653 score=-37.997 steps=558 converged=True
7/10 mol_id=74153 Eint=-128.953 desolv=11.500 strain=86.894 score=-30.559 steps=499 converged=True
8/10 mol_id=81371 Eint=-131.894 desolv=11.981 strain=105.884 score=-14.029 steps=703 converged=True
9/10 mol_id=84111 Eint=-45.197 desolv=10.680 strain=27.656 score=-6.861 steps=349 converged=True
10/10 mol_id=97025 Eint=-69.305 desolv=8.091 strain=41.806 score=-19.408 steps=685 converged=True
wrote 10 rows to /home/xianyang/aimnet2_score_pipelines/work/fixed-pocket-benchmarks-20260906/t3/L4/Q08828/aimnet2_score.csv in 76.33 s
{
  "scope": "reference reconstruction; not an exact reproduction of the unreleased AIMNet2(Score) workflow",
  "score_definition": "Eint + Edesolv + ELCSE; lower is better",
  "interaction_geometry": "fixed_pocket_gas_minimized_v1",
  "pocket": "/home/xianyang/aimnet2_score_pipelines/work/correction-20260906/t3/L4/Q08828/pocket.pdb",
  "pocket_charge": 0,
  "gas_model": "/home/xianyang/t3-aimnet-models/aimnet2_wb97m_0.jpt",
  "cpcm_model": "/home/xianyang/t3-aimnet-models/wb97m_cpcms_v2_0.jpt",
  "complex_fmax_ev_a": 0.002,
  "complex_max_steps": 1000,
  "n_complex_optimization_converged": 9,
  "minimized_poses": "/home/xianyang/aimnet2_score_pipelines/work/fixed-pocket-benchmarks-20260906/t3/L4/Q08828/aimnet2_score.minimized.sdf",
  "bound_refinement": "gas-phase ligand-in-fixed-pocket FIRE; no isolated bound refinement",
  "n_requested": 10,
  "n_scored": 10,
  "n_errors": 0,
  "n_optimization_converged": 10,
  "elapsed_seconds_this_run": 76.32743203000064,
  "output": "/home/xianyang/aimnet2_score_pipelines/work/fixed-pocket-benchmarks-20260906/t3/L4/Q08828/aimnet2_score.csv"
}
 mol_id  aimnet_interaction_kcal_mol  desolvation_kcal_mol  local_strain_kcal_mol  aimnet2_composite_kcal_mol  optimization_converged
   5257                  -170.483367             18.526732              52.339649                  -99.616987                    True
   8454                  -130.064234             11.894913              99.672377                  -18.496944                    True
  58941                  -117.363542             13.444872              84.669963                  -19.248706                    True
  60610                  -122.950158              6.978130              94.793189                  -21.178839                    True
  64492                  -123.096188             18.532438             100.352803                   -4.210948                    True
  67558                  -110.316757             17.666230              54.653318                  -37.997209                    True
  74153                  -128.952874             11.500121              86.893668                  -30.559085                    True
  81371                  -131.893629             11.981353             105.883523                  -14.028753                    True
  84111                   -45.196871             10.679885              27.656194                   -6.860792                    True
  97025                   -69.304757              8.091012              41.805868                  -19.407877                    True
