pocket_atoms=508 poses=2000 cuda=True
processed=4/2000
processed=100/2000
processed=200/2000
processed=300/2000
processed=400/2000
processed=500/2000
processed=600/2000
processed=700/2000
processed=800/2000
processed=900/2000
processed=1000/2000
processed=1100/2000
processed=1200/2000
processed=1300/2000
processed=1400/2000
processed=1500/2000
processed=1600/2000
processed=1700/2000
processed=1800/2000
processed=1900/2000
processed=2000/2000
{
  "score_definition": "E_complex - E_pocket - E_ligand; lower is better",
  "n_input_poses": 2000,
  "n_scored_poses": 2000,
  "n_ligands": 20,
  "n_best_poses": 20,
  "pocket_atoms": 508,
  "pocket_formal_charge": 0,
  "elapsed_seconds": 7.7223286628723145
}
 mol_id ligand_pdb  pose_index  label  ligunity_rank  ligunity_score  formal_charge  aimnet_complex_eV  aimnet_pocket_eV  aimnet_ligand_eV  aimnet_interaction_kcal_mol error  aimnet_interaction_rank
   8096       4pcs          96      0              8        0.316406              1     -613733.255906    -594418.956488     -19307.860776                  -148.478625                              1
  20088       1r5y          88      0             20        0.281006              0     -610850.237845    -594418.956488     -16425.778887                  -126.889975                              2
  17043       3ge7          43      0             17        0.281006              1     -625985.906560    -594418.956488     -31561.481181                  -126.115637                              3
  10094       2xii          94      0             10        0.316406              1     -629768.691337    -594418.956488     -35344.491123                  -120.923209                              4
   7100       4jfs         100      0              7        0.316406              1     -615845.582105    -594418.956488     -21421.453632                  -119.268818                              5
   6092       4j28          92      0              6        0.316406              1     -615676.548116    -594418.956488     -21252.431323                  -118.999460                              6
  14001       3d4z           1      0             14        0.296143              0     -614072.743810    -594418.956488     -19649.524210                   -98.309717                              7
   3084       2w66          84      1              3        0.720703              1     -617263.501889    -594418.956488     -22840.287842                   -98.181653                              8
   4098       2w4x          98      1              4        0.720703              0     -621745.802807    -594418.956488     -27323.141682                   -85.430960                              9
  13085       3dx2          85      0             13        0.296143              1     -621368.895814    -594418.956488     -26946.307041                   -83.762479                             10
  18087       3rr4          87      0             18        0.281006              0     -617001.353166    -594418.956488     -22578.858605                   -81.589917                             11
  12066       3dx1          66      0             12        0.296143              1     -607421.417743    -594418.956488     -12998.962880                   -80.674439                             12
   5034       2vvn          34      1              5        0.720703              0     -626007.152996    -594418.956488     -31584.808932                   -78.119368                             13
   9100       2wvt         100      0              9        0.316406              1     -613651.959172    -594418.956488     -19229.669504                   -76.864963                             14
  19095       1s38          95      0             19        0.281006              0     -610411.792950    -594418.956488     -15989.507266                   -76.773094                             15
  11098       1ps3          98      0             11        0.296143              0     -618164.031285    -594418.956488     -23741.894865                   -73.330971                             16
   1095       2xj7          95      1              1        0.720703              1     -616254.362887    -594418.956488     -21832.365111                   -70.133766                             17
  16085       3gc5          85      0             16        0.281006              1     -619586.323928    -594418.956488     -25164.795797                   -59.303509                             18
   2031       2wca          31      1              2        0.720703              0     -631193.261103    -594418.956488     -36773.093256                   -27.934618                             19
  15070       3ejr          70      0             15        0.296143              1     -625305.213685    -594418.956488     -30886.580463                     7.454670                             20
