Bound geometry uses fixed-pocket gas FIRE. Legacy CPCM bound-refinement options are ignored.
/home/xianyang/miniconda3/envs/t3-aimnet/lib/python3.11/site-packages/aimnet/models/base.py:85: UserWarning: 'torch.load' received a zip file that looks like a TorchScript archive dispatching to 'torch.jit.load' (call 'torch.jit.load' directly to silence this warning)
  data = torch.load(path, map_location=device, weights_only=True)
/home/xianyang/miniconda3/envs/t3-aimnet/lib/python3.11/site-packages/torch/jit/_serialization.py:176: FutureWarning: `torch.jit.load` is deprecated. Please switch to `torch.export`.
  warnings.warn(
/home/xianyang/miniconda3/envs/t3-aimnet/lib/python3.11/site-packages/torch/jit/_serialization.py:176: FutureWarning: `torch.jit.load` is deprecated. Please switch to `torch.export`.
  warnings.warn(
1/10 mol_id=474 Eint=-57.658 desolv=5.266 strain=6.430 score=-45.961 steps=277 converged=True
2/10 mol_id=2823 Eint=-93.957 desolv=8.976 strain=9.971 score=-75.010 steps=433 converged=True
3/10 mol_id=12108 Eint=-61.918 desolv=6.595 strain=14.173 score=-41.149 steps=316 converged=True
4/10 mol_id=25945 Eint=-90.879 desolv=5.555 strain=9.717 score=-75.607 steps=291 converged=True
5/10 mol_id=41173 Eint=-40.882 desolv=9.195 strain=9.239 score=-22.448 steps=158 converged=True
6/10 mol_id=52297 Eint=-189.727 desolv=36.728 strain=89.777 score=-63.222 steps=290 converged=True
7/10 mol_id=69432 Eint=-42.357 desolv=8.787 strain=14.811 score=-18.759 steps=174 converged=True
8/10 mol_id=99633 Eint=-46.146 desolv=7.341 strain=10.086 score=-28.720 steps=240 converged=True
9/10 mol_id=108418 Eint=-33.363 desolv=8.769 strain=6.875 score=-17.718 steps=230 converged=True
10/10 mol_id=134993 Eint=-42.286 desolv=11.177 strain=7.981 score=-23.128 steps=189 converged=True
wrote 10 rows to /home/xianyang/aimnet2_score_pipelines/work/aimnet2025-benchmarks-20260906/t3/L4/P24863/aimnet2_score.csv in 75.50 s
{
  "scope": "reference reconstruction; not an exact reproduction of the unreleased AIMNet2(Score) workflow",
  "score_definition": "Eint + Edesolv + ELCSE; lower is better",
  "interaction_geometry": "fixed_pocket_aimnet2025_minimized_v2",
  "pocket": "/home/xianyang/aimnet2_score_pipelines/work/correction-20260906/t3/L4/P24863/pocket.pdb",
  "pocket_charge": 0,
  "gas_model": "/home/xianyang/t3-aimnet-models/aimnet2_wb97m_0.jpt",
  "interaction_model": "aimnet2-2025",
  "interaction_members": [
    "aimnet2-2025"
  ],
  "cpcm_model": "/home/xianyang/t3-aimnet-models/wb97m_cpcms_v2_0.jpt",
  "complex_fmax_ev_a": 0.002,
  "complex_max_steps": 1000,
  "n_complex_optimization_converged": 8,
  "minimized_poses": "/home/xianyang/aimnet2_score_pipelines/work/aimnet2025-benchmarks-20260906/t3/L4/P24863/aimnet2_score.minimized.sdf",
  "bound_refinement": "AIMNet2(2025) ligand-in-fixed-pocket FIRE; no isolated bound refinement",
  "n_requested": 10,
  "n_scored": 10,
  "n_errors": 0,
  "n_optimization_converged": 10,
  "elapsed_seconds_this_run": 75.49993153905962,
  "output": "/home/xianyang/aimnet2_score_pipelines/work/aimnet2025-benchmarks-20260906/t3/L4/P24863/aimnet2_score.csv"
}
 mol_id  aimnet_interaction_kcal_mol  desolvation_kcal_mol  local_strain_kcal_mol  aimnet2_composite_kcal_mol  optimization_converged
    474                   -57.657741              5.266353               6.429969                  -45.961419                    True
   2823                   -93.956705              8.976224               9.970692                  -75.009789                    True
  12108                   -61.917677              6.595346              14.172878                  -41.149453                    True
  25945                   -90.879443              5.555110               9.716983                  -75.607349                    True
  41173                   -40.882411              9.194968               9.239140                  -22.448303                    True
  52297                  -189.726682             36.727852              89.776993                  -63.221837                    True
  69432                   -42.357349              8.786706              14.811181                  -18.759462                    True
  99633                   -46.146327              7.340554              10.086263                  -28.719510                    True
 108418                   -33.362553              8.769100               6.875269                  -17.718183                    True
 134993                   -42.286094             11.176601               7.981002                  -23.128491                    True
