pocket_atoms=501 poses=2000 cuda=True
processed=4/2000
processed=100/2000
processed=200/2000
processed=300/2000
processed=400/2000
processed=500/2000
processed=600/2000
processed=700/2000
processed=800/2000
processed=900/2000
processed=1000/2000
processed=1100/2000
processed=1200/2000
processed=1300/2000
processed=1400/2000
processed=1500/2000
processed=1600/2000
processed=1700/2000
processed=1800/2000
processed=1900/2000
processed=2000/2000
{
  "score_definition": "E_complex - E_pocket - E_ligand; lower is better",
  "n_input_poses": 2000,
  "n_scored_poses": 2000,
  "n_ligands": 20,
  "n_best_poses": 20,
  "pocket_atoms": 501,
  "pocket_formal_charge": 0,
  "elapsed_seconds": 7.885589599609375
}
 mol_id ligand_pdb  pose_index  label  ligunity_rank  ligunity_score  formal_charge  aimnet_complex_eV  aimnet_pocket_eV  aimnet_ligand_eV  aimnet_interaction_kcal_mol error  aimnet_interaction_rank
  20013       1k1i          13      0             20        0.166504             -1     -610791.882227    -556356.423461     -54425.744383                  -224.018997                              1
  10073       4hge          73      0             10        0.666504              0     -597698.469020    -556356.423461     -41333.492332                  -197.242112                              2
   2057       4e5w          57      1              2        0.952637              1     -589569.527787    -556356.423461     -33204.978088                  -187.395512                              3
   7051       4jia          51      0              7        0.666504              1     -592669.523216    -556356.423461     -36305.124063                  -183.923831                              4
  17032       1o3f          32      0             17        0.166504              0     -584935.262028    -556356.423461     -28571.000895                  -180.741017                              5
   8085       4f09          85      1              8        0.666504              1     -578608.294922    -556356.423461     -22244.045124                  -180.479627                              6
   4053       4ivd          53      1              4        0.952637              0     -585912.586966    -556356.423461     -29549.119148                  -162.446729                              7
  19032       3gy4          32      0             19        0.166504              0     -568247.654907    -556356.423461     -11884.245167                  -161.107423                              8
  12001       1nc1           1      0             12        0.265381              0     -591989.565821    -556356.423461     -35626.256066                  -158.801731                              9
  13051       4f2w          51      0             13        0.258545              1     -590482.018525    -556356.423461     -34118.989435                  -152.329429                             10
   3031       4ivb          31      1              3        0.952637              0     -583767.858726    -556356.423461     -27404.857848                  -151.678840                             11
  11077       1y6r          77      0             11        0.265381              1     -591456.251914    -556356.423461     -35093.278170                  -151.053129                             12
   5091       4ivc          91      1              5        0.952637              0     -584853.371648    -556356.423461     -28490.703983                  -143.994774                             13
  14096       4f3c          96      0             14        0.257080              1     -593690.308215    -556356.423461     -37327.752537                  -141.412271                             14
   6021       4e6q          21      1              6        0.666504              1     -584886.049590    -556356.423461     -28524.181526                  -125.555546                             15
  15022       1nc3          22      0             15        0.207275              0     -582566.593187    -556356.423461     -26204.838312                  -122.945318                             16
   1093       4k77          93      1              1        0.952637              0     -578099.539589    -556356.423461     -21737.830204                  -121.896298                             17
   9048       4gfm          48      0              9        0.666504              0     -601040.697487    -556356.423461     -44679.552041                  -108.891570                             18
  18043       1uto          43      0             18        0.166504              1     -566331.640973    -556356.423461      -9970.639108                  -105.580505                             19
  16024       3pyy          24      0             16        0.173340              0     -587990.279519    -556356.423461     -31629.315386                  -104.710377                             20
