syk 1 / 44
syk 2 / 44
syk 3 / 44
syk 4 / 44
syk 5 / 44
syk 6 / 44
syk 7 / 44
syk 8 / 44
syk 9 / 44
syk 10 / 44
syk 11 / 44
syk 12 / 44
syk 13 / 44
syk 14 / 44
syk 15 / 44
syk 16 / 44
syk 17 / 44
syk 18 / 44
syk 19 / 44
syk 20 / 44
syk 21 / 44
syk 22 / 44
syk 23 / 44
syk 24 / 44
syk 25 / 44
syk 26 / 44
syk 27 / 44
syk 28 / 44
syk 29 / 44
syk 30 / 44
syk 31 / 44
syk 32 / 44
syk 33 / 44
syk 34 / 44
syk 35 / 44
syk 36 / 44
syk 37 / 44
syk 38 / 44
syk 39 / 44
syk 40 / 44
syk 41 / 44
syk 42 / 44
syk 43 / 44
syk 44 / 44
