hif2a 1 / 41
hif2a 2 / 41
hif2a 3 / 41
hif2a 4 / 41
hif2a 5 / 41
hif2a 6 / 41
hif2a 7 / 41
hif2a 8 / 41
hif2a 9 / 41
hif2a 10 / 41
hif2a 11 / 41
hif2a 12 / 41
hif2a 13 / 41
hif2a 14 / 41
hif2a 15 / 41
hif2a 16 / 41
hif2a 17 / 41
hif2a 18 / 41
hif2a 19 / 41
hif2a 20 / 41
hif2a 21 / 41
hif2a 22 / 41
hif2a 23 / 41
hif2a 24 / 41
hif2a 25 / 41
hif2a 26 / 41
hif2a 27 / 41
hif2a 28 / 41
hif2a 29 / 41
hif2a 30 / 41
hif2a 31 / 41
hif2a 32 / 41
hif2a 33 / 41
hif2a 34 / 41
hif2a 35 / 41
hif2a 36 / 41
hif2a 37 / 41
hif2a 38 / 41
hif2a 39 / 41
hif2a 40 / 41
hif2a 41 / 41
