mcl1 1 / 42
mcl1 2 / 42
mcl1 3 / 42
mcl1 4 / 42
mcl1 5 / 42
mcl1 6 / 42
mcl1 7 / 42
mcl1 8 / 42
mcl1 9 / 42
mcl1 10 / 42
mcl1 11 / 42
mcl1 12 / 42
mcl1 13 / 42
mcl1 14 / 42
mcl1 15 / 42
mcl1 16 / 42
mcl1 17 / 42
mcl1 18 / 42
mcl1 19 / 42
mcl1 20 / 42
mcl1 21 / 42
mcl1 22 / 42
mcl1 23 / 42
mcl1 24 / 42
mcl1 25 / 42
mcl1 26 / 42
mcl1 27 / 42
mcl1 28 / 42
mcl1 29 / 42
mcl1 30 / 42
mcl1 31 / 42
mcl1 32 / 42
mcl1 33 / 42
mcl1 34 / 42
mcl1 35 / 42
mcl1 36 / 42
mcl1 37 / 42
mcl1 38 / 42
mcl1 39 / 42
mcl1 40 / 42
mcl1 41 / 42
mcl1 42 / 42
