Bound geometry uses fixed-pocket gas FIRE. Legacy CPCM bound-refinement options are ignored.
/home/xianyang/miniconda3/envs/t3-aimnet/lib/python3.11/site-packages/aimnet/models/base.py:85: UserWarning: 'torch.load' received a zip file that looks like a TorchScript archive dispatching to 'torch.jit.load' (call 'torch.jit.load' directly to silence this warning)
  data = torch.load(path, map_location=device, weights_only=True)
/home/xianyang/miniconda3/envs/t3-aimnet/lib/python3.11/site-packages/torch/jit/_serialization.py:176: FutureWarning: `torch.jit.load` is deprecated. Please switch to `torch.export`.
  warnings.warn(
/home/xianyang/miniconda3/envs/t3-aimnet/lib/python3.11/site-packages/torch/jit/_serialization.py:176: FutureWarning: `torch.jit.load` is deprecated. Please switch to `torch.export`.
  warnings.warn(
1/10 mol_id=9611 Eint=-102.386 desolv=19.358 strain=15.932 score=-67.096 steps=507 converged=True
2/10 mol_id=13349 Eint=-49.661 desolv=14.043 strain=9.713 score=-25.905 steps=917 converged=True
3/10 mol_id=17219 Eint=-84.946 desolv=11.121 strain=14.974 score=-58.851 steps=382 converged=True
4/10 mol_id=37944 Eint=-81.573 desolv=15.170 strain=21.116 score=-45.287 steps=696 converged=True
5/10 mol_id=46757 Eint=-47.836 desolv=9.524 strain=10.210 score=-28.102 steps=432 converged=True
6/10 mol_id=66568 Eint=-79.021 desolv=14.927 strain=19.690 score=-44.404 steps=872 converged=True
7/10 mol_id=67242 Eint=-42.584 desolv=14.074 strain=14.578 score=-13.932 steps=532 converged=True
8/10 mol_id=84180 Eint=-150.711 desolv=11.508 strain=57.954 score=-81.249 steps=332 converged=True
9/10 mol_id=97357 Eint=-87.807 desolv=20.301 strain=23.528 score=-43.978 steps=657 converged=True
10/10 mol_id=107160 Eint=-162.859 desolv=16.951 strain=45.067 score=-100.841 steps=637 converged=True
wrote 10 rows to /home/xianyang/aimnet2_score_pipelines/work/aimnet2025-benchmarks-20260906/t3/L2/P56817/aimnet2_score.csv in 96.50 s
{
  "scope": "reference reconstruction; not an exact reproduction of the unreleased AIMNet2(Score) workflow",
  "score_definition": "Eint + Edesolv + ELCSE; lower is better",
  "interaction_geometry": "fixed_pocket_aimnet2025_minimized_v2",
  "pocket": "/home/xianyang/aimnet2_score_pipelines/work/correction-20260906/t3/L2/P56817/pocket.pdb",
  "pocket_charge": 0,
  "gas_model": "/home/xianyang/t3-aimnet-models/aimnet2_wb97m_0.jpt",
  "interaction_model": "aimnet2-2025",
  "interaction_members": [
    "aimnet2-2025"
  ],
  "cpcm_model": "/home/xianyang/t3-aimnet-models/wb97m_cpcms_v2_0.jpt",
  "complex_fmax_ev_a": 0.002,
  "complex_max_steps": 1000,
  "n_complex_optimization_converged": 8,
  "minimized_poses": "/home/xianyang/aimnet2_score_pipelines/work/aimnet2025-benchmarks-20260906/t3/L2/P56817/aimnet2_score.minimized.sdf",
  "bound_refinement": "AIMNet2(2025) ligand-in-fixed-pocket FIRE; no isolated bound refinement",
  "n_requested": 10,
  "n_scored": 10,
  "n_errors": 0,
  "n_optimization_converged": 10,
  "elapsed_seconds_this_run": 96.49606219700217,
  "output": "/home/xianyang/aimnet2_score_pipelines/work/aimnet2025-benchmarks-20260906/t3/L2/P56817/aimnet2_score.csv"
}
 mol_id  aimnet_interaction_kcal_mol  desolvation_kcal_mol  local_strain_kcal_mol  aimnet2_composite_kcal_mol  optimization_converged
   9611                  -102.385686             19.357975              15.931910                  -67.095802                    True
  13349                   -49.661150             14.042976               9.712868                  -25.905307                    True
  17219                   -84.945779             11.120817              14.973959                  -58.851003                    True
  37944                   -81.573234             15.170033              21.116214                  -45.286987                    True
  46757                   -47.836183              9.523885              10.210316                  -28.101981                    True
  66568                   -79.021337             14.927031              19.690053                  -44.404253                    True
  67242                   -42.584253             14.074326              14.578361                  -13.931566                    True
  84180                  -150.711225             11.508034              57.953984                  -81.249207                    True
  97357                   -87.807054             20.300628              23.528016                  -43.978409                    True
 107160                  -162.859426             16.951308              45.066744                 -100.841374                    True
