Bound geometry uses fixed-pocket gas FIRE. Legacy CPCM bound-refinement options are ignored.
/home/xianyang/miniconda3/envs/t3-aimnet/lib/python3.11/site-packages/aimnet/models/base.py:85: UserWarning: 'torch.load' received a zip file that looks like a TorchScript archive dispatching to 'torch.jit.load' (call 'torch.jit.load' directly to silence this warning)
  data = torch.load(path, map_location=device, weights_only=True)
/home/xianyang/miniconda3/envs/t3-aimnet/lib/python3.11/site-packages/torch/jit/_serialization.py:176: FutureWarning: `torch.jit.load` is deprecated. Please switch to `torch.export`.
  warnings.warn(
/home/xianyang/miniconda3/envs/t3-aimnet/lib/python3.11/site-packages/torch/jit/_serialization.py:176: FutureWarning: `torch.jit.load` is deprecated. Please switch to `torch.export`.
  warnings.warn(
1/10 mol_id=23441 Eint=-42.723 desolv=17.173 strain=20.531 score=-5.018 steps=466 converged=True
2/10 mol_id=25302 Eint=-37.278 desolv=6.516 strain=17.120 score=-13.642 steps=436 converged=True
3/10 mol_id=28513 Eint=-38.105 desolv=10.444 strain=18.049 score=-9.612 steps=662 converged=True
4/10 mol_id=33315 Eint=-150.033 desolv=19.115 strain=59.567 score=-71.350 steps=579 converged=True
5/10 mol_id=33829 Eint=-169.279 desolv=23.517 strain=57.594 score=-88.168 steps=611 converged=True
6/10 mol_id=63739 Eint=-41.515 desolv=11.407 strain=18.720 score=-11.388 steps=292 converged=True
7/10 mol_id=74096 Eint=-112.301 desolv=15.248 strain=40.818 score=-56.235 steps=554 converged=True
8/10 mol_id=76666 Eint=-70.870 desolv=17.537 strain=13.166 score=-40.168 steps=498 converged=True
9/10 mol_id=129246 Eint=-51.478 desolv=10.479 strain=29.840 score=-11.159 steps=518 converged=True
10/10 mol_id=136390 Eint=-96.640 desolv=10.001 strain=49.515 score=-37.124 steps=660 converged=True
wrote 10 rows to /home/xianyang/aimnet2_score_pipelines/work/fixed-pocket-benchmarks-20260906/t3/L4/P37059/aimnet2_score.csv in 80.27 s
{
  "scope": "reference reconstruction; not an exact reproduction of the unreleased AIMNet2(Score) workflow",
  "score_definition": "Eint + Edesolv + ELCSE; lower is better",
  "interaction_geometry": "fixed_pocket_gas_minimized_v1",
  "pocket": "/home/xianyang/aimnet2_score_pipelines/work/correction-20260906/t3/L4/P37059/pocket.pdb",
  "pocket_charge": 0,
  "gas_model": "/home/xianyang/t3-aimnet-models/aimnet2_wb97m_0.jpt",
  "cpcm_model": "/home/xianyang/t3-aimnet-models/wb97m_cpcms_v2_0.jpt",
  "complex_fmax_ev_a": 0.002,
  "complex_max_steps": 1000,
  "n_complex_optimization_converged": 10,
  "minimized_poses": "/home/xianyang/aimnet2_score_pipelines/work/fixed-pocket-benchmarks-20260906/t3/L4/P37059/aimnet2_score.minimized.sdf",
  "bound_refinement": "gas-phase ligand-in-fixed-pocket FIRE; no isolated bound refinement",
  "n_requested": 10,
  "n_scored": 10,
  "n_errors": 0,
  "n_optimization_converged": 10,
  "elapsed_seconds_this_run": 80.27403978304937,
  "output": "/home/xianyang/aimnet2_score_pipelines/work/fixed-pocket-benchmarks-20260906/t3/L4/P37059/aimnet2_score.csv"
}
 mol_id  aimnet_interaction_kcal_mol  desolvation_kcal_mol  local_strain_kcal_mol  aimnet2_composite_kcal_mol  optimization_converged
  23441                   -42.722722             17.173484              20.531124                   -5.018114                    True
  25302                   -37.278230              6.515868              17.120498                  -13.641864                    True
  28513                   -38.104592             10.443505              18.049179                   -9.611909                    True
  33315                  -150.032872             19.115445              59.567389                  -71.350038                    True
  33829                  -169.279338             23.516815              57.594268                  -88.168256                    True
  63739                   -41.514924             11.407031              18.719648                  -11.388245                    True
  74096                  -112.300936             15.248233              40.817571                  -56.235132                    True
  76666                   -70.870221             17.536655              13.165716                  -40.167850                    True
 129246                   -51.477868             10.479005              29.840259                  -11.158604                    True
 136390                   -96.639706             10.000818              49.514678                  -37.124209                    True
