Bound geometry uses fixed-pocket gas FIRE. Legacy CPCM bound-refinement options are ignored.
/home/xianyang/miniconda3/envs/t3-aimnet/lib/python3.11/site-packages/aimnet/models/base.py:85: UserWarning: 'torch.load' received a zip file that looks like a TorchScript archive dispatching to 'torch.jit.load' (call 'torch.jit.load' directly to silence this warning)
  data = torch.load(path, map_location=device, weights_only=True)
/home/xianyang/miniconda3/envs/t3-aimnet/lib/python3.11/site-packages/torch/jit/_serialization.py:176: FutureWarning: `torch.jit.load` is deprecated. Please switch to `torch.export`.
  warnings.warn(
/home/xianyang/miniconda3/envs/t3-aimnet/lib/python3.11/site-packages/torch/jit/_serialization.py:176: FutureWarning: `torch.jit.load` is deprecated. Please switch to `torch.export`.
  warnings.warn(
1/10 mol_id=2221 Eint=-182.045 desolv=18.350 strain=28.696 score=-135.000 steps=432 converged=True
2/10 mol_id=24323 Eint=-19.579 desolv=8.768 strain=8.116 score=-2.695 steps=120 converged=True
3/10 mol_id=38593 Eint=-73.199 desolv=3.648 strain=30.929 score=-38.621 steps=536 converged=True
4/10 mol_id=43699 Eint=-169.420 desolv=18.654 strain=30.675 score=-120.092 steps=298 converged=True
5/10 mol_id=53381 Eint=-237.969 desolv=48.898 strain=56.803 score=-132.269 steps=259 converged=True
6/10 mol_id=68311 Eint=-47.899 desolv=14.117 strain=19.688 score=-14.094 steps=410 converged=True
7/10 mol_id=69000 Eint=-25.563 desolv=9.846 strain=8.431 score=-7.286 steps=360 converged=True
8/10 mol_id=103070 Eint=-174.136 desolv=18.356 strain=33.623 score=-122.156 steps=307 converged=True
9/10 mol_id=108874 Eint=-29.206 desolv=9.430 strain=5.781 score=-13.994 steps=338 converged=True
10/10 mol_id=134390 Eint=-99.873 desolv=19.431 strain=45.771 score=-34.671 steps=607 converged=True
wrote 10 rows to /home/xianyang/aimnet2_score_pipelines/work/fixed-pocket-benchmarks-20260906/t3/L3/Q62645/aimnet2_score.csv in 67.88 s
{
  "scope": "reference reconstruction; not an exact reproduction of the unreleased AIMNet2(Score) workflow",
  "score_definition": "Eint + Edesolv + ELCSE; lower is better",
  "interaction_geometry": "fixed_pocket_gas_minimized_v1",
  "pocket": "/home/xianyang/aimnet2_score_pipelines/work/correction-20260906/t3/L3/Q62645/pocket.pdb",
  "pocket_charge": 0,
  "gas_model": "/home/xianyang/t3-aimnet-models/aimnet2_wb97m_0.jpt",
  "cpcm_model": "/home/xianyang/t3-aimnet-models/wb97m_cpcms_v2_0.jpt",
  "complex_fmax_ev_a": 0.002,
  "complex_max_steps": 1000,
  "n_complex_optimization_converged": 9,
  "minimized_poses": "/home/xianyang/aimnet2_score_pipelines/work/fixed-pocket-benchmarks-20260906/t3/L3/Q62645/aimnet2_score.minimized.sdf",
  "bound_refinement": "gas-phase ligand-in-fixed-pocket FIRE; no isolated bound refinement",
  "n_requested": 10,
  "n_scored": 10,
  "n_errors": 0,
  "n_optimization_converged": 10,
  "elapsed_seconds_this_run": 67.88353321300019,
  "output": "/home/xianyang/aimnet2_score_pipelines/work/fixed-pocket-benchmarks-20260906/t3/L3/Q62645/aimnet2_score.csv"
}
 mol_id  aimnet_interaction_kcal_mol  desolvation_kcal_mol  local_strain_kcal_mol  aimnet2_composite_kcal_mol  optimization_converged
   2221                  -182.045306             18.349804              28.695587                 -134.999916                    True
  24323                   -19.578933              8.768368               8.115614                   -2.694951                    True
  38593                   -73.198860              3.648485              30.929031                  -38.621344                    True
  43699                  -169.420172             18.653592              30.674893                 -120.091687                    True
  53381                  -237.969075             48.897524              56.802584                 -132.268968                    True
  68311                   -47.899347             14.117358              19.687988                  -14.094001                    True
  69000                   -25.562519              9.845779               8.430900                   -7.285840                    True
 103070                  -174.135838             18.356219              33.623432                 -122.156187                    True
 108874                   -29.205825              9.430297               5.781061                  -13.994466                    True
 134390                   -99.873304             19.430517              45.771296                  -34.671490                    True
