Bound geometry uses fixed-pocket gas FIRE. Legacy CPCM bound-refinement options are ignored.
/home/xianyang/miniconda3/envs/t3-aimnet/lib/python3.11/site-packages/aimnet/models/base.py:85: UserWarning: 'torch.load' received a zip file that looks like a TorchScript archive dispatching to 'torch.jit.load' (call 'torch.jit.load' directly to silence this warning)
  data = torch.load(path, map_location=device, weights_only=True)
/home/xianyang/miniconda3/envs/t3-aimnet/lib/python3.11/site-packages/torch/jit/_serialization.py:176: FutureWarning: `torch.jit.load` is deprecated. Please switch to `torch.export`.
  warnings.warn(
/home/xianyang/miniconda3/envs/t3-aimnet/lib/python3.11/site-packages/torch/jit/_serialization.py:176: FutureWarning: `torch.jit.load` is deprecated. Please switch to `torch.export`.
  warnings.warn(
1/20 mol_id=1030 Eint=-939.740 desolv=77.197 strain=418.641 score=-443.902 steps=298 converged=True
2/20 mol_id=2030 Eint=-896.953 desolv=81.757 strain=305.864 score=-509.331 steps=451 converged=True
3/20 mol_id=3078 Eint=-574.678 desolv=63.667 strain=204.923 score=-306.088 steps=210 converged=True
4/20 mol_id=4087 Eint=-657.699 desolv=16.229 strain=136.106 score=-505.364 steps=293 converged=True
5/20 mol_id=5074 Eint=-850.226 desolv=7.818 strain=305.524 score=-536.883 steps=297 converged=True
6/20 mol_id=6091 Eint=-684.968 desolv=9.506 strain=226.286 score=-449.176 steps=387 converged=True
7/20 mol_id=7046 Eint=-903.952 desolv=-4.211 strain=511.559 score=-396.604 steps=379 converged=True
8/20 mol_id=8026 Eint=-514.950 desolv=-50.477 strain=120.863 score=-444.565 steps=358 converged=True
9/20 mol_id=9047 Eint=-578.328 desolv=13.647 strain=195.193 score=-369.487 steps=354 converged=True
10/20 mol_id=10022 Eint=-377.601 desolv=-10.546 strain=126.441 score=-261.706 steps=725 converged=True
11/20 mol_id=11081 Eint=-709.625 desolv=30.498 strain=277.602 score=-401.525 steps=390 converged=True
12/20 mol_id=12098 Eint=-321.266 desolv=19.294 strain=79.130 score=-222.842 steps=620 converged=True
13/20 mol_id=13097 Eint=-740.804 desolv=24.515 strain=230.922 score=-485.366 steps=941 converged=True
14/20 mol_id=14098 Eint=-414.449 desolv=23.945 strain=100.782 score=-289.723 steps=470 converged=True
15/20 mol_id=15095 Eint=-1105.862 desolv=5.693 strain=472.913 score=-627.256 steps=436 converged=True
16/20 mol_id=16046 Eint=-489.638 desolv=72.816 strain=205.014 score=-211.807 steps=279 converged=True
17/20 mol_id=17057 Eint=-448.647 desolv=23.029 strain=188.910 score=-236.708 steps=240 converged=True
18/20 mol_id=18034 Eint=-227.094 desolv=5.696 strain=199.718 score=-21.680 steps=293 converged=True
19/20 mol_id=19016 Eint=-624.024 desolv=53.491 strain=116.237 score=-454.296 steps=535 converged=True
20/20 mol_id=20003 Eint=-377.145 desolv=18.989 strain=92.692 score=-265.463 steps=626 converged=True
wrote 20 rows to /home/xianyang/aimnet2_score_pipelines/work/fixed-pocket-benchmarks-20260906/casf/4jia/aimnet2_composite_rerank.csv in 136.23 s
{
  "scope": "reference reconstruction; not an exact reproduction of the unreleased AIMNet2(Score) workflow",
  "score_definition": "Eint + Edesolv + ELCSE; lower is better",
  "interaction_geometry": "fixed_pocket_gas_minimized_v1",
  "pocket": "/home/xianyang/aimnet2_score_pipelines/work/correction-20260906/casf/4jia/pocket.pdb",
  "pocket_charge": 0,
  "gas_model": "/home/xianyang/t3-aimnet-models/aimnet2_wb97m_0.jpt",
  "cpcm_model": "/home/xianyang/t3-aimnet-models/wb97m_cpcms_v2_0.jpt",
  "complex_fmax_ev_a": 0.002,
  "complex_max_steps": 1000,
  "n_complex_optimization_converged": 20,
  "minimized_poses": "/home/xianyang/aimnet2_score_pipelines/work/fixed-pocket-benchmarks-20260906/casf/4jia/aimnet2_composite_rerank.minimized.sdf",
  "bound_refinement": "gas-phase ligand-in-fixed-pocket FIRE; no isolated bound refinement",
  "n_requested": 20,
  "n_scored": 20,
  "n_errors": 0,
  "n_optimization_converged": 20,
  "elapsed_seconds_this_run": 136.2300608910009,
  "output": "/home/xianyang/aimnet2_score_pipelines/work/fixed-pocket-benchmarks-20260906/casf/4jia/aimnet2_composite_rerank.csv",
  "n_actives": 6,
  "n_decoys": 14,
  "ef1_percent": 0.0,
  "ef1_top_n": 1,
  "ef1_actives_in_top_n": 0,
  "auroc": 0.7976190476190477,
  "composite_vs_interaction_spearman": 0.8150375939849623
}
 mol_id  aimnet_interaction_kcal_mol  desolvation_kcal_mol  local_strain_kcal_mol  aimnet2_composite_kcal_mol  optimization_converged
   1030                  -939.740333             77.196860             418.641350                 -443.902124                    True
   2030                  -896.952664             81.757253             305.864404                 -509.331006                    True
   3078                  -574.678152             63.666977             204.922725                 -306.088450                    True
   4087                  -657.699327             16.229429             136.105757                 -505.364141                    True
   5074                  -850.225560              7.818215             305.524342                 -536.883004                    True
   6091                  -684.967677              9.505700             226.286280                 -449.175696                    True
   7046                  -903.952319             -4.210772             511.559223                 -396.603868                    True
   8026                  -514.950461            -50.477468             120.862697                 -444.565232                    True
   9047                  -578.327773             13.647496             195.193352                 -369.486926                    True
  10022                  -377.600689            -10.545759             126.440690                 -261.705758                    True
  11081                  -709.625045             30.498326             277.602181                 -401.524538                    True
  12098                  -321.265982             19.293540              79.130358                 -222.842084                    True
  13097                  -740.803887             24.515369             230.922046                 -485.366471                    True
  14098                  -414.449365             23.944675             100.782184                 -289.722506                    True
  15095                 -1105.862482              5.693431             472.913388                 -627.255664                    True
  16046                  -489.637524             72.815656             205.014499                 -211.807369                    True
  17057                  -448.646707             23.028678             188.910425                 -236.707604                    True
  18034                  -227.093611              5.695733             199.717800                  -21.680078                    True
  19016                  -624.023698             53.491396             116.236545                 -454.295757                    True
  20003                  -377.144729             18.989324              92.692345                 -265.463060                    True
