Bound geometry uses fixed-pocket gas FIRE. Legacy CPCM bound-refinement options are ignored.
/home/xianyang/miniconda3/envs/t3-aimnet/lib/python3.11/site-packages/aimnet/models/base.py:85: UserWarning: 'torch.load' received a zip file that looks like a TorchScript archive dispatching to 'torch.jit.load' (call 'torch.jit.load' directly to silence this warning)
  data = torch.load(path, map_location=device, weights_only=True)
/home/xianyang/miniconda3/envs/t3-aimnet/lib/python3.11/site-packages/torch/jit/_serialization.py:176: FutureWarning: `torch.jit.load` is deprecated. Please switch to `torch.export`.
  warnings.warn(
/home/xianyang/miniconda3/envs/t3-aimnet/lib/python3.11/site-packages/torch/jit/_serialization.py:176: FutureWarning: `torch.jit.load` is deprecated. Please switch to `torch.export`.
  warnings.warn(
1/10 mol_id=11473 Eint=-62.289 desolv=18.155 strain=18.793 score=-25.341 steps=471 converged=True
2/10 mol_id=21889 Eint=-116.130 desolv=20.452 strain=19.454 score=-76.223 steps=809 converged=True
3/10 mol_id=22694 Eint=-64.171 desolv=15.202 strain=12.912 score=-36.057 steps=528 converged=True
4/10 mol_id=29796 Eint=-183.017 desolv=17.088 strain=58.625 score=-107.304 steps=623 converged=True
5/10 mol_id=38600 Eint=-92.443 desolv=11.699 strain=18.945 score=-61.799 steps=768 converged=True
6/10 mol_id=42196 Eint=-51.992 desolv=16.772 strain=15.675 score=-19.545 steps=488 converged=True
7/10 mol_id=46584 Eint=-171.335 desolv=11.859 strain=69.081 score=-90.394 steps=574 converged=True
8/10 mol_id=64036 Eint=-69.394 desolv=14.673 strain=14.124 score=-40.598 steps=254 converged=True
9/10 mol_id=115743 Eint=-44.412 desolv=15.726 strain=23.481 score=-5.205 steps=975 converged=True
10/10 mol_id=134241 Eint=-265.620 desolv=33.280 strain=85.246 score=-147.094 steps=527 converged=True
wrote 10 rows to /home/xianyang/aimnet2_score_pipelines/work/fixed-pocket-benchmarks-20260906/t3/L4/Q08211/aimnet2_score.csv in 84.71 s
{
  "scope": "reference reconstruction; not an exact reproduction of the unreleased AIMNet2(Score) workflow",
  "score_definition": "Eint + Edesolv + ELCSE; lower is better",
  "interaction_geometry": "fixed_pocket_gas_minimized_v1",
  "pocket": "/home/xianyang/aimnet2_score_pipelines/work/correction-20260906/t3/L4/Q08211/pocket.pdb",
  "pocket_charge": 0,
  "gas_model": "/home/xianyang/t3-aimnet-models/aimnet2_wb97m_0.jpt",
  "cpcm_model": "/home/xianyang/t3-aimnet-models/wb97m_cpcms_v2_0.jpt",
  "complex_fmax_ev_a": 0.002,
  "complex_max_steps": 1000,
  "n_complex_optimization_converged": 10,
  "minimized_poses": "/home/xianyang/aimnet2_score_pipelines/work/fixed-pocket-benchmarks-20260906/t3/L4/Q08211/aimnet2_score.minimized.sdf",
  "bound_refinement": "gas-phase ligand-in-fixed-pocket FIRE; no isolated bound refinement",
  "n_requested": 10,
  "n_scored": 10,
  "n_errors": 0,
  "n_optimization_converged": 10,
  "elapsed_seconds_this_run": 84.71271620200059,
  "output": "/home/xianyang/aimnet2_score_pipelines/work/fixed-pocket-benchmarks-20260906/t3/L4/Q08211/aimnet2_score.csv"
}
 mol_id  aimnet_interaction_kcal_mol  desolvation_kcal_mol  local_strain_kcal_mol  aimnet2_composite_kcal_mol  optimization_converged
  11473                   -62.288667             18.154712              18.793110                  -25.340846                    True
  21889                  -116.129550             20.452230              19.454307                  -76.223013                    True
  22694                   -64.171095             15.202122              12.911647                  -36.057327                    True
  29796                  -183.017430             17.088478              58.625425                 -107.303527                    True
  38600                   -92.442555             11.698592              18.944643                  -61.799320                    True
  42196                   -51.992221             16.771694              15.675059                  -19.545468                    True
  46584                  -171.334828             11.859111              69.081437                  -90.394280                    True
  64036                   -69.394325             14.672910              14.123847                  -40.597569                    True
 115743                   -44.411673             15.725542              23.480950                   -5.205181                    True
 134241                  -265.620217             33.279800              85.246418                 -147.093999                    True
