pocket_atoms=531 poses=2000 cuda=True
processed=4/2000
processed=100/2000
processed=200/2000
processed=300/2000
processed=400/2000
processed=500/2000
processed=600/2000
processed=700/2000
processed=800/2000
processed=900/2000
processed=1000/2000
processed=1100/2000
processed=1200/2000
processed=1300/2000
processed=1400/2000
processed=1500/2000
processed=1600/2000
processed=1700/2000
processed=1800/2000
processed=1900/2000
processed=2000/2000
{
  "score_definition": "E_complex - E_pocket - E_ligand; lower is better",
  "n_input_poses": 2000,
  "n_scored_poses": 2000,
  "n_ligands": 20,
  "n_best_poses": 20,
  "pocket_atoms": 531,
  "pocket_formal_charge": 0,
  "elapsed_seconds": 8.98199987411499
}
 mol_id ligand_pdb  pose_index  label  ligunity_rank  ligunity_score  formal_charge  aimnet_complex_eV  aimnet_pocket_eV  aimnet_ligand_eV  aimnet_interaction_kcal_mol error  aimnet_interaction_rank
  15002       3ag9           2      0             15        0.579102              1     -701208.314463    -613327.228755     -87865.128478                  -367.982489                              1
  10003       4qd6           3      0             10        0.622070              0     -665140.208184    -613327.228755     -51802.152974                  -249.663983                              2
   3024       1pxn          24      0              3        0.646973              0     -649453.924793    -613327.228755     -36116.874327                  -226.494026                              3
  17019       3bgz          19      0             17        0.548340             -1     -640914.663022    -613327.228755     -27577.881548                  -220.290934                              4
  13040       1ydt          40      0             13        0.579102              1     -723857.003819    -613327.228755    -110520.789109                  -207.221040                              5
   7089       3qgy          89      0              7        0.622070              0     -668112.897591    -613327.228755     -54776.937126                  -201.358025                              6
   1098       2xnb          98      0              1        0.646973              1     -655211.961710    -613327.228755     -41876.368243                  -192.894843                              7
  14031       1q8u          31      0             14        0.579102              1     -649645.799777    -613327.228755     -36310.535910                  -185.294105                              8
  12066       1ydr          66      0             12        0.579102              1     -647523.576382    -613327.228755     -34188.429741                  -182.590785                              9
   4019       2fvd          19      0              4        0.646973              0     -664227.784334    -613327.228755     -50892.976100                  -174.786956                             10
  19091       5dwr          91      0             19        0.548340              1     -654745.612002    -613327.228755     -41411.225381                  -165.064309                             11
   2068       4eor          68      1              2        0.646973              0     -658238.248436    -613327.228755     -44904.032659                  -161.124573                             12
  18031       2c3i          31      0             18        0.548340              0     -640284.307344    -613327.228755     -26950.575321                  -149.968932                             13
  20097       4k18          97      0             20        0.548340              0     -649581.055354    -613327.228755     -36247.529472                  -145.215188                             14
   8044       4rfm          44      0              8        0.622070              0     -669531.636818    -613327.228755     -56198.511020                  -135.989053                             15
   5058       3pxf          58      0              5        0.646973              0     -648570.922655    -613327.228755     -35238.012898                  -131.007037                             16
  11089       1q8t          89      0             11        0.579102              1     -634710.087142    -613327.228755     -21377.317678                  -127.771788                             17
  16061       3jya          61      0             16        0.548340              0     -664663.193364    -613327.228755     -51330.425885                  -127.725994                             18
   9097       4m0z          97      0              9        0.622070              0     -643745.959669    -613327.228755     -30413.304551                  -125.134911                             19
   6070       4m0y          70      0              6        0.622070              0     -640630.682136    -613327.228755     -27298.695956                  -109.708848                             20
