Bound geometry uses fixed-pocket gas FIRE. Legacy CPCM bound-refinement options are ignored.
/home/xianyang/miniconda3/envs/t3-aimnet/lib/python3.11/site-packages/aimnet/models/base.py:85: UserWarning: 'torch.load' received a zip file that looks like a TorchScript archive dispatching to 'torch.jit.load' (call 'torch.jit.load' directly to silence this warning)
  data = torch.load(path, map_location=device, weights_only=True)
/home/xianyang/miniconda3/envs/t3-aimnet/lib/python3.11/site-packages/torch/jit/_serialization.py:176: FutureWarning: `torch.jit.load` is deprecated. Please switch to `torch.export`.
  warnings.warn(
/home/xianyang/miniconda3/envs/t3-aimnet/lib/python3.11/site-packages/torch/jit/_serialization.py:176: FutureWarning: `torch.jit.load` is deprecated. Please switch to `torch.export`.
  warnings.warn(
1/10 mol_id=1811 Eint=-94.834 desolv=14.074 strain=16.832 score=-63.928 steps=715 converged=True
2/10 mol_id=1812 Eint=-111.654 desolv=11.773 strain=13.323 score=-86.558 steps=223 converged=True
3/10 mol_id=1813 Eint=-84.681 desolv=18.170 strain=21.749 score=-44.761 steps=600 converged=True
4/10 mol_id=16994 Eint=-141.311 desolv=16.357 strain=60.091 score=-64.864 steps=634 converged=True
5/10 mol_id=45281 Eint=-94.294 desolv=11.287 strain=18.519 score=-64.488 steps=297 converged=True
6/10 mol_id=64956 Eint=-282.270 desolv=56.183 strain=124.178 score=-101.910 steps=1000 converged=False
7/10 mol_id=109204 Eint=-132.163 desolv=19.141 strain=34.975 score=-78.047 steps=1000 converged=False
8/10 mol_id=115639 Eint=-100.947 desolv=9.357 strain=23.332 score=-68.258 steps=619 converged=True
9/10 mol_id=136517 Eint=-121.737 desolv=13.568 strain=22.776 score=-85.393 steps=417 converged=True
10/10 mol_id=140016 Eint=-96.389 desolv=19.565 strain=31.105 score=-45.719 steps=585 converged=True
wrote 10 rows to /home/xianyang/aimnet2_score_pipelines/work/aimnet2025-benchmarks-20260906/t3/L3/Q9Y4K4/aimnet2_score.csv in 160.80 s
{
  "scope": "reference reconstruction; not an exact reproduction of the unreleased AIMNet2(Score) workflow",
  "score_definition": "Eint + Edesolv + ELCSE; lower is better",
  "interaction_geometry": "fixed_pocket_aimnet2025_minimized_v2",
  "pocket": "/home/xianyang/aimnet2_score_pipelines/work/correction-20260906/t3/L3/Q9Y4K4/pocket.pdb",
  "pocket_charge": 0,
  "gas_model": "/home/xianyang/t3-aimnet-models/aimnet2_wb97m_0.jpt",
  "interaction_model": "aimnet2-2025",
  "interaction_members": [
    "aimnet2-2025"
  ],
  "cpcm_model": "/home/xianyang/t3-aimnet-models/wb97m_cpcms_v2_0.jpt",
  "complex_fmax_ev_a": 0.002,
  "complex_max_steps": 1000,
  "n_complex_optimization_converged": 7,
  "minimized_poses": "/home/xianyang/aimnet2_score_pipelines/work/aimnet2025-benchmarks-20260906/t3/L3/Q9Y4K4/aimnet2_score.minimized.sdf",
  "bound_refinement": "AIMNet2(2025) ligand-in-fixed-pocket FIRE; no isolated bound refinement",
  "n_requested": 10,
  "n_scored": 10,
  "n_errors": 0,
  "n_optimization_converged": 8,
  "elapsed_seconds_this_run": 160.8006681681145,
  "output": "/home/xianyang/aimnet2_score_pipelines/work/aimnet2025-benchmarks-20260906/t3/L3/Q9Y4K4/aimnet2_score.csv"
}
 mol_id  aimnet_interaction_kcal_mol  desolvation_kcal_mol  local_strain_kcal_mol  aimnet2_composite_kcal_mol  optimization_converged
   1811                   -94.834230             14.074410              16.831830                  -63.927990                    True
   1812                  -111.654199             11.772519              13.323343                  -86.558337                    True
   1813                   -84.680745             18.170310              21.749198                  -44.761237                    True
  16994                  -141.311251             16.357082              60.090588                  -64.863581                    True
  45281                   -94.293949             11.287038              18.518532                  -64.488379                    True
  64956                  -282.269912             56.182517             124.177612                 -101.909783                   False
 109204                  -132.162903             19.140845              34.974616                  -78.047442                   False
 115639                  -100.947199              9.356989              23.332174                  -68.258036                    True
 136517                  -121.737137             13.568110              22.775783                  -85.393245                    True
 140016                   -96.388686             19.564720              31.104997                  -45.718968                    True
