Free_Energy_7028355_babel-x5-32
Free_Energy_7028356_babel-w5-24
Free_Energy_7028357_babel-w5-24
Free_Energy_7028358_babel-w5-32
Free_Energy_7028359_babel-u9-28
Free_Energy_7029124_babel-w9-28
Free_Energy_7029125_babel-w5-32
Free_Energy_7029126_babel-x9-24
Free_Energy_7029128_babel-s9-16
Free_Energy_7029130_babel-s9-16
Free_Energy_7033699_babel-w9-28
Free_Energy_7033700_babel-x9-28
Free_Energy_7033701_babel-x5-28
Free_Energy_7033702_babel-x5-32
Free_Energy_7033703_babel-x5-20
Free_Energy_7040664_babel-t9-24
Free_Energy_7040665_babel-t9-24
Free_Energy_7040666_babel-w5-24
Free_Energy_7040667_babel-x5-32
Free_Energy_7040668_babel-w9-28
Free_Energy_7040669_babel-x5-28
Free_Energy_7040670_babel-x5-20
Free_Energy_7040671_babel-u9-16
Free_Energy_7040672_babel-s9-24
Free_Energy_7040673_babel-s9-24
Free_Energy_7177585_babel-x5-20
Free_Energy_7177586_babel-x9-28
Free_Energy_7177616_babel-x9-28
Free_Energy_7177619_babel-s9-28
Free_Energy_7177623_babel-s9-28
Free_Energy_7177627_babel-w9-28
Free_Energy_7177629_babel-w9-32
Free_Energy_7177631_babel-t9-28
Free_Energy_7177634_babel-t9-28
Free_Energy_7177636_babel-t9-28
Free_Energy_7177638_babel-t9-24
Free_Energy_7177639_babel-t9-24
Free_Energy_7177642_babel-x5-32
Free_Energy_7177643_babel-v9-32
Free_Energy_7177644_babel-u9-28
Free_Energy_7177645_babel-v9-32
Free_Energy_7177648_babel-s9-28
Free_Energy_7177650_babel-t9-16
Free_Energy_7177652_babel-t9-28
Free_Energy_7177655_babel-w9-28
Free_Energy_7177657_babel-x5-32
Free_Energy_7177659_babel-x5-32
Free_Energy_7177660_babel-v9-32
Free_Energy_7177667_babel-t9-28
Free_Energy_7177668_babel-s9-16
Free_Energy_7177669_babel-x5-32
Free_Energy_7177671_babel-x5-32
Free_Energy_7177673_babel-u9-28
Free_Energy_7177675_babel-s9-16
Free_Energy_7177677_babel-w9-28
Free_Energy_7177679_babel-s9-16
Free_Energy_7177680_babel-x5-32
Free_Energy_7177681_babel-x5-32
Free_Energy_7177682_babel-w9-28
Free_Energy_7177683_babel-x5-32
Free_Energy_7177684_babel-x5-32
Free_Energy_7177685_babel-x5-32
Free_Energy_7177686_babel-x5-32
Free_Energy_7177687_babel-v9-32
Free_Energy_7177688_babel-u9-28
casf-2016
miniconda3
t3-aimnet-affinity-balanced
t3-aimnet-full
t3-full-screen-L123-20260908
t3-smoke-30-L123-20260908
t3-smoke-L123-20260908
vs-benchmark-data-2026-08-31.tar.gz
ls: cannot access '/data/work/vs/data/t3': No such file or directory
/data/user_data/xianyang/t3-smoke-L123-20260908/manifest.json
/data/user_data/xianyang/t3-smoke-30-L123-20260908/manifest.json
/data/user_data/xianyang/t3-full-screen-L123-20260908/manifest.json
/data/user_data/xianyang/t3-aimnet-full/full-dock-L4/manifest.json
/data/user_data/xianyang/t3-aimnet-full/vs-benchmark/raw_scores/._manifest.json
/data/user_data/xianyang/t3-aimnet-full/vs-benchmark/raw_scores/manifest.json
/data/user_data/xianyang/t3-aimnet-full/vs-benchmark/dataset/._manifest.json
/data/user_data/xianyang/t3-aimnet-full/vs-benchmark/dataset/manifest.json
/data/user_data/xianyang/t3-aimnet-full/vs-benchmark/code_and_docs/results/raw_scores_manifest.json
/data/user_data/xianyang/t3-aimnet-full/vs-benchmark/code_and_docs/results/._raw_scores_manifest.json
/data/user_data/xianyang/t3-aimnet-affinity-balanced/manifest.json
actives.csv.gz
decoys.csv.gz
manifest.json
molecules.csv.gz
pockets_6A
pockets_6A.tar.gz
targets.csv.gz
/data/user_data/xianyang/casf-2016/ligunity/results/PDBBind
