Bound geometry uses fixed-pocket gas FIRE. Legacy CPCM bound-refinement options are ignored.
/home/xianyang/miniconda3/envs/t3-aimnet/lib/python3.11/site-packages/aimnet/models/base.py:85: UserWarning: 'torch.load' received a zip file that looks like a TorchScript archive dispatching to 'torch.jit.load' (call 'torch.jit.load' directly to silence this warning)
  data = torch.load(path, map_location=device, weights_only=True)
/home/xianyang/miniconda3/envs/t3-aimnet/lib/python3.11/site-packages/torch/jit/_serialization.py:176: FutureWarning: `torch.jit.load` is deprecated. Please switch to `torch.export`.
  warnings.warn(
/home/xianyang/miniconda3/envs/t3-aimnet/lib/python3.11/site-packages/torch/jit/_serialization.py:176: FutureWarning: `torch.jit.load` is deprecated. Please switch to `torch.export`.
  warnings.warn(
1/10 mol_id=6098 Eint=-133.378 desolv=15.990 strain=26.166 score=-91.222 steps=321 converged=True
2/10 mol_id=37405 Eint=-107.227 desolv=16.525 strain=28.800 score=-61.902 steps=716 converged=True
3/10 mol_id=39528 Eint=-115.872 desolv=16.053 strain=16.286 score=-83.533 steps=484 converged=True
4/10 mol_id=45129 Eint=-124.809 desolv=17.116 strain=26.474 score=-81.219 steps=613 converged=True
5/10 mol_id=92266 Eint=-121.392 desolv=15.630 strain=28.905 score=-76.857 steps=525 converged=True
6/10 mol_id=100282 Eint=-109.681 desolv=9.544 strain=26.609 score=-73.529 steps=526 converged=True
7/10 mol_id=106630 Eint=-182.514 desolv=18.412 strain=32.215 score=-131.888 steps=757 converged=True
8/10 mol_id=116620 Eint=-95.086 desolv=17.284 strain=32.335 score=-45.467 steps=626 converged=True
9/10 mol_id=126317 Eint=-129.364 desolv=11.815 strain=32.035 score=-85.513 steps=501 converged=True
10/10 mol_id=140178 Eint=-144.915 desolv=14.941 strain=65.165 score=-64.810 steps=761 converged=True
wrote 10 rows to /home/xianyang/aimnet2_score_pipelines/work/fixed-pocket-benchmarks-20260906/t3/L2/P08254/aimnet2_score.csv in 77.45 s
{
  "scope": "reference reconstruction; not an exact reproduction of the unreleased AIMNet2(Score) workflow",
  "score_definition": "Eint + Edesolv + ELCSE; lower is better",
  "interaction_geometry": "fixed_pocket_gas_minimized_v1",
  "pocket": "/home/xianyang/aimnet2_score_pipelines/work/correction-20260906/t3/L2/P08254/pocket.pdb",
  "pocket_charge": 0,
  "gas_model": "/home/xianyang/t3-aimnet-models/aimnet2_wb97m_0.jpt",
  "cpcm_model": "/home/xianyang/t3-aimnet-models/wb97m_cpcms_v2_0.jpt",
  "complex_fmax_ev_a": 0.002,
  "complex_max_steps": 1000,
  "n_complex_optimization_converged": 10,
  "minimized_poses": "/home/xianyang/aimnet2_score_pipelines/work/fixed-pocket-benchmarks-20260906/t3/L2/P08254/aimnet2_score.minimized.sdf",
  "bound_refinement": "gas-phase ligand-in-fixed-pocket FIRE; no isolated bound refinement",
  "n_requested": 10,
  "n_scored": 10,
  "n_errors": 0,
  "n_optimization_converged": 10,
  "elapsed_seconds_this_run": 77.44549100999939,
  "output": "/home/xianyang/aimnet2_score_pipelines/work/fixed-pocket-benchmarks-20260906/t3/L2/P08254/aimnet2_score.csv"
}
 mol_id  aimnet_interaction_kcal_mol  desolvation_kcal_mol  local_strain_kcal_mol  aimnet2_composite_kcal_mol  optimization_converged
   6098                  -133.377852             15.990433              26.165733                  -91.221685                    True
  37405                  -107.227046             16.524602              28.800266                  -61.902178                    True
  39528                  -115.872187             16.053380              16.285591                  -83.533216                    True
  45129                  -124.808862             17.116341              26.474001                  -81.218520                    True
  92266                  -121.392463             15.630426              28.904821                  -76.857216                    True
 100282                  -109.681436              9.543909              26.608778                  -73.528749                    True
 106630                  -182.514106             18.411525              32.214603                 -131.887979                    True
 116620                   -95.085646             17.283602              32.335126                  -45.466918                    True
 126317                  -129.363653             11.815008              32.035352                  -85.513293                    True
 140178                  -144.915195             14.940975              65.164714                  -64.809506                    True
