Bound geometry uses fixed-pocket gas FIRE. Legacy CPCM bound-refinement options are ignored.
/home/xianyang/miniconda3/envs/t3-aimnet/lib/python3.11/site-packages/aimnet/models/base.py:85: UserWarning: 'torch.load' received a zip file that looks like a TorchScript archive dispatching to 'torch.jit.load' (call 'torch.jit.load' directly to silence this warning)
  data = torch.load(path, map_location=device, weights_only=True)
/home/xianyang/miniconda3/envs/t3-aimnet/lib/python3.11/site-packages/torch/jit/_serialization.py:176: FutureWarning: `torch.jit.load` is deprecated. Please switch to `torch.export`.
  warnings.warn(
/home/xianyang/miniconda3/envs/t3-aimnet/lib/python3.11/site-packages/torch/jit/_serialization.py:176: FutureWarning: `torch.jit.load` is deprecated. Please switch to `torch.export`.
  warnings.warn(
1/10 mol_id=112 Eint=-92.265 desolv=7.343 strain=33.584 score=-51.337 steps=624 converged=True
2/10 mol_id=24305 Eint=-50.512 desolv=5.786 strain=23.571 score=-21.155 steps=623 converged=True
3/10 mol_id=30752 Eint=-62.504 desolv=14.965 strain=21.328 score=-26.211 steps=386 converged=True
4/10 mol_id=47527 Eint=-93.902 desolv=9.165 strain=49.740 score=-34.997 steps=326 converged=True
5/10 mol_id=84736 Eint=-5.484 desolv=7.146 strain=27.745 score=29.407 steps=790 converged=True
6/10 mol_id=84780 Eint=-164.748 desolv=12.779 strain=60.973 score=-90.996 steps=659 converged=True
7/10 mol_id=100492 Eint=-79.561 desolv=0.408 strain=94.473 score=15.320 steps=810 converged=True
8/10 mol_id=113723 Eint=-30.632 desolv=1.080 strain=29.510 score=-0.042 steps=692 converged=True
9/10 mol_id=118056 Eint=-63.378 desolv=12.028 strain=26.322 score=-25.028 steps=448 converged=True
10/10 mol_id=142820 Eint=-265.449 desolv=14.725 strain=133.077 score=-117.646 steps=713 converged=True
wrote 10 rows to /home/xianyang/aimnet2_score_pipelines/work/fixed-pocket-benchmarks-20260906/t3/L4/Q13724/aimnet2_score.csv in 163.65 s
{
  "scope": "reference reconstruction; not an exact reproduction of the unreleased AIMNet2(Score) workflow",
  "score_definition": "Eint + Edesolv + ELCSE; lower is better",
  "interaction_geometry": "fixed_pocket_gas_minimized_v1",
  "pocket": "/home/xianyang/aimnet2_score_pipelines/work/correction-20260906/t3/L4/Q13724/pocket.pdb",
  "pocket_charge": 0,
  "gas_model": "/home/xianyang/t3-aimnet-models/aimnet2_wb97m_0.jpt",
  "cpcm_model": "/home/xianyang/t3-aimnet-models/wb97m_cpcms_v2_0.jpt",
  "complex_fmax_ev_a": 0.002,
  "complex_max_steps": 1000,
  "n_complex_optimization_converged": 9,
  "minimized_poses": "/home/xianyang/aimnet2_score_pipelines/work/fixed-pocket-benchmarks-20260906/t3/L4/Q13724/aimnet2_score.minimized.sdf",
  "bound_refinement": "gas-phase ligand-in-fixed-pocket FIRE; no isolated bound refinement",
  "n_requested": 10,
  "n_scored": 10,
  "n_errors": 0,
  "n_optimization_converged": 10,
  "elapsed_seconds_this_run": 163.64709876687266,
  "output": "/home/xianyang/aimnet2_score_pipelines/work/fixed-pocket-benchmarks-20260906/t3/L4/Q13724/aimnet2_score.csv"
}
 mol_id  aimnet_interaction_kcal_mol  desolvation_kcal_mol  local_strain_kcal_mol  aimnet2_composite_kcal_mol  optimization_converged
    112                   -92.264970              7.343426              33.584403                  -51.337141                    True
  24305                   -50.511714              5.785863              23.570622                  -21.155229                    True
  30752                   -62.504387             14.964942              21.328221                  -26.211223                    True
  47527                   -93.902087              9.164863              49.740057                  -34.997168                    True
  84736                    -5.484127              7.146331              27.745141                   29.407345                    True
  84780                  -164.747874             12.778788              60.972842                  -90.996244                    True
 100492                   -79.560788              0.408444              94.472804                   15.320460                    True
 113723                   -30.632134              1.080051              29.510475                   -0.041608                    True
 118056                   -63.378182             12.028105              26.321594                  -25.028484                    True
 142820                  -265.448714             14.725104             133.077313                 -117.646297                    True
