Bound geometry uses fixed-pocket gas FIRE. Legacy CPCM bound-refinement options are ignored.
/home/xianyang/miniconda3/envs/t3-aimnet/lib/python3.11/site-packages/aimnet/models/base.py:85: UserWarning: 'torch.load' received a zip file that looks like a TorchScript archive dispatching to 'torch.jit.load' (call 'torch.jit.load' directly to silence this warning)
  data = torch.load(path, map_location=device, weights_only=True)
/home/xianyang/miniconda3/envs/t3-aimnet/lib/python3.11/site-packages/torch/jit/_serialization.py:176: FutureWarning: `torch.jit.load` is deprecated. Please switch to `torch.export`.
  warnings.warn(
/home/xianyang/miniconda3/envs/t3-aimnet/lib/python3.11/site-packages/torch/jit/_serialization.py:176: FutureWarning: `torch.jit.load` is deprecated. Please switch to `torch.export`.
  warnings.warn(
1/10 mol_id=112 Eint=-103.043 desolv=7.262 strain=17.906 score=-77.875 steps=915 converged=True
2/10 mol_id=24305 Eint=-95.855 desolv=4.425 strain=16.971 score=-74.460 steps=569 converged=True
3/10 mol_id=30752 Eint=-51.011 desolv=16.076 strain=11.631 score=-23.304 steps=310 converged=True
4/10 mol_id=47527 Eint=-92.990 desolv=6.967 strain=14.145 score=-71.878 steps=547 converged=True
5/10 mol_id=84736 Eint=-95.902 desolv=6.815 strain=16.525 score=-72.562 steps=812 converged=True
6/10 mol_id=84780 Eint=-97.780 desolv=4.413 strain=16.847 score=-76.519 steps=542 converged=True
7/10 mol_id=100492 Eint=-98.731 desolv=2.539 strain=19.476 score=-76.717 steps=775 converged=True
8/10 mol_id=113723 Eint=-85.375 desolv=2.222 strain=11.368 score=-71.785 steps=576 converged=True
9/10 mol_id=118056 Eint=-64.224 desolv=11.699 strain=14.496 score=-38.029 steps=357 converged=True
10/10 mol_id=142820 Eint=-86.121 desolv=2.167 strain=16.983 score=-66.971 steps=542 converged=True
wrote 10 rows to /home/xianyang/aimnet2_score_pipelines/work/aimnet2025-benchmarks-20260906/t3/L4/Q13724/aimnet2_score.csv in 84.78 s
{
  "scope": "reference reconstruction; not an exact reproduction of the unreleased AIMNet2(Score) workflow",
  "score_definition": "Eint + Edesolv + ELCSE; lower is better",
  "interaction_geometry": "fixed_pocket_aimnet2025_minimized_v2",
  "pocket": "/home/xianyang/aimnet2_score_pipelines/work/correction-20260906/t3/L4/Q13724/pocket.pdb",
  "pocket_charge": 0,
  "gas_model": "/home/xianyang/t3-aimnet-models/aimnet2_wb97m_0.jpt",
  "interaction_model": "aimnet2-2025",
  "interaction_members": [
    "aimnet2-2025"
  ],
  "cpcm_model": "/home/xianyang/t3-aimnet-models/wb97m_cpcms_v2_0.jpt",
  "complex_fmax_ev_a": 0.002,
  "complex_max_steps": 1000,
  "n_complex_optimization_converged": 9,
  "minimized_poses": "/home/xianyang/aimnet2_score_pipelines/work/aimnet2025-benchmarks-20260906/t3/L4/Q13724/aimnet2_score.minimized.sdf",
  "bound_refinement": "AIMNet2(2025) ligand-in-fixed-pocket FIRE; no isolated bound refinement",
  "n_requested": 10,
  "n_scored": 10,
  "n_errors": 0,
  "n_optimization_converged": 10,
  "elapsed_seconds_this_run": 84.77975039300509,
  "output": "/home/xianyang/aimnet2_score_pipelines/work/aimnet2025-benchmarks-20260906/t3/L4/Q13724/aimnet2_score.csv"
}
 mol_id  aimnet_interaction_kcal_mol  desolvation_kcal_mol  local_strain_kcal_mol  aimnet2_composite_kcal_mol  optimization_converged
    112                  -103.043363              7.261830              17.906116                  -77.875417                    True
  24305                   -95.855084              4.424538              16.970665                  -74.459881                    True
  30752                   -51.010698             16.075722              11.631097                  -23.303880                    True
  47527                   -92.990037              6.967061              14.145313                  -71.877663                    True
  84736                   -95.901535              6.814555              16.525207                  -72.561772                    True
  84780                   -97.779772              4.413051              16.847248                  -76.519473                    True
 100492                   -98.731439              2.538619              19.475689                  -76.717131                    True
 113723                   -85.374769              2.222200              11.367772                  -71.784797                    True
 118056                   -64.223706             11.698886              14.495532                  -38.029289                    True
 142820                   -86.120713              2.166530              16.982726                  -66.971457                    True
