Bound geometry uses fixed-pocket gas FIRE. Legacy CPCM bound-refinement options are ignored.
/home/xianyang/miniconda3/envs/t3-aimnet/lib/python3.11/site-packages/aimnet/models/base.py:85: UserWarning: 'torch.load' received a zip file that looks like a TorchScript archive dispatching to 'torch.jit.load' (call 'torch.jit.load' directly to silence this warning)
  data = torch.load(path, map_location=device, weights_only=True)
/home/xianyang/miniconda3/envs/t3-aimnet/lib/python3.11/site-packages/torch/jit/_serialization.py:176: FutureWarning: `torch.jit.load` is deprecated. Please switch to `torch.export`.
  warnings.warn(
/home/xianyang/miniconda3/envs/t3-aimnet/lib/python3.11/site-packages/torch/jit/_serialization.py:176: FutureWarning: `torch.jit.load` is deprecated. Please switch to `torch.export`.
  warnings.warn(
1/10 mol_id=11473 Eint=-81.120 desolv=16.469 strain=21.938 score=-42.712 steps=470 converged=True
2/10 mol_id=21889 Eint=-132.748 desolv=18.973 strain=35.440 score=-78.335 steps=695 converged=True
3/10 mol_id=22694 Eint=-75.258 desolv=15.517 strain=19.173 score=-40.568 steps=707 converged=True
4/10 mol_id=29796 Eint=-195.563 desolv=36.446 strain=124.086 score=-35.030 steps=722 converged=True
5/10 mol_id=38600 Eint=-77.841 desolv=14.759 strain=17.021 score=-46.061 steps=768 converged=True
6/10 mol_id=42196 Eint=-74.574 desolv=17.583 strain=24.164 score=-32.827 steps=476 converged=True
7/10 mol_id=46584 Eint=-86.127 desolv=12.503 strain=23.370 score=-50.254 steps=376 converged=True
8/10 mol_id=64036 Eint=-72.461 desolv=14.550 strain=14.493 score=-43.418 steps=235 converged=True
9/10 mol_id=115743 Eint=-97.523 desolv=14.438 strain=21.821 score=-61.265 steps=514 converged=True
10/10 mol_id=134241 Eint=-88.540 desolv=18.275 strain=26.699 score=-43.566 steps=456 converged=True
wrote 10 rows to /home/xianyang/aimnet2_score_pipelines/work/aimnet2025-benchmarks-20260906/t3/L4/Q08211/aimnet2_score.csv in 94.72 s
{
  "scope": "reference reconstruction; not an exact reproduction of the unreleased AIMNet2(Score) workflow",
  "score_definition": "Eint + Edesolv + ELCSE; lower is better",
  "interaction_geometry": "fixed_pocket_aimnet2025_minimized_v2",
  "pocket": "/home/xianyang/aimnet2_score_pipelines/work/correction-20260906/t3/L4/Q08211/pocket.pdb",
  "pocket_charge": 0,
  "gas_model": "/home/xianyang/t3-aimnet-models/aimnet2_wb97m_0.jpt",
  "interaction_model": "aimnet2-2025",
  "interaction_members": [
    "aimnet2-2025"
  ],
  "cpcm_model": "/home/xianyang/t3-aimnet-models/wb97m_cpcms_v2_0.jpt",
  "complex_fmax_ev_a": 0.002,
  "complex_max_steps": 1000,
  "n_complex_optimization_converged": 9,
  "minimized_poses": "/home/xianyang/aimnet2_score_pipelines/work/aimnet2025-benchmarks-20260906/t3/L4/Q08211/aimnet2_score.minimized.sdf",
  "bound_refinement": "AIMNet2(2025) ligand-in-fixed-pocket FIRE; no isolated bound refinement",
  "n_requested": 10,
  "n_scored": 10,
  "n_errors": 0,
  "n_optimization_converged": 10,
  "elapsed_seconds_this_run": 94.71965877397452,
  "output": "/home/xianyang/aimnet2_score_pipelines/work/aimnet2025-benchmarks-20260906/t3/L4/Q08211/aimnet2_score.csv"
}
 mol_id  aimnet_interaction_kcal_mol  desolvation_kcal_mol  local_strain_kcal_mol  aimnet2_composite_kcal_mol  optimization_converged
  11473                   -81.119767             16.469228              21.938251                  -42.712289                    True
  21889                  -132.747869             18.973087              35.439597                  -78.335185                    True
  22694                   -75.258028             15.517045              19.173038                  -40.567945                    True
  29796                  -195.562530             36.446250             124.085839                  -35.030441                    True
  38600                   -77.841171             14.758797              17.021198                  -46.061176                    True
  42196                   -74.573998             17.582989              24.164422                  -32.826586                    True
  46584                   -86.126764             12.503173              23.370024                  -50.253568                    True
  64036                   -72.461173             14.549605              14.493111                  -43.418456                    True
 115743                   -97.523231             14.437803              21.820534                  -61.264895                    True
 134241                   -88.540148             18.275427              26.698793                  -43.565928                    True
