Bound geometry uses fixed-pocket gas FIRE. Legacy CPCM bound-refinement options are ignored.
/home/xianyang/miniconda3/envs/t3-aimnet/lib/python3.11/site-packages/aimnet/models/base.py:85: UserWarning: 'torch.load' received a zip file that looks like a TorchScript archive dispatching to 'torch.jit.load' (call 'torch.jit.load' directly to silence this warning)
  data = torch.load(path, map_location=device, weights_only=True)
/home/xianyang/miniconda3/envs/t3-aimnet/lib/python3.11/site-packages/torch/jit/_serialization.py:176: FutureWarning: `torch.jit.load` is deprecated. Please switch to `torch.export`.
  warnings.warn(
/home/xianyang/miniconda3/envs/t3-aimnet/lib/python3.11/site-packages/torch/jit/_serialization.py:176: FutureWarning: `torch.jit.load` is deprecated. Please switch to `torch.export`.
  warnings.warn(
1/9 mol_id=952 Eint=-42.618 desolv=11.537 strain=18.304 score=-12.778 steps=336 converged=True
2/9 mol_id=49559 Eint=-165.353 desolv=22.287 strain=59.503 score=-83.563 steps=641 converged=True
3/9 mol_id=52461 Eint=-58.564 desolv=6.698 strain=14.609 score=-37.257 steps=293 converged=True
4/9 mol_id=55030 Eint=-108.926 desolv=10.655 strain=25.185 score=-73.086 steps=287 converged=True
5/9 mol_id=81279 Eint=-26.494 desolv=3.717 strain=10.455 score=-12.322 steps=405 converged=True
6/9 mol_id=88394 Eint=-50.031 desolv=12.984 strain=20.920 score=-16.127 steps=392 converged=True
7/9 mol_id=95919 Eint=-111.908 desolv=7.222 strain=67.973 score=-36.713 steps=433 converged=True
8/9 mol_id=109885 Eint=-50.461 desolv=7.555 strain=19.758 score=-23.147 steps=298 converged=True
9/9 mol_id=138941 Eint=-63.649 desolv=12.517 strain=19.871 score=-31.262 steps=299 converged=True
wrote 9 rows to /home/xianyang/aimnet2_score_pipelines/work/fixed-pocket-benchmarks-20260906/t3/L1/Q07343/aimnet2_score.csv in 62.39 s
{
  "scope": "reference reconstruction; not an exact reproduction of the unreleased AIMNet2(Score) workflow",
  "score_definition": "Eint + Edesolv + ELCSE; lower is better",
  "interaction_geometry": "fixed_pocket_gas_minimized_v1",
  "pocket": "/home/xianyang/aimnet2_score_pipelines/work/correction-20260906/t3/L1/Q07343/pocket.pdb",
  "pocket_charge": 0,
  "gas_model": "/home/xianyang/t3-aimnet-models/aimnet2_wb97m_0.jpt",
  "cpcm_model": "/home/xianyang/t3-aimnet-models/wb97m_cpcms_v2_0.jpt",
  "complex_fmax_ev_a": 0.002,
  "complex_max_steps": 1000,
  "n_complex_optimization_converged": 8,
  "minimized_poses": "/home/xianyang/aimnet2_score_pipelines/work/fixed-pocket-benchmarks-20260906/t3/L1/Q07343/aimnet2_score.minimized.sdf",
  "bound_refinement": "gas-phase ligand-in-fixed-pocket FIRE; no isolated bound refinement",
  "n_requested": 9,
  "n_scored": 9,
  "n_errors": 0,
  "n_optimization_converged": 9,
  "elapsed_seconds_this_run": 62.3940933820013,
  "output": "/home/xianyang/aimnet2_score_pipelines/work/fixed-pocket-benchmarks-20260906/t3/L1/Q07343/aimnet2_score.csv"
}
 mol_id  aimnet_interaction_kcal_mol  desolvation_kcal_mol  local_strain_kcal_mol  aimnet2_composite_kcal_mol  optimization_converged
    952                   -42.618142             11.536647              18.303909                  -12.777585                    True
  49559                  -165.352661             22.287114              59.502635                  -83.562912                    True
  52461                   -58.563818              6.697780              14.608861                  -37.257177                    True
  55030                  -108.926305             10.655415              25.184587                  -73.086303                    True
  81279                   -26.493527              3.717304              10.454649                  -12.321574                    True
  88394                   -50.031030             12.983822              20.919756                  -16.127452                    True
  95919                  -111.908481              7.222281              67.973303                  -36.712897                    True
 109885                   -50.460685              7.555411              19.758198                  -23.147075                    True
 138941                   -63.649435             12.516580              19.870593                  -31.262261                    True
