Bound geometry uses fixed-pocket gas FIRE. Legacy CPCM bound-refinement options are ignored.
/home/xianyang/miniconda3/envs/t3-aimnet/lib/python3.11/site-packages/aimnet/models/base.py:85: UserWarning: 'torch.load' received a zip file that looks like a TorchScript archive dispatching to 'torch.jit.load' (call 'torch.jit.load' directly to silence this warning)
  data = torch.load(path, map_location=device, weights_only=True)
/home/xianyang/miniconda3/envs/t3-aimnet/lib/python3.11/site-packages/torch/jit/_serialization.py:176: FutureWarning: `torch.jit.load` is deprecated. Please switch to `torch.export`.
  warnings.warn(
/home/xianyang/miniconda3/envs/t3-aimnet/lib/python3.11/site-packages/torch/jit/_serialization.py:176: FutureWarning: `torch.jit.load` is deprecated. Please switch to `torch.export`.
  warnings.warn(
1/20 mol_id=1100 Eint=-497.180 desolv=56.342 strain=138.699 score=-302.139 steps=210 converged=True
2/20 mol_id=2033 Eint=-619.890 desolv=16.871 strain=222.831 score=-380.189 steps=198 converged=True
3/20 mol_id=3086 Eint=-1639.302 desolv=136.208 strain=598.687 score=-904.406 steps=1000 converged=False
4/20 mol_id=4081 Eint=-1143.030 desolv=145.788 strain=398.069 score=-599.172 steps=593 converged=True
5/20 mol_id=5081 Eint=-727.848 desolv=59.732 strain=171.333 score=-496.784 steps=390 converged=True
6/20 mol_id=6037 Eint=-1048.062 desolv=31.311 strain=278.414 score=-738.336 steps=1000 converged=False
7/20 mol_id=7087 Eint=-809.319 desolv=11.490 strain=268.766 score=-529.063 steps=277 converged=True
8/20 mol_id=8081 Eint=-1089.385 desolv=17.854 strain=492.798 score=-578.733 steps=620 converged=True
9/20 mol_id=9037 Eint=-1358.014 desolv=39.045 strain=499.263 score=-819.706 steps=378 converged=True
10/20 mol_id=10008 Eint=-712.910 desolv=49.251 strain=352.540 score=-311.120 steps=510 converged=True
11/20 mol_id=11085 Eint=-599.061 desolv=15.344 strain=238.726 score=-344.991 steps=377 converged=True
12/20 mol_id=12093 Eint=-650.220 desolv=8.239 strain=205.488 score=-436.493 steps=851 converged=True
13/20 mol_id=13047 Eint=-1016.939 desolv=42.900 strain=362.135 score=-611.904 steps=789 converged=True
14/20 mol_id=14050 Eint=-651.887 desolv=17.403 strain=261.078 score=-373.405 steps=1000 converged=False
15/20 mol_id=15030 Eint=-944.170 desolv=99.270 strain=441.959 score=-402.941 steps=393 converged=True
16/20 mol_id=16061 Eint=-526.928 desolv=69.549 strain=308.715 score=-148.663 steps=241 converged=True
17/20 mol_id=17051 Eint=-805.730 desolv=52.485 strain=256.313 score=-496.931 steps=393 converged=True
18/20 mol_id=18019 Eint=-956.196 desolv=20.356 strain=205.441 score=-730.399 steps=678 converged=True
19/20 mol_id=19058 Eint=-600.435 desolv=30.145 strain=302.003 score=-268.287 steps=375 converged=True
20/20 mol_id=20033 Eint=-458.409 desolv=25.228 strain=147.036 score=-286.145 steps=833 converged=True
wrote 20 rows to /home/xianyang/aimnet2_score_pipelines/work/fixed-pocket-benchmarks-20260906/casf/1e66/aimnet2_composite_rerank.csv in 167.65 s
{
  "scope": "reference reconstruction; not an exact reproduction of the unreleased AIMNet2(Score) workflow",
  "score_definition": "Eint + Edesolv + ELCSE; lower is better",
  "interaction_geometry": "fixed_pocket_gas_minimized_v1",
  "pocket": "/home/xianyang/aimnet2_score_pipelines/work/correction-20260906/casf/1e66/pocket.pdb",
  "pocket_charge": 0,
  "gas_model": "/home/xianyang/t3-aimnet-models/aimnet2_wb97m_0.jpt",
  "cpcm_model": "/home/xianyang/t3-aimnet-models/wb97m_cpcms_v2_0.jpt",
  "complex_fmax_ev_a": 0.002,
  "complex_max_steps": 1000,
  "n_complex_optimization_converged": 18,
  "minimized_poses": "/home/xianyang/aimnet2_score_pipelines/work/fixed-pocket-benchmarks-20260906/casf/1e66/aimnet2_composite_rerank.minimized.sdf",
  "bound_refinement": "gas-phase ligand-in-fixed-pocket FIRE; no isolated bound refinement",
  "n_requested": 20,
  "n_scored": 20,
  "n_errors": 0,
  "n_optimization_converged": 17,
  "elapsed_seconds_this_run": 167.6466740820324,
  "output": "/home/xianyang/aimnet2_score_pipelines/work/fixed-pocket-benchmarks-20260906/casf/1e66/aimnet2_composite_rerank.csv",
  "n_actives": 5,
  "n_decoys": 15,
  "ef1_percent": 4.0,
  "ef1_top_n": 1,
  "ef1_actives_in_top_n": 1,
  "auroc": 0.5733333333333334,
  "composite_vs_interaction_spearman": 0.9203007518796992
}
 mol_id  aimnet_interaction_kcal_mol  desolvation_kcal_mol  local_strain_kcal_mol  aimnet2_composite_kcal_mol  optimization_converged
   1100                  -497.179903             56.341838             138.698733                 -302.139331                    True
   2033                  -619.890490             16.870969             222.830669                 -380.188852                    True
   3086                 -1639.301958            136.208102             598.687451                 -904.406405                   False
   4081                 -1143.029607            145.788059             398.069336                 -599.172212                    True
   5081                  -727.847942             59.731535             171.332501                 -496.783906                    True
   6037                 -1048.061689             31.311053             278.414173                 -738.336463                   False
   7087                  -809.319420             11.490313             268.765703                 -529.063404                    True
   8081                 -1089.384903             17.853925             492.798267                 -578.732711                    True
   9037                 -1358.013926             39.045233             499.262686                 -819.706007                    True
  10008                  -712.910259             49.250561             352.540189                 -311.119509                    True
  11085                  -599.061201             15.343802             238.726273                 -344.991127                    True
  12093                  -650.220114              8.238989             205.487700                 -436.493425                    True
  13047                 -1016.938759             42.900478             362.134778                 -611.903503                    True
  14050                  -651.886571             17.403370             261.078449                 -373.404752                   False
  15030                  -944.170143             99.270386             441.959102                 -402.940655                    True
  16061                  -526.927583             69.549271             308.715437                 -148.662876                    True
  17051                  -805.729541             52.485127             256.313219                 -496.931196                    True
  18019                  -956.195913             20.355981             205.440635                 -730.399296                    True
  19058                  -600.434856             30.144672             302.002969                 -268.287215                    True
  20033                  -458.409195             25.227903             147.035844                 -286.145448                    True
