Bound geometry uses fixed-pocket gas FIRE. Legacy CPCM bound-refinement options are ignored.
/home/xianyang/miniconda3/envs/t3-aimnet/lib/python3.11/site-packages/aimnet/models/base.py:85: UserWarning: 'torch.load' received a zip file that looks like a TorchScript archive dispatching to 'torch.jit.load' (call 'torch.jit.load' directly to silence this warning)
  data = torch.load(path, map_location=device, weights_only=True)
/home/xianyang/miniconda3/envs/t3-aimnet/lib/python3.11/site-packages/torch/jit/_serialization.py:176: FutureWarning: `torch.jit.load` is deprecated. Please switch to `torch.export`.
  warnings.warn(
/home/xianyang/miniconda3/envs/t3-aimnet/lib/python3.11/site-packages/torch/jit/_serialization.py:176: FutureWarning: `torch.jit.load` is deprecated. Please switch to `torch.export`.
  warnings.warn(
1/16 mol_id=23706 Eint=-484.766 desolv=4.446 strain=124.611 score=-355.709 steps=545 converged=True
2/16 mol_id=93063 Eint=-171.706 desolv=17.050 strain=92.009 score=-62.647 steps=284 converged=True
3/16 mol_id=25490 Eint=-497.479 desolv=29.341 strain=100.213 score=-367.924 steps=806 converged=True
4/16 mol_id=99711 Eint=-284.358 desolv=22.152 strain=66.143 score=-196.063 steps=548 converged=True
5/16 mol_id=19980 Eint=-221.138 desolv=21.351 strain=57.687 score=-142.100 steps=458 converged=True
6/16 mol_id=107741 Eint=-174.677 desolv=62.384 strain=40.084 score=-72.209 steps=1000 converged=False
7/16 mol_id=50838 Eint=-104.477 desolv=110.241 strain=423.151 score=428.915 steps=1000 converged=False
8/16 mol_id=77986 Eint=-62.240 desolv=8.062 strain=25.958 score=-28.220 steps=346 converged=True
9/16 mol_id=74084 Eint=-157.028 desolv=18.230 strain=83.937 score=-54.861 steps=1000 converged=False
10/16 mol_id=9457 Eint=-466.784 desolv=-1.369 strain=119.379 score=-348.773 steps=863 converged=True
11/16 mol_id=30908 Eint=-33.746 desolv=21.364 strain=111.510 score=99.129 steps=794 converged=True
12/16 mol_id=101684 Eint=-188.779 desolv=16.501 strain=59.293 score=-112.986 steps=358 converged=True
13/16 mol_id=102379 Eint=-333.701 desolv=50.269 strain=91.119 score=-192.314 steps=669 converged=True
14/16 mol_id=101132 Eint=-511.552 desolv=26.350 strain=130.863 score=-354.339 steps=428 converged=True
15/16 mol_id=19285 Eint=-81.849 desolv=33.333 strain=57.453 score=8.937 steps=1000 converged=False
16/16 mol_id=129984 Eint=-427.280 desolv=1.672 strain=296.734 score=-128.874 steps=659 converged=True
wrote 16 rows to /home/xianyang/aimnet2_score_pipelines/work/aimnet2025-benchmarks-20260906/smoke/part2_0/aimnet2_score.csv in 185.65 s
{
  "scope": "reference reconstruction; not an exact reproduction of the unreleased AIMNet2(Score) workflow",
  "score_definition": "Eint + Edesolv + ELCSE; lower is better",
  "interaction_geometry": "fixed_pocket_aimnet2025_minimized_v2",
  "pocket": "/home/xianyang/aimnet2_score_pipelines/work/correction-20260906/smoke/part2/pocket.pdb",
  "pocket_charge": 0,
  "gas_model": "/home/xianyang/t3-aimnet-models/aimnet2_wb97m_0.jpt",
  "interaction_model": "aimnet2-2025",
  "interaction_members": [
    "aimnet2-2025"
  ],
  "cpcm_model": "/home/xianyang/t3-aimnet-models/wb97m_cpcms_v2_0.jpt",
  "complex_fmax_ev_a": 0.002,
  "complex_max_steps": 1000,
  "n_complex_optimization_converged": 9,
  "minimized_poses": "/home/xianyang/aimnet2_score_pipelines/work/aimnet2025-benchmarks-20260906/smoke/part2_0/aimnet2_score.minimized.sdf",
  "bound_refinement": "AIMNet2(2025) ligand-in-fixed-pocket FIRE; no isolated bound refinement",
  "n_requested": 16,
  "n_scored": 16,
  "n_errors": 0,
  "n_optimization_converged": 12,
  "elapsed_seconds_this_run": 185.648662556021,
  "output": "/home/xianyang/aimnet2_score_pipelines/work/aimnet2025-benchmarks-20260906/smoke/part2_0/aimnet2_score.csv",
  "n_actives": 4,
  "n_decoys": 12,
  "ef1_percent": 4.0,
  "ef1_top_n": 1,
  "ef1_actives_in_top_n": 1,
  "auroc": 0.8125,
  "composite_vs_interaction_spearman": 0.95
}
 mol_id  aimnet_interaction_kcal_mol  desolvation_kcal_mol  local_strain_kcal_mol  aimnet2_composite_kcal_mol  optimization_converged
  23706                  -484.765934              4.445712             124.611429                 -355.708793                    True
  93063                  -171.705818             17.050442              92.008502                  -62.646875                    True
  25490                  -497.478614             29.341397             100.213101                 -367.924116                    True
  99711                  -284.358441             22.152491              66.142795                 -196.063155                    True
  19980                  -221.138004             21.350893              57.687033                 -142.100077                    True
 107741                  -174.677494             62.384116              40.084366                  -72.209011                   False
  50838                  -104.476908            110.240776             423.150934                  428.914802                   False
  77986                   -62.240301              8.061991              25.958499                  -28.219811                    True
  74084                  -157.028039             18.230051              83.936739                  -54.861250                   False
   9457                  -466.783554             -1.369227             119.379456                 -348.773324                    True
  30908                   -33.745855             21.363963             111.510429                   99.128536                    True
 101684                  -188.779365             16.500709              59.292898                 -112.985758                    True
 102379                  -333.700958             50.268768              91.118689                 -192.313501                    True
 101132                  -511.551676             26.349760             130.862580                 -354.339337                    True
  19285                   -81.849376             33.333120              57.453311                    8.937056                   False
 129984                  -427.280363              1.671977             296.733999                 -128.874388                    True
