Bound geometry uses fixed-pocket gas FIRE. Legacy CPCM bound-refinement options are ignored.
/home/xianyang/miniconda3/envs/t3-aimnet/lib/python3.11/site-packages/aimnet/models/base.py:85: UserWarning: 'torch.load' received a zip file that looks like a TorchScript archive dispatching to 'torch.jit.load' (call 'torch.jit.load' directly to silence this warning)
  data = torch.load(path, map_location=device, weights_only=True)
/home/xianyang/miniconda3/envs/t3-aimnet/lib/python3.11/site-packages/torch/jit/_serialization.py:176: FutureWarning: `torch.jit.load` is deprecated. Please switch to `torch.export`.
  warnings.warn(
/home/xianyang/miniconda3/envs/t3-aimnet/lib/python3.11/site-packages/torch/jit/_serialization.py:176: FutureWarning: `torch.jit.load` is deprecated. Please switch to `torch.export`.
  warnings.warn(
1/2 mol_id=2902 Eint=-204.203 desolv=-4.171 strain=105.744 score=-102.630 steps=1000 converged=False
2/2 mol_id=2352 Eint=-179.799 desolv=24.857 strain=57.409 score=-97.533 steps=391 converged=True
wrote 2 rows to /home/xianyang/aimnet2_score_pipelines/work/t3-smoke-L123-20260908/fast/benchmark-1788888293726520314/parallel0.csv in 37.24 s
{
  "scope": "reference reconstruction; not an exact reproduction of the unreleased AIMNet2(Score) workflow",
  "score_definition": "Eint + Edesolv + ELCSE; lower is better",
  "interaction_geometry": "fixed_pocket_aimnet2025_minimized_v2",
  "pocket": "/data/user_data/xianyang/t3-smoke-L123-20260908/L1/O00141/pocket.pdb",
  "pocket_charge": 0,
  "gas_model": "/home/xianyang/t3-aimnet-models/aimnet2_wb97m_0.jpt",
  "interaction_model": "aimnet2-2025",
  "interaction_members": [
    "aimnet2-2025"
  ],
  "cpcm_model": "/home/xianyang/t3-aimnet-models/wb97m_cpcms_v2_0.jpt",
  "complex_fmax_ev_a": 0.002,
  "complex_max_steps": 1000,
  "n_complex_optimization_converged": 2,
  "minimized_poses": "/home/xianyang/aimnet2_score_pipelines/work/t3-smoke-L123-20260908/fast/benchmark-1788888293726520314/parallel0.minimized.sdf",
  "bound_refinement": "AIMNet2(2025) ligand-in-fixed-pocket FIRE; no isolated bound refinement",
  "n_requested": 2,
  "n_scored": 2,
  "n_errors": 0,
  "n_optimization_converged": 1,
  "elapsed_seconds_this_run": 37.243089977884665,
  "output": "/home/xianyang/aimnet2_score_pipelines/work/t3-smoke-L123-20260908/fast/benchmark-1788888293726520314/parallel0.csv"
}
 mol_id  aimnet_interaction_kcal_mol  desolvation_kcal_mol  local_strain_kcal_mol  aimnet2_composite_kcal_mol  optimization_converged
   2902                  -204.202605              -4.17112             105.744142                 -102.629583                   False
   2352                  -179.799422              24.85747              57.409069                  -97.532883                    True
