Bound geometry uses fixed-pocket gas FIRE. Legacy CPCM bound-refinement options are ignored.
/home/xianyang/miniconda3/envs/t3-aimnet/lib/python3.11/site-packages/aimnet/models/base.py:85: UserWarning: 'torch.load' received a zip file that looks like a TorchScript archive dispatching to 'torch.jit.load' (call 'torch.jit.load' directly to silence this warning)
  data = torch.load(path, map_location=device, weights_only=True)
/home/xianyang/miniconda3/envs/t3-aimnet/lib/python3.11/site-packages/torch/jit/_serialization.py:176: FutureWarning: `torch.jit.load` is deprecated. Please switch to `torch.export`.
  warnings.warn(
/home/xianyang/miniconda3/envs/t3-aimnet/lib/python3.11/site-packages/torch/jit/_serialization.py:176: FutureWarning: `torch.jit.load` is deprecated. Please switch to `torch.export`.
  warnings.warn(
1/4 mol_id=2902 Eint=-204.274 desolv=-4.191 strain=105.843 score=-102.621 steps=1000 converged=False
2/4 mol_id=2188 Eint=-308.552 desolv=29.278 strain=228.863 score=-50.411 steps=1000 converged=False
3/4 mol_id=2352 Eint=-179.796 desolv=24.859 strain=57.411 score=-97.526 steps=395 converged=True
4/4 mol_id=3055 Eint=-189.723 desolv=18.597 strain=204.741 score=33.615 steps=1000 converged=False
wrote 4 rows to /home/xianyang/aimnet2_score_pipelines/work/t3-smoke-L123-20260908/fast/benchmark-1788888293726520314/serial.csv in 71.62 s
{
  "scope": "reference reconstruction; not an exact reproduction of the unreleased AIMNet2(Score) workflow",
  "score_definition": "Eint + Edesolv + ELCSE; lower is better",
  "interaction_geometry": "fixed_pocket_aimnet2025_minimized_v2",
  "pocket": "/data/user_data/xianyang/t3-smoke-L123-20260908/L1/O00141/pocket.pdb",
  "pocket_charge": 0,
  "gas_model": "/home/xianyang/t3-aimnet-models/aimnet2_wb97m_0.jpt",
  "interaction_model": "aimnet2-2025",
  "interaction_members": [
    "aimnet2-2025"
  ],
  "cpcm_model": "/home/xianyang/t3-aimnet-models/wb97m_cpcms_v2_0.jpt",
  "complex_fmax_ev_a": 0.002,
  "complex_max_steps": 1000,
  "n_complex_optimization_converged": 3,
  "minimized_poses": "/home/xianyang/aimnet2_score_pipelines/work/t3-smoke-L123-20260908/fast/benchmark-1788888293726520314/serial.minimized.sdf",
  "bound_refinement": "AIMNet2(2025) ligand-in-fixed-pocket FIRE; no isolated bound refinement",
  "n_requested": 4,
  "n_scored": 4,
  "n_errors": 0,
  "n_optimization_converged": 1,
  "elapsed_seconds_this_run": 71.621022074949,
  "output": "/home/xianyang/aimnet2_score_pipelines/work/t3-smoke-L123-20260908/fast/benchmark-1788888293726520314/serial.csv"
}
 mol_id  aimnet_interaction_kcal_mol  desolvation_kcal_mol  local_strain_kcal_mol  aimnet2_composite_kcal_mol  optimization_converged
   2902                  -204.273583             -4.190819             105.843435                 -102.620968                   False
   2188                  -308.551953             29.278449             228.862861                  -50.410643                   False
   2352                  -179.795609             24.858824              57.410705                  -97.526080                    True
   3055                  -189.722875             18.596985             204.740748                   33.614857                   False
