Bound geometry uses fixed-pocket gas FIRE. Legacy CPCM bound-refinement options are ignored.
/home/xianyang/miniconda3/envs/t3-aimnet/lib/python3.11/site-packages/aimnet/models/base.py:85: UserWarning: 'torch.load' received a zip file that looks like a TorchScript archive dispatching to 'torch.jit.load' (call 'torch.jit.load' directly to silence this warning)
  data = torch.load(path, map_location=device, weights_only=True)
/home/xianyang/miniconda3/envs/t3-aimnet/lib/python3.11/site-packages/torch/jit/_serialization.py:176: FutureWarning: `torch.jit.load` is deprecated. Please switch to `torch.export`.
  warnings.warn(
/home/xianyang/miniconda3/envs/t3-aimnet/lib/python3.11/site-packages/torch/jit/_serialization.py:176: FutureWarning: `torch.jit.load` is deprecated. Please switch to `torch.export`.
  warnings.warn(
1/20 mol_id=1088 Eint=-838.479 desolv=49.213 strain=339.630 score=-449.636 steps=308 converged=True
2/20 mol_id=2003 Eint=-515.515 desolv=14.036 strain=190.469 score=-311.010 steps=707 converged=True
3/20 mol_id=3090 Eint=-530.940 desolv=68.856 strain=176.009 score=-286.075 steps=187 converged=True
4/20 mol_id=4003 Eint=-730.739 desolv=38.361 strain=280.318 score=-412.060 steps=478 converged=True
5/20 mol_id=5034 Eint=-938.671 desolv=9.164 strain=275.644 score=-653.862 steps=519 converged=True
6/20 mol_id=6092 Eint=-667.836 desolv=61.734 strain=273.823 score=-332.279 steps=356 converged=True
7/20 mol_id=7100 Eint=-793.428 desolv=52.128 strain=301.187 score=-440.113 steps=273 converged=True
8/20 mol_id=8096 Eint=-789.789 desolv=56.904 strain=241.900 score=-490.985 steps=338 converged=True
9/20 mol_id=9100 Eint=-159.027 desolv=61.219 strain=23.527 score=-74.281 steps=135 converged=True
10/20 mol_id=10094 Eint=-873.515 desolv=44.964 strain=356.437 score=-472.114 steps=341 converged=True
11/20 mol_id=11098 Eint=-199.088 desolv=27.976 strain=46.425 score=-124.687 steps=390 converged=True
12/20 mol_id=12080 Eint=-391.043 desolv=64.525 strain=126.233 score=-200.285 steps=204 converged=True
13/20 mol_id=13005 Eint=-513.446 desolv=90.733 strain=247.199 score=-175.513 steps=276 converged=True
14/20 mol_id=14089 Eint=-299.457 desolv=22.728 strain=59.406 score=-217.323 steps=244 converged=True
15/20 mol_id=15013 Eint=28.308 desolv=44.755 strain=6.239 score=79.301 steps=597 converged=True
16/20 mol_id=16003 Eint=-544.706 desolv=76.564 strain=152.642 score=-315.500 steps=202 converged=True
17/20 mol_id=17043 Eint=-867.913 desolv=43.987 strain=262.889 score=-561.038 steps=525 converged=True
18/20 mol_id=18097 Eint=-992.436 desolv=31.954 strain=271.078 score=-689.405 steps=195 converged=True
19/20 mol_id=19010 Eint=-675.178 desolv=12.615 strain=259.977 score=-402.586 steps=171 converged=True
20/20 mol_id=20088 Eint=-384.512 desolv=18.186 strain=66.602 score=-299.724 steps=141 converged=True
wrote 20 rows to /home/xianyang/aimnet2_score_pipelines/work/fixed-pocket-benchmarks-20260906/casf/2vvn/aimnet2_composite_rerank.csv in 117.23 s
{
  "scope": "reference reconstruction; not an exact reproduction of the unreleased AIMNet2(Score) workflow",
  "score_definition": "Eint + Edesolv + ELCSE; lower is better",
  "interaction_geometry": "fixed_pocket_gas_minimized_v1",
  "pocket": "/home/xianyang/aimnet2_score_pipelines/work/correction-20260906/casf/2vvn/pocket.pdb",
  "pocket_charge": 0,
  "gas_model": "/home/xianyang/t3-aimnet-models/aimnet2_wb97m_0.jpt",
  "cpcm_model": "/home/xianyang/t3-aimnet-models/wb97m_cpcms_v2_0.jpt",
  "complex_fmax_ev_a": 0.002,
  "complex_max_steps": 1000,
  "n_complex_optimization_converged": 19,
  "minimized_poses": "/home/xianyang/aimnet2_score_pipelines/work/fixed-pocket-benchmarks-20260906/casf/2vvn/aimnet2_composite_rerank.minimized.sdf",
  "bound_refinement": "gas-phase ligand-in-fixed-pocket FIRE; no isolated bound refinement",
  "n_requested": 20,
  "n_scored": 20,
  "n_errors": 0,
  "n_optimization_converged": 20,
  "elapsed_seconds_this_run": 117.22746833809651,
  "output": "/home/xianyang/aimnet2_score_pipelines/work/fixed-pocket-benchmarks-20260906/casf/2vvn/aimnet2_composite_rerank.csv",
  "n_actives": 5,
  "n_decoys": 15,
  "ef1_percent": 0.0,
  "ef1_top_n": 1,
  "ef1_actives_in_top_n": 0,
  "auroc": 0.64,
  "composite_vs_interaction_spearman": 0.9669172932330825
}
 mol_id  aimnet_interaction_kcal_mol  desolvation_kcal_mol  local_strain_kcal_mol  aimnet2_composite_kcal_mol  optimization_converged
   1088                  -838.478693             49.212602             339.630018                 -449.636073                    True
   2003                  -515.515109             14.035884             190.469326                 -311.009899                    True
   3090                  -530.939991             68.855859             176.009242                 -286.074890                    True
   4003                  -730.739133             38.360671             280.318335                 -412.060127                    True
   5034                  -938.670684              9.164240             275.644092                 -653.862352                    True
   6092                  -667.835966             61.733822             273.822904                 -332.279240                    True
   7100                  -793.427823             52.127883             301.187064                 -440.112876                    True
   8096                  -789.789025             56.903664             241.900310                 -490.985051                    True
   9100                  -159.026591             61.219293              23.526549                  -74.280750                    True
  10094                  -873.514931             44.963864             356.437082                 -472.113985                    True
  11098                  -199.088224             27.976282              46.424785                 -124.687158                    True
  12080                  -391.042641             64.524740             126.232679                 -200.285222                    True
  13005                  -513.446032             90.733399             247.199229                 -175.513404                    True
  14089                  -299.456801             22.727700              59.406014                 -217.323087                    True
  15013                    28.307541             44.754546               6.239316                   79.301402                    True
  16003                  -544.706251             76.564218             152.641806                 -315.500227                    True
  17043                  -867.912830             43.986571             262.888652                 -561.037608                    True
  18097                  -992.436497             31.953640             271.077708                 -689.405149                    True
  19010                  -675.177786             12.614595             259.977255                 -402.585935                    True
  20088                  -384.512053             18.185981              66.601760                 -299.724312                    True
