pocket_atoms=752 poses=2000 cuda=True
processed=4/2000
processed=100/2000
processed=200/2000
processed=300/2000
processed=400/2000
processed=500/2000
processed=600/2000
processed=700/2000
processed=800/2000
processed=900/2000
processed=1000/2000
processed=1100/2000
processed=1200/2000
processed=1300/2000
processed=1400/2000
processed=1500/2000
processed=1600/2000
processed=1700/2000
processed=1800/2000
processed=1900/2000
processed=2000/2000
{
  "score_definition": "E_complex - E_pocket - E_ligand; lower is better",
  "n_input_poses": 2000,
  "n_scored_poses": 2000,
  "n_ligands": 20,
  "n_best_poses": 20,
  "pocket_atoms": 752,
  "pocket_formal_charge": 0,
  "elapsed_seconds": 16.881430864334106
}
 mol_id ligand_pdb  pose_index  label  ligunity_rank  ligunity_score  formal_charge  aimnet_complex_eV  aimnet_pocket_eV  aimnet_ligand_eV  aimnet_interaction_kcal_mol error  aimnet_interaction_rank
   5047       3ag9          47      1              5        0.801270              1     -970458.435973    -882595.857505     -87846.726102                  -365.564254                              1
  17059       3uri          59      0             17        0.263184              1     -975346.849080    -882595.857505     -92738.250435                  -293.817676                              2
  14078       3pww          78      0             14        0.263184              1     -941983.227905    -882595.857505     -59380.024088                  -169.409990                              3
   2079       1ydr          79      1              2        0.801270              1     -916791.531192    -882595.857505     -34188.460670                  -166.336132                              4
   3097       1ydt          97      1              3        0.801270              1     -993129.180232    -882595.857505    -110526.317082                  -161.554013                              5
   6100       2qnq         100      0              6        0.366211              1     -973537.339023    -882595.857505     -90934.600538                  -158.679176                              6
  15094       3prs          94      0             15        0.263184              0     -962568.354339    -882595.857505     -79965.833905                  -153.650812                              7
  16073       2v00          73      0             16        0.263184              0     -901765.582044    -882595.857505     -19163.224259                  -149.900033                              8
  11088       3oe5          88      0             11        0.322510              0     -934270.108546    -882595.857505     -51668.085861                  -142.172445                              9
   8038       3o9i          38      0              8        0.333984              0     -954767.100827    -882595.857505     -72165.584692                  -130.491099                             10
   4096       1q8u          96      1              4        0.801270              1     -918928.625589    -882595.857505     -36327.130645                  -130.002439                             11
   9083       3nw9          83      0              9        0.322510              0     -932377.209122    -882595.857505     -49776.113187                  -120.801075                             12
   1027       1q8t          27      1              1        0.801270              1     -903978.527353    -882595.857505     -21377.650407                  -115.751058                             13
  20071       3kr8          71      0             20        0.257812              0     -921297.466479    -882595.857505     -38696.688359                  -113.472106                             14
  18036       3wz8          36      0             18        0.263184              0     -930387.492636    -882595.857505     -47786.719797                  -113.350296                             15
  10092       3ozt          92      0             10        0.322510              0     -925480.158629    -882595.857505     -42879.713427                  -105.794813                             16
  13078       3oe4          78      0             13        0.322510              0     -927885.994314    -882595.857505     -45285.789035                  -100.262053                             17
   7084       1g2k          84      0              7        0.365234              0     -948063.027620    -882595.857505     -65462.867969                   -99.209849                             18
  12076       3ozs          76      0             12        0.322510              0     -932002.401117    -882595.857505     -49402.617949                   -90.527957                             19
  19001       4kzq           1      0             19        0.257812              0     -904447.836630    -882595.857505     -21848.368425                   -83.264718                             20
