2026-09-08 13:24:53 METRIC_TESTS_PASSED
[13:24:53] Warning: molecule is tagged as 2D, but at least one Z coordinate is not zero. Marking the mol as 3D.
[13:24:53] Warning: molecule is tagged as 2D, but at least one Z coordinate is not zero. Marking the mol as 3D.
[13:24:53] Warning: molecule is tagged as 2D, but at least one Z coordinate is not zero. Marking the mol as 3D.
[13:24:53] Warning: molecule is tagged as 2D, but at least one Z coordinate is not zero. Marking the mol as 3D.
[13:24:53] Warning: molecule is tagged as 2D, but at least one Z coordinate is not zero. Marking the mol as 3D.
[13:24:53] Warning: molecule is tagged as 2D, but at least one Z coordinate is not zero. Marking the mol as 3D.
[13:24:53] Warning: molecule is tagged as 2D, but at least one Z coordinate is not zero. Marking the mol as 3D.
[13:24:53] Warning: molecule is tagged as 2D, but at least one Z coordinate is not zero. Marking the mol as 3D.
[13:24:53] Warning: molecule is tagged as 2D, but at least one Z coordinate is not zero. Marking the mol as 3D.
[13:24:53] Warning: molecule is tagged as 2D, but at least one Z coordinate is not zero. Marking the mol as 3D.
[13:24:53] Warning: molecule is tagged as 2D, but at least one Z coordinate is not zero. Marking the mol as 3D.
[13:24:53] Warning: molecule is tagged as 2D, but at least one Z coordinate is not zero. Marking the mol as 3D.
[13:24:53] Warning: molecule is tagged as 2D, but at least one Z coordinate is not zero. Marking the mol as 3D.
[13:24:53] Warning: molecule is tagged as 2D, but at least one Z coordinate is not zero. Marking the mol as 3D.
[13:24:53] Warning: molecule is tagged as 2D, but at least one Z coordinate is not zero. Marking the mol as 3D.
[13:24:53] Warning: molecule is tagged as 2D, but at least one Z coordinate is not zero. Marking the mol as 3D.
[13:24:53] Warning: molecule is tagged as 2D, but at least one Z coordinate is not zero. Marking the mol as 3D.
[13:24:53] Warning: molecule is tagged as 2D, but at least one Z coordinate is not zero. Marking the mol as 3D.
[13:24:53] Warning: molecule is tagged as 2D, but at least one Z coordinate is not zero. Marking the mol as 3D.
[13:24:53] Warning: molecule is tagged as 2D, but at least one Z coordinate is not zero. Marking the mol as 3D.
[13:24:53] Warning: molecule is tagged as 2D, but at least one Z coordinate is not zero. Marking the mol as 3D.
[13:24:53] Warning: molecule is tagged as 2D, but at least one Z coordinate is not zero. Marking the mol as 3D.
[13:24:53] Warning: molecule is tagged as 2D, but at least one Z coordinate is not zero. Marking the mol as 3D.
[13:24:53] Warning: molecule is tagged as 2D, but at least one Z coordinate is not zero. Marking the mol as 3D.
[13:24:53] Warning: molecule is tagged as 2D, but at least one Z coordinate is not zero. Marking the mol as 3D.
Traceback (most recent call last):
  File "/home/xianyang/aimnet2_score_pipelines/work/t3-smoke-L123-20260908/fast.py", line 417, in <module>
    benchmark()
  File "/home/xianyang/aimnet2_score_pipelines/work/t3-smoke-L123-20260908/fast.py", line 395, in benchmark
    raise RuntimeError("Serial/concurrent score agreement failed")
RuntimeError: Serial/concurrent score agreement failed
