2026-09-08 13:30:47 GPU_READY NVIDIA L40S 0
2026-09-08 13:35:14 CHUNK L1 O14744 100 125 scored 25
2026-09-08 13:40:28 CHUNK L1 C7C422 25 50 scored 25
2026-09-08 13:45:12 CHUNK L2 C7C422 100 125 scored 25
2026-09-08 13:50:13 CHUNK L2 C7C422 75 100 scored 25
2026-09-08 13:55:03 CHUNK L3 A0A1D8PKB4 50 75 scored 25
2026-09-08 14:00:19 CHUNK L2 I6YFP0 200 225 scored 25
2026-09-08 14:05:12 CHUNK L1 O00329 75 100 scored 25
2026-09-08 14:09:48 CHUNK L3 O14638 0 25 scored 25
2026-09-08 14:14:55 CHUNK L2 O00141 150 175 scored 25
2026-09-08 14:19:35 CHUNK L3 O14638 50 75 scored 25
2026-09-08 14:26:35 CHUNK L1 O00444 100 125 scored 25
2026-09-08 14:31:49 CHUNK L3 O14638 75 100 scored 25
2026-09-08 14:36:25 CHUNK L1 O00763 100 125 scored 25
2026-09-08 14:43:12 CHUNK L1 O00763 200 225 scored 25
2026-09-08 14:49:24 CHUNK L2 O00329 0 25 scored 25
2026-09-08 14:54:16 CHUNK L3 O43526 125 150 scored 25
2026-09-08 15:02:40 CHUNK L1 O00763 150 175 scored 25
2026-09-08 15:10:22 CHUNK L3 A0A1D8PKB4 75 100 scored 25
2026-09-08 15:14:57 CHUNK L2 O00329 50 75 scored 25
2026-09-08 15:20:13 CHUNK L2 O00255 25 50 scored 25
2026-09-08 15:24:46 CHUNK L3 O94921 200 225 scored 25
2026-09-08 15:29:15 CHUNK L1 O14744 225 250 scored 25
2026-09-08 15:34:00 CHUNK L2 O00329 75 100 scored 25
2026-09-08 15:41:43 CHUNK L2 O00763 150 175 scored 25
2026-09-08 15:49:29 CHUNK L2 O00763 25 50 scored 25
2026-09-08 16:01:00 CHUNK L1 O15379 100 125 scored 25
[2026-09-08T16:02:12.383] error: *** JOB 10359717 ON babel-s5-28 CANCELLED AT 2026-09-08T16:02:12 DUE to SIGNAL Terminated ***
