2026-09-08 13:31:57 GPU_READY NVIDIA L40S 0
2026-09-08 13:38:31 CHUNK L1 C7C422 150 175 scored 25
2026-09-08 13:45:18 CHUNK L1 C7C422 125 150 scored 25
2026-09-08 13:52:07 CHUNK L2 C7C422 200 225 scored 25
2026-09-08 13:59:18 CHUNK L2 I6YFP0 150 175 scored 25
2026-09-08 14:07:08 CHUNK L1 O00141 200 225 scored 25
2026-09-08 14:15:41 CHUNK L2 I6YFP0 125 150 scored 25
2026-09-08 14:27:29 CHUNK L1 O00444 50 75 scored 25
2026-09-08 14:33:59 CHUNK L2 O00255 200 225 scored 25
2026-09-08 14:45:29 CHUNK L1 O00444 75 100 scored 25
2026-09-08 14:53:56 CHUNK L2 O00255 225 250 scored 25
2026-09-08 15:02:47 CHUNK L3 O94921 100 125 scored 25
2026-09-08 15:12:07 CHUNK L1 O00763 175 200 scored 25
2026-09-08 15:19:31 CHUNK L3 O94921 50 75 scored 25
2026-09-08 15:25:56 CHUNK L2 I6YFP0 0 25 scored 25
2026-09-08 15:33:50 CHUNK L2 O00444 100 125 scored 25
2026-09-08 15:42:18 CHUNK L3 O94921 225 250 scored 25
2026-09-08 15:53:22 CHUNK L3 P05556 125 150 scored 25
2026-09-08 16:02:03 CHUNK L1 O15379 75 100 scored 25
[2026-09-08T16:02:12.679] error: *** JOB 10359720 ON babel-n5-28 CANCELLED AT 2026-09-08T16:02:12 DUE to SIGNAL Terminated ***
