2026-09-08 13:30:47 GPU_READY NVIDIA L40S 0
2026-09-08 13:35:21 CHUNK L1 O14757 100 125 scored 25
2026-09-08 13:40:21 CHUNK L1 C7C422 50 75 scored 25
2026-09-08 13:45:36 CHUNK L2 C7C422 50 75 scored 25
2026-09-08 13:50:28 CHUNK L3 A0A1D8PKB4 25 50 scored 25
2026-09-08 13:55:02 CHUNK L3 A0A1D8PKB4 200 225 scored 24
2026-09-08 13:59:39 CHUNK L1 O00141 175 200 scored 25
2026-09-08 14:04:33 CHUNK L3 C7FF05 0 25 scored 25
2026-09-08 14:09:23 CHUNK L3 C7FF05 50 75 scored 25
2026-09-08 14:14:38 CHUNK L1 C7C422 200 225 scored 25
2026-09-08 14:19:24 CHUNK L3 C7FF05 100 125 scored 25
2026-09-08 14:23:52 CHUNK L2 O00141 0 25 scored 25
2026-09-08 14:30:33 CHUNK L2 O00141 175 200 scored 25
2026-09-08 14:36:47 CHUNK L3 O43526 100 125 scored 25
2026-09-08 14:43:40 CHUNK L1 C7C422 175 200 scored 25
2026-09-08 14:52:01 CHUNK L1 O00329 225 250 scored 25
2026-09-08 15:02:30 CHUNK L3 O14638 125 150 scored 25
2026-09-08 15:11:35 CHUNK L3 P01111 50 75 scored 24
2026-09-08 15:16:28 CHUNK L3 P01111 150 175 scored 25
2026-09-08 15:21:02 CHUNK L2 O00444 50 75 scored 25
2026-09-08 15:25:46 CHUNK L2 O00763 50 75 scored 25
2026-09-08 15:30:40 CHUNK L2 O14733 0 25 scored 25
2026-09-08 15:35:11 CHUNK L2 O00763 125 150 scored 25
2026-09-08 15:42:09 CHUNK L3 P06802 150 175 scored 25
2026-09-08 15:48:27 CHUNK L2 O14744 50 75 scored 25
2026-09-08 15:53:25 CHUNK L2 O00763 100 125 scored 25
[2026-09-08T16:02:12.324] error: *** JOB 10359716 ON babel-o9-28 CANCELLED AT 2026-09-08T16:02:12 DUE to SIGNAL Terminated ***
