2026-09-08 13:31:21 GPU_READY NVIDIA L40S 0
2026-09-08 13:36:09 CHUNK L1 O75469 100 125 scored 25
2026-09-08 13:41:06 CHUNK L1 C7C422 75 100 scored 25
2026-09-08 13:46:28 CHUNK L2 C7C422 125 150 scored 25
2026-09-08 13:51:25 CHUNK L2 C7C422 225 250 scored 25
2026-09-08 13:56:02 CHUNK L2 I6YFP0 50 75 scored 25
2026-09-08 14:01:14 CHUNK L3 C7FF05 25 50 scored 25
2026-09-08 14:06:21 CHUNK L1 O00329 50 75 scored 25
2026-09-08 14:10:57 CHUNK L2 O00141 225 250 scored 25
2026-09-08 14:15:55 CHUNK L3 C7FF05 200 225 scored 25
2026-09-08 14:24:25 CHUNK L2 O00141 100 125 scored 25
2026-09-08 14:29:50 CHUNK L1 O00444 200 225 scored 25
2026-09-08 14:35:08 CHUNK L2 O00255 50 75 scored 25
2026-09-08 14:40:35 CHUNK L1 O00444 225 250 scored 25
2026-09-08 14:45:33 CHUNK L2 O00255 0 25 scored 25
2026-09-08 14:52:00 CHUNK L3 P01111 0 25 scored 25
2026-09-08 14:57:22 CHUNK L3 A0A1D8PKB4 100 125 scored 25
2026-09-08 15:02:38 CHUNK L2 O00329 25 50 scored 25
2026-09-08 15:11:45 CHUNK L3 O94921 175 200 scored 25
2026-09-08 15:16:32 CHUNK L1 O14965 200 225 scored 25
2026-09-08 15:21:36 CHUNK L1 O14757 200 225 scored 25
2026-09-08 15:26:15 CHUNK L3 P05622 100 125 scored 25
2026-09-08 15:31:58 CHUNK L1 O14744 175 200 scored 25
2026-09-08 15:37:09 CHUNK L3 P01111 125 150 scored 24
2026-09-08 15:44:29 CHUNK L1 O14757 225 250 scored 25
2026-09-08 15:52:44 CHUNK L2 O14684 200 225 scored 25
2026-09-08 15:58:58 CHUNK L2 O14684 25 50 scored 25
[2026-09-08T16:02:12.426] error: *** JOB 10359719 ON babel-v9-28 CANCELLED AT 2026-09-08T16:02:12 DUE to SIGNAL Terminated ***
