[13:24:22] Warning: molecule is tagged as 2D, but at least one Z coordinate is not zero. Marking the mol as 3D.
[13:24:22] Warning: molecule is tagged as 2D, but at least one Z coordinate is not zero. Marking the mol as 3D.
[13:24:22] Warning: molecule is tagged as 2D, but at least one Z coordinate is not zero. Marking the mol as 3D.
[13:24:22] Warning: molecule is tagged as 2D, but at least one Z coordinate is not zero. Marking the mol as 3D.
[13:24:22] Warning: molecule is tagged as 2D, but at least one Z coordinate is not zero. Marking the mol as 3D.
[13:24:22] Warning: molecule is tagged as 2D, but at least one Z coordinate is not zero. Marking the mol as 3D.
[13:24:22] Warning: molecule is tagged as 2D, but at least one Z coordinate is not zero. Marking the mol as 3D.
[13:24:22] Warning: molecule is tagged as 2D, but at least one Z coordinate is not zero. Marking the mol as 3D.
[13:24:22] Warning: molecule is tagged as 2D, but at least one Z coordinate is not zero. Marking the mol as 3D.
[13:24:22] Warning: molecule is tagged as 2D, but at least one Z coordinate is not zero. Marking the mol as 3D.
[13:24:22] Warning: molecule is tagged as 2D, but at least one Z coordinate is not zero. Marking the mol as 3D.
[13:24:22] Warning: molecule is tagged as 2D, but at least one Z coordinate is not zero. Marking the mol as 3D.
[13:24:22] Warning: molecule is tagged as 2D, but at least one Z coordinate is not zero. Marking the mol as 3D.
[13:24:22] Warning: molecule is tagged as 2D, but at least one Z coordinate is not zero. Marking the mol as 3D.
[13:24:22] Warning: molecule is tagged as 2D, but at least one Z coordinate is not zero. Marking the mol as 3D.
[13:24:22] Warning: molecule is tagged as 2D, but at least one Z coordinate is not zero. Marking the mol as 3D.
[13:24:22] Warning: molecule is tagged as 2D, but at least one Z coordinate is not zero. Marking the mol as 3D.
[13:24:22] Warning: molecule is tagged as 2D, but at least one Z coordinate is not zero. Marking the mol as 3D.
[13:24:22] Warning: molecule is tagged as 2D, but at least one Z coordinate is not zero. Marking the mol as 3D.
[13:24:22] Warning: molecule is tagged as 2D, but at least one Z coordinate is not zero. Marking the mol as 3D.
[13:24:22] Warning: molecule is tagged as 2D, but at least one Z coordinate is not zero. Marking the mol as 3D.
[13:24:22] Warning: molecule is tagged as 2D, but at least one Z coordinate is not zero. Marking the mol as 3D.
[13:24:22] Warning: molecule is tagged as 2D, but at least one Z coordinate is not zero. Marking the mol as 3D.
[13:24:22] Warning: molecule is tagged as 2D, but at least one Z coordinate is not zero. Marking the mol as 3D.
[13:24:22] Warning: molecule is tagged as 2D, but at least one Z coordinate is not zero. Marking the mol as 3D.
[13:24:22] Warning: molecule is tagged as 2D, but at least one Z coordinate is not zero. Marking the mol as 3D.
[13:24:22] Warning: molecule is tagged as 2D, but at least one Z coordinate is not zero. Marking the mol as 3D.
[13:24:22] Warning: molecule is tagged as 2D, but at least one Z coordinate is not zero. Marking the mol as 3D.
[13:24:22] Warning: molecule is tagged as 2D, but at least one Z coordinate is not zero. Marking the mol as 3D.
[13:24:22] Warning: molecule is tagged as 2D, but at least one Z coordinate is not zero. Marking the mol as 3D.
[13:24:22] Warning: molecule is tagged as 2D, but at least one Z coordinate is not zero. Marking the mol as 3D.
[13:24:22] Warning: molecule is tagged as 2D, but at least one Z coordinate is not zero. Marking the mol as 3D.
[13:24:22] Warning: molecule is tagged as 2D, but at least one Z coordinate is not zero. Marking the mol as 3D.
[13:24:22] Warning: molecule is tagged as 2D, but at least one Z coordinate is not zero. Marking the mol as 3D.
[13:24:22] Warning: molecule is tagged as 2D, but at least one Z coordinate is not zero. Marking the mol as 3D.
[13:24:22] Warning: molecule is tagged as 2D, but at least one Z coordinate is not zero. Marking the mol as 3D.
[13:24:22] Warning: molecule is tagged as 2D, but at least one Z coordinate is not zero. Marking the mol as 3D.
[13:24:22] Warning: molecule is tagged as 2D, but at least one Z coordinate is not zero. Marking the mol as 3D.
[13:24:22] Warning: molecule is tagged as 2D, but at least one Z coordinate is not zero. Marking the mol as 3D.
[13:24:22] Warning: molecule is tagged as 2D, but at least one Z coordinate is not zero. Marking the mol as 3D.
[13:24:22] Warning: molecule is tagged as 2D, but at least one Z coordinate is not zero. Marking the mol as 3D.
[13:24:22] Warning: molecule is tagged as 2D, but at least one Z coordinate is not zero. Marking the mol as 3D.
[13:24:22] Warning: molecule is tagged as 2D, but at least one Z coordinate is not zero. Marking the mol as 3D.
[13:24:22] Warning: molecule is tagged as 2D, but at least one Z coordinate is not zero. Marking the mol as 3D.
[13:24:22] Warning: molecule is tagged as 2D, but at least one Z coordinate is not zero. Marking the mol as 3D.
[13:24:22] Warning: molecule is tagged as 2D, but at least one Z coordinate is not zero. Marking the mol as 3D.
[13:24:22] Warning: molecule is tagged as 2D, but at least one Z coordinate is not zero. Marking the mol as 3D.
[13:24:22] Warning: molecule is tagged as 2D, but at least one Z coordinate is not zero. Marking the mol as 3D.
[13:24:22] Warning: molecule is tagged as 2D, but at least one Z coordinate is not zero. Marking the mol as 3D.
[13:24:22] Warning: molecule is tagged as 2D, but at least one Z coordinate is not zero. Marking the mol as 3D.
[13:24:22] Warning: molecule is tagged as 2D, but at least one Z coordinate is not zero. Marking the mol as 3D.
[13:24:22] Warning: molecule is tagged as 2D, but at least one Z coordinate is not zero. Marking the mol as 3D.
[13:24:22] Warning: molecule is tagged as 2D, but at least one Z coordinate is not zero. Marking the mol as 3D.
[13:24:22] Warning: molecule is tagged as 2D, but at least one Z coordinate is not zero. Marking the mol as 3D.
[13:24:22] Warning: molecule is tagged as 2D, but at least one Z coordinate is not zero. Marking the mol as 3D.
[13:24:22] Warning: molecule is tagged as 2D, but at least one Z coordinate is not zero. Marking the mol as 3D.
[13:24:22] Warning: molecule is tagged as 2D, but at least one Z coordinate is not zero. Marking the mol as 3D.
[13:24:22] Warning: molecule is tagged as 2D, but at least one Z coordinate is not zero. Marking the mol as 3D.
[13:24:22] Warning: molecule is tagged as 2D, but at least one Z coordinate is not zero. Marking the mol as 3D.
[13:24:22] Warning: molecule is tagged as 2D, but at least one Z coordinate is not zero. Marking the mol as 3D.
[13:24:22] Warning: molecule is tagged as 2D, but at least one Z coordinate is not zero. Marking the mol as 3D.
[13:24:22] Warning: molecule is tagged as 2D, but at least one Z coordinate is not zero. Marking the mol as 3D.
[13:24:22] Warning: molecule is tagged as 2D, but at least one Z coordinate is not zero. Marking the mol as 3D.
[13:24:22] Warning: molecule is tagged as 2D, but at least one Z coordinate is not zero. Marking the mol as 3D.
[13:24:22] Warning: molecule is tagged as 2D, but at least one Z coordinate is not zero. Marking the mol as 3D.
[13:24:22] Warning: molecule is tagged as 2D, but at least one Z coordinate is not zero. Marking the mol as 3D.
[13:24:22] Warning: molecule is tagged as 2D, but at least one Z coordinate is not zero. Marking the mol as 3D.
[13:24:22] Warning: molecule is tagged as 2D, but at least one Z coordinate is not zero. Marking the mol as 3D.
[13:24:22] Warning: molecule is tagged as 2D, but at least one Z coordinate is not zero. Marking the mol as 3D.
[13:24:22] Warning: molecule is tagged as 2D, but at least one Z coordinate is not zero. Marking the mol as 3D.
[13:24:22] Warning: molecule is tagged as 2D, but at least one Z coordinate is not zero. Marking the mol as 3D.
[13:24:22] Warning: molecule is tagged as 2D, but at least one Z coordinate is not zero. Marking the mol as 3D.
[13:24:22] Warning: molecule is tagged as 2D, but at least one Z coordinate is not zero. Marking the mol as 3D.
[13:24:22] Warning: molecule is tagged as 2D, but at least one Z coordinate is not zero. Marking the mol as 3D.
[13:24:22] Warning: molecule is tagged as 2D, but at least one Z coordinate is not zero. Marking the mol as 3D.
[13:24:23] Warning: molecule is tagged as 2D, but at least one Z coordinate is not zero. Marking the mol as 3D.
[13:24:23] Warning: molecule is tagged as 2D, but at least one Z coordinate is not zero. Marking the mol as 3D.
[13:24:23] Warning: molecule is tagged as 2D, but at least one Z coordinate is not zero. Marking the mol as 3D.
[13:24:23] Warning: molecule is tagged as 2D, but at least one Z coordinate is not zero. Marking the mol as 3D.
[13:24:23] Warning: molecule is tagged as 2D, but at least one Z coordinate is not zero. Marking the mol as 3D.
[13:24:23] Warning: molecule is tagged as 2D, but at least one Z coordinate is not zero. Marking the mol as 3D.
[13:24:23] Warning: molecule is tagged as 2D, but at least one Z coordinate is not zero. Marking the mol as 3D.
[13:24:23] Warning: molecule is tagged as 2D, but at least one Z coordinate is not zero. Marking the mol as 3D.
[13:24:23] Warning: molecule is tagged as 2D, but at least one Z coordinate is not zero. Marking the mol as 3D.
[13:24:23] Warning: molecule is tagged as 2D, but at least one Z coordinate is not zero. Marking the mol as 3D.
[13:24:23] Warning: molecule is tagged as 2D, but at least one Z coordinate is not zero. Marking the mol as 3D.
[13:24:23] Warning: molecule is tagged as 2D, but at least one Z coordinate is not zero. Marking the mol as 3D.
[13:24:23] Warning: molecule is tagged as 2D, but at least one Z coordinate is not zero. Marking the mol as 3D.
[13:24:23] Warning: molecule is tagged as 2D, but at least one Z coordinate is not zero. Marking the mol as 3D.
[13:24:23] Warning: molecule is tagged as 2D, but at least one Z coordinate is not zero. Marking the mol as 3D.
[13:24:23] Warning: molecule is tagged as 2D, but at least one Z coordinate is not zero. Marking the mol as 3D.
[13:24:23] Warning: molecule is tagged as 2D, but at least one Z coordinate is not zero. Marking the mol as 3D.
[13:24:23] Warning: molecule is tagged as 2D, but at least one Z coordinate is not zero. Marking the mol as 3D.
[13:24:23] Warning: molecule is tagged as 2D, but at least one Z coordinate is not zero. Marking the mol as 3D.
[13:24:23] Warning: molecule is tagged as 2D, but at least one Z coordinate is not zero. Marking the mol as 3D.
[13:24:23] Warning: molecule is tagged as 2D, but at least one Z coordinate is not zero. Marking the mol as 3D.
[13:24:23] Warning: molecule is tagged as 2D, but at least one Z coordinate is not zero. Marking the mol as 3D.
[13:24:23] Warning: molecule is tagged as 2D, but at least one Z coordinate is not zero. Marking the mol as 3D.
[13:24:23] Warning: molecule is tagged as 2D, but at least one Z coordinate is not zero. Marking the mol as 3D.
[13:24:23] Warning: molecule is tagged as 2D, but at least one Z coordinate is not zero. Marking the mol as 3D.
[13:24:23] Warning: molecule is tagged as 2D, but at least one Z coordinate is not zero. Marking the mol as 3D.
[13:24:23] Warning: molecule is tagged as 2D, but at least one Z coordinate is not zero. Marking the mol as 3D.
[13:24:23] Warning: molecule is tagged as 2D, but at least one Z coordinate is not zero. Marking the mol as 3D.
[13:24:23] Warning: molecule is tagged as 2D, but at least one Z coordinate is not zero. Marking the mol as 3D.
[13:24:23] Warning: molecule is tagged as 2D, but at least one Z coordinate is not zero. Marking the mol as 3D.
[13:24:23] Warning: molecule is tagged as 2D, but at least one Z coordinate is not zero. Marking the mol as 3D.
[13:24:23] Warning: molecule is tagged as 2D, but at least one Z coordinate is not zero. Marking the mol as 3D.
[13:24:23] Warning: molecule is tagged as 2D, but at least one Z coordinate is not zero. Marking the mol as 3D.
[13:24:23] Warning: molecule is tagged as 2D, but at least one Z coordinate is not zero. Marking the mol as 3D.
[13:24:23] Warning: molecule is tagged as 2D, but at least one Z coordinate is not zero. Marking the mol as 3D.
[13:24:23] Warning: molecule is tagged as 2D, but at least one Z coordinate is not zero. Marking the mol as 3D.
[13:24:23] Warning: molecule is tagged as 2D, but at least one Z coordinate is not zero. Marking the mol as 3D.
[13:24:23] Warning: molecule is tagged as 2D, but at least one Z coordinate is not zero. Marking the mol as 3D.
[13:24:23] Warning: molecule is tagged as 2D, but at least one Z coordinate is not zero. Marking the mol as 3D.
[13:24:23] Warning: molecule is tagged as 2D, but at least one Z coordinate is not zero. Marking the mol as 3D.
[13:24:23] Warning: molecule is tagged as 2D, but at least one Z coordinate is not zero. Marking the mol as 3D.
[13:24:23] Warning: molecule is tagged as 2D, but at least one Z coordinate is not zero. Marking the mol as 3D.
[13:24:23] Warning: molecule is tagged as 2D, but at least one Z coordinate is not zero. Marking the mol as 3D.
[13:24:23] Warning: molecule is tagged as 2D, but at least one Z coordinate is not zero. Marking the mol as 3D.
[13:24:23] Warning: molecule is tagged as 2D, but at least one Z coordinate is not zero. Marking the mol as 3D.
[13:24:23] Warning: molecule is tagged as 2D, but at least one Z coordinate is not zero. Marking the mol as 3D.
[13:24:23] Warning: molecule is tagged as 2D, but at least one Z coordinate is not zero. Marking the mol as 3D.
[13:24:23] Warning: molecule is tagged as 2D, but at least one Z coordinate is not zero. Marking the mol as 3D.
[13:24:23] Warning: molecule is tagged as 2D, but at least one Z coordinate is not zero. Marking the mol as 3D.
[13:24:23] Warning: molecule is tagged as 2D, but at least one Z coordinate is not zero. Marking the mol as 3D.
[13:24:23] Warning: molecule is tagged as 2D, but at least one Z coordinate is not zero. Marking the mol as 3D.
[13:24:23] Warning: molecule is tagged as 2D, but at least one Z coordinate is not zero. Marking the mol as 3D.
[13:24:23] Warning: molecule is tagged as 2D, but at least one Z coordinate is not zero. Marking the mol as 3D.
[13:24:23] Warning: molecule is tagged as 2D, but at least one Z coordinate is not zero. Marking the mol as 3D.
[13:24:23] Warning: molecule is tagged as 2D, but at least one Z coordinate is not zero. Marking the mol as 3D.
[13:24:23] Warning: molecule is tagged as 2D, but at least one Z coordinate is not zero. Marking the mol as 3D.
[13:24:23] Warning: molecule is tagged as 2D, but at least one Z coordinate is not zero. Marking the mol as 3D.
[13:24:23] Warning: molecule is tagged as 2D, but at least one Z coordinate is not zero. Marking the mol as 3D.
[13:24:23] Warning: molecule is tagged as 2D, but at least one Z coordinate is not zero. Marking the mol as 3D.
[13:24:23] Warning: molecule is tagged as 2D, but at least one Z coordinate is not zero. Marking the mol as 3D.
[13:24:23] Warning: molecule is tagged as 2D, but at least one Z coordinate is not zero. Marking the mol as 3D.
[13:24:23] Warning: molecule is tagged as 2D, but at least one Z coordinate is not zero. Marking the mol as 3D.
[13:24:23] Warning: molecule is tagged as 2D, but at least one Z coordinate is not zero. Marking the mol as 3D.
[13:24:23] Warning: molecule is tagged as 2D, but at least one Z coordinate is not zero. Marking the mol as 3D.
[13:24:23] Warning: molecule is tagged as 2D, but at least one Z coordinate is not zero. Marking the mol as 3D.
[13:24:23] Warning: molecule is tagged as 2D, but at least one Z coordinate is not zero. Marking the mol as 3D.
[13:24:23] Warning: molecule is tagged as 2D, but at least one Z coordinate is not zero. Marking the mol as 3D.
[13:24:23] Warning: molecule is tagged as 2D, but at least one Z coordinate is not zero. Marking the mol as 3D.
[13:24:23] Warning: molecule is tagged as 2D, but at least one Z coordinate is not zero. Marking the mol as 3D.
[13:24:23] Warning: molecule is tagged as 2D, but at least one Z coordinate is not zero. Marking the mol as 3D.
[13:24:23] Warning: molecule is tagged as 2D, but at least one Z coordinate is not zero. Marking the mol as 3D.
[13:24:23] Warning: molecule is tagged as 2D, but at least one Z coordinate is not zero. Marking the mol as 3D.
[13:24:23] Warning: molecule is tagged as 2D, but at least one Z coordinate is not zero. Marking the mol as 3D.
[13:24:23] Warning: molecule is tagged as 2D, but at least one Z coordinate is not zero. Marking the mol as 3D.
[13:24:23] Warning: molecule is tagged as 2D, but at least one Z coordinate is not zero. Marking the mol as 3D.
[13:24:24] Warning: molecule is tagged as 2D, but at least one Z coordinate is not zero. Marking the mol as 3D.
[13:24:24] Warning: molecule is tagged as 2D, but at least one Z coordinate is not zero. Marking the mol as 3D.
[13:24:24] Warning: molecule is tagged as 2D, but at least one Z coordinate is not zero. Marking the mol as 3D.
[13:24:24] Warning: molecule is tagged as 2D, but at least one Z coordinate is not zero. Marking the mol as 3D.
[13:24:24] Warning: molecule is tagged as 2D, but at least one Z coordinate is not zero. Marking the mol as 3D.
[13:24:24] Warning: molecule is tagged as 2D, but at least one Z coordinate is not zero. Marking the mol as 3D.
[13:24:24] Warning: molecule is tagged as 2D, but at least one Z coordinate is not zero. Marking the mol as 3D.
[13:24:24] Warning: molecule is tagged as 2D, but at least one Z coordinate is not zero. Marking the mol as 3D.
[13:24:24] Warning: molecule is tagged as 2D, but at least one Z coordinate is not zero. Marking the mol as 3D.
[13:24:24] Warning: molecule is tagged as 2D, but at least one Z coordinate is not zero. Marking the mol as 3D.
[13:24:24] Warning: molecule is tagged as 2D, but at least one Z coordinate is not zero. Marking the mol as 3D.
[13:24:24] Warning: molecule is tagged as 2D, but at least one Z coordinate is not zero. Marking the mol as 3D.
[13:24:24] Warning: molecule is tagged as 2D, but at least one Z coordinate is not zero. Marking the mol as 3D.
[13:24:24] Warning: molecule is tagged as 2D, but at least one Z coordinate is not zero. Marking the mol as 3D.
[13:24:24] Warning: molecule is tagged as 2D, but at least one Z coordinate is not zero. Marking the mol as 3D.
[13:24:24] Warning: molecule is tagged as 2D, but at least one Z coordinate is not zero. Marking the mol as 3D.
[13:24:24] Warning: molecule is tagged as 2D, but at least one Z coordinate is not zero. Marking the mol as 3D.
[13:24:24] Warning: molecule is tagged as 2D, but at least one Z coordinate is not zero. Marking the mol as 3D.
[13:24:24] Warning: molecule is tagged as 2D, but at least one Z coordinate is not zero. Marking the mol as 3D.
[13:24:24] Warning: molecule is tagged as 2D, but at least one Z coordinate is not zero. Marking the mol as 3D.
[13:24:24] Warning: molecule is tagged as 2D, but at least one Z coordinate is not zero. Marking the mol as 3D.
[13:24:24] Warning: molecule is tagged as 2D, but at least one Z coordinate is not zero. Marking the mol as 3D.
[13:24:24] Warning: molecule is tagged as 2D, but at least one Z coordinate is not zero. Marking the mol as 3D.
[13:24:24] Warning: molecule is tagged as 2D, but at least one Z coordinate is not zero. Marking the mol as 3D.
[13:24:24] Warning: molecule is tagged as 2D, but at least one Z coordinate is not zero. Marking the mol as 3D.
2026-09-08 13:24:31 SUBMITTED benchmark None 10359641
2026-09-08 13:24:31 SUBMITTED cpu 0 10359642
2026-09-08 13:24:31 SUBMITTED cpu 1 10359643
2026-09-08 13:24:31 SUBMITTED cpu 2 10359644
2026-09-08 13:24:31 SUBMITTED cpu 3 10359645
2026-09-08 13:24:31 SUBMITTED cpu 4 10359646
2026-09-08 13:24:31 SUBMITTED cpu 5 10359647
2026-09-08 13:24:31 SUBMITTED cpu 6 10359648
2026-09-08 13:24:31 SUBMITTED cpu 7 10359649
2026-09-08 13:24:31 SUBMITTED cpu 8 10359650
2026-09-08 13:24:31 SUBMITTED cpu 9 10359651
2026-09-08 13:24:31 SUBMITTED cpu 10 10359652
2026-09-08 13:24:31 SUBMITTED cpu 11 10359653
2026-09-08 13:24:31 SUBMITTED cpu 12 10359654
2026-09-08 13:24:31 SUBMITTED cpu 13 10359655
2026-09-08 13:24:31 SUBMITTED cpu 14 10359656
2026-09-08 13:24:31 SUBMITTED cpu 15 10359657
2026-09-08 13:24:31 SUBMITTED gpu 0 10359658
2026-09-08 13:24:31 SUBMITTED gpu 1 10359659
2026-09-08 13:24:31 SUBMITTED gpu 2 10359660
2026-09-08 13:24:31 SUBMITTED gpu 3 10359661
2026-09-08 13:24:31 SUBMITTED gpu 4 10359662
2026-09-08 13:24:31 SUBMITTED gpu 5 10359663
2026-09-08 13:24:31 SUBMITTED gpu 6 10359664
2026-09-08 13:24:31 SUBMITTED gpu 7 10359665
2026-09-08 13:24:31 MIGRATED 26 7 8180
