pocket_atoms=427 poses=2000 cuda=True
processed=4/2000
processed=100/2000
processed=200/2000
processed=300/2000
processed=400/2000
processed=500/2000
processed=600/2000
processed=700/2000
processed=800/2000
processed=900/2000
processed=1000/2000
processed=1100/2000
processed=1200/2000
processed=1300/2000
processed=1400/2000
processed=1500/2000
processed=1600/2000
processed=1700/2000
processed=1800/2000
processed=1900/2000
processed=2000/2000
{
  "score_definition": "E_complex - E_pocket - E_ligand; lower is better",
  "n_input_poses": 2000,
  "n_scored_poses": 2000,
  "n_ligands": 20,
  "n_best_poses": 20,
  "pocket_atoms": 427,
  "pocket_formal_charge": 0,
  "elapsed_seconds": 7.482856750488281
}
 mol_id ligand_pdb  pose_index  label  ligunity_rank  ligunity_score  formal_charge  aimnet_complex_eV  aimnet_pocket_eV  aimnet_ligand_eV  aimnet_interaction_kcal_mol error  aimnet_interaction_rank
  12020       4jia          20      0             12        0.326660              1     -496764.940440    -460451.662778     -36304.994289                  -191.019115                              1
   2050       3up2          50      1              2        0.687988             -1     -499556.648206    -460451.662778     -39096.973144                  -184.767669                              2
   3045       3uo4          45      1              3        0.687988             -1     -494625.542020    -460451.662778     -34165.874010                  -184.605030                              3
  11080       4e6q          80      0             11        0.326660              1     -488986.854368    -460451.662778     -28527.666583                  -173.530771                              4
  13096       4f09          96      0             13        0.326660              1     -482702.971548    -460451.662778     -22243.830002                  -172.464492                              5
   4092       2wtv          92      1              4        0.687988             -1     -514600.687596    -460451.662778     -54141.961639                  -162.880757                              6
  20082       3cj4          82      0             20        0.255371             -1     -560710.549980    -460451.662778    -100252.081791                  -156.936497                              7
  18079       4ih5          79      0             18        0.255371              0     -480954.234721    -460451.662778     -20496.629665                  -137.032186                              8
   5062       3e5a          62      1              5        0.687988              1     -509553.975579    -460451.662778     -49096.418127                  -135.934414                              9
  19067       4eo8          67      0             19        0.255371              0     -502659.762432    -460451.662778     -42202.218368                  -135.625662                             10
  10006       4qd6           6      0             10        0.469727              0     -512260.172530    -460451.662778     -51802.689686                  -134.213899                             11
   7025       3qgy          25      0              7        0.469727              0     -515236.807065    -460451.662778     -54779.383661                  -132.843182                             12
  14077       4gfm          77      0             14        0.326660              0     -505136.538605    -460451.662778     -44679.343600                  -127.576174                             13
   9087       4m0z          87      0              9        0.469727              0     -490868.985727    -460451.662778     -30412.244131                  -117.120315                             14
   1094       3myg          94      1              1        0.687988              1     -506411.784056    -460451.662778     -45955.120794                  -115.313889                             15
  17061       4ih7          61      0             17        0.255371              0     -479814.263313    -460451.662778     -19357.869465                  -109.101054                             16
   6084       4m0y          84      0              6        0.469727              0     -487754.299903    -460451.662778     -27298.109688                  -104.405172                             17
  15080       4hge          80      0             15        0.326660              0     -501788.018044    -460451.662778     -41331.875992                  -103.294497                             18
   8087       4rfm          87      0              8        0.469727              0     -516654.092803    -460451.662778     -56198.009987                  -101.928470                             19
  16036       3pyy          36      0             16        0.265137              0     -492089.277422    -460451.662778     -31633.909106                   -85.451710                             20
