Bound geometry uses fixed-pocket gas FIRE. Legacy CPCM bound-refinement options are ignored.
/home/xianyang/miniconda3/envs/t3-aimnet/lib/python3.11/site-packages/aimnet/models/base.py:85: UserWarning: 'torch.load' received a zip file that looks like a TorchScript archive dispatching to 'torch.jit.load' (call 'torch.jit.load' directly to silence this warning)
  data = torch.load(path, map_location=device, weights_only=True)
/home/xianyang/miniconda3/envs/t3-aimnet/lib/python3.11/site-packages/torch/jit/_serialization.py:176: FutureWarning: `torch.jit.load` is deprecated. Please switch to `torch.export`.
  warnings.warn(
/home/xianyang/miniconda3/envs/t3-aimnet/lib/python3.11/site-packages/torch/jit/_serialization.py:176: FutureWarning: `torch.jit.load` is deprecated. Please switch to `torch.export`.
  warnings.warn(
1/10 mol_id=28596 Eint=-330.568 desolv=109.751 strain=40.791 score=-180.026 steps=738 converged=True
2/10 mol_id=30720 Eint=-39.376 desolv=11.268 strain=14.882 score=-13.226 steps=341 converged=True
3/10 mol_id=52030 Eint=-77.097 desolv=10.664 strain=11.911 score=-54.522 steps=438 converged=True
4/10 mol_id=64839 Eint=-80.712 desolv=19.136 strain=23.948 score=-37.628 steps=514 converged=True
5/10 mol_id=76968 Eint=-64.881 desolv=14.518 strain=11.341 score=-39.022 steps=346 converged=True
6/10 mol_id=101735 Eint=-97.067 desolv=14.365 strain=30.128 score=-52.574 steps=632 converged=True
7/10 mol_id=107616 Eint=-112.976 desolv=18.456 strain=25.370 score=-69.150 steps=353 converged=True
8/10 mol_id=138257 Eint=-67.026 desolv=14.074 strain=19.335 score=-33.617 steps=504 converged=True
9/10 mol_id=144852 Eint=-42.864 desolv=13.977 strain=11.511 score=-17.376 steps=493 converged=True
10/10 mol_id=145084 Eint=-116.442 desolv=21.719 strain=14.249 score=-80.473 steps=408 converged=True
wrote 10 rows to /home/xianyang/aimnet2_score_pipelines/work/aimnet2025-benchmarks-20260906/t3/L3/P28347/aimnet2_score.csv in 81.68 s
{
  "scope": "reference reconstruction; not an exact reproduction of the unreleased AIMNet2(Score) workflow",
  "score_definition": "Eint + Edesolv + ELCSE; lower is better",
  "interaction_geometry": "fixed_pocket_aimnet2025_minimized_v2",
  "pocket": "/home/xianyang/aimnet2_score_pipelines/work/correction-20260906/t3/L3/P28347/pocket.pdb",
  "pocket_charge": 0,
  "gas_model": "/home/xianyang/t3-aimnet-models/aimnet2_wb97m_0.jpt",
  "interaction_model": "aimnet2-2025",
  "interaction_members": [
    "aimnet2-2025"
  ],
  "cpcm_model": "/home/xianyang/t3-aimnet-models/wb97m_cpcms_v2_0.jpt",
  "complex_fmax_ev_a": 0.002,
  "complex_max_steps": 1000,
  "n_complex_optimization_converged": 9,
  "minimized_poses": "/home/xianyang/aimnet2_score_pipelines/work/aimnet2025-benchmarks-20260906/t3/L3/P28347/aimnet2_score.minimized.sdf",
  "bound_refinement": "AIMNet2(2025) ligand-in-fixed-pocket FIRE; no isolated bound refinement",
  "n_requested": 10,
  "n_scored": 10,
  "n_errors": 0,
  "n_optimization_converged": 10,
  "elapsed_seconds_this_run": 81.68059289899975,
  "output": "/home/xianyang/aimnet2_score_pipelines/work/aimnet2025-benchmarks-20260906/t3/L3/P28347/aimnet2_score.csv"
}
 mol_id  aimnet_interaction_kcal_mol  desolvation_kcal_mol  local_strain_kcal_mol  aimnet2_composite_kcal_mol  optimization_converged
  28596                  -330.567868            109.751024              40.791198                 -180.025645                    True
  30720                   -39.376475             11.268324              14.881987                  -13.226164                    True
  52030                   -77.096796             10.663640              11.911457                  -54.521699                    True
  64839                   -80.712270             19.136138              23.947826                  -37.628306                    True
  76968                   -64.880780             14.518130              11.341056                  -39.021594                    True
 101735                   -97.067360             14.364729              30.128236                  -52.574394                    True
 107616                  -112.976040             18.455685              25.370153                  -69.150202                    True
 138257                   -67.025842             14.074303              19.334837                  -33.616701                    True
 144852                   -42.863664             13.976624              11.510808                  -17.376233                    True
 145084                  -116.441679             21.719187              14.249418                  -80.473074                    True
