pocket_atoms=499 poses=2000 cuda=True
processed=4/2000
processed=100/2000
processed=200/2000
processed=300/2000
processed=400/2000
processed=500/2000
processed=600/2000
processed=700/2000
processed=800/2000
processed=900/2000
processed=1000/2000
processed=1100/2000
processed=1200/2000
processed=1300/2000
processed=1400/2000
processed=1500/2000
processed=1600/2000
processed=1700/2000
processed=1800/2000
processed=1900/2000
processed=2000/2000
{
  "score_definition": "E_complex - E_pocket - E_ligand; lower is better",
  "n_input_poses": 2000,
  "n_scored_poses": 2000,
  "n_ligands": 20,
  "n_best_poses": 20,
  "pocket_atoms": 499,
  "pocket_formal_charge": 0,
  "elapsed_seconds": 8.14429783821106
}
 mol_id ligand_pdb  pose_index  label  ligunity_rank  ligunity_score  formal_charge  aimnet_complex_eV  aimnet_pocket_eV  aimnet_ligand_eV  aimnet_interaction_kcal_mol error  aimnet_interaction_rank
   5087       1a30          87      0              5        0.388916             -2     -620904.446019    -584134.360217     -36756.416508                  -315.221415                              1
   8091       1lpg          91      0              8        0.347900              1     -631519.529648    -584134.360217     -47373.700394                  -264.482293                              2
  16039       1o5b          39      0             16        0.278320              0     -615525.286516    -584134.360217     -31380.940450                  -230.279170                              3
  17019       2xnb          19      0             17        0.273193              1     -626018.440916    -584134.360217     -41875.312582                  -202.197597                              4
  15029       1owh          29      0             15        0.278320              1     -612158.529645    -584134.360217     -28016.413788                  -178.849332                              5
  13098       1sqa          98      0             13        0.278320              1     -620819.134748    -584134.360217     -36677.055743                  -177.999481                              6
  18002       4eor           2      0             18        0.273193              0     -629059.968789    -584134.360217     -44917.927297                  -177.134418                              7
  12040       1c5z          40      0             12        0.278320              0     -594520.454137    -584134.360217     -10378.949917                  -164.744621                              8
  11010       1eby          10      0             11        0.278809              0     -643525.546729    -584134.360217     -59384.258937                  -159.753667                              9
   9003       2y5h           3      0              9        0.347900              2     -642852.115969    -584134.360217     -58710.965502                  -156.586889                             10
  10090       2xbv          90      0             10        0.347900              1     -643621.299319    -584134.360217     -59480.349604                  -151.957446                             11
  20011       2fvd          11      1             20        0.273193              0     -635034.104420    -584134.360217     -50893.454042                  -145.054577                             12
   7056       1mq6          56      0              7        0.347900              0     -672331.506120    -584134.360217     -88190.856283                  -145.042072                             13
  14047       3kgp          47      0             14        0.278320              0     -598158.416106    -584134.360217     -14017.831210                  -143.544508                             14
   1062       2v7a          62      1              1        0.434326              1     -626661.081856    -584134.360217     -42520.514588                  -143.138017                             15
   6010       1z6e          10      0              6        0.347900              1     -636217.318010    -584134.360217     -52076.767882                  -142.742737                             16
  19031       1pxn          31      0             19        0.273193              0     -620257.923836    -584134.360217     -36117.691053                  -135.424593                             17
   2002       4twp           2      1              2        0.434326              0     -626070.928358    -584134.360217     -41930.747223                  -134.233569                             18
   4042       3mss          42      1              4        0.424072              1     -609166.738445    -584134.360217     -25027.232489                  -118.663572                             19
   3018       3k5v          18      1              3        0.424072              0     -621205.728675    -584134.360217     -37066.511555                  -112.002834                             20
