pocket_atoms=415 poses=2000 cuda=True
processed=4/2000
processed=100/2000
processed=200/2000
processed=300/2000
processed=400/2000
processed=500/2000
processed=600/2000
processed=700/2000
processed=800/2000
processed=900/2000
processed=1000/2000
processed=1100/2000
processed=1200/2000
processed=1300/2000
processed=1400/2000
processed=1500/2000
processed=1600/2000
processed=1700/2000
processed=1800/2000
processed=1900/2000
processed=2000/2000
{
  "score_definition": "E_complex - E_pocket - E_ligand; lower is better",
  "n_input_poses": 2000,
  "n_scored_poses": 2000,
  "n_ligands": 20,
  "n_best_poses": 20,
  "pocket_atoms": 415,
  "pocket_formal_charge": 0,
  "elapsed_seconds": 6.307693004608154
}
 mol_id ligand_pdb  pose_index  label  ligunity_rank  ligunity_score  formal_charge  aimnet_complex_eV  aimnet_pocket_eV  aimnet_ligand_eV  aimnet_interaction_kcal_mol error  aimnet_interaction_rank
   2086       4jia          86      1              2        0.782715              1     -514842.322192    -478528.991386     -36304.513013                  -203.343130                              1
  19097       2xnb          97      0             19        0.386963              1     -520414.284297    -478528.991386     -41876.620542                  -199.989572                              2
  18034       1nc3          34      0             18        0.414062              0     -504732.456775    -478528.991386     -26195.891123                  -174.666721                              3
  17057       1nc1          57      0             17        0.434814              0     -514137.840410    -478528.991386     -35602.172505                  -153.964177                              4
  15095       4qd6          95      0             15        0.518555              0     -530338.542739    -478528.991386     -51802.963101                  -151.928695                              5
   9050       4ivd          50      0              9        0.533691              0     -508080.568546    -478528.991386     -29545.380062                  -142.908482                              6
  12057       3qgy          57      0             12        0.518555              0     -533311.425551    -478528.991386     -54776.554306                  -135.592769                              7
   8052       4ivb          52      0              8        0.533691              0     -505939.692891    -478528.991386     -27404.849583                  -134.948523                              8
   4087       4gfm          87      1              4        0.782715              0     -523214.363715    -478528.991386     -44679.535800                  -134.593555                              9
   7093       4e5w          93      0              7        0.533691              1     -511749.801685    -478528.991386     -33214.987275                  -134.282133                             10
   1038       4e6q          38      1              1        0.782715              1     -507062.790845    -478528.991386     -28527.995718                  -133.837451                             11
  11079       4m0y          79      0             11        0.518555              0     -505831.113644    -478528.991386     -27296.513672                  -129.337080                             12
   3069       4f09          69      1              3        0.782715              1     -500778.519940    -478528.991386     -22244.050776                  -126.320568                             13
   5074       4hge          74      1              5        0.782715              0     -519866.249700    -478528.991386     -41331.881420                  -123.994107                             14
   6046       4k77          46      1              6        0.533691              0     -500263.840165    -478528.991386     -21729.654653                  -119.779392                             15
  16031       1y6r          31      0             16        0.434814              1     -513627.926025    -478528.991386     -35093.818247                  -117.986794                             16
  20086       4eor          86      0             20        0.386963              0     -523454.526311    -478528.991386     -44920.587125                  -114.098968                             17
  10098       4ivc          98      0             10        0.533691              0     -507022.981052    -478528.991386     -28489.612513                  -100.939532                             18
  13097       4rfm          97      0             13        0.518555              0     -534732.786177    -478528.991386     -56199.605758                   -96.601380                             19
  14073       4m0z          73      0             14        0.518555              0     -508945.338466    -478528.991386     -30412.567210                   -87.165883                             20
