pocket_atoms=409 poses=1964 cuda=True
processed=4/1964
processed=100/1964
processed=200/1964
processed=300/1964
processed=400/1964
processed=500/1964
processed=600/1964
processed=700/1964
processed=800/1964
processed=900/1964
processed=1000/1964
processed=1100/1964
processed=1200/1964
processed=1300/1964
processed=1400/1964
processed=1500/1964
processed=1600/1964
processed=1700/1964
processed=1800/1964
processed=1900/1964
{
  "score_definition": "E_complex - E_pocket - E_ligand; lower is better",
  "n_input_poses": 1964,
  "n_scored_poses": 1964,
  "n_ligands": 20,
  "n_best_poses": 20,
  "pocket_atoms": 409,
  "pocket_formal_charge": 0,
  "elapsed_seconds": 6.816923141479492
}
 mol_id ligand_pdb  pose_index  label  ligunity_rank  ligunity_score  formal_charge  aimnet_complex_eV  aimnet_pocket_eV  aimnet_ligand_eV  aimnet_interaction_kcal_mol error  aimnet_interaction_rank
   4038       3f3d          38      1              4        0.835449              0     -483636.441265    -461858.543501     -21771.456426                  -148.540796                              1
  20007       1p1q           7      0             20        0.368652              0     -480434.695335    -461858.543501     -18570.921817                  -120.607053                              2
   2073       3f3e          73      1              2        0.835449              0     -473868.227267    -461858.543501     -12005.293653                  -101.238411                              3
   3097       3f3c          97      1              3        0.835449              0     -479649.972964    -461858.543501     -17787.376771                   -93.457307                              4
   5088       3f3a          88      1              5        0.835449              0     -480528.105188    -461858.543501     -18665.839071                   -85.845580                              5
  19096       2al5          96      0             19        0.368652              0     -484613.774923    -461858.543501     -22751.970458                   -75.199621                              6
  18094       1syi          94      0             18        0.368652              0     -485090.185920    -461858.543501     -23228.449148                   -73.638582                              7
  13098       3dx2          98      0             13        0.420654              1     -488808.661356    -461858.543501     -26946.930767                   -73.496022                              8
  12083       3dx1          83      0             12        0.420654              1     -474860.418966    -461858.543501     -12999.112299                   -63.720129                              9
   8005       2v00           5      0              8        0.664551              0     -481024.711845    -461858.543501     -19164.264118                   -43.912508                             10
   9075       3uri          75      0              9        0.664551              1     -554596.226993    -461858.543501     -92736.204954                   -34.095900                             11
  15092       3ejr          92      0             15        0.420654              1     -492746.540426    -461858.543501     -30886.560896                   -33.115624                             12
  11002       1ps3           2      0             11        0.420654              0     -485600.983967    -461858.543501     -23741.244819                   -27.572266                             13
  14095       3d4z          95      0             14        0.420654              0     -481509.248511    -461858.543501     -19649.575600                   -26.044819                             14
  10086       3wz8          86      0             10        0.664551              0     -509641.894245    -461858.543501     -47784.216225                    19.958451                             15
   7080       3prs          80      0              7        0.664551              0     -541823.147387    -461858.543501     -79966.525588                    44.315501                             16
   1028       4mme          28      1              1        0.835449              0     -496207.266618    -461858.543501     -34355.617445                   158.986969                             17
  17066       2qnq          66      0             17        0.391357              1     -552769.265061    -461858.543501     -90917.990831                   167.633369                             18
   6094       3pww          94      0              6        0.664551              1     -521229.347575    -461858.543501     -59380.147714                   215.469466                             19
  16066       1g2k          66      0             16        0.393311              0     -527292.951693    -461858.543501     -65461.548031                   625.859541                             20
