Bound geometry uses fixed-pocket gas FIRE. Legacy CPCM bound-refinement options are ignored.
/home/xianyang/miniconda3/envs/t3-aimnet/lib/python3.11/site-packages/aimnet/models/base.py:85: UserWarning: 'torch.load' received a zip file that looks like a TorchScript archive dispatching to 'torch.jit.load' (call 'torch.jit.load' directly to silence this warning)
  data = torch.load(path, map_location=device, weights_only=True)
/home/xianyang/miniconda3/envs/t3-aimnet/lib/python3.11/site-packages/torch/jit/_serialization.py:176: FutureWarning: `torch.jit.load` is deprecated. Please switch to `torch.export`.
  warnings.warn(
/home/xianyang/miniconda3/envs/t3-aimnet/lib/python3.11/site-packages/torch/jit/_serialization.py:176: FutureWarning: `torch.jit.load` is deprecated. Please switch to `torch.export`.
  warnings.warn(
1/10 mol_id=1811 Eint=-115.498 desolv=10.996 strain=42.370 score=-62.132 steps=654 converged=True
2/10 mol_id=1812 Eint=-148.694 desolv=12.060 strain=53.113 score=-83.521 steps=247 converged=True
3/10 mol_id=1813 Eint=-97.172 desolv=19.790 strain=60.089 score=-17.293 steps=675 converged=True
4/10 mol_id=16994 Eint=-167.436 desolv=16.456 strain=60.535 score=-90.445 steps=781 converged=True
5/10 mol_id=45281 Eint=-110.475 desolv=9.831 strain=24.873 score=-75.771 steps=486 converged=True
6/10 mol_id=64956 Eint=-101.337 desolv=24.481 strain=62.921 score=-13.935 steps=543 converged=True
7/10 mol_id=109204 Eint=-157.394 desolv=21.095 strain=92.611 score=-43.688 steps=885 converged=True
8/10 mol_id=115639 Eint=-197.341 desolv=17.030 strain=77.709 score=-102.602 steps=895 converged=True
9/10 mol_id=136517 Eint=-112.691 desolv=17.003 strain=34.643 score=-61.045 steps=644 converged=True
10/10 mol_id=140016 Eint=-166.566 desolv=17.442 strain=67.046 score=-82.078 steps=671 converged=True
wrote 10 rows to /home/xianyang/aimnet2_score_pipelines/work/fixed-pocket-benchmarks-20260906/t3/L3/Q9Y4K4/aimnet2_score.csv in 93.89 s
{
  "scope": "reference reconstruction; not an exact reproduction of the unreleased AIMNet2(Score) workflow",
  "score_definition": "Eint + Edesolv + ELCSE; lower is better",
  "interaction_geometry": "fixed_pocket_gas_minimized_v1",
  "pocket": "/home/xianyang/aimnet2_score_pipelines/work/correction-20260906/t3/L3/Q9Y4K4/pocket.pdb",
  "pocket_charge": 0,
  "gas_model": "/home/xianyang/t3-aimnet-models/aimnet2_wb97m_0.jpt",
  "cpcm_model": "/home/xianyang/t3-aimnet-models/wb97m_cpcms_v2_0.jpt",
  "complex_fmax_ev_a": 0.002,
  "complex_max_steps": 1000,
  "n_complex_optimization_converged": 9,
  "minimized_poses": "/home/xianyang/aimnet2_score_pipelines/work/fixed-pocket-benchmarks-20260906/t3/L3/Q9Y4K4/aimnet2_score.minimized.sdf",
  "bound_refinement": "gas-phase ligand-in-fixed-pocket FIRE; no isolated bound refinement",
  "n_requested": 10,
  "n_scored": 10,
  "n_errors": 0,
  "n_optimization_converged": 10,
  "elapsed_seconds_this_run": 93.89458475308493,
  "output": "/home/xianyang/aimnet2_score_pipelines/work/fixed-pocket-benchmarks-20260906/t3/L3/Q9Y4K4/aimnet2_score.csv"
}
 mol_id  aimnet_interaction_kcal_mol  desolvation_kcal_mol  local_strain_kcal_mol  aimnet2_composite_kcal_mol  optimization_converged
   1811                  -115.497655             10.995712              42.369956                  -62.131987                    True
   1812                  -148.693929             12.060153              53.113213                  -83.520563                    True
   1813                   -97.172236             19.790195              60.089481                  -17.292560                    True
  16994                  -167.435870             16.456278              60.534862                  -90.444730                    True
  45281                  -110.475222              9.831093              24.873333                  -75.770796                    True
  64956                  -101.337044             24.480844              62.921432                  -13.934768                    True
 109204                  -157.394000             21.095035              92.611008                  -43.687957                    True
 115639                  -197.341244             17.030179              77.708809                 -102.602255                    True
 136517                  -112.690569             17.002707              34.642530                  -61.045332                    True
 140016                  -166.566124             17.442098              67.046395                  -82.077631                    True
