Bound geometry uses fixed-pocket gas FIRE. Legacy CPCM bound-refinement options are ignored.
/home/xianyang/miniconda3/envs/t3-aimnet/lib/python3.11/site-packages/aimnet/models/base.py:85: UserWarning: 'torch.load' received a zip file that looks like a TorchScript archive dispatching to 'torch.jit.load' (call 'torch.jit.load' directly to silence this warning)
  data = torch.load(path, map_location=device, weights_only=True)
/home/xianyang/miniconda3/envs/t3-aimnet/lib/python3.11/site-packages/torch/jit/_serialization.py:176: FutureWarning: `torch.jit.load` is deprecated. Please switch to `torch.export`.
  warnings.warn(
/home/xianyang/miniconda3/envs/t3-aimnet/lib/python3.11/site-packages/torch/jit/_serialization.py:176: FutureWarning: `torch.jit.load` is deprecated. Please switch to `torch.export`.
  warnings.warn(
1/10 mol_id=16609 Eint=-42.445 desolv=19.734 strain=12.686 score=-10.026 steps=1000 converged=False
2/10 mol_id=20833 Eint=-49.066 desolv=10.823 strain=6.385 score=-31.858 steps=284 converged=True
3/10 mol_id=36530 Eint=-48.878 desolv=9.177 strain=18.236 score=-21.464 steps=656 converged=True
4/10 mol_id=36737 Eint=-88.796 desolv=16.973 strain=23.667 score=-48.156 steps=648 converged=True
5/10 mol_id=39146 Eint=-51.249 desolv=13.042 strain=16.119 score=-22.088 steps=401 converged=True
6/10 mol_id=40236 Eint=-41.371 desolv=11.371 strain=9.709 score=-20.291 steps=346 converged=True
7/10 mol_id=61898 Eint=-36.083 desolv=9.812 strain=11.735 score=-14.536 steps=490 converged=True
8/10 mol_id=81023 Eint=-66.987 desolv=18.142 strain=8.695 score=-40.150 steps=306 converged=True
9/10 mol_id=112975 Eint=-40.441 desolv=10.988 strain=7.507 score=-21.945 steps=521 converged=True
10/10 mol_id=146465 Eint=-46.224 desolv=15.956 strain=7.011 score=-23.257 steps=465 converged=True
wrote 10 rows to /home/xianyang/aimnet2_score_pipelines/work/fixed-pocket-benchmarks-20260906/t3/L3/P56528/aimnet2_score.csv in 110.08 s
{
  "scope": "reference reconstruction; not an exact reproduction of the unreleased AIMNet2(Score) workflow",
  "score_definition": "Eint + Edesolv + ELCSE; lower is better",
  "interaction_geometry": "fixed_pocket_gas_minimized_v1",
  "pocket": "/home/xianyang/aimnet2_score_pipelines/work/correction-20260906/t3/L3/P56528/pocket.pdb",
  "pocket_charge": 0,
  "gas_model": "/home/xianyang/t3-aimnet-models/aimnet2_wb97m_0.jpt",
  "cpcm_model": "/home/xianyang/t3-aimnet-models/wb97m_cpcms_v2_0.jpt",
  "complex_fmax_ev_a": 0.002,
  "complex_max_steps": 1000,
  "n_complex_optimization_converged": 10,
  "minimized_poses": "/home/xianyang/aimnet2_score_pipelines/work/fixed-pocket-benchmarks-20260906/t3/L3/P56528/aimnet2_score.minimized.sdf",
  "bound_refinement": "gas-phase ligand-in-fixed-pocket FIRE; no isolated bound refinement",
  "n_requested": 10,
  "n_scored": 10,
  "n_errors": 0,
  "n_optimization_converged": 9,
  "elapsed_seconds_this_run": 110.07630586088635,
  "output": "/home/xianyang/aimnet2_score_pipelines/work/fixed-pocket-benchmarks-20260906/t3/L3/P56528/aimnet2_score.csv"
}
 mol_id  aimnet_interaction_kcal_mol  desolvation_kcal_mol  local_strain_kcal_mol  aimnet2_composite_kcal_mol  optimization_converged
  16609                   -42.445248             19.733571              12.685989                  -10.025688                   False
  20833                   -49.065919             10.822571               6.384951                  -31.858397                    True
  36530                   -48.877530              9.177354              18.236037                  -21.464139                    True
  36737                   -88.796318             16.973169              23.667250                  -48.155899                    True
  39146                   -51.249317             13.042414              16.118991                  -22.087912                    True
  40236                   -41.371050             11.371439               9.708944                  -20.290666                    True
  61898                   -36.083483              9.811706              11.735371                  -14.536406                    True
  81023                   -66.986968             18.141840               8.695146                  -40.149981                    True
 112975                   -40.440894             10.988473               7.507233                  -21.945188                    True
 146465                   -46.224154             15.955973               7.011261                  -23.256920                    True
