pocket_atoms=554 poses=1978 cuda=True
processed=4/1978
processed=100/1978
processed=200/1978
processed=300/1978
processed=400/1978
processed=500/1978
processed=600/1978
processed=700/1978
processed=800/1978
processed=900/1978
processed=1000/1978
processed=1100/1978
processed=1200/1978
processed=1300/1978
processed=1400/1978
processed=1500/1978
processed=1600/1978
processed=1700/1978
processed=1800/1978
processed=1900/1978
{
  "score_definition": "E_complex - E_pocket - E_ligand; lower is better",
  "n_input_poses": 1978,
  "n_scored_poses": 1978,
  "n_ligands": 20,
  "n_best_poses": 20,
  "pocket_atoms": 554,
  "pocket_formal_charge": 0,
  "elapsed_seconds": 9.852454662322998
}
 mol_id ligand_pdb  pose_index  label  ligunity_rank  ligunity_score  formal_charge  aimnet_complex_eV  aimnet_pocket_eV  aimnet_ligand_eV  aimnet_interaction_kcal_mol error  aimnet_interaction_rank
   4081       1h22          81      1              4        0.582520              2     -678052.622851     -638266.91241     -39775.165734                  -243.166721                              1
  16048       3gbb          48      0             16        0.215820             -1     -663696.435953     -638266.91241     -25419.218148                  -237.648033                              2
  17051       1vso          51      0             17        0.215820              0     -676530.082462     -638266.91241     -38254.763870                  -193.851149                              3
  15094       4dld          94      0             15        0.215820             -1     -678680.355061     -638266.91241     -40405.555892                  -181.872969                              4
  18047       4mme          47      0             18        0.208374              0     -672629.905179     -638266.91241     -34355.618056                  -170.064904                              5
   7087       3ary          87      0              7        0.357422              0     -668203.961230     -638266.91241     -29930.058449                  -161.201776                              6
  20073       3f3c          73      0             20        0.208374              0     -656053.604904     -638266.91241     -17780.377813                  -145.620003                              7
  13047       3b65          47      0             13        0.283447              0     -675872.858002     -638266.91241     -37599.911172                  -139.157014                              8
   5026       1gpk          26      1              5        0.582520              1     -659147.598074     -638266.91241     -20875.085670                  -129.138930                              9
   1005       1gpn           5      1              1        0.582520              1     -660217.184911     -638266.91241     -21945.051197                  -120.406116                             10
   6006       3arp           6      0              6        0.357422              0     -675939.466448     -638266.91241     -37667.481404                  -116.977695                             11
   8061       3aru          61      0              8        0.357422              0     -664130.268629     -638266.91241     -25858.321391                  -116.105879                             12
   2100       1e66         100      1              2        0.582520              0     -672736.739293     -638266.91241     -34464.803774                  -115.835622                             13
  19061       3f3e          61      0             19        0.208374              0     -650277.642692     -638266.91241     -12005.729802                  -115.313792                             14
   9099       3arv          99      0              9        0.357422              0     -668906.140735     -638266.91241     -30635.606146                   -83.529429                             15
  14082       3b5r          82      0             14        0.283447              0     -689638.984714     -638266.91241     -51368.751777                   -76.573178                             16
  10008       3arq           8      0             10        0.357422              1     -685572.458321     -638266.91241     -47302.335020                   -74.044899                             17
  11085       1z95          85      0             11        0.283447              0     -690009.616353     -638266.91241     -51742.484506                    -5.060324                             18
   3086       1h23          86      1              3        0.582520              2     -680182.252171     -638266.91241     -41915.147346                    -4.437181                             19
  12093       3b68          93      0             12        0.283447              0     -683141.123951     -638266.91241     -44875.528138                    30.361458                             20
