Bound geometry uses fixed-pocket gas FIRE. Legacy CPCM bound-refinement options are ignored.
/home/xianyang/miniconda3/envs/t3-aimnet/lib/python3.11/site-packages/aimnet/models/base.py:85: UserWarning: 'torch.load' received a zip file that looks like a TorchScript archive dispatching to 'torch.jit.load' (call 'torch.jit.load' directly to silence this warning)
  data = torch.load(path, map_location=device, weights_only=True)
/home/xianyang/miniconda3/envs/t3-aimnet/lib/python3.11/site-packages/torch/jit/_serialization.py:176: FutureWarning: `torch.jit.load` is deprecated. Please switch to `torch.export`.
  warnings.warn(
/home/xianyang/miniconda3/envs/t3-aimnet/lib/python3.11/site-packages/torch/jit/_serialization.py:176: FutureWarning: `torch.jit.load` is deprecated. Please switch to `torch.export`.
  warnings.warn(
1/20 mol_id=1027 Eint=-275.195 desolv=70.756 strain=42.170 score=-162.269 steps=223 converged=True
2/20 mol_id=2006 Eint=-190.212 desolv=65.971 strain=20.203 score=-104.038 steps=301 converged=True
3/20 mol_id=3010 Eint=-428.053 desolv=61.416 strain=112.483 score=-254.155 steps=759 converged=True
4/20 mol_id=4100 Eint=-311.249 desolv=61.861 strain=41.229 score=-208.160 steps=554 converged=True
5/20 mol_id=5039 Eint=-486.924 desolv=172.655 strain=61.095 score=-253.174 steps=1000 converged=False
6/20 mol_id=6074 Eint=-304.131 desolv=59.664 strain=78.444 score=-166.022 steps=641 converged=True
7/20 mol_id=7040 Eint=-439.878 desolv=-0.638 strain=157.343 score=-283.174 steps=434 converged=True
8/20 mol_id=8039 Eint=-246.885 desolv=11.888 strain=64.399 score=-170.598 steps=746 converged=True
9/20 mol_id=9083 Eint=-295.001 desolv=21.945 strain=75.748 score=-197.308 steps=1000 converged=False
10/20 mol_id=10094 Eint=-257.326 desolv=28.254 strain=51.859 score=-177.213 steps=393 converged=True
11/20 mol_id=11009 Eint=-228.599 desolv=17.414 strain=34.687 score=-176.498 steps=401 converged=True
12/20 mol_id=12019 Eint=-183.542 desolv=27.000 strain=31.597 score=-124.945 steps=534 converged=True
13/20 mol_id=13078 Eint=-225.673 desolv=28.626 strain=43.413 score=-153.634 steps=383 converged=True
14/20 mol_id=14007 Eint=-329.215 desolv=61.649 strain=57.000 score=-210.566 steps=818 converged=True
15/20 mol_id=15081 Eint=-298.310 desolv=8.604 strain=70.922 score=-218.785 steps=562 converged=True
16/20 mol_id=16073 Eint=-201.647 desolv=15.931 strain=44.102 score=-141.613 steps=402 converged=True
17/20 mol_id=17075 Eint=-773.675 desolv=170.260 strain=197.184 score=-406.231 steps=683 converged=True
18/20 mol_id=18033 Eint=-422.210 desolv=14.185 strain=161.549 score=-246.476 steps=571 converged=True
19/20 mol_id=19001 Eint=-183.307 desolv=6.796 strain=25.621 score=-150.890 steps=150 converged=True
20/20 mol_id=20002 Eint=-224.936 desolv=7.136 strain=9.872 score=-207.928 steps=219 converged=True
wrote 20 rows to /home/xianyang/aimnet2_score_pipelines/work/fixed-pocket-benchmarks-20260906/casf/3ag9/aimnet2_composite_rerank.csv in 226.19 s
{
  "scope": "reference reconstruction; not an exact reproduction of the unreleased AIMNet2(Score) workflow",
  "score_definition": "Eint + Edesolv + ELCSE; lower is better",
  "interaction_geometry": "fixed_pocket_gas_minimized_v1",
  "pocket": "/home/xianyang/aimnet2_score_pipelines/work/correction-20260906/casf/3ag9/pocket.pdb",
  "pocket_charge": 0,
  "gas_model": "/home/xianyang/t3-aimnet-models/aimnet2_wb97m_0.jpt",
  "cpcm_model": "/home/xianyang/t3-aimnet-models/wb97m_cpcms_v2_0.jpt",
  "complex_fmax_ev_a": 0.002,
  "complex_max_steps": 1000,
  "n_complex_optimization_converged": 17,
  "minimized_poses": "/home/xianyang/aimnet2_score_pipelines/work/fixed-pocket-benchmarks-20260906/casf/3ag9/aimnet2_composite_rerank.minimized.sdf",
  "bound_refinement": "gas-phase ligand-in-fixed-pocket FIRE; no isolated bound refinement",
  "n_requested": 20,
  "n_scored": 20,
  "n_errors": 0,
  "n_optimization_converged": 18,
  "elapsed_seconds_this_run": 226.19308848003857,
  "output": "/home/xianyang/aimnet2_score_pipelines/work/fixed-pocket-benchmarks-20260906/casf/3ag9/aimnet2_composite_rerank.csv",
  "n_actives": 5,
  "n_decoys": 15,
  "ef1_percent": 0.0,
  "ef1_top_n": 1,
  "ef1_actives_in_top_n": 0,
  "auroc": 0.5333333333333333,
  "composite_vs_interaction_spearman": 0.8962406015037594
}
 mol_id  aimnet_interaction_kcal_mol  desolvation_kcal_mol  local_strain_kcal_mol  aimnet2_composite_kcal_mol  optimization_converged
   1027                  -275.194581             70.755957              42.169762                 -162.268861                    True
   2006                  -190.212401             65.971458              20.202666                 -104.038278                    True
   3010                  -428.053099             61.415779             112.482716                 -254.154604                    True
   4100                  -311.249492             61.860640              41.228769                 -208.160083                    True
   5039                  -486.923932            172.654996              61.094602                 -253.174335                   False
   6074                  -304.130714             59.664468              78.444100                 -166.022146                    True
   7040                  -439.878145             -0.638438             157.342550                 -283.174033                    True
   8039                  -246.885189             11.888347              64.398728                 -170.598114                    True
   9083                  -295.000854             21.944719              75.748172                 -197.307962                   False
  10094                  -257.325604             28.253976              51.858677                 -177.212951                    True
  11009                  -228.599074             17.413555              34.687032                 -176.498486                    True
  12019                  -183.542252             26.999504              31.597424                 -124.945324                    True
  13078                  -225.673457             28.626458              43.412728                 -153.634271                    True
  14007                  -329.215180             61.648863              56.999925                 -210.566392                    True
  15081                  -298.310345              8.604076              70.921634                 -218.784636                    True
  16073                  -201.646618             15.930689              44.102435                 -141.613494                    True
  17075                  -773.674801            170.259534             197.184097                 -406.231170                    True
  18033                  -422.209680             14.184815             161.549020                 -246.475845                    True
  19001                  -183.307398              6.795997              25.621131                 -150.890270                    True
  20002                  -224.936291              7.136042               9.872147                 -207.928102                    True
