Bound geometry uses fixed-pocket gas FIRE. Legacy CPCM bound-refinement options are ignored.
/home/xianyang/miniconda3/envs/t3-aimnet/lib/python3.11/site-packages/aimnet/models/base.py:85: UserWarning: 'torch.load' received a zip file that looks like a TorchScript archive dispatching to 'torch.jit.load' (call 'torch.jit.load' directly to silence this warning)
  data = torch.load(path, map_location=device, weights_only=True)
/home/xianyang/miniconda3/envs/t3-aimnet/lib/python3.11/site-packages/torch/jit/_serialization.py:176: FutureWarning: `torch.jit.load` is deprecated. Please switch to `torch.export`.
  warnings.warn(
/home/xianyang/miniconda3/envs/t3-aimnet/lib/python3.11/site-packages/torch/jit/_serialization.py:176: FutureWarning: `torch.jit.load` is deprecated. Please switch to `torch.export`.
  warnings.warn(
1/10 mol_id=6438 Eint=-110.637 desolv=29.519 strain=36.377 score=-44.741 steps=1000 converged=False
2/10 mol_id=15841 Eint=-226.140 desolv=65.434 strain=39.294 score=-121.412 steps=513 converged=True
3/10 mol_id=30312 Eint=-124.886 desolv=9.196 strain=32.322 score=-83.368 steps=626 converged=True
4/10 mol_id=47363 Eint=-73.361 desolv=9.713 strain=10.597 score=-53.051 steps=598 converged=True
5/10 mol_id=50566 Eint=-77.556 desolv=7.784 strain=11.225 score=-58.546 steps=545 converged=True
6/10 mol_id=93482 Eint=-122.411 desolv=5.592 strain=28.542 score=-88.278 steps=451 converged=True
7/10 mol_id=98130 Eint=-241.536 desolv=41.173 strain=97.662 score=-102.701 steps=730 converged=True
8/10 mol_id=123696 Eint=-147.436 desolv=8.396 strain=29.336 score=-109.704 steps=508 converged=True
9/10 mol_id=131437 Eint=-115.959 desolv=5.621 strain=29.229 score=-81.109 steps=489 converged=True
10/10 mol_id=144261 Eint=-141.702 desolv=1.330 strain=28.697 score=-111.676 steps=622 converged=True
wrote 10 rows to /home/xianyang/aimnet2_score_pipelines/work/aimnet2025-benchmarks-20260906/t3/L3/Q9NR22/aimnet2_score.csv in 80.93 s
{
  "scope": "reference reconstruction; not an exact reproduction of the unreleased AIMNet2(Score) workflow",
  "score_definition": "Eint + Edesolv + ELCSE; lower is better",
  "interaction_geometry": "fixed_pocket_aimnet2025_minimized_v2",
  "pocket": "/home/xianyang/aimnet2_score_pipelines/work/correction-20260906/t3/L3/Q9NR22/pocket.pdb",
  "pocket_charge": 0,
  "gas_model": "/home/xianyang/t3-aimnet-models/aimnet2_wb97m_0.jpt",
  "interaction_model": "aimnet2-2025",
  "interaction_members": [
    "aimnet2-2025"
  ],
  "cpcm_model": "/home/xianyang/t3-aimnet-models/wb97m_cpcms_v2_0.jpt",
  "complex_fmax_ev_a": 0.002,
  "complex_max_steps": 1000,
  "n_complex_optimization_converged": 10,
  "minimized_poses": "/home/xianyang/aimnet2_score_pipelines/work/aimnet2025-benchmarks-20260906/t3/L3/Q9NR22/aimnet2_score.minimized.sdf",
  "bound_refinement": "AIMNet2(2025) ligand-in-fixed-pocket FIRE; no isolated bound refinement",
  "n_requested": 10,
  "n_scored": 10,
  "n_errors": 0,
  "n_optimization_converged": 9,
  "elapsed_seconds_this_run": 80.92970539198723,
  "output": "/home/xianyang/aimnet2_score_pipelines/work/aimnet2025-benchmarks-20260906/t3/L3/Q9NR22/aimnet2_score.csv"
}
 mol_id  aimnet_interaction_kcal_mol  desolvation_kcal_mol  local_strain_kcal_mol  aimnet2_composite_kcal_mol  optimization_converged
   6438                  -110.636682             29.519407              36.376651                  -44.740624                   False
  15841                  -226.140088             65.433702              39.294496                 -121.411890                    True
  30312                  -124.886244              9.195532              32.322257                  -83.368454                    True
  47363                   -73.360724              9.712673              10.597431                  -53.050620                    True
  50566                   -77.556186              7.784498              11.225194                  -58.546495                    True
  93482                  -122.411390              5.591724              28.541799                  -88.277867                    True
  98130                  -241.535894             41.173027              97.661946                 -102.700922                    True
 123696                  -147.436147              8.395624              29.336077                 -109.704447                    True
 131437                  -115.958627              5.620819              29.228800                  -81.109007                    True
 144261                  -141.701938              1.329532              28.696600                 -111.675805                    True
