START 3 casf/2cet
DONE 3 casf/2cet
START 10 casf/3arp
DONE 10 casf/3arp
START 16 casf/3gnw
DONE 16 casf/3gnw
START 24 casf/5dwr
DONE 24 casf/5dwr
START 30 t3/L1/P33981
DONE 30 t3/L1/P33981
START 39 t3/L1/Q07343
DONE 39 t3/L1/Q07343
START 45 t3/L1/Q8N1Q1
DONE 45 t3/L1/Q8N1Q1
START 52 t3/L2/O95819
DONE 52 t3/L2/O95819
START 60 t3/L2/P41143
DONE 60 t3/L2/P41143
START 66 t3/L2/Q13822
DONE 66 t3/L2/Q13822
START 74 t3/L3/O14638
DONE 74 t3/L3/O14638
START 81 t3/L3/P51684
DONE 81 t3/L3/P51684
START 89 t3/L3/Q96LB1
DONE 89 t3/L3/Q96LB1
START 95 t3/L3/Q9Y6M4
DONE 95 t3/L3/Q9Y6M4
START 100 t3/L4/P24863
DONE 100 t3/L4/P24863
START 105 t3/L4/Q08211
DONE 105 t3/L4/Q08211
START 111 t3/L4/Q96PC2
DONE 111 t3/L4/Q96PC2
START 117 t3/L4/Q9Y4K0
DONE 117 t3/L4/Q9Y4K0
START 123 smoke/part1_1
DONE 123 smoke/part1_1
START 130 smoke/part3_0
DONE 130 smoke/part3_0
