START 5 casf/2p4y
DONE 5 casf/2p4y
START 17 casf/3myg
DONE 17 casf/3myg
START 26 t3/L1/P00338
DONE 26 t3/L1/P00338
START 37 t3/L1/P62937
DONE 37 t3/L1/P62937
START 42 t3/L1/Q6GI75
DONE 42 t3/L1/Q6GI75
START 51 t3/L2/O75460
DONE 51 t3/L2/O75460
START 61 t3/L2/P43166
DONE 61 t3/L2/P43166
START 71 t3/L2/Q92793
DONE 71 t3/L2/Q92793
START 83 t3/L3/Q00959
DONE 83 t3/L3/Q00959
START 93 t3/L3/Q9UKS7
DONE 93 t3/L3/Q9UKS7
START 102 t3/L4/P42226
DONE 102 t3/L4/P42226
START 116 t3/L4/Q9Y239
DONE 116 t3/L4/Q9Y239
START 125 smoke/part1_3
DONE 125 smoke/part1_3
