START 7 casf/2r9w
DONE 7 casf/2r9w
START 14 casf/3f3e
DONE 14 casf/3f3e
START 20 casf/4ivc
DONE 20 casf/4ivc
START 27 t3/L1/P06239
DONE 27 t3/L1/P06239
START 33 t3/L1/P49759
DONE 33 t3/L1/P49759
START 38 t3/L1/Q06124
DONE 38 t3/L1/Q06124
START 46 t3/L1/Q92793
DONE 46 t3/L1/Q92793
START 55 t3/L2/P08254
DONE 55 t3/L2/P08254
START 62 t3/L2/P43405
DONE 62 t3/L2/P43405
START 69 t3/L2/Q6P179
DONE 69 t3/L2/Q6P179
START 76 t3/L3/P05622
DONE 76 t3/L3/P05622
START 85 t3/L3/Q15878
DONE 85 t3/L3/Q15878
START 92 t3/L3/Q9NR22
DONE 92 t3/L3/Q9NR22
START 99 t3/L4/P09871
DONE 99 t3/L4/P09871
START 106 t3/L4/Q08828
DONE 106 t3/L4/Q08828
START 110 t3/L4/Q70CQ3
DONE 110 t3/L4/Q70CQ3
START 118 smoke/part0_0
DONE 118 smoke/part0_0
START 126 smoke/part2_0
DONE 126 smoke/part2_0
START 133 smoke/part3_3
DONE 133 smoke/part3_3
