START 6 casf/2qbp
DONE 6 casf/2qbp
START 15 casf/3ge7
DONE 15 casf/3ge7
START 21 casf/4jia
DONE 21 casf/4jia
START 29 t3/L1/P0C6U8
DONE 29 t3/L1/P0C6U8
START 36 t3/L1/P56524
DONE 36 t3/L1/P56524
START 43 t3/L1/Q86WV6
DONE 43 t3/L1/Q86WV6
START 50 t3/L2/O43318
DONE 50 t3/L2/O43318
START 58 t3/L2/P31645
DONE 58 t3/L2/P31645
START 67 t3/L2/Q14145
DONE 67 t3/L2/Q14145
START 73 t3/L3/A0A1D8PKB4
DONE 73 t3/L3/A0A1D8PKB4
START 80 t3/L3/P43250
DONE 80 t3/L3/P43250
START 88 t3/L3/Q92830
DONE 88 t3/L3/Q92830
START 101 t3/L4/P37059
DONE 101 t3/L4/P37059
START 108 t3/L4/Q13724
DONE 108 t3/L4/Q13724
START 113 t3/L4/Q9GZQ6
DONE 113 t3/L4/Q9GZQ6
START 121 smoke/part0_3
DONE 121 smoke/part0_3
START 128 smoke/part2_2
DONE 128 smoke/part2_2
