START 1 casf/1e66
DONE 1 casf/1e66
START 12 casf/3e93
DONE 12 casf/3e93
START 25 t3/L1/O95271
DONE 25 t3/L1/O95271
START 31 t3/L1/P35354
DONE 31 t3/L1/P35354
START 44 t3/L1/Q86X55
DONE 44 t3/L1/Q86X55
START 56 t3/L2/P18825
DONE 56 t3/L2/P18825
START 68 t3/L2/Q15119
DONE 68 t3/L2/Q15119
START 77 t3/L3/P11926
DONE 77 t3/L3/P11926
START 82 t3/L3/P56528
DONE 82 t3/L3/P56528
START 96 t3/L4/O00767
DONE 96 t3/L4/O00767
START 109 t3/L4/Q6SZW1
DONE 109 t3/L4/Q6SZW1
START 119 smoke/part0_1
DONE 119 smoke/part0_1
START 131 smoke/part3_1
DONE 131 smoke/part3_1
