START 2 casf/1nvq
DONE 2 casf/1nvq
START 8 casf/2vvn
DONE 8 casf/2vvn
START 13 casf/3ebp
DONE 13 casf/3ebp
START 19 casf/4gid
DONE 19 casf/4gid
START 28 t3/L1/P08922
DONE 28 t3/L1/P08922
START 35 t3/L1/P51532
DONE 35 t3/L1/P51532
START 40 t3/L1/Q08499
DONE 40 t3/L1/Q08499
START 48 t3/L1/Q9UBN7
DONE 48 t3/L1/Q9UBN7
START 53 t3/L2/P05177
DONE 53 t3/L2/P05177
START 59 t3/L2/P36897
DONE 59 t3/L2/P36897
START 65 t3/L2/Q13224
DONE 65 t3/L2/Q13224
START 72 t3/L2/Q9Y5Z0
DONE 72 t3/L2/Q9Y5Z0
START 79 t3/L3/P40879
DONE 79 t3/L3/P40879
START 87 t3/L3/Q62645
DONE 87 t3/L3/Q62645
START 91 t3/L3/Q9NPC1
DONE 91 t3/L3/Q9NPC1
START 97 t3/L4/O75747
DONE 97 t3/L4/O75747
START 103 t3/L4/P43341
DONE 103 t3/L4/P43341
START 112 t3/L4/Q99705
DONE 112 t3/L4/Q99705
START 122 smoke/part1_0
DONE 122 smoke/part1_0
START 129 smoke/part2_3
DONE 129 smoke/part2_3
