START 4 casf/2fvd
DONE 4 casf/2fvd
START 11 casf/3coy
DONE 11 casf/3coy
START 18 casf/3qqs
DONE 18 casf/3qqs
START 23 casf/4twp
DONE 23 casf/4twp
START 34 t3/L1/P50053
DONE 34 t3/L1/P50053
START 41 t3/L1/Q15059
DONE 41 t3/L1/Q15059
START 49 t3/L2/O14757
DONE 49 t3/L2/O14757
START 57 t3/L2/P31153
DONE 57 t3/L2/P31153
START 63 t3/L2/P56817
DONE 63 t3/L2/P56817
START 70 t3/L2/Q8NER1
DONE 70 t3/L2/Q8NER1
START 78 t3/L3/P28347
DONE 78 t3/L3/P28347
START 84 t3/L3/Q00961
DONE 84 t3/L3/Q00961
START 90 t3/L3/Q9HCR9
DONE 90 t3/L3/Q9HCR9
START 98 t3/L4/O94782
DONE 98 t3/L4/O94782
START 107 t3/L4/Q13094
DONE 107 t3/L4/Q13094
START 115 t3/L4/Q9NY59
DONE 115 t3/L4/Q9NY59
START 120 smoke/part0_2
DONE 120 smoke/part0_2
START 127 smoke/part2_1
DONE 127 smoke/part2_1
