START 0 casf-single
DONE 0 casf-single
START 9 casf/3ag9
DONE 9 casf/3ag9
START 22 casf/4pcs
DONE 22 casf/4pcs
START 32 t3/L1/P49327
DONE 32 t3/L1/P49327
START 47 t3/L1/Q96MU7
DONE 47 t3/L1/Q96MU7
START 54 t3/L2/P06730
DONE 54 t3/L2/P06730
START 64 t3/L2/Q06187
DONE 64 t3/L2/Q06187
START 75 t3/L3/P05556
DONE 75 t3/L3/P05556
START 86 t3/L3/Q16665
DONE 86 t3/L3/Q16665
START 94 t3/L3/Q9Y4K4
DONE 94 t3/L3/Q9Y4K4
START 104 t3/L4/P50052
DONE 104 t3/L4/P50052
START 114 t3/L4/Q9HB14
DONE 114 t3/L4/Q9HB14
START 124 smoke/part1_2
DONE 124 smoke/part1_2
START 132 smoke/part3_2
DONE 132 smoke/part3_2
