pocket_atoms=595 poses=1972 cuda=True
processed=4/1972
processed=100/1972
processed=200/1972
processed=300/1972
processed=400/1972
processed=500/1972
processed=600/1972
processed=700/1972
processed=800/1972
processed=900/1972
processed=1000/1972
processed=1100/1972
processed=1200/1972
processed=1300/1972
processed=1400/1972
processed=1500/1972
processed=1600/1972
processed=1700/1972
processed=1800/1972
processed=1900/1972
{
  "score_definition": "E_complex - E_pocket - E_ligand; lower is better",
  "n_input_poses": 1972,
  "n_scored_poses": 1972,
  "n_ligands": 20,
  "n_best_poses": 20,
  "pocket_atoms": 595,
  "pocket_formal_charge": 0,
  "elapsed_seconds": 10.484817028045654
}
 mol_id ligand_pdb  pose_index  label  ligunity_rank  ligunity_score  formal_charge  aimnet_complex_eV  aimnet_pocket_eV  aimnet_ligand_eV  aimnet_interaction_kcal_mol error  aimnet_interaction_rank
   1012       3ivg          12      1              1        0.675781             -1     -730556.694231    -683475.054418     -47070.486185                  -257.208788                              1
   4010       3coz          10      1              4        0.661133              1     -734996.108859    -683475.054418     -51510.164507                  -251.127862                              2
  18024       3zt2          24      0             18        0.362061             -1     -712552.849364    -683475.054418     -29066.928790                  -250.579516                              3
   5080       4ddh          80      1              5        0.658691             -1     -703218.171366    -683475.054418     -19732.399918                  -247.140601                              4
  16095       3zso          95      0             16        0.362061              0     -737613.486921    -683475.054418     -54127.795924                  -245.285343                              5
  20041       4mme          41      0             20        0.353271              0     -717840.428558    -683475.054418     -34355.618328                  -224.974368                              6
   3090       3coy          90      1              3        0.661621              1     -736064.077015    -683475.054418     -52579.293637                  -224.355156                              7
  19094       4cig          94      0             19        0.362061              0     -728275.632514    -683475.054418     -44790.883940                  -223.552574                              8
   2043       4ddk          43      1              2        0.669434             -1     -700042.712543    -683475.054418     -16558.490907                  -211.401070                              9
  17086       3zsx          86      0             17        0.362061              0     -725096.475049    -683475.054418     -41613.139324                  -190.971481                             10
   8015       1nc1          15      0              8        0.422607              0     -719092.109693    -683475.054418     -35609.094717                  -183.574831                             11
   7088       1y6r          88      0              7        0.422607              1     -718579.876637    -683475.054418     -35096.942857                  -181.702416                             12
  12073       2v00          73      0             12        0.379883              0     -702646.288126    -683475.054418     -19163.550765                  -177.172881                             13
  14012       3wz8          12      0             14        0.379883              0     -731268.631532    -683475.054418     -47785.944040                  -176.022889                             14
   6092       4f3c          92      0              6        0.422852              1     -720810.573259    -683475.054418     -37327.912364                  -175.409538                             15
   9092       4f2w          92      0              9        0.401123              1     -717603.170094    -683475.054418     -34120.523411                  -175.081780                             16
  15096       1nc3          96      0             15        0.377686              0     -709686.936694    -683475.054418     -26204.925157                  -160.434986                             17
  11004       3prs           4      0             11        0.379883              0     -763449.476025    -683475.054418     -79967.917781                  -149.981806                             18
  10006       3pww           6      0             10        0.379883              1     -742855.971775    -683475.054418     -59378.229246                   -61.989323                             19
  13027       3uri          27      0             13        0.379883              1     -776200.446019    -683475.054418     -92727.514836                    48.962950                             20
