Bound geometry uses fixed-pocket gas FIRE. Legacy CPCM bound-refinement options are ignored.
/home/xianyang/miniconda3/envs/t3-aimnet/lib/python3.11/site-packages/aimnet/models/base.py:85: UserWarning: 'torch.load' received a zip file that looks like a TorchScript archive dispatching to 'torch.jit.load' (call 'torch.jit.load' directly to silence this warning)
  data = torch.load(path, map_location=device, weights_only=True)
/home/xianyang/miniconda3/envs/t3-aimnet/lib/python3.11/site-packages/torch/jit/_serialization.py:176: FutureWarning: `torch.jit.load` is deprecated. Please switch to `torch.export`.
  warnings.warn(
/home/xianyang/miniconda3/envs/t3-aimnet/lib/python3.11/site-packages/torch/jit/_serialization.py:176: FutureWarning: `torch.jit.load` is deprecated. Please switch to `torch.export`.
  warnings.warn(
1/10 mol_id=4906 Eint=-182.395 desolv=16.875 strain=33.938 score=-131.582 steps=762 converged=True
2/10 mol_id=10681 Eint=-65.004 desolv=14.690 strain=21.714 score=-28.600 steps=571 converged=True
3/10 mol_id=55958 Eint=-121.351 desolv=18.530 strain=31.806 score=-71.014 steps=773 converged=True
4/10 mol_id=60774 Eint=-98.527 desolv=19.098 strain=31.637 score=-47.792 steps=1000 converged=False
5/10 mol_id=60923 Eint=-157.995 desolv=14.189 strain=36.331 score=-107.475 steps=940 converged=True
6/10 mol_id=64281 Eint=-360.035 desolv=44.679 strain=114.203 score=-201.154 steps=1000 converged=False
7/10 mol_id=72416 Eint=-289.269 desolv=24.283 strain=55.094 score=-209.891 steps=457 converged=True
8/10 mol_id=111705 Eint=-342.289 desolv=36.186 strain=107.517 score=-198.586 steps=717 converged=True
9/10 mol_id=124280 Eint=-214.000 desolv=23.865 strain=79.156 score=-110.978 steps=478 converged=True
10/10 mol_id=126650 Eint=-83.034 desolv=17.046 strain=21.574 score=-44.414 steps=628 converged=True
wrote 10 rows to /home/xianyang/aimnet2_score_pipelines/work/fixed-pocket-benchmarks-20260906/t3/L2/O14757/aimnet2_score.csv in 96.33 s
{
  "scope": "reference reconstruction; not an exact reproduction of the unreleased AIMNet2(Score) workflow",
  "score_definition": "Eint + Edesolv + ELCSE; lower is better",
  "interaction_geometry": "fixed_pocket_gas_minimized_v1",
  "pocket": "/home/xianyang/aimnet2_score_pipelines/work/correction-20260906/t3/L2/O14757/pocket.pdb",
  "pocket_charge": 0,
  "gas_model": "/home/xianyang/t3-aimnet-models/aimnet2_wb97m_0.jpt",
  "cpcm_model": "/home/xianyang/t3-aimnet-models/wb97m_cpcms_v2_0.jpt",
  "complex_fmax_ev_a": 0.002,
  "complex_max_steps": 1000,
  "n_complex_optimization_converged": 9,
  "minimized_poses": "/home/xianyang/aimnet2_score_pipelines/work/fixed-pocket-benchmarks-20260906/t3/L2/O14757/aimnet2_score.minimized.sdf",
  "bound_refinement": "gas-phase ligand-in-fixed-pocket FIRE; no isolated bound refinement",
  "n_requested": 10,
  "n_scored": 10,
  "n_errors": 0,
  "n_optimization_converged": 8,
  "elapsed_seconds_this_run": 96.32662870100103,
  "output": "/home/xianyang/aimnet2_score_pipelines/work/fixed-pocket-benchmarks-20260906/t3/L2/O14757/aimnet2_score.csv"
}
 mol_id  aimnet_interaction_kcal_mol  desolvation_kcal_mol  local_strain_kcal_mol  aimnet2_composite_kcal_mol  optimization_converged
   4906                  -182.394765             16.874690              33.938078                 -131.581998                    True
  10681                   -65.003967             14.690381              21.713813                  -28.599774                    True
  55958                  -121.350824             18.530035              31.806414                  -71.014375                    True
  60774                   -98.527117             19.098347              31.636944                  -47.791826                   False
  60923                  -157.994694             14.189237              36.330527                 -107.474930                    True
  64281                  -360.035149             44.678565             114.203023                 -201.153561                   False
  72416                  -289.268578             24.283373              55.093855                 -209.891349                    True
 111705                  -342.288619             36.185932             107.516922                 -198.585765                    True
 124280                  -213.999762             23.865010              79.156366                 -110.978385                    True
 126650                   -83.034154             17.045977              21.574442                  -44.413736                    True
