Bound geometry uses fixed-pocket gas FIRE. Legacy CPCM bound-refinement options are ignored.
/home/xianyang/miniconda3/envs/t3-aimnet/lib/python3.11/site-packages/aimnet/models/base.py:85: UserWarning: 'torch.load' received a zip file that looks like a TorchScript archive dispatching to 'torch.jit.load' (call 'torch.jit.load' directly to silence this warning)
  data = torch.load(path, map_location=device, weights_only=True)
/home/xianyang/miniconda3/envs/t3-aimnet/lib/python3.11/site-packages/torch/jit/_serialization.py:176: FutureWarning: `torch.jit.load` is deprecated. Please switch to `torch.export`.
  warnings.warn(
/home/xianyang/miniconda3/envs/t3-aimnet/lib/python3.11/site-packages/torch/jit/_serialization.py:176: FutureWarning: `torch.jit.load` is deprecated. Please switch to `torch.export`.
  warnings.warn(
1/63 mol_id=8929 Eint=-151.963 desolv=16.989 strain=91.007 score=-43.967 steps=727 converged=True
2/63 mol_id=29176 Eint=-219.524 desolv=20.994 strain=181.501 score=-17.029 steps=850 converged=True
3/63 mol_id=79974 Eint=-100.329 desolv=17.215 strain=75.000 score=-8.115 steps=1000 converged=False
4/63 mol_id=66263 Eint=-92.329 desolv=4.807 strain=78.759 score=-8.763 steps=1000 converged=False
5/63 mol_id=110589 Eint=-94.440 desolv=-10.835 strain=52.392 score=-52.883 steps=679 converged=True
6/63 mol_id=25560 Eint=-73.950 desolv=21.547 strain=69.708 score=17.306 steps=831 converged=True
7/63 mol_id=122178 Eint=-272.847 desolv=-8.645 strain=109.750 score=-171.741 steps=1000 converged=False
8/63 mol_id=50514 Eint=-103.206 desolv=7.086 strain=57.074 score=-39.046 steps=962 converged=True
9/63 mol_id=20531 Eint=-141.878 desolv=-2.144 strain=222.705 score=78.683 steps=1000 converged=False
10/63 mol_id=128703 Eint=-143.350 desolv=18.662 strain=78.046 score=-46.642 steps=1000 converged=False
11/63 mol_id=12842 Eint=-237.953 desolv=-9.196 strain=125.060 score=-122.089 steps=1000 converged=False
12/63 mol_id=41583 Eint=-446.671 desolv=11.836 strain=162.134 score=-272.700 steps=1000 converged=False
13/63 mol_id=62599 Eint=-119.543 desolv=8.665 strain=38.237 score=-72.641 steps=602 converged=True
14/63 mol_id=27919 Eint=-208.878 desolv=27.123 strain=55.878 score=-125.876 steps=570 converged=True
15/63 mol_id=124923 Eint=-418.391 desolv=29.643 strain=115.707 score=-273.041 steps=637 converged=True
16/63 mol_id=24700 Eint=-152.169 desolv=-13.237 strain=56.402 score=-109.005 steps=848 converged=True
17/63 mol_id=67081 Eint=-36.471 desolv=5.458 strain=58.217 score=27.205 steps=406 converged=True
18/63 mol_id=10570 Eint=-254.381 desolv=-7.596 strain=107.542 score=-154.435 steps=607 converged=True
19/63 mol_id=55324 Eint=-116.388 desolv=15.508 strain=48.930 score=-51.949 steps=625 converged=True
20/63 mol_id=75118 Eint=-106.906 desolv=31.305 strain=83.710 score=8.109 steps=1000 converged=False
21/63 mol_id=113218 Eint=-189.845 desolv=13.178 strain=145.352 score=-31.316 steps=749 converged=True
22/63 mol_id=22794 Eint=-185.149 desolv=22.561 strain=99.757 score=-62.831 steps=815 converged=True
23/63 mol_id=67029 Eint=-131.451 desolv=35.074 strain=75.982 score=-20.395 steps=1000 converged=False
24/63 mol_id=50284 Eint=-104.478 desolv=-7.963 strain=134.762 score=22.320 steps=741 converged=True
25/63 mol_id=27083 Eint=-148.612 desolv=37.014 strain=37.856 score=-73.742 steps=763 converged=True
26/63 mol_id=59447 Eint=-242.679 desolv=14.065 strain=57.401 score=-171.213 steps=518 converged=True
27/63 mol_id=109965 Eint=-157.747 desolv=1.118 strain=132.764 score=-23.865 steps=783 converged=True
28/63 mol_id=40137 Eint=-149.103 desolv=-4.475 strain=33.184 score=-120.394 steps=297 converged=True
29/63 mol_id=123481 Eint=-86.069 desolv=22.426 strain=44.975 score=-18.667 steps=316 converged=True
30/63 mol_id=35053 Eint=-373.725 desolv=-0.203 strain=135.570 score=-238.357 steps=631 converged=True
31/63 mol_id=65283 Eint=-312.406 desolv=11.418 strain=73.777 score=-227.212 steps=540 converged=True
32/63 mol_id=104237 Eint=-53.977 desolv=-8.202 strain=101.503 score=39.323 steps=542 converged=True
33/63 mol_id=145581 Eint=-55.949 desolv=9.416 strain=50.143 score=3.611 steps=598 converged=True
34/63 mol_id=93388 Eint=-101.470 desolv=-72.261 strain=103.333 score=-70.398 steps=497 converged=True
35/63 mol_id=86499 Eint=-198.603 desolv=16.086 strain=54.679 score=-127.838 steps=371 converged=True
36/63 mol_id=134853 Eint=-264.114 desolv=19.334 strain=69.906 score=-174.874 steps=644 converged=True
37/63 mol_id=9195 Eint=-79.084 desolv=-12.661 strain=75.525 score=-16.219 steps=794 converged=True
38/63 mol_id=70897 Eint=-235.764 desolv=22.446 strain=74.009 score=-139.309 steps=707 converged=True
39/63 mol_id=99755 Eint=-120.596 desolv=22.135 strain=44.022 score=-54.438 steps=820 converged=True
40/63 mol_id=55554 Eint=-202.486 desolv=9.418 strain=133.338 score=-59.731 steps=472 converged=True
41/63 mol_id=142603 Eint=-106.366 desolv=12.974 strain=89.291 score=-4.101 steps=1000 converged=False
42/63 mol_id=43002 Eint=-298.096 desolv=23.045 strain=54.706 score=-220.345 steps=711 converged=True
43/63 mol_id=39406 Eint=-178.894 desolv=11.970 strain=134.087 score=-32.838 steps=445 converged=True
44/63 mol_id=37105 Eint=-400.280 desolv=33.862 strain=188.287 score=-178.131 steps=734 converged=True
45/63 mol_id=59001 Eint=-204.885 desolv=7.796 strain=80.465 score=-116.623 steps=257 converged=True
46/63 mol_id=82954 Eint=-730.507 desolv=-16.069 strain=309.391 score=-437.186 steps=1000 converged=False
47/63 mol_id=56045 Eint=-79.467 desolv=-5.467 strain=80.846 score=-4.088 steps=320 converged=True
48/63 mol_id=27333 Eint=-49.426 desolv=18.854 strain=20.915 score=-9.656 steps=647 converged=True
49/63 mol_id=144881 Eint=-293.575 desolv=11.019 strain=120.091 score=-162.465 steps=828 converged=True
50/63 mol_id=55571 Eint=-218.632 desolv=13.139 strain=101.369 score=-104.123 steps=1000 converged=False
51/63 mol_id=12320 Eint=-268.596 desolv=14.926 strain=121.656 score=-132.014 steps=430 converged=True
52/63 mol_id=22829 Eint=-326.314 desolv=-33.953 strain=135.044 score=-225.223 steps=1000 converged=False
53/63 mol_id=90866 Eint=-241.136 desolv=9.553 strain=77.888 score=-153.695 steps=389 converged=True
54/63 mol_id=101552 Eint=-59.763 desolv=12.222 strain=53.237 score=5.696 steps=697 converged=True
55/63 mol_id=42233 Eint=-469.715 desolv=3.632 strain=252.593 score=-213.491 steps=687 converged=True
56/63 mol_id=52399 Eint=-45.166 desolv=-5.016 strain=24.736 score=-25.445 steps=442 converged=True
57/63 mol_id=142222 Eint=-93.051 desolv=13.765 strain=41.999 score=-37.287 steps=503 converged=True
58/63 mol_id=104129 Eint=-134.335 desolv=24.662 strain=41.136 score=-68.537 steps=780 converged=True
59/63 mol_id=24714 Eint=-53.378 desolv=-11.364 strain=64.779 score=0.036 steps=748 converged=True
60/63 mol_id=119287 Eint=-406.325 desolv=13.374 strain=128.164 score=-264.787 steps=394 converged=True
61/63 mol_id=69932 Eint=-106.794 desolv=38.682 strain=42.477 score=-25.635 steps=691 converged=True
62/63 mol_id=120769 Eint=-230.491 desolv=34.146 strain=69.733 score=-126.612 steps=568 converged=True
63/63 mol_id=137158 Eint=-141.800 desolv=23.387 strain=78.744 score=-39.669 steps=615 converged=True
wrote 63 rows to /home/xianyang/aimnet2_score_pipelines/work/fixed-pocket-benchmarks-20260906/smoke/part1/aimnet2_score.csv in 649.31 s
{
  "scope": "reference reconstruction; not an exact reproduction of the unreleased AIMNet2(Score) workflow",
  "score_definition": "Eint + Edesolv + ELCSE; lower is better",
  "interaction_geometry": "fixed_pocket_gas_minimized_v1",
  "pocket": "/home/xianyang/aimnet2_score_pipelines/work/correction-20260906/smoke/part1/pocket.pdb",
  "pocket_charge": 0,
  "gas_model": "/home/xianyang/t3-aimnet-models/aimnet2_wb97m_0.jpt",
  "cpcm_model": "/home/xianyang/t3-aimnet-models/wb97m_cpcms_v2_0.jpt",
  "complex_fmax_ev_a": 0.002,
  "complex_max_steps": 1000,
  "n_complex_optimization_converged": 49,
  "minimized_poses": "/home/xianyang/aimnet2_score_pipelines/work/fixed-pocket-benchmarks-20260906/smoke/part1/aimnet2_score.minimized.sdf",
  "bound_refinement": "gas-phase ligand-in-fixed-pocket FIRE; no isolated bound refinement",
  "n_requested": 63,
  "n_scored": 63,
  "n_errors": 0,
  "n_optimization_converged": 50,
  "elapsed_seconds_this_run": 649.3113224760018,
  "output": "/home/xianyang/aimnet2_score_pipelines/work/fixed-pocket-benchmarks-20260906/smoke/part1/aimnet2_score.csv",
  "n_actives": 15,
  "n_decoys": 48,
  "ef1_percent": 0.0,
  "ef1_top_n": 1,
  "ef1_actives_in_top_n": 0,
  "auroc": 0.4625,
  "composite_vs_interaction_spearman": 0.8848406298003072
}
 mol_id  aimnet_interaction_kcal_mol  desolvation_kcal_mol  local_strain_kcal_mol  aimnet2_composite_kcal_mol  optimization_converged
   8929                  -151.962704             16.989072              91.006703                  -43.966930                    True
  29176                  -219.523824             20.993878             181.501256                  -17.028690                    True
  79974                  -100.329316             17.214901              74.999602                   -8.114813                   False
  66263                   -92.328967              4.807187              78.759065                   -8.762714                   False
 110589                   -94.440350            -10.835014              52.392329                  -52.883036                    True
  25560                   -73.950059             21.547304              69.708355                   17.305601                    True
 122178                  -272.846675             -8.644800             109.750467                 -171.741007                   False
  50514                  -103.206297              7.085703              57.074366                  -39.046228                    True
  20531                  -141.878342             -2.143768             222.705246                   78.683137                   False
 128703                  -143.350220             18.662305              78.045829                  -46.642086                   False
  12842                  -237.952594             -9.195983             125.059674                 -122.088903                   False
  41583                  -446.670602             11.835848             162.134448                 -272.700306                   False
  62599                  -119.542871              8.664846              38.236593                  -72.641432                    True
  27919                  -208.878444             27.123488              55.878489                 -125.876466                    True
 124923                  -418.390963             29.642904             115.707335                 -273.040724                    True
  24700                  -152.169106            -13.237404              56.401678                 -109.004832                    True
  67081                   -36.470854              5.458350              58.217063                   27.204558                    True
  10570                  -254.380504             -7.596459             107.542182                 -154.434781                    True
  55324                  -116.387754             15.508167              48.930387                  -51.949200                    True
  75118                  -106.905787             31.304612              83.709756                    8.108581                   False
 113218                  -189.845028             13.177613             145.351600                  -31.315816                    True
  22794                  -185.148915             22.561025              99.756991                  -62.830899                    True
  67029                  -131.451024             35.074093              75.982088                  -20.394843                   False
  50284                  -104.478458             -7.963498             134.761671                   22.319715                    True
  27083                  -148.611637             37.013783              37.856036                  -73.741818                    True
  59447                  -242.678718             14.064638              57.401102                 -171.212978                    True
 109965                  -157.747220              1.118379             132.764225                  -23.864616                    True
  40137                  -149.102926             -4.474747              33.184043                 -120.393629                    True
 123481                   -86.068882             22.426082              44.975460                  -18.667340                    True
  35053                  -373.724515             -0.202551             135.570256                 -238.356810                    True
  65283                  -312.406466             11.418216              73.776659                 -227.211592                    True
 104237                   -53.976982             -8.202497             101.502662                   39.323183                    True
 145581                   -55.948926              9.416318              50.143313                    3.610705                    True
  93388                  -101.470028            -72.260967             103.332791                  -70.398204                    True
  86499                  -198.602599             16.086170              54.678523                 -127.837906                    True
 134853                  -264.114366             19.333771              69.906459                 -174.874136                    True
   9195                   -79.083685            -12.660562              75.524942                  -16.219305                    True
  70897                  -235.764238             22.446130              74.008695                 -139.309414                    True
  99755                  -120.595716             22.135425              44.022336                  -54.437956                    True
  55554                  -202.486185              9.417893             133.337563                  -59.730728                    True
 142603                  -106.366352             12.973719              89.291477                   -4.101156                   False
  43002                  -298.095980             23.044689              54.706333                 -220.344958                    True
  39406                  -178.894444             11.969506             134.087178                  -32.837760                    True
  37105                  -400.279972             33.862276             188.286983                 -178.130712                    True
  59001                  -204.884837              7.796382              80.465388                 -116.623067                    True
  82954                  -730.507401            -16.069160             309.390788                 -437.185774                   False
  56045                   -79.467386             -5.466738              80.845880                   -4.088244                    True
  27333                   -49.425507             18.854387              20.915074                   -9.656046                    True
 144881                  -293.574508             11.018548             120.091117                 -162.464843                    True
  55571                  -218.631908             13.139270             101.369143                 -104.123495                   False
  12320                  -268.595745             14.926155             121.655725                 -132.013865                    True
  22829                  -326.313664            -33.953342             135.043962                 -225.223043                   False
  90866                  -241.136190              9.553165              77.887982                 -153.695043                    True
 101552                   -59.762911             12.221977              53.237175                    5.696240                    True
  42233                  -469.715438              3.631573             252.593155                 -213.490710                    True
  52399                   -45.165537             -5.015539              24.735704                  -25.445372                    True
 142222                   -93.050886             13.765329              41.998537                  -37.287020                    True
 104129                  -134.334609             24.661796              41.136073                  -68.536739                    True
  24714                   -53.378052            -11.364388              64.778707                    0.036268                    True
 119287                  -406.325350             13.374461             128.163746                 -264.787143                    True
  69932                  -106.793880             38.681811              42.477321                  -25.634748                    True
 120769                  -230.491318             34.146142              69.733117                 -126.612059                    True
 137158                  -141.800439             23.386998              78.744153                  -39.669288                    True
