pocket_atoms=646 poses=2000 cuda=True
processed=4/2000
processed=100/2000
processed=200/2000
processed=300/2000
processed=400/2000
processed=500/2000
processed=600/2000
processed=700/2000
processed=800/2000
processed=900/2000
processed=1000/2000
processed=1100/2000
processed=1200/2000
processed=1300/2000
processed=1400/2000
processed=1500/2000
processed=1600/2000
processed=1700/2000
processed=1800/2000
processed=1900/2000
processed=2000/2000
{
  "score_definition": "E_complex - E_pocket - E_ligand; lower is better",
  "n_input_poses": 2000,
  "n_scored_poses": 2000,
  "n_ligands": 20,
  "n_best_poses": 20,
  "pocket_atoms": 646,
  "pocket_formal_charge": 0,
  "elapsed_seconds": 12.732710599899292
}
 mol_id ligand_pdb  pose_index  label  ligunity_rank  ligunity_score  formal_charge  aimnet_complex_eV  aimnet_pocket_eV  aimnet_ligand_eV  aimnet_interaction_kcal_mol error  aimnet_interaction_rank
   3053       3u9q          53      1              3        0.621582             -1     -762003.797387    -747240.778984     -14754.373009                  -199.367527                              1
  12095       4agq          95      0             12        0.415527              2     -788322.091601    -747240.778984     -41074.274714                  -162.297904                              2
  13087       5a7b          87      0             13        0.415527              2     -782837.191800    -747240.778984     -35589.914030                  -149.865565                              3
   8081       4ea2          81      0              8        0.418457              2     -773665.306054    -747240.778984     -26418.382891                  -141.688143                              4
   9027       2zcr          27      0              9        0.418457              0     -800760.790472    -747240.778984     -53513.903519                  -140.853114                              5
   4024       2yfe          24      1              4        0.621582             -1     -777557.713386    -747240.778984     -30310.844863                  -140.428096                              6
  14093       4agn          93      0             14        0.415527              2     -782577.693710    -747240.778984     -35330.912717                  -138.409601                              7
  15088       4agp          88      0             15        0.415527              2     -788860.958227    -747240.778984     -41614.337525                  -134.713222                              8
  11087       5aba          87      0             11        0.415527              2     -854939.079478    -747240.778984    -107692.844657                  -125.814582                              9
   1091       2p4y          91      1              1        0.621582             -1     -812533.269883    -747240.778984     -65287.261017                  -120.603943                             10
   7097       2zy1          97      0              7        0.418457              0     -786165.001886    -747240.778984     -38919.085226                  -118.477636                             11
  10009       2zcq           9      0             10        0.418457              0     -798528.759219    -747240.778984     -51282.949932                  -116.001547                             12
  20097       3zso          97      0             20        0.377930              0     -801372.613949    -747240.778984     -54127.236457                  -106.044118                             13
   6039       3acw          39      0              6        0.418457              1     -770824.963831    -747240.778984     -23580.869604                   -76.451336                             14
   5087       3b1m          87      1              5        0.621582              0     -794588.714425    -747240.778984     -47344.663221                   -75.459186                             15
  18061       3b65          61      0             18        0.394531              0     -784832.045760    -747240.778984     -37588.064845                   -73.838300                             16
  16093       1z95          93      0             16        0.394531              0     -798985.830447    -747240.778984     -51742.116930                   -67.671957                             17
  17005       3b68           5      0             17        0.394531              0     -792119.184133    -747240.778984     -44875.678367                   -62.881091                             18
   2085       3fur          85      1              2        0.621582              0     -839235.807756    -747240.778984     -91992.354385                   -61.672833                             19
  19089       3b5r          89      0             19        0.394531              0     -798611.401845    -747240.778984     -51368.752639                   -43.128335                             20
