pocket_atoms=514 poses=2000 cuda=True
processed=4/2000
processed=100/2000
processed=200/2000
processed=300/2000
processed=400/2000
processed=500/2000
processed=600/2000
processed=700/2000
processed=800/2000
processed=900/2000
processed=1000/2000
processed=1100/2000
processed=1200/2000
processed=1300/2000
processed=1400/2000
processed=1500/2000
processed=1600/2000
processed=1700/2000
processed=1800/2000
processed=1900/2000
processed=2000/2000
{
  "score_definition": "E_complex - E_pocket - E_ligand; lower is better",
  "n_input_poses": 2000,
  "n_scored_poses": 2000,
  "n_ligands": 20,
  "n_best_poses": 20,
  "pocket_atoms": 514,
  "pocket_formal_charge": 0,
  "elapsed_seconds": 8.009645223617554
}
 mol_id ligand_pdb  pose_index  label  ligunity_rank  ligunity_score  formal_charge  aimnet_complex_eV  aimnet_pocket_eV  aimnet_ligand_eV  aimnet_interaction_kcal_mol error  aimnet_interaction_rank
   2100       3ge7         100      1              2        0.915039              1     -664983.238048    -633412.541582     -31561.545853                  -211.018161                              1
  13097       1yc1          97      0             13        0.375000             -1     -668613.151597    -633412.541582     -35192.840273                  -179.174507                              2
  20072       2brb          72      0             20        0.333496              0     -662985.418682    -633412.541582     -29565.207247                  -176.871007                              3
  11087       3rlr          87      0             11        0.375000              0     -683243.129830    -633412.541582     -49823.386909                  -166.066823                              4
   1052       3gc5          52      1              1        0.915039              1     -658583.624868    -633412.541582     -25165.386606                  -131.368560                              5
   5047       1r5y          47      1              5        0.915039              0     -649843.969847    -633412.541582     -16425.789919                  -130.023346                              6
  10003       2vvn           3      0             10        0.491699              0     -665002.884857    -633412.541582     -31585.056217                  -121.922475                              7
  15041       3b27          41      0             15        0.375000              0     -673241.135662    -633412.541582     -39823.445102                  -118.738250                              8
  14003       2yki           3      0             14        0.375000              0     -672673.067724    -633412.541582     -39255.861874                  -107.560569                              9
   3065       3rr4          65      1              3        0.915039              0     -655996.141371    -633412.541582     -22578.972405                  -106.710003                             10
  16100       1nc3         100      0             16        0.365967              0     -659621.550629    -633412.541582     -26204.737830                   -98.496605                             11
   8051       2w66          51      0              8        0.491699              1     -656257.224902    -633412.541582     -22840.425713                   -98.182768                             12
  18096       1nc1          96      0             18        0.339111              0     -669043.085458    -633412.541582     -35626.446109                   -94.496749                             13
  17084       1y6r          84      0             17        0.339111              1     -668513.555426    -633412.541582     -35097.065376                   -91.053831                             14
   7075       2wca          75      0              7        0.491699              0     -670200.431754    -633412.541582     -36784.176600                   -85.637013                             15
   6071       2xj7          71      0              6        0.491699              1     -655247.922544    -633412.541582     -21831.694846                   -85.003844                             16
   4093       1s38          93      1              4        0.915039              0     -649405.727981    -633412.541582     -15989.560687                   -83.610913                             17
  12052       2xdl          52      0             12        0.375000              0     -653758.534751    -633412.541582     -20342.749998                   -74.789305                             18
   9085       2w4x          85      0              9        0.491699              0     -660739.723606    -633412.541582     -27324.160092                   -69.687409                             19
  19091       1nvq          91      0             19        0.333496              1     -677012.093765    -633412.541582     -43596.533013                   -69.623698                             20
