Bound geometry uses fixed-pocket gas FIRE. Legacy CPCM bound-refinement options are ignored.
/home/xianyang/miniconda3/envs/t3-aimnet/lib/python3.11/site-packages/aimnet/models/base.py:85: UserWarning: 'torch.load' received a zip file that looks like a TorchScript archive dispatching to 'torch.jit.load' (call 'torch.jit.load' directly to silence this warning)
  data = torch.load(path, map_location=device, weights_only=True)
/home/xianyang/miniconda3/envs/t3-aimnet/lib/python3.11/site-packages/torch/jit/_serialization.py:176: FutureWarning: `torch.jit.load` is deprecated. Please switch to `torch.export`.
  warnings.warn(
/home/xianyang/miniconda3/envs/t3-aimnet/lib/python3.11/site-packages/torch/jit/_serialization.py:176: FutureWarning: `torch.jit.load` is deprecated. Please switch to `torch.export`.
  warnings.warn(
1/10 mol_id=26994 Eint=-132.827 desolv=5.445 strain=50.230 score=-77.152 steps=275 converged=True
2/10 mol_id=30532 Eint=-131.941 desolv=6.565 strain=55.211 score=-70.165 steps=214 converged=True
3/10 mol_id=33891 Eint=-91.639 desolv=9.312 strain=10.827 score=-71.500 steps=518 converged=True
4/10 mol_id=55082 Eint=-121.541 desolv=5.664 strain=45.789 score=-70.088 steps=228 converged=True
5/10 mol_id=80097 Eint=-117.813 desolv=9.530 strain=46.427 score=-61.857 steps=295 converged=True
6/10 mol_id=95666 Eint=-93.272 desolv=3.303 strain=31.084 score=-58.885 steps=768 converged=True
7/10 mol_id=119566 Eint=-153.925 desolv=7.599 strain=49.058 score=-97.269 steps=312 converged=True
8/10 mol_id=129489 Eint=-271.577 desolv=36.679 strain=18.886 score=-216.012 steps=312 converged=True
9/10 mol_id=145307 Eint=-174.519 desolv=5.827 strain=54.948 score=-113.744 steps=307 converged=True
10/10 mol_id=146204 Eint=-128.485 desolv=6.057 strain=43.534 score=-78.893 steps=183 converged=True
wrote 10 rows to /home/xianyang/aimnet2_score_pipelines/work/fixed-pocket-benchmarks-20260906/t3/L4/Q9NY59/aimnet2_score.csv in 67.63 s
{
  "scope": "reference reconstruction; not an exact reproduction of the unreleased AIMNet2(Score) workflow",
  "score_definition": "Eint + Edesolv + ELCSE; lower is better",
  "interaction_geometry": "fixed_pocket_gas_minimized_v1",
  "pocket": "/home/xianyang/aimnet2_score_pipelines/work/correction-20260906/t3/L4/Q9NY59/pocket.pdb",
  "pocket_charge": 0,
  "gas_model": "/home/xianyang/t3-aimnet-models/aimnet2_wb97m_0.jpt",
  "cpcm_model": "/home/xianyang/t3-aimnet-models/wb97m_cpcms_v2_0.jpt",
  "complex_fmax_ev_a": 0.002,
  "complex_max_steps": 1000,
  "n_complex_optimization_converged": 10,
  "minimized_poses": "/home/xianyang/aimnet2_score_pipelines/work/fixed-pocket-benchmarks-20260906/t3/L4/Q9NY59/aimnet2_score.minimized.sdf",
  "bound_refinement": "gas-phase ligand-in-fixed-pocket FIRE; no isolated bound refinement",
  "n_requested": 10,
  "n_scored": 10,
  "n_errors": 0,
  "n_optimization_converged": 10,
  "elapsed_seconds_this_run": 67.62784941494465,
  "output": "/home/xianyang/aimnet2_score_pipelines/work/fixed-pocket-benchmarks-20260906/t3/L4/Q9NY59/aimnet2_score.csv"
}
 mol_id  aimnet_interaction_kcal_mol  desolvation_kcal_mol  local_strain_kcal_mol  aimnet2_composite_kcal_mol  optimization_converged
  26994                  -132.827405              5.445395              50.230441                  -77.151569                    True
  30532                  -131.940775              6.564518              55.210883                  -70.165374                    True
  33891                   -91.639162              9.311688              10.827312                  -71.500163                    True
  55082                  -121.540787              5.663923              45.788962                  -70.087902                    True
  80097                  -117.813085              9.529793              46.426717                  -61.856576                    True
  95666                   -93.271550              3.302746              31.084039                  -58.884765                    True
 119566                  -153.925065              7.598606              49.057827                  -97.268633                    True
 129489                  -271.576880             36.678745              18.886407                 -216.011728                    True
 145307                  -174.519123              5.826906              54.948393                 -113.743825                    True
 146204                  -128.484835              6.057043              43.534431                  -78.893361                    True
